Java HotSpot(TM) 64-Bit Server VM (25.131-b11) for windows-amd64 JRE (1.8.0_131-b11), built on Mar 15 2017 01:23:53 by "java_re" with MS VC++ 10.0 (VS2010)
Memory: 4k page, physical 16448576k(6639392k free), swap 33225792k(11989664k free)
CommandLine flags: -XX:InitialHeapSize=20971520 -XX:MaxHeapSize=20971520 -XX:MaxNewSize=10485760 -XX:MaxTenuringThreshold=15 -XX:NewSize=10485760 -XX:OldPLABSize=16 -XX:PretenureSizeThreshold=3145728 -XX:+PrintGC -XX:+PrintGCDetails -XX:+PrintGCTimeStamps -XX:SurvivorRatio=8 -XX:+UseCompressedClassPointers -XX:+UseCompressedOops -XX:+UseConcMarkSweepGC -XX:-UseLargePagesIndividualAllocation -XX:+UseParNewGC 
0.244: [GC (Allocation Failure) 0.244: [ParNew: 6617K->760K(9216K), 0.0032850 secs] 10713K->8954K(19456K), 0.0035041 secs] [Times: user=0.00 sys=0.00, real=0.00 secs] 
0.248: [GC (CMS Initial Mark) [1 CMS-initial-mark: 8194K(10240K)] 11002K(19456K), 0.0003762 secs] [Times: user=0.00 sys=0.00, real=0.00 secs] 
0.248: [CMS-concurrent-mark-start]
0.248: [CMS-concurrent-mark: 0.000/0.000 secs] [Times: user=0.00 sys=0.00, real=0.00 secs] 
0.248: [CMS-concurrent-preclean-start]
0.249: [CMS-concurrent-preclean: 0.000/0.000 secs] [Times: user=0.00 sys=0.00, real=0.00 secs] 
0.249: [CMS-concurrent-abortable-preclean-start]
0.249: [CMS-concurrent-abortable-preclean: 0.000/0.000 secs] [Times: user=0.00 sys=0.00, real=0.00 secs] 
0.249: [GC (CMS Final Remark) [YG occupancy: 5148 K (9216 K)]0.249: [Rescan (parallel) , 0.0003099 secs]0.249: [weak refs processing, 0.0000292 secs]0.249: [class unloading, 0.0003225 secs]0.250: [scrub symbol table, 0.0005159 secs]0.250: [scrub string table, 0.0001192 secs][1 CMS-remark: 8194K(10240K)] 13342K(19456K), 0.0014155 secs] [Times: user=0.00 sys=0.00, real=0.00 secs] 
0.250: [CMS-concurrent-sweep-start]
0.250: [CMS-concurrent-sweep: 0.000/0.000 secs] [Times: user=0.00 sys=0.00, real=0.00 secs] 
0.250: [CMS-concurrent-reset-start]
0.250: [CMS-concurrent-reset: 0.000/0.000 secs] [Times: user=0.00 sys=0.00, real=0.00 secs] 
Heap
 par new generation   total 9216K, used 5230K [0x00000000fec00000, 0x00000000ff600000, 0x00000000ff600000)
  eden space 8192K,  54% used [0x00000000fec00000, 0x00000000ff05d8a8, 0x00000000ff400000)
  from space 1024K,  74% used [0x00000000ff500000, 0x00000000ff5be210, 0x00000000ff600000)
  to   space 1024K,   0% used [0x00000000ff400000, 0x00000000ff400000, 0x00000000ff500000)
 concurrent mark-sweep generation total 10240K, used 4098K [0x00000000ff600000, 0x0000000100000000, 0x0000000100000000)
 Metaspace       used 3501K, capacity 4498K, committed 4864K, reserved 1056768K
  class space    used 387K, capacity 390K, committed 512K, reserved 1048576K
