Java HotSpot(TM) 64-Bit Server VM (25.131-b11) for windows-amd64 JRE (1.8.0_131-b11), built on Mar 15 2017 01:23:53 by "java_re" with MS VC++ 10.0 (VS2010)
Memory: 4k page, physical 16448576k(6104456k free), swap 33225792k(11101312k free)
CommandLine flags: -XX:InitialHeapSize=209715200 -XX:MaxHeapSize=209715200 -XX:MaxNewSize=104857600 -XX:MaxTenuringThreshold=15 -XX:NewSize=104857600 -XX:OldPLABSize=16 -XX:PretenureSizeThreshold=20971520 -XX:+PrintGC -XX:+PrintGCDetails -XX:+PrintGCTimeStamps -XX:SurvivorRatio=8 -XX:+UseCompressedClassPointers -XX:+UseCompressedOops -XX:+UseConcMarkSweepGC -XX:-UseLargePagesIndividualAllocation -XX:+UseParNewGC 
30.269: [GC (Allocation Failure) 30.269: [ParNew: 79872K->1103K(92160K), 0.0202336 secs] 79872K->31825K(194560K), 0.0207440 secs] [Times: user=0.06 sys=0.00, real=0.02 secs] 
31.302: [GC (Allocation Failure) 31.302: [ParNew: 74354K->1549K(92160K), 0.0270255 secs] 105076K->52753K(194560K), 0.0271688 secs] [Times: user=0.08 sys=0.05, real=0.03 secs] 
31.331: [GC (CMS Initial Mark) [1 CMS-initial-mark: 51204K(102400K)] 62993K(194560K), 0.0008325 secs] [Times: user=0.00 sys=0.00, real=0.00 secs] 
31.332: [CMS-concurrent-mark-start]
31.333: [CMS-concurrent-mark: 0.001/0.001 secs] [Times: user=0.00 sys=0.00, real=0.00 secs] 
31.334: [CMS-concurrent-preclean-start]
31.334: [CMS-concurrent-preclean: 0.000/0.000 secs] [Times: user=0.00 sys=0.00, real=0.00 secs] 
31.334: [CMS-concurrent-abortable-preclean-start]
32.343: [GC (Allocation Failure) 32.343: [ParNew: 76371K->1504K(92160K), 0.0119030 secs] 127576K->62948K(194560K), 0.0120289 secs] [Times: user=0.06 sys=0.00, real=0.01 secs] 
33.366: [GC (Allocation Failure) 33.366: [ParNew: 74711K->1548K(92160K), 0.0026250 secs] 136155K->62992K(194560K), 0.0027861 secs] [Times: user=0.00 sys=0.00, real=0.00 secs] 
33.469: [CMS-concurrent-abortable-preclean: 0.215/2.135 secs] [Times: user=0.33 sys=0.00, real=2.14 secs] 
33.469: [GC (CMS Final Remark) [YG occupancy: 44062 K (92160 K)]33.469: [Rescan (parallel) , 0.0008886 secs]33.470: [weak refs processing, 0.0000229 secs]33.470: [class unloading, 0.0005791 secs]33.471: [scrub symbol table, 0.0010844 secs]33.472: [scrub string table, 0.0003742 secs][1 CMS-remark: 61444K(102400K)] 105507K(194560K), 0.0031552 secs] [Times: user=0.00 sys=0.00, real=0.00 secs] 
33.473: [CMS-concurrent-sweep-start]
33.473: [CMS-concurrent-sweep: 0.000/0.000 secs] [Times: user=0.00 sys=0.00, real=0.00 secs] 
33.473: [CMS-concurrent-reset-start]
33.473: [CMS-concurrent-reset: 0.000/0.000 secs] [Times: user=0.00 sys=0.00, real=0.00 secs] 
34.380: [GC (Allocation Failure) 34.380: [ParNew: 74782K->1615K(92160K), 0.0045825 secs] 105507K->42579K(194560K), 0.0047424 secs] [Times: user=0.06 sys=0.00, real=0.00 secs] 
35.397: [GC (Allocation Failure) 35.397: [ParNew: 74867K->1499K(92160K), 0.0043429 secs] 115831K->52703K(194560K), 0.0045032 secs] [Times: user=0.06 sys=0.00, real=0.00 secs] 
36.414: [GC (Allocation Failure) 36.414: [ParNew: 74762K->1547K(92160K), 0.0043027 secs] 125966K->62991K(194560K), 0.0044495 secs] [Times: user=0.06 sys=0.00, real=0.01 secs] 
36.421: [GC (CMS Initial Mark) [1 CMS-initial-mark: 61444K(102400K)] 73231K(194560K), 0.0007279 secs] [Times: user=0.00 sys=0.00, real=0.00 secs] 
36.422: [CMS-concurrent-mark-start]
36.423: [CMS-concurrent-mark: 0.001/0.001 secs] [Times: user=0.00 sys=0.00, real=0.00 secs] 
36.423: [CMS-concurrent-preclean-start]
36.423: [CMS-concurrent-preclean: 0.000/0.000 secs] [Times: user=0.00 sys=0.00, real=0.00 secs] 
36.423: [CMS-concurrent-abortable-preclean-start]
37.432: [GC (Allocation Failure) 37.432: [ParNew: 74817K->1559K(92160K), 0.0024561 secs] 136261K->63003K(194560K), 0.0025856 secs] [Times: user=0.00 sys=0.00, real=0.00 secs] 
37.447: [GC (Allocation Failure) 37.447: [ParNew: 74833K->1562K(92160K), 0.0271080 secs] 136278K->93728K(194560K), 0.0272351 secs] [Times: user=0.08 sys=0.02, real=0.03 secs] 
37.474: [CMS-concurrent-abortable-preclean: 0.106/1.051 secs] [Times: user=0.20 sys=0.02, real=1.05 secs] 
37.476: [GC (CMS Final Remark) [YG occupancy: 11802 K (92160 K)]37.476: [Rescan (parallel) , 0.0005791 secs]37.477: [weak refs processing, 0.0000221 secs]37.477: [class unloading, 0.0006268 secs]37.477: [scrub symbol table, 0.0012920 secs]37.479: [scrub string table, 0.0003667 secs][1 CMS-remark: 92166K(102400K)] 103968K(194560K), 0.0032357 secs] [Times: user=0.02 sys=0.00, real=0.00 secs] 
37.479: [CMS-concurrent-sweep-start]
37.479: [CMS-concurrent-sweep: 0.000/0.000 secs] [Times: user=0.00 sys=0.00, real=0.00 secs] 
37.479: [CMS-concurrent-reset-start]
37.480: [CMS-concurrent-reset: 0.000/0.000 secs] [Times: user=0.00 sys=0.00, real=0.00 secs] 
38.490: [GC (Allocation Failure) 38.490: [ParNew: 74839K->1563K(92160K), 0.0074772 secs] 115806K->63009K(194560K), 0.0076438 secs] [Times: user=0.06 sys=0.00, real=0.01 secs] 
38.500: [GC (CMS Initial Mark) [1 CMS-initial-mark: 61446K(102400K)] 73249K(194560K), 0.0008913 secs] [Times: user=0.00 sys=0.00, real=0.00 secs] 
38.501: [CMS-concurrent-mark-start]
38.502: [CMS-concurrent-mark: 0.001/0.001 secs] [Times: user=0.00 sys=0.00, real=0.00 secs] 
38.502: [CMS-concurrent-preclean-start]
38.503: [CMS-concurrent-preclean: 0.000/0.000 secs] [Times: user=0.00 sys=0.00, real=0.00 secs] 
38.503: [CMS-concurrent-abortable-preclean-start]
39.512: [GC (Allocation Failure) 39.512: [ParNew39.517: [CMS-concurrent-abortable-preclean: 0.110/1.014 secs] [Times: user=0.11 sys=0.00, real=1.01 secs] 
: 74842K->1619K(92160K), 0.0044886 secs] 136288K->73305K(194560K), 0.0046291 secs] [Times: user=0.00 sys=0.00, real=0.00 secs] 
39.519: [GC (CMS Final Remark) [YG occupancy: 11859 K (92160 K)]39.519: [Rescan (parallel) , 0.0008775 secs]39.520: [weak refs processing, 0.0000225 secs]39.520: [class unloading, 0.0006276 secs]39.520: [scrub symbol table, 0.0013386 secs]39.522: [scrub string table, 0.0003608 secs][1 CMS-remark: 71686K(102400K)] 83545K(194560K), 0.0034599 secs] [Times: user=0.00 sys=0.00, real=0.00 secs] 
39.522: [CMS-concurrent-sweep-start]
39.522: [CMS-concurrent-sweep: 0.000/0.000 secs] [Times: user=0.00 sys=0.00, real=0.00 secs] 
39.523: [CMS-concurrent-reset-start]
39.523: [CMS-concurrent-reset: 0.000/0.000 secs] [Times: user=0.00 sys=0.00, real=0.00 secs] 
40.534: [GC (Allocation Failure) 40.534: [ParNew: 74899K->1750K(92160K), 0.0025034 secs] 105626K->32476K(194560K), 0.0026396 secs] [Times: user=0.00 sys=0.00, real=0.00 secs] 
41.547: [GC (Allocation Failure) 41.548: [ParNew: 75031K->1442K(92160K), 0.0044337 secs] 105757K->42408K(194560K), 0.0045987 secs] [Times: user=0.00 sys=0.00, real=0.00 secs] 
42.563: [GC (Allocation Failure) 42.563: [ParNew: 74723K->1412K(92160K), 0.0020159 secs] 115690K->52619K(194560K), 0.0021142 secs] [Times: user=0.00 sys=0.00, real=0.00 secs] 
43.571: [GC (Allocation Failure) 43.572: [ParNew: 74695K->1525K(92160K), 0.0043919 secs] 125901K->62972K(194560K), 0.0045308 secs] [Times: user=0.06 sys=0.00, real=0.01 secs] 
44.587: [GC (Allocation Failure) 44.587: [ParNew: 74808K->0K(92160K), 0.0084403 secs] 136254K->62569K(194560K), 0.0086073 secs] [Times: user=0.06 sys=0.00, real=0.01 secs] 
44.609: [GC (Allocation Failure) 44.609: [ParNew (promotion failed): 73282K->73282K(92160K), 0.0074677 secs]44.616: [CMS: 83049K->31766K(102400K), 0.0148446 secs] 135851K->31766K(194560K), [Metaspace: 3996K->3996K(1056768K)], 0.0231523 secs] [Times: user=0.00 sys=0.02, real=0.02 secs] 
44.633: [GC (CMS Initial Mark) [1 CMS-initial-mark: 31766K(102400K)] 42006K(194560K), 0.0001982 secs] [Times: user=0.00 sys=0.00, real=0.00 secs] 
44.633: [CMS-concurrent-mark-start]
44.635: [CMS-concurrent-mark: 0.002/0.002 secs] [Times: user=0.02 sys=0.00, real=0.00 secs] 
44.635: [CMS-concurrent-preclean-start]
44.635: [CMS-concurrent-preclean: 0.000/0.000 secs] [Times: user=0.00 sys=0.00, real=0.00 secs] 
44.635: [CMS-concurrent-abortable-preclean-start]
45.643: [GC (Allocation Failure) 45.643: [ParNew: 73282K->0K(92160K), 0.0070840 secs] 105048K->52248K(194560K), 0.0072455 secs] [Times: user=0.02 sys=0.00, real=0.01 secs] 
46.664: [GC (Allocation Failure) 46.665: [ParNew: 73282K->0K(92160K), 0.0039506 secs] 125530K->62488K(194560K), 0.0043062 secs] [Times: user=0.06 sys=0.00, real=0.01 secs] 
46.669: [CMS-concurrent-abortable-preclean: 0.010/2.034 secs] [Times: user=0.09 sys=0.00, real=2.03 secs] 
46.671: [GC (CMS Final Remark) [YG occupancy: 10240 K (92160 K)]46.671: [Rescan (parallel) , 0.0003268 secs]46.672: [weak refs processing, 0.0000403 secs]46.672: [class unloading, 0.0007441 secs]46.673: [scrub symbol table, 0.0016662 secs]46.674: [scrub string table, 0.0004318 secs][1 CMS-remark: 62488K(102400K)] 72728K(194560K), 0.0034871 secs] [Times: user=0.00 sys=0.00, real=0.00 secs] 
46.675: [CMS-concurrent-sweep-start]
46.676: [CMS-concurrent-sweep: 0.001/0.001 secs] [Times: user=0.00 sys=0.00, real=0.00 secs] 
46.676: [CMS-concurrent-reset-start]
46.676: [CMS-concurrent-reset: 0.000/0.000 secs] [Times: user=0.00 sys=0.00, real=0.00 secs] 
47.686: [GC (Allocation Failure) 47.686: [ParNew: 73282K->0K(92160K), 0.0008834 secs] 135771K->62488K(194560K), 0.0010315 secs] [Times: user=0.00 sys=0.00, real=0.00 secs] 
48.698: [GC (Allocation Failure) 48.698: [ParNew: 73282K->0K(92160K), 0.0025575 secs] 135771K->72728K(194560K), 0.0026641 secs] [Times: user=0.00 sys=0.00, real=0.00 secs] 
48.702: [GC (CMS Initial Mark) [1 CMS-initial-mark: 72728K(102400K)] 82968K(194560K), 0.0002234 secs] [Times: user=0.00 sys=0.00, real=0.00 secs] 
48.702: [CMS-concurrent-mark-start]
48.705: [CMS-concurrent-mark: 0.002/0.002 secs] [Times: user=0.00 sys=0.00, real=0.00 secs] 
48.705: [CMS-concurrent-preclean-start]
48.705: [CMS-concurrent-preclean: 0.000/0.000 secs] [Times: user=0.00 sys=0.00, real=0.00 secs] 
48.705: [CMS-concurrent-abortable-preclean-start]
49.709: [GC (Allocation Failure) 49.709: [ParNew: 73282K->0K(92160K), 0.0021158 secs] 146011K->82970K(194560K), 0.0022023 secs] [Times: user=0.00 sys=0.00, real=0.00 secs] 
49.912: [CMS-concurrent-abortable-preclean: 0.003/1.207 secs] [Times: user=0.01 sys=0.00, real=1.21 secs] 
49.912: [GC (CMS Final Remark) [YG occupancy: 63042 K (92160 K)]49.912: [Rescan (parallel) , 0.0005001 secs]49.913: [weak refs processing, 0.0000257 secs]49.913: [class unloading, 0.0005065 secs]49.914: [scrub symbol table, 0.0011187 secs]49.915: [scrub string table, 0.0003679 secs][1 CMS-remark: 82970K(102400K)] 146013K(194560K), 0.0027265 secs] [Times: user=0.02 sys=0.00, real=0.00 secs] 
49.915: [CMS-concurrent-sweep-start]
49.916: [CMS-concurrent-sweep: 0.001/0.001 secs] [Times: user=0.00 sys=0.00, real=0.00 secs] 
49.916: [CMS-concurrent-reset-start]
49.917: [CMS-concurrent-reset: 0.000/0.000 secs] [Times: user=0.00 sys=0.00, real=0.00 secs] 
50.718: [GC (Allocation Failure) 50.718: [ParNew: 73282K->0K(92160K), 0.0038108 secs] 94813K->31770K(194560K), 0.0039853 secs] [Times: user=0.00 sys=0.00, real=0.00 secs] 
51.737: [GC (Allocation Failure) 51.737: [ParNew: 73282K->0K(92160K), 0.0009087 secs] 105053K->31770K(194560K), 0.0010492 secs] [Times: user=0.00 sys=0.00, real=0.00 secs] 
51.755: [GC (Allocation Failure) 51.755: [ParNew: 73282K->0K(92160K), 0.0103387 secs] 105053K->62490K(194560K), 0.0104697 secs] [Times: user=0.03 sys=0.01, real=0.01 secs] 
51.766: [GC (CMS Initial Mark) [1 CMS-initial-mark: 62490K(102400K)] 72730K(194560K), 0.0001887 secs] [Times: user=0.00 sys=0.00, real=0.00 secs] 
51.767: [CMS-concurrent-mark-start]
51.770: [CMS-concurrent-mark: 0.003/0.003 secs] [Times: user=0.00 sys=0.00, real=0.00 secs] 
51.770: [CMS-concurrent-preclean-start]
51.770: [CMS-concurrent-preclean: 0.000/0.000 secs] [Times: user=0.00 sys=0.00, real=0.00 secs] 
51.770: [CMS-concurrent-abortable-preclean-start]
52.774: [GC (Allocation Failure) 52.774: [ParNew: 73282K->0K(92160K), 0.0035361 secs] 135773K->82970K(194560K), 0.0036221 secs] [Times: user=0.05 sys=0.00, real=0.00 secs] 
52.878: [CMS-concurrent-abortable-preclean: 0.003/1.108 secs] [Times: user=0.05 sys=0.00, real=1.11 secs] 
52.878: [GC (CMS Final Remark) [YG occupancy: 22082 K (92160 K)]52.878: [Rescan (parallel) , 0.0001650 secs]52.878: [weak refs processing, 0.0000154 secs]52.878: [class unloading, 0.0003490 secs]52.879: [scrub symbol table, 0.0006584 secs]52.879: [scrub string table, 0.0001626 secs][1 CMS-remark: 82970K(102400K)] 105053K(194560K), 0.0015371 secs] [Times: user=0.00 sys=0.00, real=0.00 secs] 
52.880: [CMS-concurrent-sweep-start]
52.880: [CMS-concurrent-sweep: 0.000/0.000 secs] [Times: user=0.00 sys=0.00, real=0.00 secs] 
52.880: [CMS-concurrent-reset-start]
52.880: [CMS-concurrent-reset: 0.000/0.000 secs] [Times: user=0.00 sys=0.00, real=0.00 secs] 
53.784: [GC (Allocation Failure) 53.784: [ParNew: 73282K->0K(92160K), 0.0018995 secs] 125533K->62490K(194560K), 0.0019816 secs] [Times: user=0.00 sys=0.00, real=0.00 secs] 
53.787: [GC (CMS Initial Mark) [1 CMS-initial-mark: 62490K(102400K)] 72730K(194560K), 0.0001532 secs] [Times: user=0.00 sys=0.00, real=0.00 secs] 
53.787: [CMS-concurrent-mark-start]
53.789: [CMS-concurrent-mark: 0.002/0.002 secs] [Times: user=0.00 sys=0.00, real=0.00 secs] 
53.789: [CMS-concurrent-preclean-start]
53.789: [CMS-concurrent-preclean: 0.000/0.000 secs] [Times: user=0.00 sys=0.00, real=0.00 secs] 
53.789: [CMS-concurrent-abortable-preclean-start]
54.794: [GC (Allocation Failure) 54.794: [ParNew: 73282K->0K(92160K), 0.0003651 secs] 135773K->62490K(194560K), 0.0004303 secs] [Times: user=0.00 sys=0.00, real=0.00 secs] 
54.996: [CMS-concurrent-abortable-preclean: 0.004/1.207 secs] [Times: user=0.02 sys=0.00, real=1.21 secs] 
54.997: [GC (CMS Final Remark) [YG occupancy: 42562 K (92160 K)]54.997: [Rescan (parallel) , 0.0003892 secs]54.997: [weak refs processing, 0.0000324 secs]54.997: [class unloading, 0.0005988 secs]54.998: [scrub symbol table, 0.0010425 secs]54.999: [scrub string table, 0.0003632 secs][1 CMS-remark: 62490K(102400K)] 105053K(194560K), 0.0026381 secs] [Times: user=0.00 sys=0.00, real=0.00 secs] 
55.000: [CMS-concurrent-sweep-start]
55.000: [CMS-concurrent-sweep: 0.001/0.001 secs] [Times: user=0.00 sys=0.00, real=0.00 secs] 
55.000: [CMS-concurrent-reset-start]
55.001: [CMS-concurrent-reset: 0.000/0.000 secs] [Times: user=0.00 sys=0.00, real=0.00 secs] 
55.801: [GC (Allocation Failure) 55.801: [ParNew: 73282K->0K(92160K), 0.0023183 secs] 84573K->21530K(194560K), 0.0024024 secs] [Times: user=0.00 sys=0.00, real=0.00 secs] 
56.809: [GC (Allocation Failure) 56.809: [ParNew: 73282K->0K(92160K), 0.0017988 secs] 94813K->31770K(194560K), 0.0018719 secs] [Times: user=0.00 sys=0.00, real=0.00 secs] 
57.816: [GC (Allocation Failure) 57.816: [ParNew: 73282K->0K(92160K), 0.0021675 secs] 105053K->42010K(194560K), 0.0022595 secs] [Times: user=0.00 sys=0.00, real=0.00 secs] 
58.826: [GC (Allocation Failure) 58.826: [ParNew: 73282K->0K(92160K), 0.0003458 secs] 115293K->42010K(194560K), 0.0004082 secs] [Times: user=0.00 sys=0.00, real=0.00 secs] 
58.831: [GC (Allocation Failure) 58.831: [ParNew: 73282K->0K(92160K), 0.0047854 secs] 115293K->72730K(194560K), 0.0048510 secs] [Times: user=0.00 sys=0.00, real=0.01 secs] 
58.837: [GC (CMS Initial Mark) [1 CMS-initial-mark: 72730K(102400K)] 82970K(194560K), 0.0001950 secs] [Times: user=0.00 sys=0.00, real=0.00 secs] 
58.837: [CMS-concurrent-mark-start]
58.838: [CMS-concurrent-mark: 0.001/0.001 secs] [Times: user=0.02 sys=0.00, real=0.00 secs] 
58.838: [CMS-concurrent-preclean-start]
58.839: [CMS-concurrent-preclean: 0.000/0.000 secs] [Times: user=0.00 sys=0.00, real=0.00 secs] 
58.839: [CMS-concurrent-abortable-preclean-start]
59.843: [GC (Allocation Failure) 59.843: [ParNew: 73282K->73282K(92160K), 0.0000261 secs]59.844: [CMS59.844: [CMS-concurrent-abortable-preclean: 0.004/1.005 secs] [Times: user=0.00 sys=0.00, real=1.01 secs] 
 (concurrent mode failure): 72730K->21526K(102400K), 0.0088619 secs] 146013K->21526K(194560K), [Metaspace: 3996K->3996K(1056768K)], 0.0089977 secs] [Times: user=0.00 sys=0.00, real=0.01 secs] 
60.862: [GC (Allocation Failure) 60.862: [ParNew: 73282K->0K(92160K), 0.0036727 secs] 94808K->31768K(194560K), 0.0038100 secs] [Times: user=0.00 sys=0.00, real=0.00 secs] 
61.879: [GC (Allocation Failure) 61.879: [ParNew: 73282K->0K(92160K), 0.0008309 secs] 105051K->31768K(194560K), 0.0009494 secs] [Times: user=0.00 sys=0.00, real=0.00 secs] 
62.892: [GC (Allocation Failure) 62.892: [ParNew: 73282K->0K(92160K), 0.0043035 secs] 105051K->42008K(194560K), 0.0044333 secs] [Times: user=0.00 sys=0.00, real=0.00 secs] 
63.910: [GC (Allocation Failure) 63.910: [ParNew: 73282K->0K(92160K), 0.0041740 secs] 115291K->52248K(194560K), 0.0043327 secs] [Times: user=0.00 sys=0.00, real=0.01 secs] 
64.925: [GC (Allocation Failure) 64.925: [ParNew: 73282K->0K(92160K), 0.0038148 secs] 125531K->62490K(194560K), 0.0039750 secs] [Times: user=0.00 sys=0.00, real=0.00 secs] 
65.941: [GC (Allocation Failure) 65.941: [ParNew: 73282K->0K(92160K), 0.0009620 secs] 135773K->62490K(194560K), 0.0010769 secs] [Times: user=0.00 sys=0.00, real=0.00 secs] 
65.954: [GC (Allocation Failure) 65.954: [ParNew: 73282K->0K(92160K), 0.0106880 secs] 135773K->93212K(194560K), 0.0108396 secs] [Times: user=0.06 sys=0.00, real=0.01 secs] 
65.968: [GC (CMS Initial Mark) [1 CMS-initial-mark: 93212K(102400K)] 103452K(194560K), 0.0003296 secs] [Times: user=0.00 sys=0.00, real=0.00 secs] 
65.968: [CMS-concurrent-mark-start]
65.972: [CMS-concurrent-mark: 0.004/0.004 secs] [Times: user=0.00 sys=0.00, real=0.00 secs] 
65.972: [CMS-concurrent-preclean-start]
65.972: [CMS-concurrent-preclean: 0.000/0.000 secs] [Times: user=0.00 sys=0.00, real=0.00 secs] 
65.972: [CMS-concurrent-abortable-preclean-start]
65.972: [CMS-concurrent-abortable-preclean: 0.000/0.000 secs] [Times: user=0.00 sys=0.00, real=0.00 secs] 
65.972: [GC (CMS Final Remark) [YG occupancy: 10240 K (92160 K)]65.972: [Rescan (parallel) , 0.0003197 secs]65.973: [weak refs processing, 0.0000268 secs]65.973: [class unloading, 0.0004938 secs]65.973: [scrub symbol table, 0.0010524 secs]65.974: [scrub string table, 0.0003632 secs][1 CMS-remark: 93212K(102400K)] 103452K(194560K), 0.0024608 secs] [Times: user=0.00 sys=0.00, real=0.00 secs] 
65.975: [CMS-concurrent-sweep-start]
65.976: [CMS-concurrent-sweep: 0.001/0.001 secs] [Times: user=0.00 sys=0.00, real=0.00 secs] 
65.976: [CMS-concurrent-reset-start]
65.976: [CMS-concurrent-reset: 0.000/0.000 secs] [Times: user=0.00 sys=0.00, real=0.00 secs] 
66.977: [GC (Allocation Failure) 66.977: [ParNew: 73282K->0K(92160K), 0.0075680 secs] 105055K->52252K(194560K), 0.0077239 secs] [Times: user=0.06 sys=0.00, real=0.01 secs] 
66.988: [GC (CMS Initial Mark) [1 CMS-initial-mark: 52252K(102400K)] 62492K(194560K), 0.0003091 secs] [Times: user=0.00 sys=0.00, real=0.00 secs] 
66.988: [CMS-concurrent-mark-start]
66.992: [CMS-concurrent-mark: 0.004/0.004 secs] [Times: user=0.00 sys=0.00, real=0.00 secs] 
66.992: [CMS-concurrent-preclean-start]
66.992: [CMS-concurrent-preclean: 0.000/0.000 secs] [Times: user=0.00 sys=0.00, real=0.00 secs] 
66.992: [CMS-concurrent-abortable-preclean-start]
67.998: [GC (Allocation Failure) 67.998: [ParNew: 73282K->0K(92160K), 0.0038973 secs] 125535K->62492K(194560K), 0.0040208 secs] [Times: user=0.00 sys=0.00, real=0.00 secs] 
69.010: [GC (Allocation Failure) 69.010: [ParNew: 73282K->0K(92160K), 0.0003983 secs] 135775K->62492K(194560K), 0.0004725 secs] [Times: user=0.00 sys=0.00, real=0.00 secs] 
69.212: [CMS-concurrent-abortable-preclean: 0.009/2.220 secs] [Times: user=0.03 sys=0.00, real=2.22 secs] 
69.212: [GC (CMS Final Remark) [YG occupancy: 42562 K (92160 K)]69.212: [Rescan (parallel) , 0.0001409 secs]69.212: [weak refs processing, 0.0000138 secs]69.212: [class unloading, 0.0003845 secs]69.213: [scrub symbol table, 0.0009849 secs]69.214: [scrub string table, 0.0002870 secs][1 CMS-remark: 62492K(102400K)] 105055K(194560K), 0.0019346 secs] [Times: user=0.00 sys=0.00, real=0.00 secs] 
69.214: [CMS-concurrent-sweep-start]
69.215: [CMS-concurrent-sweep: 0.000/0.000 secs] [Times: user=0.00 sys=0.00, real=0.00 secs] 
69.215: [CMS-concurrent-reset-start]
69.215: [CMS-concurrent-reset: 0.000/0.000 secs] [Times: user=0.00 sys=0.00, real=0.00 secs] 
70.019: [GC (Allocation Failure) 70.019: [ParNew: 73282K->0K(92160K), 0.0037808 secs] 105055K->42012K(194560K), 0.0039435 secs] [Times: user=0.00 sys=0.00, real=0.00 secs] 
71.034: [GC (Allocation Failure) 71.034: [ParNew: 73282K->0K(92160K), 0.0052054 secs] 115295K->52252K(194560K), 0.0053772 secs] [Times: user=0.00 sys=0.00, real=0.01 secs] 
72.053: [GC (Allocation Failure) 72.053: [ParNew: 73282K->0K(92160K), 0.0038203 secs] 125535K->62492K(194560K), 0.0039636 secs] [Times: user=0.06 sys=0.00, real=0.00 secs] 
73.069: [GC (Allocation Failure) 73.069: [ParNew: 73282K->0K(92160K), 0.0010915 secs] 135775K->62492K(194560K), 0.0012269 secs] [Times: user=0.00 sys=0.00, real=0.00 secs] 
73.084: [GC (Allocation Failure) 73.084: [ParNew: 73282K->0K(92160K), 0.0097552 secs] 135775K->93212K(194560K), 0.0098748 secs] [Times: user=0.05 sys=0.00, real=0.01 secs] 
73.095: [GC (CMS Initial Mark) [1 CMS-initial-mark: 93212K(102400K)] 103452K(194560K), 0.0001642 secs] [Times: user=0.00 sys=0.00, real=0.00 secs] 
73.095: [CMS-concurrent-mark-start]
73.097: [CMS-concurrent-mark: 0.002/0.002 secs] [Times: user=0.00 sys=0.00, real=0.00 secs] 
73.097: [CMS-concurrent-preclean-start]
73.098: [CMS-concurrent-preclean: 0.000/0.000 secs] [Times: user=0.00 sys=0.00, real=0.00 secs] 
73.098: [CMS-concurrent-abortable-preclean-start]
73.098: [CMS-concurrent-abortable-preclean: 0.000/0.000 secs] [Times: user=0.00 sys=0.00, real=0.00 secs] 
73.098: [GC (CMS Final Remark) [YG occupancy: 10240 K (92160 K)]73.098: [Rescan (parallel) , 0.0001895 secs]73.098: [weak refs processing, 0.0000126 secs]73.098: [class unloading, 0.0003280 secs]73.099: [scrub symbol table, 0.0006154 secs]73.099: [scrub string table, 0.0001816 secs][1 CMS-remark: 93212K(102400K)] 103452K(194560K), 0.0014448 secs] [Times: user=0.00 sys=0.00, real=0.00 secs] 
73.099: [CMS-concurrent-sweep-start]
73.100: [CMS-concurrent-sweep: 0.000/0.000 secs] [Times: user=0.00 sys=0.00, real=0.00 secs] 
73.100: [CMS-concurrent-reset-start]
73.100: [CMS-concurrent-reset: 0.000/0.000 secs] [Times: user=0.00 sys=0.00, real=0.00 secs] 
74.107: [GC (Allocation Failure) 74.107: [ParNew: 73282K->0K(92160K), 0.0065791 secs] 105055K->52252K(194560K), 0.0067066 secs] [Times: user=0.00 sys=0.00, real=0.01 secs] 
74.115: [GC (CMS Initial Mark) [1 CMS-initial-mark: 52252K(102400K)] 62492K(194560K), 0.0002116 secs] [Times: user=0.00 sys=0.00, real=0.00 secs] 
74.115: [CMS-concurrent-mark-start]
74.117: [CMS-concurrent-mark: 0.002/0.002 secs] [Times: user=0.00 sys=0.00, real=0.00 secs] 
74.117: [CMS-concurrent-preclean-start]
74.117: [CMS-concurrent-preclean: 0.000/0.000 secs] [Times: user=0.00 sys=0.00, real=0.00 secs] 
74.117: [CMS-concurrent-abortable-preclean-start]
75.120: [GC (Allocation Failure) 75.120: [ParNew: 73282K->0K(92160K), 0.0023917 secs] 125535K->62492K(194560K), 0.0024869 secs] [Times: user=0.00 sys=0.00, real=0.00 secs] 
76.132: [GC (Allocation Failure) 76.132: [ParNew: 73282K->0K(92160K), 0.0008262 secs] 135775K->62492K(194560K), 0.0009576 secs] [Times: user=0.00 sys=0.00, real=0.00 secs] 
76.133: [CMS-concurrent-abortable-preclean: 0.008/2.016 secs] [Times: user=0.02 sys=0.00, real=2.02 secs] 
76.135: [GC (CMS Final Remark) [YG occupancy: 10240 K (92160 K)]76.135: [Rescan (parallel) , 0.0003632 secs]76.136: [weak refs processing, 0.0000320 secs]76.136: [class unloading, 0.0007330 secs]76.136: [scrub symbol table, 0.0017033 secs]76.138: [scrub string table, 0.0005301 secs][1 CMS-remark: 62492K(102400K)] 72732K(194560K), 0.0036474 secs] [Times: user=0.00 sys=0.00, real=0.00 secs] 
76.139: [CMS-concurrent-sweep-start]
76.140: [CMS-concurrent-sweep: 0.001/0.001 secs] [Times: user=0.00 sys=0.00, real=0.00 secs] 
76.140: [CMS-concurrent-reset-start]
76.140: [CMS-concurrent-reset: 0.000/0.000 secs] [Times: user=0.00 sys=0.00, real=0.00 secs] 
77.149: [GC (Allocation Failure) 77.149: [ParNew: 73282K->0K(92160K), 0.0037844 secs] 105055K->42012K(194560K), 0.0039237 secs] [Times: user=0.06 sys=0.00, real=0.00 secs] 
78.164: [GC (Allocation Failure) 78.164: [ParNew: 73282K->0K(92160K), 0.0038531 secs] 115295K->52252K(194560K), 0.0040335 secs] [Times: user=0.06 sys=0.00, real=0.00 secs] 
79.181: [GC (Allocation Failure) 79.181: [ParNew: 73282K->0K(92160K), 0.0039541 secs] 125535K->62492K(194560K), 0.0041223 secs] [Times: user=0.06 sys=0.00, real=0.00 secs] 
80.198: [GC (Allocation Failure) 80.198: [ParNew: 73282K->0K(92160K), 0.0008972 secs] 135775K->62492K(194560K), 0.0010342 secs] [Times: user=0.00 sys=0.00, real=0.00 secs] 
80.211: [GC (Allocation Failure) 80.211: [ParNew: 73282K->0K(92160K), 0.0103501 secs] 135775K->93212K(194560K), 0.0105033 secs] [Times: user=0.06 sys=0.00, real=0.01 secs] 
80.224: [GC (CMS Initial Mark) [1 CMS-initial-mark: 93212K(102400K)] 103452K(194560K), 0.0003505 secs] [Times: user=0.00 sys=0.00, real=0.00 secs] 
80.224: [CMS-concurrent-mark-start]
80.228: [CMS-concurrent-mark: 0.003/0.003 secs] [Times: user=0.00 sys=0.00, real=0.00 secs] 
80.228: [CMS-concurrent-preclean-start]
80.228: [CMS-concurrent-preclean: 0.000/0.000 secs] [Times: user=0.02 sys=0.00, real=0.00 secs] 
80.228: [CMS-concurrent-abortable-preclean-start]
80.228: [CMS-concurrent-abortable-preclean: 0.000/0.000 secs] [Times: user=0.00 sys=0.00, real=0.00 secs] 
80.228: [GC (CMS Final Remark) [YG occupancy: 10240 K (92160 K)]80.228: [Rescan (parallel) , 0.0003758 secs]80.229: [weak refs processing, 0.0000261 secs]80.229: [class unloading, 0.0006201 secs]80.230: [scrub symbol table, 0.0010382 secs]80.231: [scrub string table, 0.0003620 secs][1 CMS-remark: 93212K(102400K)] 103452K(194560K), 0.0026041 secs] [Times: user=0.00 sys=0.00, real=0.00 secs] 
80.231: [CMS-concurrent-sweep-start]
80.232: [CMS-concurrent-sweep: 0.001/0.001 secs] [Times: user=0.00 sys=0.00, real=0.00 secs] 
80.232: [CMS-concurrent-reset-start]
80.232: [CMS-concurrent-reset: 0.000/0.000 secs] [Times: user=0.00 sys=0.00, real=0.00 secs] 
81.234: [GC (Allocation Failure) 81.234: [ParNew: 73282K->0K(92160K), 0.0070884 secs] 105055K->52252K(194560K), 0.0072455 secs] [Times: user=0.00 sys=0.00, real=0.01 secs] 
81.243: [GC (CMS Initial Mark) [1 CMS-initial-mark: 52252K(102400K)] 62492K(194560K), 0.0003308 secs] [Times: user=0.00 sys=0.00, real=0.00 secs] 
81.244: [CMS-concurrent-mark-start]
81.248: [CMS-concurrent-mark: 0.004/0.004 secs] [Times: user=0.03 sys=0.00, real=0.00 secs] 
81.248: [CMS-concurrent-preclean-start]
81.248: [CMS-concurrent-preclean: 0.001/0.001 secs] [Times: user=0.00 sys=0.00, real=0.00 secs] 
81.248: [CMS-concurrent-abortable-preclean-start]
82.255: [GC (Allocation Failure) 82.255: [ParNew: 73282K->0K(92160K), 0.0037346 secs] 125535K->62492K(194560K), 0.0038957 secs] [Times: user=0.00 sys=0.00, real=0.00 secs] 
83.271: [GC (Allocation Failure) 83.272: [ParNew: 73282K->0K(92160K), 0.0008633 secs] 135775K->62492K(194560K), 0.0010062 secs] [Times: user=0.00 sys=0.00, real=0.00 secs] 
83.273: [CMS-concurrent-abortable-preclean: 0.011/2.024 secs] [Times: user=0.01 sys=0.00, real=2.02 secs] 
83.274: [GC (CMS Final Remark) [YG occupancy: 10240 K (92160 K)]83.274: [Rescan (parallel) , 0.0003221 secs]83.275: [weak refs processing, 0.0000284 secs]83.275: [class unloading, 0.0004946 secs]83.275: [scrub symbol table, 0.0010540 secs]83.276: [scrub string table, 0.0003624 secs][1 CMS-remark: 62492K(102400K)] 72732K(194560K), 0.0024596 secs] [Times: user=0.00 sys=0.02, real=0.00 secs] 
83.277: [CMS-concurrent-sweep-start]
83.278: [CMS-concurrent-sweep: 0.001/0.001 secs] [Times: user=0.00 sys=0.00, real=0.00 secs] 
83.278: [CMS-concurrent-reset-start]
83.278: [CMS-concurrent-reset: 0.000/0.000 secs] [Times: user=0.00 sys=0.00, real=0.00 secs] 
84.287: [GC (Allocation Failure) 84.287: [ParNew: 73282K->0K(92160K), 0.0038854 secs] 105055K->42012K(194560K), 0.0040319 secs] [Times: user=0.06 sys=0.00, real=0.00 secs] 
85.303: [GC (Allocation Failure) 85.303: [ParNew: 73282K->0K(92160K), 0.0024174 secs] 115295K->52252K(194560K), 0.0025295 secs] [Times: user=0.00 sys=0.00, real=0.00 secs] 
86.313: [GC (Allocation Failure) 86.313: [ParNew: 73282K->0K(92160K), 0.0040216 secs] 125535K->62492K(194560K), 0.0041736 secs] [Times: user=0.00 sys=0.00, real=0.00 secs] 
87.331: [GC (Allocation Failure) 87.331: [ParNew: 73282K->0K(92160K), 0.0008167 secs] 135775K->62492K(194560K), 0.0009612 secs] [Times: user=0.00 sys=0.00, real=0.00 secs] 
87.343: [GC (Allocation Failure) 87.343: [ParNew: 73282K->0K(92160K), 0.0102933 secs] 135775K->93212K(194560K), 0.0104472 secs] [Times: user=0.00 sys=0.01, real=0.01 secs] 
87.356: [GC (CMS Initial Mark) [1 CMS-initial-mark: 93212K(102400K)] 103452K(194560K), 0.0003797 secs] [Times: user=0.00 sys=0.00, real=0.00 secs] 
87.357: [CMS-concurrent-mark-start]
87.360: [CMS-concurrent-mark: 0.003/0.003 secs] [Times: user=0.00 sys=0.00, real=0.00 secs] 
87.360: [CMS-concurrent-preclean-start]
87.361: [CMS-concurrent-preclean: 0.000/0.000 secs] [Times: user=0.00 sys=0.00, real=0.00 secs] 
87.361: [CMS-concurrent-abortable-preclean-start]
87.361: [CMS-concurrent-abortable-preclean: 0.000/0.000 secs] [Times: user=0.00 sys=0.00, real=0.00 secs] 
87.361: [GC (CMS Final Remark) [YG occupancy: 10240 K (92160 K)]87.361: [Rescan (parallel) , 0.0003529 secs]87.362: [weak refs processing, 0.0000355 secs]87.362: [class unloading, 0.0005049 secs]87.362: [scrub symbol table, 0.0010544 secs]87.363: [scrub string table, 0.0004516 secs][1 CMS-remark: 93212K(102400K)] 103452K(194560K), 0.0026187 secs] [Times: user=0.00 sys=0.00, real=0.00 secs] 
87.364: [CMS-concurrent-sweep-start]
87.365: [CMS-concurrent-sweep: 0.001/0.001 secs] [Times: user=0.00 sys=0.00, real=0.00 secs] 
87.365: [CMS-concurrent-reset-start]
87.365: [CMS-concurrent-reset: 0.000/0.000 secs] [Times: user=0.00 sys=0.00, real=0.00 secs] 
88.367: [GC (Allocation Failure) 88.367: [ParNew: 73282K->0K(92160K), 0.0072952 secs] 105055K->52252K(194560K), 0.0074586 secs] [Times: user=0.06 sys=0.00, real=0.01 secs] 
88.377: [GC (CMS Initial Mark) [1 CMS-initial-mark: 52252K(102400K)] 62492K(194560K), 0.0003659 secs] [Times: user=0.00 sys=0.00, real=0.00 secs] 
88.377: [CMS-concurrent-mark-start]
88.381: [CMS-concurrent-mark: 0.004/0.004 secs] [Times: user=0.00 sys=0.00, real=0.00 secs] 
88.381: [CMS-concurrent-preclean-start]
88.382: [CMS-concurrent-preclean: 0.000/0.000 secs] [Times: user=0.00 sys=0.00, real=0.00 secs] 
88.382: [CMS-concurrent-abortable-preclean-start]
89.383: [GC (Allocation Failure) 89.383: [ParNew: 73282K->0K(92160K), 0.0018142 secs] 125535K->62492K(194560K), 0.0018952 secs] [Times: user=0.06 sys=0.00, real=0.00 secs] 
90.395: [GC (Allocation Failure) 90.395: [ParNew: 73282K->0K(92160K), 0.0009284 secs] 135775K->62492K(194560K), 0.0010476 secs] [Times: user=0.00 sys=0.00, real=0.00 secs] 
90.396: [CMS-concurrent-abortable-preclean: 0.007/2.014 secs] [Times: user=0.06 sys=0.00, real=2.01 secs] 
90.397: [GC (CMS Final Remark) [YG occupancy: 10240 K (92160 K)]90.397: [Rescan (parallel) , 0.0003399 secs]90.398: [weak refs processing, 0.0000221 secs]90.398: [class unloading, 0.0005858 secs]90.398: [scrub symbol table, 0.0010453 secs]90.399: [scrub string table, 0.0003612 secs][1 CMS-remark: 62492K(102400K)] 72732K(194560K), 0.0025350 secs] [Times: user=0.00 sys=0.00, real=0.00 secs] 
90.400: [CMS-concurrent-sweep-start]
90.401: [CMS-concurrent-sweep: 0.001/0.001 secs] [Times: user=0.00 sys=0.00, real=0.00 secs] 
90.401: [CMS-concurrent-reset-start]
90.402: [CMS-concurrent-reset: 0.000/0.000 secs] [Times: user=0.00 sys=0.00, real=0.00 secs] 
91.410: [GC (Allocation Failure) 91.410: [ParNew: 73282K->0K(92160K), 0.0023112 secs] 105055K->42012K(194560K), 0.0024071 secs] [Times: user=0.00 sys=0.00, real=0.00 secs] 
92.420: [GC (Allocation Failure) 92.420: [ParNew: 73282K->0K(92160K), 0.0038089 secs] 115295K->52252K(194560K), 0.0039510 secs] [Times: user=0.00 sys=0.00, real=0.00 secs] 
93.436: [GC (Allocation Failure) 93.436: [ParNew: 73282K->0K(92160K), 0.0038862 secs] 125535K->62492K(194560K), 0.0040421 secs] [Times: user=0.00 sys=0.00, real=0.00 secs] 
94.453: [GC (Allocation Failure) 94.453: [ParNew: 73282K->0K(92160K), 0.0008672 secs] 135775K->62492K(194560K), 0.0009975 secs] [Times: user=0.00 sys=0.00, real=0.00 secs] 
94.466: [GC (Allocation Failure) 94.466: [ParNew: 73282K->0K(92160K), 0.0104752 secs] 135775K->93212K(194560K), 0.0106237 secs] [Times: user=0.00 sys=0.00, real=0.01 secs] 
94.479: [GC (CMS Initial Mark) [1 CMS-initial-mark: 93212K(102400K)] 103452K(194560K), 0.0003249 secs] [Times: user=0.00 sys=0.00, real=0.00 secs] 
94.479: [CMS-concurrent-mark-start]
94.483: [CMS-concurrent-mark: 0.004/0.004 secs] [Times: user=0.00 sys=0.00, real=0.00 secs] 
94.483: [CMS-concurrent-preclean-start]
94.483: [CMS-concurrent-preclean: 0.000/0.000 secs] [Times: user=0.00 sys=0.00, real=0.00 secs] 
94.483: [CMS-concurrent-abortable-preclean-start]
94.483: [CMS-concurrent-abortable-preclean: 0.000/0.000 secs] [Times: user=0.00 sys=0.00, real=0.00 secs] 
94.483: [GC (CMS Final Remark) [YG occupancy: 10240 K (92160 K)]94.483: [Rescan (parallel) , 0.0001982 secs]94.484: [weak refs processing, 0.0000197 secs]94.484: [class unloading, 0.0003920 secs]94.484: [scrub symbol table, 0.0009549 secs]94.485: [scrub string table, 0.0001847 secs][1 CMS-remark: 93212K(102400K)] 103452K(194560K), 0.0018671 secs] [Times: user=0.00 sys=0.00, real=0.00 secs] 
94.485: [CMS-concurrent-sweep-start]
94.486: [CMS-concurrent-sweep: 0.000/0.000 secs] [Times: user=0.00 sys=0.00, real=0.00 secs] 
94.486: [CMS-concurrent-reset-start]
94.486: [CMS-concurrent-reset: 0.000/0.000 secs] [Times: user=0.00 sys=0.00, real=0.00 secs] 
95.484: [GC (Allocation Failure) 95.484: [ParNew: 73282K->0K(92160K), 0.0033356 secs] 105055K->52252K(194560K), 0.0034279 secs] [Times: user=0.00 sys=0.00, real=0.00 secs] 
95.488: [GC (CMS Initial Mark) [1 CMS-initial-mark: 52252K(102400K)] 62492K(194560K), 0.0001713 secs] [Times: user=0.00 sys=0.00, real=0.00 secs] 
95.488: [CMS-concurrent-mark-start]
95.490: [CMS-concurrent-mark: 0.001/0.001 secs] [Times: user=0.00 sys=0.00, real=0.00 secs] 
95.490: [CMS-concurrent-preclean-start]
95.490: [CMS-concurrent-preclean: 0.000/0.000 secs] [Times: user=0.00 sys=0.00, real=0.00 secs] 
95.490: [CMS-concurrent-abortable-preclean-start]
96.497: [GC (Allocation Failure) 96.497: [ParNew: 73282K->0K(92160K), 0.0038653 secs] 125535K->62492K(194560K), 0.0039956 secs] [Times: user=0.00 sys=0.00, real=0.00 secs] 
97.513: [GC (Allocation Failure) 97.513: [ParNew: 73282K->0K(92160K), 0.0007840 secs] 135775K->62492K(194560K), 0.0009083 secs] [Times: user=0.00 sys=0.00, real=0.00 secs] 
97.514: [CMS-concurrent-abortable-preclean: 0.009/2.024 secs] [Times: user=0.03 sys=0.00, real=2.03 secs] 
97.516: [GC (CMS Final Remark) [YG occupancy: 10240 K (92160 K)]97.516: [Rescan (parallel) , 0.0003000 secs]97.516: [weak refs processing, 0.0000245 secs]97.516: [class unloading, 0.0004982 secs]97.517: [scrub symbol table, 0.0010575 secs]97.518: [scrub string table, 0.0004504 secs][1 CMS-remark: 62492K(102400K)] 72732K(194560K), 0.0025259 secs] [Times: user=0.00 sys=0.00, real=0.00 secs] 
97.518: [CMS-concurrent-sweep-start]
97.519: [CMS-concurrent-sweep: 0.001/0.001 secs] [Times: user=0.00 sys=0.00, real=0.00 secs] 
97.519: [CMS-concurrent-reset-start]
97.520: [CMS-concurrent-reset: 0.000/0.000 secs] [Times: user=0.00 sys=0.00, real=0.00 secs] 
98.526: [GC (Allocation Failure) 98.526: [ParNew: 73282K->0K(92160K), 0.0018071 secs] 105055K->42012K(194560K), 0.0018924 secs] [Times: user=0.00 sys=0.00, real=0.00 secs] 
99.534: [GC (Allocation Failure) 99.535: [ParNew: 73282K->0K(92160K), 0.0040271 secs] 115295K->52252K(194560K), 0.0041918 secs] [Times: user=0.00 sys=0.00, real=0.00 secs] 
100.594: [GC (Allocation Failure) 100.594: [ParNew: 73282K->0K(92160K), 0.0018123 secs] 125535K->62492K(194560K), 0.0018959 secs] [Times: user=0.00 sys=0.00, real=0.00 secs] 
101.611: [GC (Allocation Failure) 101.611: [ParNew: 73282K->0K(92160K), 0.0005116 secs] 135775K->62492K(194560K), 0.0005937 secs] [Times: user=0.00 sys=0.00, real=0.00 secs] 
101.618: [GC (Allocation Failure) 101.618: [ParNew: 73282K->0K(92160K), 0.0049828 secs] 135775K->93212K(194560K), 0.0050894 secs] [Times: user=0.05 sys=0.00, real=0.01 secs] 
101.624: [GC (CMS Initial Mark) [1 CMS-initial-mark: 93212K(102400K)] 103452K(194560K), 0.0001500 secs] [Times: user=0.00 sys=0.00, real=0.00 secs] 
101.624: [CMS-concurrent-mark-start]
101.627: [CMS-concurrent-mark: 0.002/0.002 secs] [Times: user=0.00 sys=0.00, real=0.00 secs] 
101.627: [CMS-concurrent-preclean-start]
101.627: [CMS-concurrent-preclean: 0.000/0.000 secs] [Times: user=0.00 sys=0.00, real=0.00 secs] 
101.627: [CMS-concurrent-abortable-preclean-start]
101.627: [CMS-concurrent-abortable-preclean: 0.000/0.000 secs] [Times: user=0.00 sys=0.00, real=0.00 secs] 
101.627: [GC (CMS Final Remark) [YG occupancy: 10240 K (92160 K)]101.627: [Rescan (parallel) , 0.0001382 secs]101.627: [weak refs processing, 0.0000150 secs]101.627: [class unloading, 0.0004058 secs]101.628: [scrub symbol table, 0.0010204 secs]101.629: [scrub string table, 0.0002933 secs][1 CMS-remark: 93212K(102400K)] 103452K(194560K), 0.0020270 secs] [Times: user=0.00 sys=0.00, real=0.00 secs] 
101.629: [CMS-concurrent-sweep-start]
101.630: [CMS-concurrent-sweep: 0.001/0.001 secs] [Times: user=0.00 sys=0.00, real=0.00 secs] 
101.630: [CMS-concurrent-reset-start]
101.630: [CMS-concurrent-reset: 0.000/0.000 secs] [Times: user=0.00 sys=0.00, real=0.00 secs] 
102.641: [GC (Allocation Failure) 102.641: [ParNew: 73282K->0K(92160K), 0.0034390 secs] 105055K->52252K(194560K), 0.0035531 secs] [Times: user=0.00 sys=0.00, real=0.00 secs] 
102.646: [GC (CMS Initial Mark) [1 CMS-initial-mark: 52252K(102400K)] 62492K(194560K), 0.0001618 secs] [Times: user=0.00 sys=0.00, real=0.00 secs] 
102.646: [CMS-concurrent-mark-start]
102.649: [CMS-concurrent-mark: 0.002/0.002 secs] [Times: user=0.00 sys=0.00, real=0.00 secs] 
102.649: [CMS-concurrent-preclean-start]
102.649: [CMS-concurrent-preclean: 0.000/0.000 secs] [Times: user=0.00 sys=0.00, real=0.00 secs] 
102.649: [CMS-concurrent-abortable-preclean-start]
103.653: [GC (Allocation Failure) 103.654: [ParNew: 73282K->0K(92160K), 0.0026361 secs] 125535K->62492K(194560K), 0.0027427 secs] [Times: user=0.00 sys=0.00, real=0.00 secs] 
104.668: [GC (Allocation Failure) 104.668: [ParNew: 73282K->0K(92160K), 0.0010591 secs] 135775K->62492K(194560K), 0.0011992 secs] [Times: user=0.00 sys=0.00, real=0.00 secs] 
104.669: [CMS-concurrent-abortable-preclean: 0.006/2.020 secs] [Times: user=0.03 sys=0.00, real=2.02 secs] 
104.671: [GC (CMS Final Remark) [YG occupancy: 10240 K (92160 K)]104.671: [Rescan (parallel) , 0.0004982 secs]104.672: [weak refs processing, 0.0000257 secs]104.672: [class unloading, 0.0004958 secs]104.672: [scrub symbol table, 0.0010891 secs]104.673: [scrub string table, 0.0003628 secs][1 CMS-remark: 62492K(102400K)] 72732K(194560K), 0.0026594 secs] [Times: user=0.00 sys=0.00, real=0.00 secs] 
104.674: [CMS-concurrent-sweep-start]
104.675: [CMS-concurrent-sweep: 0.001/0.001 secs] [Times: user=0.00 sys=0.00, real=0.00 secs] 
104.675: [CMS-concurrent-reset-start]
104.675: [CMS-concurrent-reset: 0.000/0.000 secs] [Times: user=0.00 sys=0.00, real=0.00 secs] 
105.684: [GC (Allocation Failure) 105.684: [ParNew: 73282K->0K(92160K), 0.0038574 secs] 105055K->42012K(194560K), 0.0040019 secs] [Times: user=0.00 sys=0.00, real=0.00 secs] 
106.700: [GC (Allocation Failure) 106.700: [ParNew: 73282K->0K(92160K), 0.0037903 secs] 115295K->52252K(194560K), 0.0039320 secs] [Times: user=0.00 sys=0.00, real=0.00 secs] 
107.716: [GC (Allocation Failure) 107.716: [ParNew: 73282K->0K(92160K), 0.0038017 secs] 125535K->62492K(194560K), 0.0039439 secs] [Times: user=0.00 sys=0.00, real=0.00 secs] 
108.733: [GC (Allocation Failure) 108.733: [ParNew: 73282K->0K(92160K), 0.0005412 secs] 135775K->62492K(194560K), 0.0006186 secs] [Times: user=0.00 sys=0.00, real=0.00 secs] 
108.742: [GC (Allocation Failure) 108.742: [ParNew: 73282K->0K(92160K), 0.0069522 secs] 135775K->93212K(194560K), 0.0070556 secs] [Times: user=0.06 sys=0.00, real=0.01 secs] 
108.751: [GC (CMS Initial Mark) [1 CMS-initial-mark: 93212K(102400K)] 103452K(194560K), 0.0001753 secs] [Times: user=0.00 sys=0.00, real=0.00 secs] 
108.751: [CMS-concurrent-mark-start]
108.754: [CMS-concurrent-mark: 0.003/0.003 secs] [Times: user=0.00 sys=0.00, real=0.00 secs] 
108.754: [CMS-concurrent-preclean-start]
108.754: [CMS-concurrent-preclean: 0.000/0.000 secs] [Times: user=0.00 sys=0.00, real=0.00 secs] 
108.754: [CMS-concurrent-abortable-preclean-start]
108.754: [CMS-concurrent-abortable-preclean: 0.000/0.000 secs] [Times: user=0.00 sys=0.00, real=0.00 secs] 
108.754: [GC (CMS Final Remark) [YG occupancy: 10240 K (92160 K)]108.754: [Rescan (parallel) , 0.0002554 secs]108.754: [weak refs processing, 0.0000201 secs]108.754: [class unloading, 0.0003868 secs]108.755: [scrub symbol table, 0.0007926 secs]108.756: [scrub string table, 0.0002404 secs][1 CMS-remark: 93212K(102400K)] 103452K(194560K), 0.0018217 secs] [Times: user=0.00 sys=0.00, real=0.00 secs] 
108.756: [CMS-concurrent-sweep-start]
108.757: [CMS-concurrent-sweep: 0.001/0.001 secs] [Times: user=0.00 sys=0.00, real=0.00 secs] 
108.757: [CMS-concurrent-reset-start]
108.757: [CMS-concurrent-reset: 0.000/0.000 secs] [Times: user=0.00 sys=0.00, real=0.00 secs] 
109.760: [GC (Allocation Failure) 109.760: [ParNew: 73282K->0K(92160K), 0.0071045 secs] 105055K->52252K(194560K), 0.0072838 secs] [Times: user=0.00 sys=0.00, real=0.01 secs] 
109.770: [GC (CMS Initial Mark) [1 CMS-initial-mark: 52252K(102400K)] 62492K(194560K), 0.0004007 secs] [Times: user=0.00 sys=0.00, real=0.00 secs] 
109.771: [CMS-concurrent-mark-start]
109.774: [CMS-concurrent-mark: 0.003/0.003 secs] [Times: user=0.00 sys=0.00, real=0.00 secs] 
109.774: [CMS-concurrent-preclean-start]
109.775: [CMS-concurrent-preclean: 0.000/0.000 secs] [Times: user=0.02 sys=0.00, real=0.00 secs] 
109.775: [CMS-concurrent-abortable-preclean-start]
110.783: [GC (Allocation Failure) 110.783: [ParNew: 73282K->0K(92160K), 0.0038017 secs] 125535K->62492K(194560K), 0.0039462 secs] [Times: user=0.00 sys=0.00, real=0.00 secs] 
111.796: [GC (Allocation Failure) 111.796: [ParNew: 73282K->0K(92160K), 0.0003241 secs] 135775K->62492K(194560K), 0.0003833 secs] [Times: user=0.00 sys=0.00, real=0.00 secs] 
111.796: [CMS-concurrent-abortable-preclean: 0.009/2.021 secs] [Times: user=0.03 sys=0.00, real=2.02 secs] 
111.797: [GC (CMS Final Remark) [YG occupancy: 10240 K (92160 K)]111.797: [Rescan (parallel) , 0.0001224 secs]111.797: [weak refs processing, 0.0000122 secs]111.797: [class unloading, 0.0002732 secs]111.797: [scrub symbol table, 0.0006288 secs]111.798: [scrub string table, 0.0002530 secs][1 CMS-remark: 62492K(102400K)] 72732K(194560K), 0.0013887 secs] [Times: user=0.00 sys=0.00, real=0.00 secs] 
111.798: [CMS-concurrent-sweep-start]
111.799: [CMS-concurrent-sweep: 0.000/0.000 secs] [Times: user=0.00 sys=0.00, real=0.00 secs] 
111.799: [CMS-concurrent-reset-start]
111.799: [CMS-concurrent-reset: 0.000/0.000 secs] [Times: user=0.00 sys=0.00, real=0.00 secs] 
112.806: [GC (Allocation Failure) 112.806: [ParNew: 73282K->0K(92160K), 0.0037998 secs] 105055K->42012K(194560K), 0.0039439 secs] [Times: user=0.06 sys=0.00, real=0.00 secs] 
113.821: [GC (Allocation Failure) 113.821: [ParNew: 73282K->0K(92160K), 0.0038582 secs] 115295K->52252K(194560K), 0.0040062 secs] [Times: user=0.05 sys=0.00, real=0.00 secs] 
114.840: [GC (Allocation Failure) 114.840: [ParNew: 73282K->0K(92160K), 0.0048103 secs] 125535K->62492K(194560K), 0.0049765 secs] [Times: user=0.00 sys=0.00, real=0.00 secs] 
115.856: [GC (Allocation Failure) 115.856: [ParNew: 73282K->0K(92160K), 0.0005968 secs] 135775K->62492K(194560K), 0.0006750 secs] [Times: user=0.00 sys=0.00, real=0.00 secs] 
115.864: [GC (Allocation Failure) 115.865: [ParNew: 73282K->0K(92160K), 0.0068251 secs] 135775K->93212K(194560K), 0.0069222 secs] [Times: user=0.06 sys=0.00, real=0.01 secs] 
115.873: [GC (CMS Initial Mark) [1 CMS-initial-mark: 93212K(102400K)] 103452K(194560K), 0.0001532 secs] [Times: user=0.00 sys=0.00, real=0.00 secs] 
115.873: [CMS-concurrent-mark-start]
115.874: [CMS-concurrent-mark: 0.001/0.001 secs] [Times: user=0.00 sys=0.00, real=0.00 secs] 
115.874: [CMS-concurrent-preclean-start]
115.875: [CMS-concurrent-preclean: 0.000/0.000 secs] [Times: user=0.00 sys=0.00, real=0.00 secs] 
115.875: [CMS-concurrent-abortable-preclean-start]
115.875: [CMS-concurrent-abortable-preclean: 0.000/0.000 secs] [Times: user=0.00 sys=0.00, real=0.00 secs] 
115.875: [GC (CMS Final Remark) [YG occupancy: 10240 K (92160 K)]115.875: [Rescan (parallel) , 0.0001591 secs]115.875: [weak refs processing, 0.0000103 secs]115.875: [class unloading, 0.0002708 secs]115.875: [scrub symbol table, 0.0006087 secs]115.876: [scrub string table, 0.0001607 secs][1 CMS-remark: 93212K(102400K)] 103452K(194560K), 0.0012959 secs] [Times: user=0.00 sys=0.00, real=0.00 secs] 
115.876: [CMS-concurrent-sweep-start]
115.876: [CMS-concurrent-sweep: 0.000/0.000 secs] [Times: user=0.00 sys=0.00, real=0.00 secs] 
115.876: [CMS-concurrent-reset-start]
115.877: [CMS-concurrent-reset: 0.000/0.000 secs] [Times: user=0.00 sys=0.00, real=0.00 secs] 
116.877: [GC (Allocation Failure) 116.877: [ParNew: 73282K->0K(92160K), 0.0033513 secs] 105055K->52252K(194560K), 0.0034232 secs] [Times: user=0.00 sys=0.00, real=0.00 secs] 
116.882: [GC (CMS Initial Mark) [1 CMS-initial-mark: 52252K(102400K)] 62492K(194560K), 0.0001614 secs] [Times: user=0.00 sys=0.00, real=0.00 secs] 
116.882: [CMS-concurrent-mark-start]
116.884: [CMS-concurrent-mark: 0.002/0.002 secs] [Times: user=0.00 sys=0.00, real=0.00 secs] 
116.884: [CMS-concurrent-preclean-start]
116.884: [CMS-concurrent-preclean: 0.000/0.000 secs] [Times: user=0.00 sys=0.00, real=0.00 secs] 
116.884: [CMS-concurrent-abortable-preclean-start]
117.887: [GC (Allocation Failure) 117.887: [ParNew: 73282K->0K(92160K), 0.0018059 secs] 125535K->62492K(194560K), 0.0018833 secs] [Times: user=0.00 sys=0.00, real=0.00 secs] 
118.894: [GC (Allocation Failure) 118.894: [ParNew: 73282K->0K(92160K), 0.0003734 secs] 135775K->62492K(194560K), 0.0004362 secs] [Times: user=0.00 sys=0.00, real=0.00 secs] 
119.104: [CMS-concurrent-abortable-preclean: 0.007/2.220 secs] [Times: user=0.02 sys=0.00, real=2.22 secs] 
119.105: [GC (CMS Final Remark) [YG occupancy: 42562 K (92160 K)]119.105: [Rescan (parallel) , 0.0002708 secs]119.105: [weak refs processing, 0.0000166 secs]119.105: [class unloading, 0.0004374 secs]119.106: [scrub symbol table, 0.0011199 secs]119.107: [scrub string table, 0.0002747 secs][1 CMS-remark: 62492K(102400K)] 105055K(194560K), 0.0022895 secs] [Times: user=0.00 sys=0.00, real=0.00 secs] 
119.107: [CMS-concurrent-sweep-start]
119.108: [CMS-concurrent-sweep: 0.001/0.001 secs] [Times: user=0.00 sys=0.00, real=0.00 secs] 
119.108: [CMS-concurrent-reset-start]
119.108: [CMS-concurrent-reset: 0.000/0.000 secs] [Times: user=0.00 sys=0.00, real=0.00 secs] 
119.903: [GC (Allocation Failure) 119.903: [ParNew: 73282K->0K(92160K), 0.0017984 secs] 105055K->42012K(194560K), 0.0018782 secs] [Times: user=0.00 sys=0.00, real=0.00 secs] 
120.912: [GC (Allocation Failure) 120.912: [ParNew: 73282K->0K(92160K), 0.0018770 secs] 115295K->52252K(194560K), 0.0019512 secs] [Times: user=0.00 sys=0.00, real=0.00 secs] 
121.921: [GC (Allocation Failure) 121.921: [ParNew: 73282K->0K(92160K), 0.0039474 secs] 125535K->62492K(194560K), 0.0040943 secs] [Times: user=0.00 sys=0.00, real=0.00 secs] 
121.927: [GC (CMS Initial Mark) [1 CMS-initial-mark: 62492K(102400K)] 72732K(194560K), 0.0003300 secs] [Times: user=0.00 sys=0.00, real=0.00 secs] 
121.928: [CMS-concurrent-mark-start]
121.932: [CMS-concurrent-mark: 0.005/0.005 secs] [Times: user=0.03 sys=0.00, real=0.00 secs] 
121.933: [CMS-concurrent-preclean-start]
121.933: [CMS-concurrent-preclean: 0.001/0.001 secs] [Times: user=0.00 sys=0.00, real=0.00 secs] 
121.933: [CMS-concurrent-abortable-preclean-start]
122.939: [GC (Allocation Failure) 122.939: [ParNew: 73282K->0K(92160K), 0.0009237 secs] 135775K->62492K(194560K), 0.0010433 secs] [Times: user=0.00 sys=0.00, real=0.00 secs] 
122.952: [GC (Allocation Failure) 122.952: [ParNew: 73282K->0K(92160K), 0.0103162 secs] 135775K->93212K(194560K), 0.0104673 secs] [Times: user=0.02 sys=0.00, real=0.01 secs] 
122.963: [CMS-concurrent-abortable-preclean: 0.005/1.029 secs] [Times: user=0.03 sys=0.00, real=1.03 secs] 
122.965: [GC (CMS Final Remark) [YG occupancy: 10240 K (92160 K)]122.966: [Rescan (parallel) , 0.0003359 secs]122.966: [weak refs processing, 0.0000328 secs]122.966: [class unloading, 0.0007220 secs]122.967: [scrub symbol table, 0.0016528 secs]122.968: [scrub string table, 0.0003825 secs][1 CMS-remark: 93212K(102400K)] 103452K(194560K), 0.0034204 secs] [Times: user=0.00 sys=0.00, real=0.00 secs] 
122.969: [CMS-concurrent-sweep-start]
122.970: [CMS-concurrent-sweep: 0.001/0.001 secs] [Times: user=0.00 sys=0.00, real=0.00 secs] 
122.970: [CMS-concurrent-reset-start]
122.970: [CMS-concurrent-reset: 0.000/0.000 secs] [Times: user=0.00 sys=0.00, real=0.00 secs] 
123.979: [GC (Allocation Failure) 123.979: [ParNew: 73282K->0K(92160K), 0.0070915 secs] 115295K->62492K(194560K), 0.0072392 secs] [Times: user=0.00 sys=0.00, real=0.01 secs] 
123.989: [GC (CMS Initial Mark) [1 CMS-initial-mark: 62492K(102400K)] 72732K(194560K), 0.0003028 secs] [Times: user=0.00 sys=0.00, real=0.00 secs] 
123.989: [CMS-concurrent-mark-start]
123.993: [CMS-concurrent-mark: 0.004/0.004 secs] [Times: user=0.00 sys=0.00, real=0.00 secs] 
123.993: [CMS-concurrent-preclean-start]
123.994: [CMS-concurrent-preclean: 0.000/0.000 secs] [Times: user=0.00 sys=0.00, real=0.00 secs] 
123.994: [CMS-concurrent-abortable-preclean-start]
125.000: [GC (Allocation Failure) 125.000: [ParNew125.004: [CMS-concurrent-abortable-preclean: 0.005/1.010 secs] [Times: user=0.03 sys=0.00, real=1.01 secs] 
: 73282K->0K(92160K), 0.0039442 secs] 135775K->72732K(194560K), 0.0040666 secs] [Times: user=0.00 sys=0.00, real=0.00 secs] 
125.006: [GC (CMS Final Remark) [YG occupancy: 10240 K (92160 K)]125.006: [Rescan (parallel) , 0.0003746 secs]125.006: [weak refs processing, 0.0000237 secs]125.007: [class unloading, 0.0004974 secs]125.007: [scrub symbol table, 0.0012355 secs]125.008: [scrub string table, 0.0003738 secs][1 CMS-remark: 72732K(102400K)] 82972K(194560K), 0.0027241 secs] [Times: user=0.00 sys=0.00, real=0.00 secs] 
125.009: [CMS-concurrent-sweep-start]
125.010: [CMS-concurrent-sweep: 0.001/0.001 secs] [Times: user=0.03 sys=0.00, real=0.00 secs] 
125.010: [CMS-concurrent-reset-start]
125.010: [CMS-concurrent-reset: 0.000/0.000 secs] [Times: user=0.00 sys=0.00, real=0.00 secs] 
126.019: [GC (Allocation Failure) 126.019: [ParNew: 73282K->0K(92160K), 0.0008072 secs] 105055K->31772K(194560K), 0.0009308 secs] [Times: user=0.00 sys=0.00, real=0.00 secs] 
127.029: [GC (Allocation Failure) 127.029: [ParNew: 73282K->0K(92160K), 0.0018284 secs] 105055K->42012K(194560K), 0.0019082 secs] [Times: user=0.00 sys=0.00, real=0.00 secs] 
128.036: [GC (Allocation Failure) 128.036: [ParNew: 73282K->0K(92160K), 0.0017554 secs] 115295K->52252K(194560K), 0.0018340 secs] [Times: user=0.00 sys=0.00, real=0.00 secs] 
129.044: [GC (Allocation Failure) 129.045: [ParNew: 73282K->0K(92160K), 0.0040137 secs] 125535K->62492K(194560K), 0.0041752 secs] [Times: user=0.00 sys=0.00, real=0.00 secs] 
130.062: [GC (Allocation Failure) 130.062: [ParNew: 73282K->0K(92160K), 0.0008826 secs] 135775K->62492K(194560K), 0.0010157 secs] [Times: user=0.00 sys=0.00, real=0.00 secs] 
130.075: [GC (Allocation Failure) 130.075: [ParNew: 73282K->0K(92160K), 0.0103627 secs] 135775K->93212K(194560K), 0.0105250 secs] [Times: user=0.00 sys=0.00, real=0.01 secs] 
130.088: [GC (CMS Initial Mark) [1 CMS-initial-mark: 93212K(102400K)] 103452K(194560K), 0.0002996 secs] [Times: user=0.00 sys=0.00, real=0.00 secs] 
130.088: [CMS-concurrent-mark-start]
130.093: [CMS-concurrent-mark: 0.004/0.004 secs] [Times: user=0.00 sys=0.00, real=0.01 secs] 
130.093: [CMS-concurrent-preclean-start]
130.093: [CMS-concurrent-preclean: 0.000/0.000 secs] [Times: user=0.00 sys=0.00, real=0.00 secs] 
130.093: [CMS-concurrent-abortable-preclean-start]
130.093: [CMS-concurrent-abortable-preclean: 0.000/0.000 secs] [Times: user=0.00 sys=0.00, real=0.00 secs] 
130.093: [GC (CMS Final Remark) [YG occupancy: 10240 K (92160 K)]130.093: [Rescan (parallel) , 0.0002514 secs]130.093: [weak refs processing, 0.0000134 secs]130.093: [class unloading, 0.0004180 secs]130.094: [scrub symbol table, 0.0009379 secs]130.095: [scrub string table, 0.0002159 secs][1 CMS-remark: 93212K(102400K)] 103452K(194560K), 0.0019437 secs] [Times: user=0.00 sys=0.00, real=0.00 secs] 
130.095: [CMS-concurrent-sweep-start]
130.095: [CMS-concurrent-sweep: 0.000/0.000 secs] [Times: user=0.00 sys=0.00, real=0.00 secs] 
130.095: [CMS-concurrent-reset-start]
130.096: [CMS-concurrent-reset: 0.000/0.000 secs] [Times: user=0.00 sys=0.00, real=0.00 secs] 
131.100: [GC (Allocation Failure) 131.100: [ParNew: 73282K->0K(92160K), 0.0101804 secs] 105055K->52252K(194560K), 0.0103406 secs] [Times: user=0.05 sys=0.00, real=0.01 secs] 
131.113: [GC (CMS Initial Mark) [1 CMS-initial-mark: 52252K(102400K)] 62492K(194560K), 0.0001753 secs] [Times: user=0.00 sys=0.00, real=0.00 secs] 
131.113: [CMS-concurrent-mark-start]
131.115: [CMS-concurrent-mark: 0.002/0.002 secs] [Times: user=0.00 sys=0.00, real=0.00 secs] 
131.115: [CMS-concurrent-preclean-start]
131.115: [CMS-concurrent-preclean: 0.000/0.000 secs] [Times: user=0.00 sys=0.00, real=0.00 secs] 
131.115: [CMS-concurrent-abortable-preclean-start]
132.119: [GC (Allocation Failure) 132.119: [ParNew: 73282K->0K(92160K), 0.0022662 secs] 125535K->62492K(194560K), 0.0023625 secs] [Times: user=0.06 sys=0.00, real=0.00 secs] 
133.129: [GC (Allocation Failure) 133.129: [ParNew: 73282K->0K(92160K), 0.0005163 secs] 135775K->62492K(194560K), 0.0005925 secs] [Times: user=0.00 sys=0.00, real=0.00 secs] 
133.130: [CMS-concurrent-abortable-preclean: 0.009/2.015 secs] [Times: user=0.06 sys=0.00, real=2.02 secs] 
133.131: [GC (CMS Final Remark) [YG occupancy: 10240 K (92160 K)]133.131: [Rescan (parallel) , 0.0002878 secs]133.131: [weak refs processing, 0.0000213 secs]133.131: [class unloading, 0.0003509 secs]133.131: [scrub symbol table, 0.0007824 secs]133.132: [scrub string table, 0.0002368 secs][1 CMS-remark: 62492K(102400K)] 72732K(194560K), 0.0017838 secs] [Times: user=0.00 sys=0.00, real=0.00 secs] 
133.133: [CMS-concurrent-sweep-start]
133.133: [CMS-concurrent-sweep: 0.001/0.001 secs] [Times: user=0.00 sys=0.00, real=0.00 secs] 
133.133: [CMS-concurrent-reset-start]
133.133: [CMS-concurrent-reset: 0.000/0.000 secs] [Times: user=0.00 sys=0.00, real=0.00 secs] 
134.139: [GC (Allocation Failure) 134.139: [ParNew: 73282K->0K(92160K), 0.0022323 secs] 105055K->42012K(194560K), 0.0023219 secs] [Times: user=0.00 sys=0.00, real=0.00 secs] 
135.149: [GC (Allocation Failure) 135.149: [ParNew: 73282K->0K(92160K), 0.0038981 secs] 115295K->52252K(194560K), 0.0040418 secs] [Times: user=0.06 sys=0.00, real=0.00 secs] 
136.165: [GC (Allocation Failure) 136.165: [ParNew: 73282K->0K(92160K), 0.0038550 secs] 125535K->62492K(194560K), 0.0040323 secs] [Times: user=0.00 sys=0.00, real=0.00 secs] 
137.181: [GC (Allocation Failure) 137.181: [ParNew: 73282K->0K(92160K), 0.0010007 secs] 135775K->62492K(194560K), 0.0011550 secs] [Times: user=0.06 sys=0.00, real=0.00 secs] 
137.194: [GC (Allocation Failure) 137.194: [ParNew: 73282K->0K(92160K), 0.0095535 secs] 135775K->93212K(194560K), 0.0096735 secs] [Times: user=0.06 sys=0.00, real=0.01 secs] 
137.205: [GC (CMS Initial Mark) [1 CMS-initial-mark: 93212K(102400K)] 103452K(194560K), 0.0002447 secs] [Times: user=0.00 sys=0.00, real=0.00 secs] 
137.206: [CMS-concurrent-mark-start]
137.208: [CMS-concurrent-mark: 0.002/0.002 secs] [Times: user=0.00 sys=0.00, real=0.00 secs] 
137.208: [CMS-concurrent-preclean-start]
137.208: [CMS-concurrent-preclean: 0.000/0.000 secs] [Times: user=0.00 sys=0.00, real=0.00 secs] 
137.208: [CMS-concurrent-abortable-preclean-start]
137.208: [CMS-concurrent-abortable-preclean: 0.000/0.000 secs] [Times: user=0.00 sys=0.00, real=0.00 secs] 
137.208: [GC (CMS Final Remark) [YG occupancy: 10240 K (92160 K)]137.208: [Rescan (parallel) , 0.0002353 secs]137.209: [weak refs processing, 0.0000150 secs]137.209: [class unloading, 0.0003193 secs]137.209: [scrub symbol table, 0.0007030 secs]137.210: [scrub string table, 0.0002120 secs][1 CMS-remark: 93212K(102400K)] 103452K(194560K), 0.0015987 secs] [Times: user=0.00 sys=0.00, real=0.00 secs] 
137.210: [CMS-concurrent-sweep-start]
137.210: [CMS-concurrent-sweep: 0.000/0.000 secs] [Times: user=0.00 sys=0.00, real=0.00 secs] 
137.210: [CMS-concurrent-reset-start]
137.211: [CMS-concurrent-reset: 0.000/0.000 secs] [Times: user=0.00 sys=0.00, real=0.00 secs] 
138.210: [GC (Allocation Failure) 138.210: [ParNew: 73282K->0K(92160K), 0.0033213 secs] 105055K->52252K(194560K), 0.0033971 secs] [Times: user=0.06 sys=0.00, real=0.00 secs] 
138.214: [GC (CMS Initial Mark) [1 CMS-initial-mark: 52252K(102400K)] 62492K(194560K), 0.0001417 secs] [Times: user=0.00 sys=0.00, real=0.00 secs] 
138.215: [CMS-concurrent-mark-start]
138.216: [CMS-concurrent-mark: 0.001/0.001 secs] [Times: user=0.00 sys=0.00, real=0.00 secs] 
138.216: [CMS-concurrent-preclean-start]
138.216: [CMS-concurrent-preclean: 0.000/0.000 secs] [Times: user=0.00 sys=0.00, real=0.00 secs] 
138.216: [CMS-concurrent-abortable-preclean-start]
139.248: [GC (Allocation Failure) 139.248: [ParNew: 73282K->0K(92160K), 0.0019492 secs] 125535K->62492K(194560K), 0.0020290 secs] [Times: user=0.00 sys=0.00, real=0.00 secs] 
140.256: [GC (Allocation Failure) 140.256: [ParNew: 73282K->0K(92160K), 0.0003679 secs] 135775K->62492K(194560K), 0.0004161 secs] [Times: user=0.00 sys=0.00, real=0.00 secs] 
140.458: [CMS-concurrent-abortable-preclean: 0.008/2.241 secs] [Times: user=0.03 sys=0.00, real=2.24 secs] 
140.458: [GC (CMS Final Remark) [YG occupancy: 42562 K (92160 K)]140.458: [Rescan (parallel) , 0.0002696 secs]140.458: [weak refs processing, 0.0000178 secs]140.458: [class unloading, 0.0004575 secs]140.459: [scrub symbol table, 0.0010603 secs]140.460: [scrub string table, 0.0003450 secs][1 CMS-remark: 62492K(102400K)] 105055K(194560K), 0.0022970 secs] [Times: user=0.00 sys=0.00, real=0.00 secs] 
140.460: [CMS-concurrent-sweep-start]
140.461: [CMS-concurrent-sweep: 0.001/0.001 secs] [Times: user=0.00 sys=0.00, real=0.00 secs] 
140.461: [CMS-concurrent-reset-start]
140.461: [CMS-concurrent-reset: 0.000/0.000 secs] [Times: user=0.00 sys=0.00, real=0.00 secs] 
141.266: [GC (Allocation Failure) 141.266: [ParNew: 73282K->0K(92160K), 0.0037923 secs] 105055K->42012K(194560K), 0.0039379 secs] [Times: user=0.00 sys=0.00, real=0.00 secs] 
142.283: [GC (Allocation Failure) 142.283: [ParNew: 73282K->0K(92160K), 0.0038507 secs] 115295K->52252K(194560K), 0.0040094 secs] [Times: user=0.00 sys=0.00, real=0.00 secs] 
143.298: [GC (Allocation Failure) 143.298: [ParNew: 73282K->0K(92160K), 0.0038700 secs] 125535K->62492K(194560K), 0.0040133 secs] [Times: user=0.00 sys=0.00, real=0.00 secs] 
144.314: [GC (Allocation Failure) 144.315: [ParNew: 73282K->0K(92160K), 0.0008519 secs] 135775K->62492K(194560K), 0.0009829 secs] [Times: user=0.00 sys=0.00, real=0.00 secs] 
144.328: [GC (Allocation Failure) 144.328: [ParNew: 73282K->0K(92160K), 0.0103319 secs] 135775K->93212K(194560K), 0.0105013 secs] [Times: user=0.06 sys=0.00, real=0.01 secs] 
144.341: [GC (CMS Initial Mark) [1 CMS-initial-mark: 93212K(102400K)] 103452K(194560K), 0.0003237 secs] [Times: user=0.00 sys=0.00, real=0.00 secs] 
144.341: [CMS-concurrent-mark-start]
144.344: [CMS-concurrent-mark: 0.003/0.003 secs] [Times: user=0.00 sys=0.00, real=0.00 secs] 
144.344: [CMS-concurrent-preclean-start]
144.344: [CMS-concurrent-preclean: 0.000/0.000 secs] [Times: user=0.00 sys=0.00, real=0.00 secs] 
144.344: [CMS-concurrent-abortable-preclean-start]
144.344: [CMS-concurrent-abortable-preclean: 0.000/0.000 secs] [Times: user=0.00 sys=0.00, real=0.00 secs] 
144.344: [GC (CMS Final Remark) [YG occupancy: 10240 K (92160 K)]144.344: [Rescan (parallel) , 0.0001907 secs]144.345: [weak refs processing, 0.0000217 secs]144.345: [class unloading, 0.0002688 secs]144.345: [scrub symbol table, 0.0006801 secs]144.346: [scrub string table, 0.0001618 secs][1 CMS-remark: 93212K(102400K)] 103452K(194560K), 0.0014211 secs] [Times: user=0.00 sys=0.00, real=0.00 secs] 
144.346: [CMS-concurrent-sweep-start]
144.346: [CMS-concurrent-sweep: 0.000/0.000 secs] [Times: user=0.00 sys=0.00, real=0.00 secs] 
144.346: [CMS-concurrent-reset-start]
144.346: [CMS-concurrent-reset: 0.000/0.000 secs] [Times: user=0.00 sys=0.00, real=0.00 secs] 
145.352: [GC (Allocation Failure) 145.352: [ParNew: 73282K->0K(92160K), 0.0070430 secs] 105002K->52199K(194560K), 0.0072092 secs] [Times: user=0.06 sys=0.00, real=0.01 secs] 
145.361: [GC (CMS Initial Mark) [1 CMS-initial-mark: 52199K(102400K)] 62439K(194560K), 0.0003118 secs] [Times: user=0.00 sys=0.00, real=0.00 secs] 
145.362: [CMS-concurrent-mark-start]
145.364: [CMS-concurrent-mark: 0.003/0.003 secs] [Times: user=0.00 sys=0.00, real=0.00 secs] 
145.364: [CMS-concurrent-preclean-start]
145.365: [CMS-concurrent-preclean: 0.000/0.000 secs] [Times: user=0.00 sys=0.00, real=0.00 secs] 
145.365: [CMS-concurrent-abortable-preclean-start]
146.367: [GC (Allocation Failure) 146.367: [ParNew: 73282K->0K(92160K), 0.0018166 secs] 125482K->62439K(194560K), 0.0018967 secs] [Times: user=0.00 sys=0.00, real=0.00 secs] 
147.378: [GC (Allocation Failure) 147.378: [ParNew: 73282K->0K(92160K), 0.0008495 secs] 135722K->62439K(194560K), 0.0009722 secs] [Times: user=0.00 sys=0.00, real=0.00 secs] 
147.380: [CMS-concurrent-abortable-preclean: 0.010/2.015 secs] [Times: user=0.02 sys=0.00, real=2.02 secs] 
147.381: [GC (CMS Final Remark) [YG occupancy: 10240 K (92160 K)]147.381: [Rescan (parallel) , 0.0003561 secs]147.382: [weak refs processing, 0.0000371 secs]147.382: [class unloading, 0.0007007 secs]147.383: [scrub symbol table, 0.0017649 secs]147.385: [scrub string table, 0.0006320 secs][1 CMS-remark: 62439K(102400K)] 72679K(194560K), 0.0037860 secs] [Times: user=0.02 sys=0.00, real=0.00 secs] 
147.385: [CMS-concurrent-sweep-start]
147.386: [CMS-concurrent-sweep: 0.001/0.001 secs] [Times: user=0.00 sys=0.00, real=0.00 secs] 
147.386: [CMS-concurrent-reset-start]
147.386: [CMS-concurrent-reset: 0.000/0.000 secs] [Times: user=0.00 sys=0.00, real=0.00 secs] 
148.396: [GC (Allocation Failure) 148.396: [ParNew: 73282K->0K(92160K), 0.0038369 secs] 105002K->41959K(194560K), 0.0039829 secs] [Times: user=0.02 sys=0.00, real=0.00 secs] 
149.413: [GC (Allocation Failure) 149.413: [ParNew: 73282K->0K(92160K), 0.0039829 secs] 115242K->52199K(194560K), 0.0041223 secs] [Times: user=0.06 sys=0.00, real=0.00 secs] 
150.429: [GC (Allocation Failure) 150.430: [ParNew: 73282K->0K(92160K), 0.0038906 secs] 125482K->62439K(194560K), 0.0040410 secs] [Times: user=0.06 sys=0.00, real=0.00 secs] 
151.447: [GC (Allocation Failure) 151.447: [ParNew: 73282K->0K(92160K), 0.0008290 secs] 135722K->62439K(194560K), 0.0009675 secs] [Times: user=0.00 sys=0.00, real=0.00 secs] 
151.460: [GC (Allocation Failure) 151.460: [ParNew: 73282K->0K(92160K), 0.0108597 secs] 135722K->93159K(194560K), 0.0109975 secs] [Times: user=0.06 sys=0.00, real=0.01 secs] 
151.474: [GC (CMS Initial Mark) [1 CMS-initial-mark: 93159K(102400K)] 103399K(194560K), 0.0002830 secs] [Times: user=0.00 sys=0.00, real=0.00 secs] 
151.474: [CMS-concurrent-mark-start]
151.477: [CMS-concurrent-mark: 0.003/0.003 secs] [Times: user=0.00 sys=0.00, real=0.00 secs] 
151.477: [CMS-concurrent-preclean-start]
151.478: [CMS-concurrent-preclean: 0.000/0.000 secs] [Times: user=0.00 sys=0.00, real=0.00 secs] 
151.478: [CMS-concurrent-abortable-preclean-start]
151.478: [CMS-concurrent-abortable-preclean: 0.000/0.000 secs] [Times: user=0.00 sys=0.00, real=0.00 secs] 
151.478: [GC (CMS Final Remark) [YG occupancy: 10240 K (92160 K)]151.478: [Rescan (parallel) , 0.0004180 secs]151.479: [weak refs processing, 0.0000328 secs]151.479: [class unloading, 0.0005578 secs]151.479: [scrub symbol table, 0.0011384 secs]151.480: [scrub string table, 0.0006174 secs][1 CMS-remark: 93159K(102400K)] 103399K(194560K), 0.0030202 secs] [Times: user=0.00 sys=0.00, real=0.00 secs] 
151.481: [CMS-concurrent-sweep-start]
151.482: [CMS-concurrent-sweep: 0.001/0.001 secs] [Times: user=0.00 sys=0.00, real=0.00 secs] 
151.482: [CMS-concurrent-reset-start]
151.482: [CMS-concurrent-reset: 0.000/0.000 secs] [Times: user=0.00 sys=0.00, real=0.00 secs] 
152.479: [GC (Allocation Failure) 152.479: [ParNew: 73282K->0K(92160K), 0.0033008 secs] 105002K->52199K(194560K), 0.0033813 secs] [Times: user=0.00 sys=0.00, real=0.00 secs] 
152.483: [GC (CMS Initial Mark) [1 CMS-initial-mark: 52199K(102400K)] 62439K(194560K), 0.0002570 secs] [Times: user=0.00 sys=0.00, real=0.00 secs] 
152.483: [CMS-concurrent-mark-start]
152.485: [CMS-concurrent-mark: 0.002/0.002 secs] [Times: user=0.00 sys=0.00, real=0.00 secs] 
152.485: [CMS-concurrent-preclean-start]
152.485: [CMS-concurrent-preclean: 0.000/0.000 secs] [Times: user=0.00 sys=0.00, real=0.00 secs] 
152.485: [CMS-concurrent-abortable-preclean-start]
153.494: [GC (Allocation Failure) 153.494: [ParNew: 73282K->0K(92160K), 0.0040374 secs] 125482K->62439K(194560K), 0.0041937 secs] [Times: user=0.00 sys=0.02, real=0.00 secs] 
154.511: [GC (Allocation Failure) 154.511: [ParNew: 73282K->0K(92160K), 0.0008507 secs] 135722K->62439K(194560K), 0.0009750 secs] [Times: user=0.00 sys=0.00, real=0.00 secs] 
154.512: [CMS-concurrent-abortable-preclean: 0.010/2.027 secs] [Times: user=0.02 sys=0.02, real=2.03 secs] 
154.514: [GC (CMS Final Remark) [YG occupancy: 10240 K (92160 K)]154.514: [Rescan (parallel) , 0.0005029 secs]154.514: [weak refs processing, 0.0000336 secs]154.514: [class unloading, 0.0007216 secs]154.515: [scrub symbol table, 0.0010970 secs]154.516: [scrub string table, 0.0005511 secs][1 CMS-remark: 62439K(102400K)] 72679K(194560K), 0.0031362 secs] [Times: user=0.00 sys=0.00, real=0.00 secs] 
154.517: [CMS-concurrent-sweep-start]
154.518: [CMS-concurrent-sweep: 0.001/0.001 secs] [Times: user=0.00 sys=0.00, real=0.00 secs] 
154.518: [CMS-concurrent-reset-start]
154.519: [CMS-concurrent-reset: 0.000/0.000 secs] [Times: user=0.00 sys=0.00, real=0.00 secs] 
155.528: [GC (Allocation Failure) 155.528: [ParNew: 73282K->0K(92160K), 0.0037982 secs] 105002K->41959K(194560K), 0.0039533 secs] [Times: user=0.00 sys=0.00, real=0.00 secs] 
156.542: [GC (Allocation Failure) 156.542: [ParNew: 73282K->0K(92160K), 0.0018044 secs] 115242K->52199K(194560K), 0.0018861 secs] [Times: user=0.00 sys=0.00, real=0.00 secs] 
157.548: [GC (Allocation Failure) 157.549: [ParNew: 73282K->0K(92160K), 0.0017613 secs] 125482K->62439K(194560K), 0.0018427 secs] [Times: user=0.00 sys=0.00, real=0.00 secs] 
158.555: [GC (Allocation Failure) 158.555: [ParNew: 73282K->0K(92160K), 0.0008933 secs] 135722K->62439K(194560K), 0.0010208 secs] [Times: user=0.06 sys=0.00, real=0.00 secs] 
158.569: [GC (Allocation Failure) 158.569: [ParNew: 73282K->0K(92160K), 0.0106647 secs] 135722K->93159K(194560K), 0.0108052 secs] [Times: user=0.06 sys=0.00, real=0.01 secs] 
158.582: [GC (CMS Initial Mark) [1 CMS-initial-mark: 93159K(102400K)] 103399K(194560K), 0.0003426 secs] [Times: user=0.00 sys=0.00, real=0.00 secs] 
158.583: [CMS-concurrent-mark-start]
158.586: [CMS-concurrent-mark: 0.003/0.003 secs] [Times: user=0.00 sys=0.00, real=0.00 secs] 
158.586: [CMS-concurrent-preclean-start]
158.587: [CMS-concurrent-preclean: 0.000/0.000 secs] [Times: user=0.00 sys=0.00, real=0.00 secs] 
158.587: [CMS-concurrent-abortable-preclean-start]
158.587: [CMS-concurrent-abortable-preclean: 0.000/0.000 secs] [Times: user=0.00 sys=0.00, real=0.00 secs] 
158.587: [GC (CMS Final Remark) [YG occupancy: 10240 K (92160 K)]158.587: [Rescan (parallel) , 0.0003545 secs]158.588: [weak refs processing, 0.0000359 secs]158.588: [class unloading, 0.0008025 secs]158.588: [scrub symbol table, 0.0011799 secs]158.590: [scrub string table, 0.0003651 secs][1 CMS-remark: 93159K(102400K)] 103399K(194560K), 0.0030091 secs] [Times: user=0.00 sys=0.00, real=0.00 secs] 
158.590: [CMS-concurrent-sweep-start]
158.591: [CMS-concurrent-sweep: 0.001/0.001 secs] [Times: user=0.00 sys=0.00, real=0.00 secs] 
158.591: [CMS-concurrent-reset-start]
158.591: [CMS-concurrent-reset: 0.000/0.000 secs] [Times: user=0.00 sys=0.00, real=0.00 secs] 
159.594: [GC (Allocation Failure) 159.595: [ParNew: 73282K->0K(92160K), 0.0070730 secs] 105002K->52199K(194560K), 0.0072368 secs] [Times: user=0.00 sys=0.00, real=0.01 secs] 
159.604: [GC (CMS Initial Mark) [1 CMS-initial-mark: 52199K(102400K)] 62439K(194560K), 0.0003375 secs] [Times: user=0.00 sys=0.00, real=0.00 secs] 
159.605: [CMS-concurrent-mark-start]
159.610: [CMS-concurrent-mark: 0.005/0.005 secs] [Times: user=0.00 sys=0.00, real=0.01 secs] 
159.610: [CMS-concurrent-preclean-start]
159.611: [CMS-concurrent-preclean: 0.001/0.001 secs] [Times: user=0.00 sys=0.00, real=0.00 secs] 
159.611: [CMS-concurrent-abortable-preclean-start]
160.615: [GC (Allocation Failure) 160.615: [ParNew: 73282K->0K(92160K), 0.0037777 secs] 125482K->62439K(194560K), 0.0039304 secs] [Times: user=0.03 sys=0.00, real=0.00 secs] 
161.630: [GC (Allocation Failure) 161.630: [ParNew: 73282K->0K(92160K), 0.0005337 secs] 135722K->62439K(194560K), 0.0006103 secs] [Times: user=0.00 sys=0.00, real=0.00 secs] 
161.631: [CMS-concurrent-abortable-preclean: 0.010/2.020 secs] [Times: user=0.03 sys=0.00, real=2.02 secs] 
161.632: [GC (CMS Final Remark) [YG occupancy: 10240 K (92160 K)]161.632: [Rescan (parallel) , 0.0002286 secs]161.632: [weak refs processing, 0.0000197 secs]161.632: [class unloading, 0.0005368 secs]161.633: [scrub symbol table, 0.0010504 secs]161.634: [scrub string table, 0.0002301 secs][1 CMS-remark: 62439K(102400K)] 72679K(194560K), 0.0022169 secs] [Times: user=0.00 sys=0.00, real=0.00 secs] 
161.634: [CMS-concurrent-sweep-start]
161.635: [CMS-concurrent-sweep: 0.001/0.001 secs] [Times: user=0.03 sys=0.00, real=0.00 secs] 
161.635: [CMS-concurrent-reset-start]
161.635: [CMS-concurrent-reset: 0.000/0.000 secs] [Times: user=0.00 sys=0.00, real=0.00 secs] 
162.644: [GC (Allocation Failure) 162.644: [ParNew: 73282K->0K(92160K), 0.0038187 secs] 105002K->41959K(194560K), 0.0039750 secs] [Times: user=0.00 sys=0.00, real=0.00 secs] 
163.661: [GC (Allocation Failure) 163.661: [ParNew: 73282K->0K(92160K), 0.0038302 secs] 115242K->52199K(194560K), 0.0039857 secs] [Times: user=0.00 sys=0.00, real=0.00 secs] 
164.677: [GC (Allocation Failure) 164.677: [ParNew: 73282K->0K(92160K), 0.0025528 secs] 125482K->62439K(194560K), 0.0026515 secs] [Times: user=0.00 sys=0.00, real=0.00 secs] 
165.686: [GC (Allocation Failure) 165.686: [ParNew: 73282K->0K(92160K), 0.0003620 secs] 135722K->62439K(194560K), 0.0004240 secs] [Times: user=0.00 sys=0.00, real=0.00 secs] 
165.691: [GC (Allocation Failure) 165.691: [ParNew: 73282K->0K(92160K), 0.0049587 secs] 135722K->93159K(194560K), 0.0050176 secs] [Times: user=0.00 sys=0.00, real=0.00 secs] 
165.697: [GC (CMS Initial Mark) [1 CMS-initial-mark: 93159K(102400K)] 103399K(194560K), 0.0001587 secs] [Times: user=0.00 sys=0.00, real=0.00 secs] 
165.697: [CMS-concurrent-mark-start]
165.698: [CMS-concurrent-mark: 0.001/0.001 secs] [Times: user=0.00 sys=0.00, real=0.00 secs] 
165.698: [CMS-concurrent-preclean-start]
165.699: [CMS-concurrent-preclean: 0.000/0.000 secs] [Times: user=0.00 sys=0.00, real=0.00 secs] 
165.699: [CMS-concurrent-abortable-preclean-start]
165.699: [CMS-concurrent-abortable-preclean: 0.000/0.000 secs] [Times: user=0.00 sys=0.00, real=0.00 secs] 
165.699: [GC (CMS Final Remark) [YG occupancy: 10240 K (92160 K)]165.699: [Rescan (parallel) , 0.0001591 secs]165.699: [weak refs processing, 0.0000130 secs]165.699: [class unloading, 0.0003454 secs]165.699: [scrub symbol table, 0.0005870 secs]165.700: [scrub string table, 0.0001587 secs][1 CMS-remark: 93159K(102400K)] 103399K(194560K), 0.0013686 secs] [Times: user=0.00 sys=0.00, real=0.00 secs] 
165.700: [CMS-concurrent-sweep-start]
165.701: [CMS-concurrent-sweep: 0.000/0.000 secs] [Times: user=0.00 sys=0.00, real=0.00 secs] 
165.701: [CMS-concurrent-reset-start]
165.701: [CMS-concurrent-reset: 0.000/0.000 secs] [Times: user=0.00 sys=0.00, real=0.00 secs] 
166.707: [GC (Allocation Failure) 166.707: [ParNew: 73282K->0K(92160K), 0.0070978 secs] 105002K->52199K(194560K), 0.0072447 secs] [Times: user=0.06 sys=0.00, real=0.01 secs] 
166.717: [GC (CMS Initial Mark) [1 CMS-initial-mark: 52199K(102400K)] 62439K(194560K), 0.0003067 secs] [Times: user=0.00 sys=0.00, real=0.00 secs] 
166.717: [CMS-concurrent-mark-start]
166.720: [CMS-concurrent-mark: 0.003/0.003 secs] [Times: user=0.00 sys=0.00, real=0.00 secs] 
166.720: [CMS-concurrent-preclean-start]
166.721: [CMS-concurrent-preclean: 0.000/0.000 secs] [Times: user=0.00 sys=0.00, real=0.00 secs] 
166.721: [CMS-concurrent-abortable-preclean-start]
167.728: [GC (Allocation Failure) 167.728: [ParNew: 73282K->0K(92160K), 0.0037840 secs] 125482K->62439K(194560K), 0.0039510 secs] [Times: user=0.06 sys=0.00, real=0.00 secs] 
168.744: [GC (Allocation Failure) 168.744: [ParNew: 73282K->0K(92160K), 0.0007997 secs] 135722K->62439K(194560K), 0.0009474 secs] [Times: user=0.00 sys=0.00, real=0.00 secs] 
168.745: [CMS-concurrent-abortable-preclean: 0.010/2.024 secs] [Times: user=0.08 sys=0.00, real=2.02 secs] 
168.747: [GC (CMS Final Remark) [YG occupancy: 10240 K (92160 K)]168.747: [Rescan (parallel) , 0.0005159 secs]168.747: [weak refs processing, 0.0000245 secs]168.747: [class unloading, 0.0005617 secs]168.748: [scrub symbol table, 0.0011850 secs]168.749: [scrub string table, 0.0004690 secs][1 CMS-remark: 62439K(102400K)] 72679K(194560K), 0.0029835 secs] [Times: user=0.00 sys=0.00, real=0.00 secs] 
168.750: [CMS-concurrent-sweep-start]
168.751: [CMS-concurrent-sweep: 0.001/0.001 secs] [Times: user=0.00 sys=0.00, real=0.00 secs] 
168.751: [CMS-concurrent-reset-start]
168.751: [CMS-concurrent-reset: 0.000/0.000 secs] [Times: user=0.00 sys=0.00, real=0.00 secs] 
169.760: [GC (Allocation Failure) 169.760: [ParNew: 73282K->0K(92160K), 0.0037875 secs] 105002K->41959K(194560K), 0.0039379 secs] [Times: user=0.00 sys=0.00, real=0.00 secs] 
170.776: [GC (Allocation Failure) 170.776: [ParNew: 73282K->0K(92160K), 0.0039920 secs] 115242K->52199K(194560K), 0.0041333 secs] [Times: user=0.00 sys=0.00, real=0.00 secs] 
171.794: [GC (Allocation Failure) 171.794: [ParNew: 73282K->0K(92160K), 0.0039648 secs] 125482K->62439K(194560K), 0.0041156 secs] [Times: user=0.00 sys=0.00, real=0.00 secs] 
172.809: [GC (Allocation Failure) 172.809: [ParNew: 73282K->0K(92160K), 0.0009253 secs] 135722K->62439K(194560K), 0.0010595 secs] [Times: user=0.00 sys=0.00, real=0.00 secs] 
172.822: [GC (Allocation Failure) 172.822: [ParNew: 73282K->0K(92160K), 0.0103130 secs] 135722K->93159K(194560K), 0.0104709 secs] [Times: user=0.00 sys=0.02, real=0.01 secs] 
172.835: [GC (CMS Initial Mark) [1 CMS-initial-mark: 93159K(102400K)] 103399K(194560K), 0.0003276 secs] [Times: user=0.00 sys=0.00, real=0.00 secs] 
172.835: [CMS-concurrent-mark-start]
172.840: [CMS-concurrent-mark: 0.005/0.005 secs] [Times: user=0.02 sys=0.00, real=0.00 secs] 
172.840: [CMS-concurrent-preclean-start]
172.841: [CMS-concurrent-preclean: 0.001/0.001 secs] [Times: user=0.00 sys=0.00, real=0.00 secs] 
172.841: [CMS-concurrent-abortable-preclean-start]
172.841: [CMS-concurrent-abortable-preclean: 0.000/0.000 secs] [Times: user=0.00 sys=0.00, real=0.00 secs] 
172.841: [GC (CMS Final Remark) [YG occupancy: 10240 K (92160 K)]172.841: [Rescan (parallel) , 0.0003312 secs]172.842: [weak refs processing, 0.0000308 secs]172.842: [class unloading, 0.0007082 secs]172.843: [scrub symbol table, 0.0010287 secs]172.844: [scrub string table, 0.0001836 secs][1 CMS-remark: 93159K(102400K)] 103399K(194560K), 0.0024884 secs] [Times: user=0.00 sys=0.00, real=0.00 secs] 
172.844: [CMS-concurrent-sweep-start]
172.844: [CMS-concurrent-sweep: 0.000/0.000 secs] [Times: user=0.00 sys=0.00, real=0.00 secs] 
172.844: [CMS-concurrent-reset-start]
172.844: [CMS-concurrent-reset: 0.000/0.000 secs] [Times: user=0.00 sys=0.00, real=0.00 secs] 
173.848: [GC (Allocation Failure) 173.848: [ParNew: 73282K->0K(92160K), 0.0072486 secs] 105002K->52199K(194560K), 0.0073868 secs] [Times: user=0.06 sys=0.00, real=0.01 secs] 
173.858: [GC (CMS Initial Mark) [1 CMS-initial-mark: 52199K(102400K)] 62439K(194560K), 0.0003691 secs] [Times: user=0.00 sys=0.00, real=0.00 secs] 
173.858: [CMS-concurrent-mark-start]
173.863: [CMS-concurrent-mark: 0.004/0.004 secs] [Times: user=0.00 sys=0.00, real=0.00 secs] 
173.863: [CMS-concurrent-preclean-start]
173.863: [CMS-concurrent-preclean: 0.000/0.000 secs] [Times: user=0.00 sys=0.00, real=0.00 secs] 
173.863: [CMS-concurrent-abortable-preclean-start]
174.870: [GC (Allocation Failure) 174.870: [ParNew: 73282K->0K(92160K), 0.0042395 secs] 125482K->62439K(194560K), 0.0044053 secs] [Times: user=0.00 sys=0.00, real=0.00 secs] 
175.887: [GC (Allocation Failure) 175.887: [ParNew: 73282K->0K(92160K), 0.0008124 secs] 135722K->62439K(194560K), 0.0009332 secs] [Times: user=0.00 sys=0.00, real=0.00 secs] 
175.888: [CMS-concurrent-abortable-preclean: 0.010/2.025 secs] [Times: user=0.03 sys=0.00, real=2.02 secs] 
175.889: [GC (CMS Final Remark) [YG occupancy: 10240 K (92160 K)]175.890: [Rescan (parallel) , 0.0003450 secs]175.890: [weak refs processing, 0.0000229 secs]175.890: [class unloading, 0.0005187 secs]175.891: [scrub symbol table, 0.0012940 secs]175.892: [scrub string table, 0.0005554 secs][1 CMS-remark: 62439K(102400K)] 72679K(194560K), 0.0029641 secs] [Times: user=0.00 sys=0.00, real=0.00 secs] 
175.893: [CMS-concurrent-sweep-start]
175.894: [CMS-concurrent-sweep: 0.001/0.001 secs] [Times: user=0.00 sys=0.00, real=0.00 secs] 
175.894: [CMS-concurrent-reset-start]
175.894: [CMS-concurrent-reset: 0.000/0.000 secs] [Times: user=0.00 sys=0.00, real=0.00 secs] 
176.904: [GC (Allocation Failure) 176.904: [ParNew: 73282K->0K(92160K), 0.0039881 secs] 105002K->41959K(194560K), 0.0041246 secs] [Times: user=0.00 sys=0.00, real=0.01 secs] 
177.919: [GC (Allocation Failure) 177.919: [ParNew: 73282K->0K(92160K), 0.0017988 secs] 115242K->52199K(194560K), 0.0018802 secs] [Times: user=0.00 sys=0.00, real=0.00 secs] 
178.927: [GC (Allocation Failure) 178.927: [ParNew: 73282K->0K(92160K), 0.0038361 secs] 125482K->62439K(194560K), 0.0040043 secs] [Times: user=0.00 sys=0.02, real=0.00 secs] 
179.944: [GC (Allocation Failure) 179.944: [ParNew: 73282K->0K(92160K), 0.0004468 secs] 135722K->62439K(194560K), 0.0005183 secs] [Times: user=0.00 sys=0.00, real=0.00 secs] 
179.951: [GC (Allocation Failure) 179.951: [ParNew: 73282K->0K(92160K), 0.0068859 secs] 135722K->93159K(194560K), 0.0069759 secs] [Times: user=0.00 sys=0.00, real=0.01 secs] 
179.959: [GC (CMS Initial Mark) [1 CMS-initial-mark: 93159K(102400K)] 103399K(194560K), 0.0001626 secs] [Times: user=0.00 sys=0.00, real=0.00 secs] 
179.959: [CMS-concurrent-mark-start]
179.962: [CMS-concurrent-mark: 0.002/0.002 secs] [Times: user=0.00 sys=0.00, real=0.00 secs] 
179.962: [CMS-concurrent-preclean-start]
179.962: [CMS-concurrent-preclean: 0.000/0.000 secs] [Times: user=0.00 sys=0.00, real=0.00 secs] 
179.962: [CMS-concurrent-abortable-preclean-start]
179.962: [CMS-concurrent-abortable-preclean: 0.000/0.000 secs] [Times: user=0.00 sys=0.00, real=0.00 secs] 
179.962: [GC (CMS Final Remark) [YG occupancy: 10240 K (92160 K)]179.962: [Rescan (parallel) , 0.0002305 secs]179.962: [weak refs processing, 0.0000099 secs]179.962: [class unloading, 0.0002700 secs]179.963: [scrub symbol table, 0.0007717 secs]179.963: [scrub string table, 0.0001595 secs][1 CMS-remark: 93159K(102400K)] 103399K(194560K), 0.0015426 secs] [Times: user=0.02 sys=0.00, real=0.00 secs] 
179.964: [CMS-concurrent-sweep-start]
179.964: [CMS-concurrent-sweep: 0.000/0.000 secs] [Times: user=0.00 sys=0.00, real=0.00 secs] 
179.964: [CMS-concurrent-reset-start]
179.964: [CMS-concurrent-reset: 0.000/0.000 secs] [Times: user=0.00 sys=0.00, real=0.00 secs] 
180.969: [GC (Allocation Failure) 180.969: [ParNew: 73282K->0K(92160K), 0.0070311 secs] 105002K->52199K(194560K), 0.0071748 secs] [Times: user=0.00 sys=0.00, real=0.01 secs] 
180.979: [GC (CMS Initial Mark) [1 CMS-initial-mark: 52199K(102400K)] 62439K(194560K), 0.0003197 secs] [Times: user=0.00 sys=0.00, real=0.00 secs] 
180.979: [CMS-concurrent-mark-start]
180.984: [CMS-concurrent-mark: 0.004/0.004 secs] [Times: user=0.00 sys=0.00, real=0.00 secs] 
180.984: [CMS-concurrent-preclean-start]
180.985: [CMS-concurrent-preclean: 0.001/0.001 secs] [Times: user=0.00 sys=0.00, real=0.00 secs] 
180.985: [CMS-concurrent-abortable-preclean-start]
181.990: [GC (Allocation Failure) 181.990: [ParNew: 73282K->0K(92160K), 0.0039600 secs] 125482K->62439K(194560K), 0.0040994 secs] [Times: user=0.06 sys=0.00, real=0.00 secs] 
183.002: [GC (Allocation Failure) 183.002: [ParNew: 73282K->0K(92160K), 0.0003355 secs] 135722K->62439K(194560K), 0.0004184 secs] [Times: user=0.00 sys=0.00, real=0.00 secs] 
183.204: [CMS-concurrent-abortable-preclean: 0.009/2.220 secs] [Times: user=0.06 sys=0.00, real=2.22 secs] 
183.204: [GC (CMS Final Remark) [YG occupancy: 42562 K (92160 K)]183.204: [Rescan (parallel) , 0.0001658 secs]183.205: [weak refs processing, 0.0000146 secs]183.205: [class unloading, 0.0003020 secs]183.205: [scrub symbol table, 0.0006118 secs]183.206: [scrub string table, 0.0001599 secs][1 CMS-remark: 62439K(102400K)] 105002K(194560K), 0.0013611 secs] [Times: user=0.00 sys=0.00, real=0.00 secs] 
183.206: [CMS-concurrent-sweep-start]
183.206: [CMS-concurrent-sweep: 0.000/0.000 secs] [Times: user=0.00 sys=0.00, real=0.00 secs] 
183.206: [CMS-concurrent-reset-start]
183.206: [CMS-concurrent-reset: 0.000/0.000 secs] [Times: user=0.00 sys=0.00, real=0.00 secs] 
184.011: [GC (Allocation Failure) 184.011: [ParNew: 73282K->0K(92160K), 0.0039099 secs] 105002K->41959K(194560K), 0.0040690 secs] [Times: user=0.00 sys=0.00, real=0.00 secs] 
185.027: [GC (Allocation Failure) 185.027: [ParNew: 73282K->0K(92160K), 0.0038152 secs] 115242K->52199K(194560K), 0.0039600 secs] [Times: user=0.00 sys=0.00, real=0.00 secs] 
186.042: [GC (Allocation Failure) 186.042: [ParNew: 73282K->0K(92160K), 0.0017878 secs] 125482K->62439K(194560K), 0.0018652 secs] [Times: user=0.00 sys=0.00, real=0.00 secs] 
186.045: [GC (CMS Initial Mark) [1 CMS-initial-mark: 62439K(102400K)] 72679K(194560K), 0.0001425 secs] [Times: user=0.00 sys=0.00, real=0.00 secs] 
186.045: [CMS-concurrent-mark-start]
186.047: [CMS-concurrent-mark: 0.002/0.002 secs] [Times: user=0.00 sys=0.00, real=0.00 secs] 
186.047: [CMS-concurrent-preclean-start]
186.047: [CMS-concurrent-preclean: 0.000/0.000 secs] [Times: user=0.00 sys=0.00, real=0.00 secs] 
186.047: [CMS-concurrent-abortable-preclean-start]
187.050: [GC (Allocation Failure) 187.050: [ParNew: 73282K->0K(92160K), 0.0008301 secs] 135722K->62439K(194560K), 0.0009557 secs] [Times: user=0.00 sys=0.00, real=0.00 secs] 
187.063: [GC (Allocation Failure) 187.064: [ParNew: 73282K->0K(92160K), 0.0105364 secs] 135722K->93159K(194560K), 0.0106943 secs] [Times: user=0.06 sys=0.00, real=0.01 secs] 
187.074: [CMS-concurrent-abortable-preclean: 0.004/1.027 secs] [Times: user=0.08 sys=0.00, real=1.03 secs] 
187.077: [GC (CMS Final Remark) [YG occupancy: 10240 K (92160 K)]187.077: [Rescan (parallel) , 0.0005222 secs]187.077: [weak refs processing, 0.0000367 secs]187.077: [class unloading, 0.0007780 secs]187.078: [scrub symbol table, 0.0015348 secs]187.080: [scrub string table, 0.0003975 secs][1 CMS-remark: 93159K(102400K)] 103399K(194560K), 0.0035645 secs] [Times: user=0.00 sys=0.00, real=0.00 secs] 
187.080: [CMS-concurrent-sweep-start]
187.081: [CMS-concurrent-sweep: 0.001/0.001 secs] [Times: user=0.00 sys=0.00, real=0.00 secs] 
187.081: [CMS-concurrent-reset-start]
187.082: [CMS-concurrent-reset: 0.000/0.000 secs] [Times: user=0.00 sys=0.00, real=0.00 secs] 
188.090: [GC (Allocation Failure) 188.090: [ParNew: 73282K->0K(92160K), 0.0072723 secs] 115242K->62439K(194560K), 0.0074369 secs] [Times: user=0.00 sys=0.00, real=0.01 secs] 
188.100: [GC (CMS Initial Mark) [1 CMS-initial-mark: 62439K(102400K)] 72679K(194560K), 0.0003071 secs] [Times: user=0.00 sys=0.00, real=0.00 secs] 
188.100: [CMS-concurrent-mark-start]
188.103: [CMS-concurrent-mark: 0.003/0.003 secs] [Times: user=0.00 sys=0.00, real=0.00 secs] 
188.103: [CMS-concurrent-preclean-start]
188.104: [CMS-concurrent-preclean: 0.000/0.000 secs] [Times: user=0.02 sys=0.00, real=0.00 secs] 
188.104: [CMS-concurrent-abortable-preclean-start]
189.111: [GC (Allocation Failure) 189.111: [ParNew: 73282K->0K(92160K), 0.0035925 secs] 135722K->72679K(194560K), 0.0037189 secs] [Times: user=0.00 sys=0.00, real=0.00 secs] 
190.128: [GC (Allocation Failure) 190.128: [ParNew: 73282K->0K(92160K), 0.0010804 secs] 145962K->72679K(194560K), 0.0012257 secs] [Times: user=0.00 sys=0.00, real=0.00 secs] 
190.130: [CMS-concurrent-abortable-preclean: 0.009/2.026 secs] [Times: user=0.03 sys=0.00, real=2.03 secs] 
190.131: [GC (CMS Final Remark) [YG occupancy: 10240 K (92160 K)]190.131: [Rescan (parallel) , 0.0005037 secs]190.132: [weak refs processing, 0.0000245 secs]190.132: [class unloading, 0.0005447 secs]190.133: [scrub symbol table, 0.0010847 secs]190.134: [scrub string table, 0.0003612 secs][1 CMS-remark: 72679K(102400K)] 82919K(194560K), 0.0027261 secs] [Times: user=0.00 sys=0.00, real=0.00 secs] 
190.134: [CMS-concurrent-sweep-start]
190.135: [CMS-concurrent-sweep: 0.001/0.001 secs] [Times: user=0.00 sys=0.00, real=0.00 secs] 
190.135: [CMS-concurrent-reset-start]
190.136: [CMS-concurrent-reset: 0.000/0.000 secs] [Times: user=0.00 sys=0.00, real=0.00 secs] 
191.144: [GC (Allocation Failure) 191.144: [ParNew: 73282K->0K(92160K), 0.0022642 secs] 105002K->41959K(194560K), 0.0023455 secs] [Times: user=0.00 sys=0.00, real=0.00 secs] 
192.154: [GC (Allocation Failure) 192.154: [ParNew: 73282K->0K(92160K), 0.0038089 secs] 115242K->52199K(194560K), 0.0039628 secs] [Times: user=0.00 sys=0.00, real=0.00 secs] 
193.167: [GC (Allocation Failure) 193.167: [ParNew: 73282K->0K(92160K), 0.0025177 secs] 125482K->62439K(194560K), 0.0026381 secs] [Times: user=0.00 sys=0.00, real=0.00 secs] 
193.171: [GC (CMS Initial Mark) [1 CMS-initial-mark: 62439K(102400K)] 72679K(194560K), 0.0001903 secs] [Times: user=0.00 sys=0.00, real=0.00 secs] 
193.172: [CMS-concurrent-mark-start]
193.174: [CMS-concurrent-mark: 0.003/0.003 secs] [Times: user=0.00 sys=0.00, real=0.00 secs] 
193.174: [CMS-concurrent-preclean-start]
193.175: [CMS-concurrent-preclean: 0.000/0.000 secs] [Times: user=0.00 sys=0.00, real=0.00 secs] 
193.175: [CMS-concurrent-abortable-preclean-start]
194.179: [GC (Allocation Failure) 194.179: [ParNew: 73282K->0K(92160K), 0.0008826 secs] 135722K->62439K(194560K), 0.0010271 secs] [Times: user=0.00 sys=0.00, real=0.00 secs] 
194.194: [GC (Allocation Failure) 194.194: [ParNew: 73282K->0K(92160K), 0.0114759 secs] 135722K->93159K(194560K), 0.0116050 secs] [Times: user=0.05 sys=0.00, real=0.01 secs] 
194.205: [CMS-concurrent-abortable-preclean: 0.005/1.031 secs] [Times: user=0.06 sys=0.00, real=1.03 secs] 
194.207: [GC (CMS Final Remark) [YG occupancy: 10240 K (92160 K)]194.207: [Rescan (parallel) , 0.0001895 secs]194.208: [weak refs processing, 0.0000197 secs]194.208: [class unloading, 0.0005104 secs]194.208: [scrub symbol table, 0.0010547 secs]194.209: [scrub string table, 0.0002100 secs][1 CMS-remark: 93159K(102400K)] 103399K(194560K), 0.0021652 secs] [Times: user=0.00 sys=0.00, real=0.00 secs] 
194.210: [CMS-concurrent-sweep-start]
194.210: [CMS-concurrent-sweep: 0.000/0.000 secs] [Times: user=0.00 sys=0.00, real=0.00 secs] 
194.210: [CMS-concurrent-reset-start]
194.210: [CMS-concurrent-reset: 0.000/0.000 secs] [Times: user=0.00 sys=0.00, real=0.00 secs] 
195.213: [GC (Allocation Failure) 195.213: [ParNew: 73282K->0K(92160K), 0.0032463 secs] 115242K->62439K(194560K), 0.0033435 secs] [Times: user=0.00 sys=0.00, real=0.00 secs] 
195.218: [GC (CMS Initial Mark) [1 CMS-initial-mark: 62439K(102400K)] 72679K(194560K), 0.0001808 secs] [Times: user=0.00 sys=0.00, real=0.00 secs] 
195.218: [CMS-concurrent-mark-start]
195.219: [CMS-concurrent-mark: 0.001/0.001 secs] [Times: user=0.00 sys=0.00, real=0.00 secs] 
195.219: [CMS-concurrent-preclean-start]
195.219: [CMS-concurrent-preclean: 0.000/0.000 secs] [Times: user=0.00 sys=0.00, real=0.00 secs] 
195.219: [CMS-concurrent-abortable-preclean-start]
196.228: [GC (Allocation Failure) 196.228: [ParNew: 73282K->0K(92160K), 0.0040366 secs] 135722K->72679K(194560K), 0.0041799 secs] [Times: user=0.00 sys=0.02, real=0.00 secs] 
197.245: [GC (Allocation Failure) 197.245: [ParNew: 73282K->0K(92160K), 0.0008361 secs] 145962K->72679K(194560K), 0.0009821 secs] [Times: user=0.00 sys=0.00, real=0.00 secs] 
197.246: [CMS-concurrent-abortable-preclean: 0.009/2.027 secs] [Times: user=0.02 sys=0.02, real=2.03 secs] 
197.248: [GC (CMS Final Remark) [YG occupancy: 10240 K (92160 K)]197.248: [Rescan (parallel) , 0.0003241 secs]197.248: [weak refs processing, 0.0000237 secs]197.249: [class unloading, 0.0005187 secs]197.249: [scrub symbol table, 0.0010472 secs]197.250: [scrub string table, 0.0003600 secs][1 CMS-remark: 72679K(102400K)] 82919K(194560K), 0.0024675 secs] [Times: user=0.00 sys=0.00, real=0.00 secs] 
197.251: [CMS-concurrent-sweep-start]
197.252: [CMS-concurrent-sweep: 0.001/0.001 secs] [Times: user=0.00 sys=0.00, real=0.00 secs] 
197.252: [CMS-concurrent-reset-start]
197.252: [CMS-concurrent-reset: 0.001/0.001 secs] [Times: user=0.00 sys=0.00, real=0.00 secs] 
198.262: [GC (Allocation Failure) 198.262: [ParNew: 73282K->0K(92160K), 0.0038120 secs] 105002K->41959K(194560K), 0.0039533 secs] [Times: user=0.00 sys=0.00, real=0.00 secs] 
199.279: [GC (Allocation Failure) 199.279: [ParNew: 73282K->0K(92160K), 0.0039604 secs] 115242K->52199K(194560K), 0.0041183 secs] [Times: user=0.00 sys=0.00, real=0.00 secs] 
200.296: [GC (Allocation Failure) 200.296: [ParNew: 73282K->0K(92160K), 0.0038294 secs] 125482K->62439K(194560K), 0.0039727 secs] [Times: user=0.00 sys=0.00, real=0.00 secs] 
200.302: [GC (CMS Initial Mark) [1 CMS-initial-mark: 62439K(102400K)] 72679K(194560K), 0.0003466 secs] [Times: user=0.00 sys=0.00, real=0.00 secs] 
200.302: [CMS-concurrent-mark-start]
200.307: [CMS-concurrent-mark: 0.004/0.004 secs] [Times: user=0.03 sys=0.00, real=0.00 secs] 
200.307: [CMS-concurrent-preclean-start]
200.307: [CMS-concurrent-preclean: 0.000/0.000 secs] [Times: user=0.00 sys=0.00, real=0.00 secs] 
200.307: [CMS-concurrent-abortable-preclean-start]
201.313: [GC (Allocation Failure) 201.314: [ParNew: 73282K->0K(92160K), 0.0009055 secs] 135722K->62439K(194560K), 0.0010397 secs] [Times: user=0.00 sys=0.00, real=0.00 secs] 
201.327: [GC (Allocation Failure) 201.327: [ParNew: 73282K->0K(92160K), 0.0102830 secs] 135722K->93159K(194560K), 0.0104314 secs] [Times: user=0.02 sys=0.00, real=0.01 secs] 
201.337: [CMS-concurrent-abortable-preclean: 0.005/1.030 secs] [Times: user=0.03 sys=0.00, real=1.03 secs] 
201.340: [GC (CMS Final Remark) [YG occupancy: 10240 K (92160 K)]201.340: [Rescan (parallel) , 0.0003308 secs]201.341: [weak refs processing, 0.0000328 secs]201.341: [class unloading, 0.0007547 secs]201.342: [scrub symbol table, 0.0014653 secs]201.343: [scrub string table, 0.0003261 secs][1 CMS-remark: 93159K(102400K)] 103399K(194560K), 0.0031907 secs] [Times: user=0.00 sys=0.00, real=0.00 secs] 
201.344: [CMS-concurrent-sweep-start]
201.345: [CMS-concurrent-sweep: 0.001/0.001 secs] [Times: user=0.00 sys=0.00, real=0.00 secs] 
201.345: [CMS-concurrent-reset-start]
201.345: [CMS-concurrent-reset: 0.000/0.000 secs] [Times: user=0.00 sys=0.00, real=0.00 secs] 
202.353: [GC (Allocation Failure) 202.353: [ParNew: 73282K->0K(92160K), 0.0084475 secs] 115242K->62439K(194560K), 0.0086093 secs] [Times: user=0.00 sys=0.00, real=0.01 secs] 
202.364: [GC (CMS Initial Mark) [1 CMS-initial-mark: 62439K(102400K)] 72679K(194560K), 0.0001950 secs] [Times: user=0.00 sys=0.00, real=0.00 secs] 
202.364: [CMS-concurrent-mark-start]
202.366: [CMS-concurrent-mark: 0.002/0.002 secs] [Times: user=0.00 sys=0.00, real=0.00 secs] 
202.366: [CMS-concurrent-preclean-start]
202.367: [CMS-concurrent-preclean: 0.000/0.000 secs] [Times: user=0.00 sys=0.00, real=0.00 secs] 
202.367: [CMS-concurrent-abortable-preclean-start]
203.374: [GC (Allocation Failure) 203.374: [ParNew203.378: [CMS-concurrent-abortable-preclean: 0.005/1.011 secs] [Times: user=0.02 sys=0.00, real=1.01 secs] 
: 73282K->0K(92160K), 0.0038235 secs] 135722K->72679K(194560K), 0.0039407 secs] [Times: user=0.00 sys=0.00, real=0.00 secs] 
203.381: [GC (CMS Final Remark) [YG occupancy: 10240 K (92160 K)]203.381: [Rescan (parallel) , 0.0003351 secs]203.381: [weak refs processing, 0.0000375 secs]203.381: [class unloading, 0.0007303 secs]203.382: [scrub symbol table, 0.0010745 secs]203.383: [scrub string table, 0.0002293 secs][1 CMS-remark: 72679K(102400K)] 82919K(194560K), 0.0026653 secs] [Times: user=0.00 sys=0.00, real=0.00 secs] 
203.383: [CMS-concurrent-sweep-start]
203.384: [CMS-concurrent-sweep: 0.001/0.001 secs] [Times: user=0.00 sys=0.00, real=0.00 secs] 
203.384: [CMS-concurrent-reset-start]
203.384: [CMS-concurrent-reset: 0.000/0.000 secs] [Times: user=0.03 sys=0.00, real=0.00 secs] 
204.395: [GC (Allocation Failure) 204.395: [ParNew: 73282K->0K(92160K), 0.0008187 secs] 105002K->31719K(194560K), 0.0009426 secs] [Times: user=0.00 sys=0.00, real=0.00 secs] 
205.410: [GC (Allocation Failure) 205.410: [ParNew: 73282K->0K(92160K), 0.0037717 secs] 105002K->41959K(194560K), 0.0039233 secs] [Times: user=0.00 sys=0.00, real=0.00 secs] 
206.426: [GC (Allocation Failure) 206.426: [ParNew: 73282K->0K(92160K), 0.0039182 secs] 115242K->52199K(194560K), 0.0040658 secs] [Times: user=0.00 sys=0.00, real=0.00 secs] 
207.442: [GC (Allocation Failure) 207.442: [ParNew: 73282K->0K(92160K), 0.0046414 secs] 125482K->62439K(194560K), 0.0047997 secs] [Times: user=0.00 sys=0.00, real=0.00 secs] 
208.459: [GC (Allocation Failure) 208.459: [ParNew: 73282K->0K(92160K), 0.0008961 secs] 135722K->62439K(194560K), 0.0010232 secs] [Times: user=0.00 sys=0.00, real=0.00 secs] 
208.471: [GC (Allocation Failure) 208.471: [ParNew: 73282K->0K(92160K), 0.0103754 secs] 135722K->93159K(194560K), 0.0105534 secs] [Times: user=0.06 sys=0.00, real=0.01 secs] 
208.483: [GC (CMS Initial Mark) [1 CMS-initial-mark: 93159K(102400K)] 103399K(194560K), 0.0002668 secs] [Times: user=0.00 sys=0.00, real=0.00 secs] 
208.484: [CMS-concurrent-mark-start]
208.486: [CMS-concurrent-mark: 0.002/0.002 secs] [Times: user=0.00 sys=0.00, real=0.00 secs] 
208.486: [CMS-concurrent-preclean-start]
208.486: [CMS-concurrent-preclean: 0.000/0.000 secs] [Times: user=0.00 sys=0.00, real=0.00 secs] 
208.486: [CMS-concurrent-abortable-preclean-start]
208.486: [CMS-concurrent-abortable-preclean: 0.000/0.000 secs] [Times: user=0.00 sys=0.00, real=0.00 secs] 
208.486: [GC (CMS Final Remark) [YG occupancy: 10240 K (92160 K)]208.486: [Rescan (parallel) , 0.0002132 secs]208.487: [weak refs processing, 0.0000166 secs]208.487: [class unloading, 0.0003170 secs]208.487: [scrub symbol table, 0.0006687 secs]208.488: [scrub string table, 0.0002061 secs][1 CMS-remark: 93159K(102400K)] 103399K(194560K), 0.0015434 secs] [Times: user=0.00 sys=0.00, real=0.00 secs] 
208.488: [CMS-concurrent-sweep-start]
208.489: [CMS-concurrent-sweep: 0.000/0.000 secs] [Times: user=0.00 sys=0.00, real=0.00 secs] 
208.489: [CMS-concurrent-reset-start]
208.489: [CMS-concurrent-reset: 0.000/0.000 secs] [Times: user=0.00 sys=0.00, real=0.00 secs] 
209.493: [GC (Allocation Failure) 209.493: [ParNew: 73282K->0K(92160K), 0.0065855 secs] 105002K->52199K(194560K), 0.0067319 secs] [Times: user=0.06 sys=0.00, real=0.01 secs] 
209.503: [GC (CMS Initial Mark) [1 CMS-initial-mark: 52199K(102400K)] 62439K(194560K), 0.0002116 secs] [Times: user=0.00 sys=0.00, real=0.00 secs] 
209.503: [CMS-concurrent-mark-start]
209.506: [CMS-concurrent-mark: 0.002/0.002 secs] [Times: user=0.00 sys=0.00, real=0.00 secs] 
209.506: [CMS-concurrent-preclean-start]
209.506: [CMS-concurrent-preclean: 0.000/0.000 secs] [Times: user=0.00 sys=0.00, real=0.00 secs] 
209.506: [CMS-concurrent-abortable-preclean-start]
210.513: [GC (Allocation Failure) 210.513: [ParNew: 73282K->0K(92160K), 0.0044314 secs] 125482K->62439K(194560K), 0.0045928 secs] [Times: user=0.00 sys=0.00, real=0.00 secs] 
211.530: [GC (Allocation Failure) 211.530: [ParNew: 73282K->0K(92160K), 0.0007840 secs] 135722K->62439K(194560K), 0.0008917 secs] [Times: user=0.00 sys=0.00, real=0.00 secs] 
211.531: [CMS-concurrent-abortable-preclean: 0.010/2.025 secs] [Times: user=0.03 sys=0.00, real=2.02 secs] 
211.533: [GC (CMS Final Remark) [YG occupancy: 10240 K (92160 K)]211.533: [Rescan (parallel) , 0.0003225 secs]211.534: [weak refs processing, 0.0000351 secs]211.534: [class unloading, 0.0007370 secs]211.535: [scrub symbol table, 0.0015813 secs]211.536: [scrub string table, 0.0004630 secs][1 CMS-remark: 62439K(102400K)] 72679K(194560K), 0.0034042 secs] [Times: user=0.00 sys=0.00, real=0.00 secs] 
211.537: [CMS-concurrent-sweep-start]
211.538: [CMS-concurrent-sweep: 0.001/0.001 secs] [Times: user=0.00 sys=0.00, real=0.00 secs] 
211.538: [CMS-concurrent-reset-start]
211.538: [CMS-concurrent-reset: 0.000/0.000 secs] [Times: user=0.00 sys=0.00, real=0.00 secs] 
212.547: [GC (Allocation Failure) 212.548: [ParNew: 73282K->0K(92160K), 0.0037958 secs] 105002K->41959K(194560K), 0.0039506 secs] [Times: user=0.00 sys=0.00, real=0.00 secs] 
213.565: [GC (Allocation Failure) 213.565: [ParNew: 73282K->0K(92160K), 0.0038542 secs] 115242K->52199K(194560K), 0.0040181 secs] [Times: user=0.00 sys=0.00, real=0.00 secs] 
214.580: [GC (Allocation Failure) 214.580: [ParNew: 73282K->0K(92160K), 0.0018359 secs] 125482K->62439K(194560K), 0.0019192 secs] [Times: user=0.00 sys=0.00, real=0.00 secs] 
215.587: [GC (Allocation Failure) 215.587: [ParNew: 73282K->0K(92160K), 0.0008590 secs] 135722K->62439K(194560K), 0.0009940 secs] [Times: user=0.00 sys=0.00, real=0.00 secs] 
215.600: [GC (Allocation Failure) 215.601: [ParNew: 73282K->0K(92160K), 0.0102909 secs] 135722K->93159K(194560K), 0.0104373 secs] [Times: user=0.06 sys=0.00, real=0.01 secs] 
215.613: [GC (CMS Initial Mark) [1 CMS-initial-mark: 93159K(102400K)] 103399K(194560K), 0.0003624 secs] [Times: user=0.00 sys=0.00, real=0.00 secs] 
215.614: [CMS-concurrent-mark-start]
215.616: [CMS-concurrent-mark: 0.003/0.003 secs] [Times: user=0.00 sys=0.00, real=0.00 secs] 
215.616: [CMS-concurrent-preclean-start]
215.617: [CMS-concurrent-preclean: 0.000/0.000 secs] [Times: user=0.00 sys=0.00, real=0.00 secs] 
215.617: [CMS-concurrent-abortable-preclean-start]
215.617: [CMS-concurrent-abortable-preclean: 0.000/0.000 secs] [Times: user=0.00 sys=0.00, real=0.00 secs] 
215.617: [GC (CMS Final Remark) [YG occupancy: 10240 K (92160 K)]215.617: [Rescan (parallel) , 0.0003221 secs]215.618: [weak refs processing, 0.0000304 secs]215.618: [class unloading, 0.0006896 secs]215.618: [scrub symbol table, 0.0012659 secs]215.620: [scrub string table, 0.0003616 secs][1 CMS-remark: 93159K(102400K)] 103399K(194560K), 0.0029085 secs] [Times: user=0.01 sys=0.00, real=0.00 secs] 
215.620: [CMS-concurrent-sweep-start]
215.621: [CMS-concurrent-sweep: 0.001/0.001 secs] [Times: user=0.00 sys=0.00, real=0.00 secs] 
215.621: [CMS-concurrent-reset-start]
215.621: [CMS-concurrent-reset: 0.000/0.000 secs] [Times: user=0.00 sys=0.00, real=0.00 secs] 
216.625: [GC (Allocation Failure) 216.625: [ParNew: 73282K->0K(92160K), 0.0074326 secs] 105002K->52199K(194560K), 0.0075822 secs] [Times: user=0.00 sys=0.00, real=0.01 secs] 
216.634: [GC (CMS Initial Mark) [1 CMS-initial-mark: 52199K(102400K)] 62439K(194560K), 0.0003146 secs] [Times: user=0.00 sys=0.00, real=0.00 secs] 
216.635: [CMS-concurrent-mark-start]
216.638: [CMS-concurrent-mark: 0.004/0.004 secs] [Times: user=0.00 sys=0.00, real=0.00 secs] 
216.638: [CMS-concurrent-preclean-start]
216.639: [CMS-concurrent-preclean: 0.000/0.000 secs] [Times: user=0.00 sys=0.00, real=0.00 secs] 
216.639: [CMS-concurrent-abortable-preclean-start]
217.645: [GC (Allocation Failure) 217.645: [ParNew: 73282K->0K(92160K), 0.0040560 secs] 125482K->62441K(194560K), 0.0042158 secs] [Times: user=0.00 sys=0.00, real=0.00 secs] 
218.661: [GC (Allocation Failure) 218.661: [ParNew: 73282K->0K(92160K), 0.0008475 secs] 135724K->62441K(194560K), 0.0009801 secs] [Times: user=0.00 sys=0.00, real=0.00 secs] 
218.662: [CMS-concurrent-abortable-preclean: 0.010/2.023 secs] [Times: user=0.01 sys=0.00, real=2.02 secs] 
218.664: [GC (CMS Final Remark) [YG occupancy: 10240 K (92160 K)]218.664: [Rescan (parallel) , 0.0003158 secs]218.664: [weak refs processing, 0.0000197 secs]218.664: [class unloading, 0.0004934 secs]218.665: [scrub symbol table, 0.0010500 secs]218.666: [scrub string table, 0.0004500 secs][1 CMS-remark: 62441K(102400K)] 72681K(194560K), 0.0025224 secs] [Times: user=0.02 sys=0.00, real=0.00 secs] 
218.667: [CMS-concurrent-sweep-start]
218.668: [CMS-concurrent-sweep: 0.001/0.001 secs] [Times: user=0.00 sys=0.00, real=0.00 secs] 
218.668: [CMS-concurrent-reset-start]
218.668: [CMS-concurrent-reset: 0.000/0.000 secs] [Times: user=0.00 sys=0.00, real=0.00 secs] 
219.677: [GC (Allocation Failure) 219.677: [ParNew: 73282K->0K(92160K), 0.0039502 secs] 105004K->41961K(194560K), 0.0041329 secs] [Times: user=0.06 sys=0.00, real=0.00 secs] 
220.693: [GC (Allocation Failure) 220.693: [ParNew: 73282K->0K(92160K), 0.0039289 secs] 115244K->52201K(194560K), 0.0040852 secs] [Times: user=0.06 sys=0.00, real=0.00 secs] 
221.709: [GC (Allocation Failure) 221.709: [ParNew: 73282K->0K(92160K), 0.0038898 secs] 125484K->62441K(194560K), 0.0040307 secs] [Times: user=0.06 sys=0.00, real=0.00 secs] 
222.726: [GC (Allocation Failure) 222.726: [ParNew: 73282K->0K(92160K), 0.0009809 secs] 135724K->62441K(194560K), 0.0011124 secs] [Times: user=0.00 sys=0.00, real=0.00 secs] 
222.739: [GC (Allocation Failure) 222.739: [ParNew: 73282K->0K(92160K), 0.0103762 secs] 135724K->93161K(194560K), 0.0105297 secs] [Times: user=0.06 sys=0.00, real=0.01 secs] 
222.752: [GC (CMS Initial Mark) [1 CMS-initial-mark: 93161K(102400K)] 103401K(194560K), 0.0003324 secs] [Times: user=0.00 sys=0.00, real=0.00 secs] 
222.753: [CMS-concurrent-mark-start]
222.755: [CMS-concurrent-mark: 0.003/0.003 secs] [Times: user=0.00 sys=0.00, real=0.00 secs] 
222.755: [CMS-concurrent-preclean-start]
222.756: [CMS-concurrent-preclean: 0.000/0.000 secs] [Times: user=0.00 sys=0.00, real=0.00 secs] 
222.756: [CMS-concurrent-abortable-preclean-start]
222.756: [CMS-concurrent-abortable-preclean: 0.000/0.000 secs] [Times: user=0.00 sys=0.00, real=0.00 secs] 
222.756: [GC (CMS Final Remark) [YG occupancy: 10240 K (92160 K)]222.756: [Rescan (parallel) , 0.0003718 secs]222.757: [weak refs processing, 0.0000339 secs]222.757: [class unloading, 0.0005207 secs]222.757: [scrub symbol table, 0.0011483 secs]222.759: [scrub string table, 0.0003738 secs][1 CMS-remark: 93161K(102400K)] 103401K(194560K), 0.0026945 secs] [Times: user=0.00 sys=0.00, real=0.00 secs] 
222.759: [CMS-concurrent-sweep-start]
222.760: [CMS-concurrent-sweep: 0.001/0.001 secs] [Times: user=0.02 sys=0.00, real=0.00 secs] 
222.760: [CMS-concurrent-reset-start]
222.760: [CMS-concurrent-reset: 0.000/0.000 secs] [Times: user=0.00 sys=0.00, real=0.00 secs] 
223.763: [GC (Allocation Failure) 223.763: [ParNew: 73282K->0K(92160K), 0.0084569 secs] 105004K->52201K(194560K), 0.0086018 secs] [Times: user=0.00 sys=0.00, real=0.01 secs] 
223.774: [GC (CMS Initial Mark) [1 CMS-initial-mark: 52201K(102400K)] 62441K(194560K), 0.0003122 secs] [Times: user=0.00 sys=0.00, real=0.00 secs] 
223.774: [CMS-concurrent-mark-start]
223.778: [CMS-concurrent-mark: 0.003/0.003 secs] [Times: user=0.03 sys=0.00, real=0.00 secs] 
223.778: [CMS-concurrent-preclean-start]
223.778: [CMS-concurrent-preclean: 0.000/0.000 secs] [Times: user=0.00 sys=0.00, real=0.00 secs] 
223.778: [CMS-concurrent-abortable-preclean-start]
224.780: [GC (Allocation Failure) 224.780: [ParNew: 73282K->0K(92160K), 0.0020744 secs] 125484K->62441K(194560K), 0.0021675 secs] [Times: user=0.00 sys=0.00, real=0.00 secs] 
225.793: [GC (Allocation Failure) 225.793: [ParNew: 73282K->0K(92160K), 0.0005124 secs] 135724K->62441K(194560K), 0.0006107 secs] [Times: user=0.00 sys=0.00, real=0.00 secs] 
225.793: [CMS-concurrent-abortable-preclean: 0.010/2.015 secs] [Times: user=0.02 sys=0.00, real=2.01 secs] 
225.794: [GC (CMS Final Remark) [YG occupancy: 10240 K (92160 K)]225.795: [Rescan (parallel) , 0.0002143 secs]225.795: [weak refs processing, 0.0000166 secs]225.795: [class unloading, 0.0003659 secs]225.795: [scrub symbol table, 0.0007709 secs]225.796: [scrub string table, 0.0002183 secs][1 CMS-remark: 62441K(102400K)] 72681K(194560K), 0.0017080 secs] [Times: user=0.00 sys=0.00, real=0.00 secs] 
225.796: [CMS-concurrent-sweep-start]
225.797: [CMS-concurrent-sweep: 0.001/0.001 secs] [Times: user=0.00 sys=0.00, real=0.00 secs] 
225.797: [CMS-concurrent-reset-start]
225.797: [CMS-concurrent-reset: 0.000/0.000 secs] [Times: user=0.00 sys=0.00, real=0.00 secs] 
226.801: [GC (Allocation Failure) 226.801: [ParNew: 73282K->0K(92160K), 0.0017744 secs] 105004K->41961K(194560K), 0.0018549 secs] [Times: user=0.00 sys=0.00, real=0.00 secs] 
227.811: [GC (Allocation Failure) 227.811: [ParNew: 73282K->0K(92160K), 0.0039304 secs] 115244K->52201K(194560K), 0.0040781 secs] [Times: user=0.00 sys=0.00, real=0.00 secs] 
228.828: [GC (Allocation Failure) 228.828: [ParNew: 73282K->0K(92160K), 0.0030592 secs] 125484K->62441K(194560K), 0.0032720 secs] [Times: user=0.00 sys=0.00, real=0.00 secs] 
229.839: [GC (Allocation Failure) 229.839: [ParNew: 73282K->0K(92160K), 0.0008286 secs] 135724K->62441K(194560K), 0.0009667 secs] [Times: user=0.00 sys=0.00, real=0.00 secs] 
229.851: [GC (Allocation Failure) 229.852: [ParNew: 73282K->0K(92160K), 0.0114068 secs] 135724K->93161K(194560K), 0.0115616 secs] [Times: user=0.03 sys=0.00, real=0.01 secs] 
229.866: [GC (CMS Initial Mark) [1 CMS-initial-mark: 93161K(102400K)] 103401K(194560K), 0.0003332 secs] [Times: user=0.00 sys=0.00, real=0.00 secs] 
229.867: [CMS-concurrent-mark-start]
229.871: [CMS-concurrent-mark: 0.005/0.005 secs] [Times: user=0.02 sys=0.00, real=0.00 secs] 
229.872: [CMS-concurrent-preclean-start]
229.872: [CMS-concurrent-preclean: 0.001/0.001 secs] [Times: user=0.00 sys=0.00, real=0.00 secs] 
229.872: [CMS-concurrent-abortable-preclean-start]
229.872: [CMS-concurrent-abortable-preclean: 0.000/0.000 secs] [Times: user=0.00 sys=0.00, real=0.00 secs] 
229.873: [GC (CMS Final Remark) [YG occupancy: 10240 K (92160 K)]229.873: [Rescan (parallel) , 0.0002357 secs]229.873: [weak refs processing, 0.0000154 secs]229.873: [class unloading, 0.0004599 secs]229.873: [scrub symbol table, 0.0008783 secs]229.874: [scrub string table, 0.0001942 secs][1 CMS-remark: 93161K(102400K)] 103401K(194560K), 0.0019366 secs] [Times: user=0.00 sys=0.00, real=0.00 secs] 
229.875: [CMS-concurrent-sweep-start]
229.875: [CMS-concurrent-sweep: 0.000/0.000 secs] [Times: user=0.00 sys=0.00, real=0.00 secs] 
229.875: [CMS-concurrent-reset-start]
229.875: [CMS-concurrent-reset: 0.000/0.000 secs] [Times: user=0.00 sys=0.00, real=0.00 secs] 
230.878: [GC (Allocation Failure) 230.879: [ParNew: 73282K->0K(92160K), 0.0070414 secs] 105004K->52201K(194560K), 0.0072032 secs] [Times: user=0.05 sys=0.00, real=0.01 secs] 
230.888: [GC (CMS Initial Mark) [1 CMS-initial-mark: 52201K(102400K)] 62441K(194560K), 0.0003632 secs] [Times: user=0.00 sys=0.00, real=0.00 secs] 
230.888: [CMS-concurrent-mark-start]
230.892: [CMS-concurrent-mark: 0.004/0.004 secs] [Times: user=0.00 sys=0.00, real=0.00 secs] 
230.892: [CMS-concurrent-preclean-start]
230.893: [CMS-concurrent-preclean: 0.000/0.000 secs] [Times: user=0.00 sys=0.00, real=0.00 secs] 
230.893: [CMS-concurrent-abortable-preclean-start]
231.900: [GC (Allocation Failure) 231.900: [ParNew: 73282K->0K(92160K), 0.0044144 secs] 125484K->62441K(194560K), 0.0045482 secs] [Times: user=0.00 sys=0.00, real=0.00 secs] 
232.924: [GC (Allocation Failure) 232.925: [ParNew: 73282K->0K(92160K), 0.0010851 secs] 135724K->62441K(194560K), 0.0012257 secs] [Times: user=0.00 sys=0.00, real=0.00 secs] 
232.926: [CMS-concurrent-abortable-preclean: 0.009/2.033 secs] [Times: user=0.02 sys=0.00, real=2.03 secs] 
232.928: [GC (CMS Final Remark) [YG occupancy: 10240 K (92160 K)]232.928: [Rescan (parallel) , 0.0005001 secs]232.928: [weak refs processing, 0.0000292 secs]232.928: [class unloading, 0.0007318 secs]232.929: [scrub symbol table, 0.0018734 secs]232.931: [scrub string table, 0.0006000 secs][1 CMS-remark: 62441K(102400K)] 72681K(194560K), 0.0040327 secs] [Times: user=0.02 sys=0.00, real=0.00 secs] 
232.932: [CMS-concurrent-sweep-start]
232.933: [CMS-concurrent-sweep: 0.001/0.001 secs] [Times: user=0.00 sys=0.00, real=0.00 secs] 
232.933: [CMS-concurrent-reset-start]
232.933: [CMS-concurrent-reset: 0.000/0.000 secs] [Times: user=0.00 sys=0.00, real=0.00 secs] 
233.937: [GC (Allocation Failure) 233.937: [ParNew: 73282K->0K(92160K), 0.0024624 secs] 105004K->41961K(194560K), 0.0025713 secs] [Times: user=0.00 sys=0.00, real=0.00 secs] 
234.946: [GC (Allocation Failure) 234.946: [ParNew: 73282K->0K(92160K), 0.0023542 secs] 115244K->52201K(194560K), 0.0024478 secs] [Times: user=0.00 sys=0.00, real=0.00 secs] 
235.959: [GC (Allocation Failure) 235.960: [ParNew: 73282K->0K(92160K), 0.0036328 secs] 125484K->62441K(194560K), 0.0037800 secs] [Times: user=0.03 sys=0.00, real=0.00 secs] 
236.970: [GC (Allocation Failure) 236.970: [ParNew: 73282K->0K(92160K), 0.0003395 secs] 135724K->62441K(194560K), 0.0003975 secs] [Times: user=0.00 sys=0.00, real=0.00 secs] 
236.975: [GC (Allocation Failure) 236.975: [ParNew: 73282K->0K(92160K), 0.0048561 secs] 135724K->93161K(194560K), 0.0049264 secs] [Times: user=0.06 sys=0.00, real=0.01 secs] 
236.981: [GC (CMS Initial Mark) [1 CMS-initial-mark: 93161K(102400K)] 103401K(194560K), 0.0001346 secs] [Times: user=0.00 sys=0.00, real=0.00 secs] 
236.981: [CMS-concurrent-mark-start]
236.982: [CMS-concurrent-mark: 0.001/0.001 secs] [Times: user=0.00 sys=0.00, real=0.00 secs] 
236.982: [CMS-concurrent-preclean-start]
236.982: [CMS-concurrent-preclean: 0.000/0.000 secs] [Times: user=0.00 sys=0.00, real=0.00 secs] 
236.982: [CMS-concurrent-abortable-preclean-start]
236.982: [CMS-concurrent-abortable-preclean: 0.000/0.000 secs] [Times: user=0.00 sys=0.00, real=0.00 secs] 
236.983: [GC (CMS Final Remark) [YG occupancy: 10240 K (92160 K)]236.983: [Rescan (parallel) , 0.0002349 secs]236.983: [weak refs processing, 0.0000201 secs]236.983: [class unloading, 0.0002609 secs]236.983: [scrub symbol table, 0.0005740 secs]236.984: [scrub string table, 0.0001891 secs][1 CMS-remark: 93161K(102400K)] 103401K(194560K), 0.0013630 secs] [Times: user=0.00 sys=0.00, real=0.00 secs] 
236.984: [CMS-concurrent-sweep-start]
236.984: [CMS-concurrent-sweep: 0.000/0.000 secs] [Times: user=0.00 sys=0.00, real=0.00 secs] 
236.985: [CMS-concurrent-reset-start]
236.985: [CMS-concurrent-reset: 0.000/0.000 secs] [Times: user=0.00 sys=0.00, real=0.00 secs] 
237.991: [GC (Allocation Failure) 237.991: [ParNew: 73282K->0K(92160K), 0.0071140 secs] 105004K->52201K(194560K), 0.0073078 secs] [Times: user=0.06 sys=0.00, real=0.01 secs] 
238.001: [GC (CMS Initial Mark) [1 CMS-initial-mark: 52201K(102400K)] 62441K(194560K), 0.0003411 secs] [Times: user=0.00 sys=0.00, real=0.00 secs] 
238.002: [CMS-concurrent-mark-start]
238.004: [CMS-concurrent-mark: 0.002/0.002 secs] [Times: user=0.00 sys=0.00, real=0.00 secs] 
238.004: [CMS-concurrent-preclean-start]
238.004: [CMS-concurrent-preclean: 0.000/0.000 secs] [Times: user=0.00 sys=0.00, real=0.00 secs] 
238.004: [CMS-concurrent-abortable-preclean-start]
239.006: [GC (Allocation Failure) 239.006: [ParNew: 73282K->0K(92160K), 0.0018312 secs] 125484K->62441K(194560K), 0.0019074 secs] [Times: user=0.00 sys=0.00, real=0.00 secs] 
240.013: [GC (Allocation Failure) 240.013: [ParNew: 73282K->0K(92160K), 0.0003955 secs] 135724K->62441K(194560K), 0.0004591 secs] [Times: user=0.00 sys=0.00, real=0.00 secs] 
240.215: [CMS-concurrent-abortable-preclean: 0.007/2.210 secs] [Times: user=0.01 sys=0.00, real=2.21 secs] 
240.215: [GC (CMS Final Remark) [YG occupancy: 42562 K (92160 K)]240.215: [Rescan (parallel) , 0.0003399 secs]240.215: [weak refs processing, 0.0000328 secs]240.215: [class unloading, 0.0007168 secs]240.216: [scrub symbol table, 0.0016883 secs]240.218: [scrub string table, 0.0004251 secs][1 CMS-remark: 62441K(102400K)] 105004K(194560K), 0.0034761 secs] [Times: user=0.00 sys=0.00, real=0.00 secs] 
240.219: [CMS-concurrent-sweep-start]
240.219: [CMS-concurrent-sweep: 0.001/0.001 secs] [Times: user=0.00 sys=0.00, real=0.00 secs] 
240.220: [CMS-concurrent-reset-start]
240.220: [CMS-concurrent-reset: 0.000/0.000 secs] [Times: user=0.00 sys=0.00, real=0.00 secs] 
241.020: [GC (Allocation Failure) 241.020: [ParNew: 73282K->0K(92160K), 0.0030292 secs] 105004K->41961K(194560K), 0.0031338 secs] [Times: user=0.00 sys=0.00, real=0.00 secs] 
242.032: [GC (Allocation Failure) 242.032: [ParNew: 73282K->0K(92160K), 0.0040500 secs] 115244K->52201K(194560K), 0.0042052 secs] [Times: user=0.00 sys=0.00, real=0.00 secs] 
243.049: [GC (Allocation Failure) 243.049: [ParNew: 73282K->0K(92160K), 0.0038795 secs] 125484K->62441K(194560K), 0.0040236 secs] [Times: user=0.00 sys=0.00, real=0.01 secs] 
244.067: [GC (Allocation Failure) 244.067: [ParNew: 73282K->0K(92160K), 0.0009561 secs] 135724K->62441K(194560K), 0.0011226 secs] [Times: user=0.00 sys=0.00, real=0.00 secs] 
244.084: [GC (Allocation Failure) 244.084: [ParNew: 73282K->0K(92160K), 0.0092855 secs] 135724K->93161K(194560K), 0.0094154 secs] [Times: user=0.06 sys=0.00, real=0.01 secs] 
244.095: [GC (CMS Initial Mark) [1 CMS-initial-mark: 93161K(102400K)] 103401K(194560K), 0.0001761 secs] [Times: user=0.00 sys=0.00, real=0.00 secs] 
244.095: [CMS-concurrent-mark-start]
244.096: [CMS-concurrent-mark: 0.002/0.002 secs] [Times: user=0.00 sys=0.00, real=0.00 secs] 
244.096: [CMS-concurrent-preclean-start]
244.097: [CMS-concurrent-preclean: 0.000/0.000 secs] [Times: user=0.00 sys=0.00, real=0.00 secs] 
244.097: [CMS-concurrent-abortable-preclean-start]
244.097: [CMS-concurrent-abortable-preclean: 0.000/0.000 secs] [Times: user=0.00 sys=0.00, real=0.00 secs] 
244.097: [GC (CMS Final Remark) [YG occupancy: 10240 K (92160 K)]244.097: [Rescan (parallel) , 0.0001512 secs]244.097: [weak refs processing, 0.0000166 secs]244.097: [class unloading, 0.0003268 secs]244.097: [scrub symbol table, 0.0006825 secs]244.098: [scrub string table, 0.0001571 secs][1 CMS-remark: 93161K(102400K)] 103401K(194560K), 0.0014428 secs] [Times: user=0.00 sys=0.00, real=0.00 secs] 
244.098: [CMS-concurrent-sweep-start]
244.099: [CMS-concurrent-sweep: 0.000/0.000 secs] [Times: user=0.00 sys=0.00, real=0.00 secs] 
244.099: [CMS-concurrent-reset-start]
244.099: [CMS-concurrent-reset: 0.000/0.000 secs] [Times: user=0.00 sys=0.00, real=0.00 secs] 
245.100: [GC (Allocation Failure) 245.100: [ParNew: 73282K->0K(92160K), 0.0032696 secs] 105004K->52201K(194560K), 0.0033506 secs] [Times: user=0.00 sys=0.00, real=0.00 secs] 
245.104: [GC (CMS Initial Mark) [1 CMS-initial-mark: 52201K(102400K)] 62441K(194560K), 0.0001224 secs] [Times: user=0.00 sys=0.00, real=0.00 secs] 
245.104: [CMS-concurrent-mark-start]
245.105: [CMS-concurrent-mark: 0.002/0.002 secs] [Times: user=0.00 sys=0.00, real=0.00 secs] 
245.105: [CMS-concurrent-preclean-start]
245.106: [CMS-concurrent-preclean: 0.000/0.000 secs] [Times: user=0.00 sys=0.00, real=0.00 secs] 
245.106: [CMS-concurrent-abortable-preclean-start]
246.113: [GC (Allocation Failure) 246.113: [ParNew: 73282K->0K(92160K), 0.0037879 secs] 125484K->62441K(194560K), 0.0039375 secs] [Times: user=0.00 sys=0.00, real=0.00 secs] 
247.130: [GC (Allocation Failure) 247.130: [ParNew: 73282K->0K(92160K), 0.0007879 secs] 135724K->62441K(194560K), 0.0008961 secs] [Times: user=0.00 sys=0.00, real=0.00 secs] 
247.131: [CMS-concurrent-abortable-preclean: 0.008/2.025 secs] [Times: user=0.02 sys=0.00, real=2.02 secs] 
247.133: [GC (CMS Final Remark) [YG occupancy: 10240 K (92160 K)]247.133: [Rescan (parallel) , 0.0004263 secs]247.133: [weak refs processing, 0.0000355 secs]247.133: [class unloading, 0.0004843 secs]247.134: [scrub symbol table, 0.0016338 secs]247.135: [scrub string table, 0.0005368 secs][1 CMS-remark: 62441K(102400K)] 72681K(194560K), 0.0033711 secs] [Times: user=0.02 sys=0.00, real=0.00 secs] 
247.140: [CMS-concurrent-sweep-start]
247.141: [CMS-concurrent-sweep: 0.001/0.001 secs] [Times: user=0.00 sys=0.00, real=0.00 secs] 
247.141: [CMS-concurrent-reset-start]
247.141: [CMS-concurrent-reset: 0.000/0.000 secs] [Times: user=0.00 sys=0.00, real=0.00 secs] 
248.150: [GC (Allocation Failure) 248.150: [ParNew: 73282K->0K(92160K), 0.0047144 secs] 105004K->41961K(194560K), 0.0048897 secs] [Times: user=0.00 sys=0.00, real=0.01 secs] 
249.167: [GC (Allocation Failure) 249.167: [ParNew: 73282K->0K(92160K), 0.0023692 secs] 115244K->52201K(194560K), 0.0024734 secs] [Times: user=0.00 sys=0.00, real=0.00 secs] 
250.177: [GC (Allocation Failure) 250.177: [ParNew: 73282K->0K(92160K), 0.0037070 secs] 125484K->62441K(194560K), 0.0038448 secs] [Times: user=0.00 sys=0.00, real=0.00 secs] 
251.190: [GC (Allocation Failure) 251.190: [ParNew: 73282K->0K(92160K), 0.0009300 secs] 135724K->62441K(194560K), 0.0010551 secs] [Times: user=0.00 sys=0.00, real=0.00 secs] 
251.203: [GC (Allocation Failure) 251.203: [ParNew: 73282K->0K(92160K), 0.0111534 secs] 135724K->93161K(194560K), 0.0113113 secs] [Times: user=0.06 sys=0.00, real=0.01 secs] 
251.217: [GC (CMS Initial Mark) [1 CMS-initial-mark: 93161K(102400K)] 103401K(194560K), 0.0003308 secs] [Times: user=0.00 sys=0.00, real=0.00 secs] 
251.218: [CMS-concurrent-mark-start]
251.223: [CMS-concurrent-mark: 0.005/0.005 secs] [Times: user=0.00 sys=0.00, real=0.00 secs] 
251.223: [CMS-concurrent-preclean-start]
251.223: [CMS-concurrent-preclean: 0.001/0.001 secs] [Times: user=0.00 sys=0.00, real=0.00 secs] 
251.223: [CMS-concurrent-abortable-preclean-start]
251.223: [CMS-concurrent-abortable-preclean: 0.000/0.000 secs] [Times: user=0.00 sys=0.00, real=0.00 secs] 
251.224: [GC (CMS Final Remark) [YG occupancy: 10240 K (92160 K)]251.224: [Rescan (parallel) , 0.0005258 secs]251.224: [weak refs processing, 0.0000245 secs]251.224: [class unloading, 0.0005443 secs]251.225: [scrub symbol table, 0.0011838 secs]251.226: [scrub string table, 0.0004922 secs][1 CMS-remark: 93161K(102400K)] 103401K(194560K), 0.0030510 secs] [Times: user=0.00 sys=0.00, real=0.00 secs] 
251.227: [CMS-concurrent-sweep-start]
251.228: [CMS-concurrent-sweep: 0.001/0.001 secs] [Times: user=0.02 sys=0.00, real=0.00 secs] 
251.228: [CMS-concurrent-reset-start]
251.229: [CMS-concurrent-reset: 0.000/0.000 secs] [Times: user=0.00 sys=0.00, real=0.00 secs] 
252.221: [GC (Allocation Failure) 252.221: [ParNew: 73282K->0K(92160K), 0.0032870 secs] 105004K->52201K(194560K), 0.0033687 secs] [Times: user=0.00 sys=0.00, real=0.00 secs] 
252.226: [GC (CMS Initial Mark) [1 CMS-initial-mark: 52201K(102400K)] 62441K(194560K), 0.0001630 secs] [Times: user=0.00 sys=0.00, real=0.00 secs] 
252.226: [CMS-concurrent-mark-start]
252.227: [CMS-concurrent-mark: 0.001/0.001 secs] [Times: user=0.00 sys=0.00, real=0.00 secs] 
252.227: [CMS-concurrent-preclean-start]
252.227: [CMS-concurrent-preclean: 0.000/0.000 secs] [Times: user=0.00 sys=0.00, real=0.00 secs] 
252.227: [CMS-concurrent-abortable-preclean-start]
253.235: [GC (Allocation Failure) 253.235: [ParNew: 73282K->0K(92160K), 0.0039332 secs] 125484K->62441K(194560K), 0.0041065 secs] [Times: user=0.00 sys=0.00, real=0.00 secs] 
254.248: [GC (Allocation Failure) 254.249: [ParNew: 73282K->0K(92160K), 0.0005065 secs] 135724K->62441K(194560K), 0.0005830 secs] [Times: user=0.00 sys=0.00, real=0.00 secs] 
254.350: [CMS-concurrent-abortable-preclean: 0.009/2.123 secs] [Times: user=0.03 sys=0.00, real=2.12 secs] 
254.350: [GC (CMS Final Remark) [YG occupancy: 42562 K (92160 K)]254.351: [Rescan (parallel) , 0.0004488 secs]254.351: [weak refs processing, 0.0000276 secs]254.351: [class unloading, 0.0004974 secs]254.352: [scrub symbol table, 0.0010883 secs]254.353: [scrub string table, 0.0003596 secs][1 CMS-remark: 62441K(102400K)] 105004K(194560K), 0.0026037 secs] [Times: user=0.00 sys=0.00, real=0.00 secs] 
254.353: [CMS-concurrent-sweep-start]
254.354: [CMS-concurrent-sweep: 0.001/0.001 secs] [Times: user=0.00 sys=0.00, real=0.00 secs] 
254.354: [CMS-concurrent-reset-start]
254.354: [CMS-concurrent-reset: 0.000/0.000 secs] [Times: user=0.00 sys=0.00, real=0.00 secs] 
255.259: [GC (Allocation Failure) 255.259: [ParNew: 73282K->0K(92160K), 0.0044112 secs] 105004K->41961K(194560K), 0.0045600 secs] [Times: user=0.06 sys=0.00, real=0.01 secs] 
256.276: [GC (Allocation Failure) 256.276: [ParNew: 73282K->0K(92160K), 0.0020779 secs] 115244K->52201K(194560K), 0.0021573 secs] [Times: user=0.00 sys=0.00, real=0.00 secs] 
257.289: [GC (Allocation Failure) 257.289: [ParNew: 73282K->0K(92160K), 0.0044925 secs] 125484K->62441K(194560K), 0.0046153 secs] [Times: user=0.03 sys=0.00, real=0.01 secs] 
258.303: [GC (Allocation Failure) 258.303: [ParNew: 73282K->0K(92160K), 0.0008834 secs] 135724K->62441K(194560K), 0.0010129 secs] [Times: user=0.00 sys=0.00, real=0.00 secs] 
258.315: [GC (Allocation Failure) 258.315: [ParNew: 73282K->0K(92160K), 0.0103083 secs] 135724K->93161K(194560K), 0.0104685 secs] [Times: user=0.06 sys=0.00, real=0.01 secs] 
258.328: [GC (CMS Initial Mark) [1 CMS-initial-mark: 93161K(102400K)] 103401K(194560K), 0.0003584 secs] [Times: user=0.00 sys=0.00, real=0.00 secs] 
258.329: [CMS-concurrent-mark-start]
258.332: [CMS-concurrent-mark: 0.003/0.003 secs] [Times: user=0.00 sys=0.00, real=0.00 secs] 
258.332: [CMS-concurrent-preclean-start]
258.333: [CMS-concurrent-preclean: 0.000/0.000 secs] [Times: user=0.00 sys=0.00, real=0.00 secs] 
258.333: [CMS-concurrent-abortable-preclean-start]
258.333: [CMS-concurrent-abortable-preclean: 0.000/0.000 secs] [Times: user=0.00 sys=0.00, real=0.00 secs] 
258.333: [GC (CMS Final Remark) [YG occupancy: 10240 K (92160 K)]258.333: [Rescan (parallel) , 0.0003730 secs]258.333: [weak refs processing, 0.0000241 secs]258.333: [class unloading, 0.0006217 secs]258.334: [scrub symbol table, 0.0015920 secs]258.336: [scrub string table, 0.0003608 secs][1 CMS-remark: 93161K(102400K)] 103401K(194560K), 0.0032211 secs] [Times: user=0.00 sys=0.00, real=0.00 secs] 
258.336: [CMS-concurrent-sweep-start]
258.337: [CMS-concurrent-sweep: 0.001/0.001 secs] [Times: user=0.00 sys=0.00, real=0.00 secs] 
258.337: [CMS-concurrent-reset-start]
258.337: [CMS-concurrent-reset: 0.000/0.000 secs] [Times: user=0.00 sys=0.00, real=0.00 secs] 
259.339: [GC (Allocation Failure) 259.339: [ParNew: 73282K->0K(92160K), 0.0072597 secs] 105004K->52201K(194560K), 0.0074203 secs] [Times: user=0.00 sys=0.00, real=0.01 secs] 
259.349: [GC (CMS Initial Mark) [1 CMS-initial-mark: 52201K(102400K)] 62441K(194560K), 0.0003640 secs] [Times: user=0.00 sys=0.00, real=0.00 secs] 
259.349: [CMS-concurrent-mark-start]
259.352: [CMS-concurrent-mark: 0.003/0.003 secs] [Times: user=0.00 sys=0.00, real=0.00 secs] 
259.352: [CMS-concurrent-preclean-start]
259.353: [CMS-concurrent-preclean: 0.000/0.000 secs] [Times: user=0.02 sys=0.00, real=0.00 secs] 
259.353: [CMS-concurrent-abortable-preclean-start]
260.360: [GC (Allocation Failure) 260.360: [ParNew: 73282K->0K(92160K), 0.0037402 secs] 125484K->62441K(194560K), 0.0038815 secs] [Times: user=0.00 sys=0.00, real=0.00 secs] 
261.377: [GC (Allocation Failure) 261.377: [ParNew: 73282K->0K(92160K), 0.0008183 secs] 135724K->62441K(194560K), 0.0009711 secs] [Times: user=0.00 sys=0.00, real=0.00 secs] 
261.378: [CMS-concurrent-abortable-preclean: 0.010/2.025 secs] [Times: user=0.03 sys=0.00, real=2.03 secs] 
261.380: [GC (CMS Final Remark) [YG occupancy: 10240 K (92160 K)]261.380: [Rescan (parallel) , 0.0004287 secs]261.381: [weak refs processing, 0.0000308 secs]261.381: [class unloading, 0.0007543 secs]261.382: [scrub symbol table, 0.0017562 secs]261.383: [scrub string table, 0.0006418 secs][1 CMS-remark: 62441K(102400K)] 72681K(194560K), 0.0038720 secs] [Times: user=0.01 sys=0.00, real=0.00 secs] 
261.384: [CMS-concurrent-sweep-start]
261.385: [CMS-concurrent-sweep: 0.001/0.001 secs] [Times: user=0.00 sys=0.00, real=0.00 secs] 
261.386: [CMS-concurrent-reset-start]
261.386: [CMS-concurrent-reset: 0.000/0.000 secs] [Times: user=0.00 sys=0.00, real=0.00 secs] 
262.396: [GC (Allocation Failure) 262.396: [ParNew: 73282K->0K(92160K), 0.0037425 secs] 105004K->41961K(194560K), 0.0038989 secs] [Times: user=0.00 sys=0.00, real=0.00 secs] 
263.411: [GC (Allocation Failure) 263.412: [ParNew: 73282K->0K(92160K), 0.0048269 secs] 115244K->52201K(194560K), 0.0049710 secs] [Times: user=0.06 sys=0.00, real=0.00 secs] 
264.429: [GC (Allocation Failure) 264.429: [ParNew: 73282K->0K(92160K), 0.0039466 secs] 125484K->62441K(194560K), 0.0040982 secs] [Times: user=0.06 sys=0.00, real=0.00 secs] 
265.445: [GC (Allocation Failure) 265.445: [ParNew: 73282K->0K(92160K), 0.0008534 secs] 135724K->62441K(194560K), 0.0009675 secs] [Times: user=0.00 sys=0.00, real=0.00 secs] 
265.458: [GC (Allocation Failure) 265.458: [ParNew: 73282K->0K(92160K), 0.0106541 secs] 135724K->93161K(194560K), 0.0108112 secs] [Times: user=0.06 sys=0.00, real=0.01 secs] 
265.471: [GC (CMS Initial Mark) [1 CMS-initial-mark: 93161K(102400K)] 103401K(194560K), 0.0003418 secs] [Times: user=0.00 sys=0.00, real=0.00 secs] 
265.472: [CMS-concurrent-mark-start]
265.475: [CMS-concurrent-mark: 0.003/0.003 secs] [Times: user=0.00 sys=0.00, real=0.00 secs] 
265.475: [CMS-concurrent-preclean-start]
265.475: [CMS-concurrent-preclean: 0.000/0.000 secs] [Times: user=0.00 sys=0.00, real=0.00 secs] 
265.475: [CMS-concurrent-abortable-preclean-start]
265.475: [CMS-concurrent-abortable-preclean: 0.000/0.000 secs] [Times: user=0.00 sys=0.00, real=0.00 secs] 
265.475: [GC (CMS Final Remark) [YG occupancy: 10240 K (92160 K)]265.475: [Rescan (parallel) , 0.0003999 secs]265.476: [weak refs processing, 0.0000422 secs]265.476: [class unloading, 0.0006561 secs]265.477: [scrub symbol table, 0.0013350 secs]265.478: [scrub string table, 0.0003857 secs][1 CMS-remark: 93161K(102400K)] 103401K(194560K), 0.0030644 secs] [Times: user=0.02 sys=0.00, real=0.00 secs] 
265.479: [CMS-concurrent-sweep-start]
265.479: [CMS-concurrent-sweep: 0.001/0.001 secs] [Times: user=0.00 sys=0.00, real=0.00 secs] 
265.479: [CMS-concurrent-reset-start]
265.480: [CMS-concurrent-reset: 0.000/0.000 secs] [Times: user=0.00 sys=0.00, real=0.00 secs] 
266.481: [GC (Allocation Failure) 266.481: [ParNew: 73282K->0K(92160K), 0.0070856 secs] 105004K->52201K(194560K), 0.0072423 secs] [Times: user=0.00 sys=0.00, real=0.01 secs] 
266.491: [GC (CMS Initial Mark) [1 CMS-initial-mark: 52201K(102400K)] 62441K(194560K), 0.0003868 secs] [Times: user=0.00 sys=0.00, real=0.00 secs] 
266.491: [CMS-concurrent-mark-start]
266.494: [CMS-concurrent-mark: 0.003/0.003 secs] [Times: user=0.02 sys=0.00, real=0.00 secs] 
266.495: [CMS-concurrent-preclean-start]
266.495: [CMS-concurrent-preclean: 0.001/0.001 secs] [Times: user=0.00 sys=0.00, real=0.00 secs] 
266.495: [CMS-concurrent-abortable-preclean-start]
267.503: [GC (Allocation Failure) 267.503: [ParNew: 73282K->0K(92160K), 0.0038081 secs] 125484K->62441K(194560K), 0.0039758 secs] [Times: user=0.00 sys=0.00, real=0.00 secs] 
268.519: [GC (Allocation Failure) 268.519: [ParNew: 73282K->0K(92160K), 0.0008274 secs] 135724K->62441K(194560K), 0.0009572 secs] [Times: user=0.00 sys=0.00, real=0.00 secs] 
268.520: [CMS-concurrent-abortable-preclean: 0.012/2.025 secs] [Times: user=0.01 sys=0.00, real=2.03 secs] 
268.522: [GC (CMS Final Remark) [YG occupancy: 10240 K (92160 K)]268.522: [Rescan (parallel) , 0.0003478 secs]268.523: [weak refs processing, 0.0000245 secs]268.523: [class unloading, 0.0004974 secs]268.523: [scrub symbol table, 0.0010808 secs]268.524: [scrub string table, 0.0003884 secs][1 CMS-remark: 62441K(102400K)] 72681K(194560K), 0.0025421 secs] [Times: user=0.02 sys=0.00, real=0.00 secs] 
268.525: [CMS-concurrent-sweep-start]
268.526: [CMS-concurrent-sweep: 0.001/0.001 secs] [Times: user=0.00 sys=0.00, real=0.00 secs] 
268.526: [CMS-concurrent-reset-start]
268.526: [CMS-concurrent-reset: 0.000/0.000 secs] [Times: user=0.00 sys=0.00, real=0.00 secs] 
269.536: [GC (Allocation Failure) 269.536: [ParNew: 73282K->0K(92160K), 0.0057166 secs] 105004K->41961K(194560K), 0.0058769 secs] [Times: user=0.06 sys=0.00, real=0.00 secs] 
270.554: [GC (Allocation Failure) 270.554: [ParNew: 73282K->0K(92160K), 0.0042593 secs] 115244K->52201K(194560K), 0.0044231 secs] [Times: user=0.06 sys=0.00, real=0.00 secs] 
271.571: [GC (Allocation Failure) 271.571: [ParNew: 73282K->0K(92160K), 0.0045277 secs] 125484K->62441K(194560K), 0.0046903 secs] [Times: user=0.06 sys=0.00, real=0.01 secs] 
272.588: [GC (Allocation Failure) 272.588: [ParNew: 73282K->0K(92160K), 0.0008005 secs] 135724K->62441K(194560K), 0.0009261 secs] [Times: user=0.00 sys=0.00, real=0.00 secs] 
272.601: [GC (Allocation Failure) 272.601: [ParNew: 73282K->0K(92160K), 0.0103181 secs] 135724K->93161K(194560K), 0.0104744 secs] [Times: user=0.06 sys=0.00, real=0.01 secs] 
272.614: [GC (CMS Initial Mark) [1 CMS-initial-mark: 93161K(102400K)] 103401K(194560K), 0.0003257 secs] [Times: user=0.00 sys=0.00, real=0.00 secs] 
272.614: [CMS-concurrent-mark-start]
272.617: [CMS-concurrent-mark: 0.003/0.003 secs] [Times: user=0.00 sys=0.00, real=0.00 secs] 
272.617: [CMS-concurrent-preclean-start]
272.618: [CMS-concurrent-preclean: 0.000/0.000 secs] [Times: user=0.00 sys=0.00, real=0.00 secs] 
272.618: [CMS-concurrent-abortable-preclean-start]
272.618: [CMS-concurrent-abortable-preclean: 0.000/0.000 secs] [Times: user=0.00 sys=0.00, real=0.00 secs] 
272.618: [GC (CMS Final Remark) [YG occupancy: 10240 K (92160 K)]272.618: [Rescan (parallel) , 0.0003659 secs]272.619: [weak refs processing, 0.0000245 secs]272.619: [class unloading, 0.0007070 secs]272.619: [scrub symbol table, 0.0011992 secs]272.621: [scrub string table, 0.0005538 secs][1 CMS-remark: 93161K(102400K)] 103401K(194560K), 0.0030952 secs] [Times: user=0.02 sys=0.00, real=0.00 secs] 
272.621: [CMS-concurrent-sweep-start]
272.622: [CMS-concurrent-sweep: 0.001/0.001 secs] [Times: user=0.00 sys=0.00, real=0.00 secs] 
272.622: [CMS-concurrent-reset-start]
272.623: [CMS-concurrent-reset: 0.000/0.000 secs] [Times: user=0.00 sys=0.00, real=0.00 secs] 
273.624: [GC (Allocation Failure) 273.624: [ParNew: 73282K->0K(92160K), 0.0070209 secs] 105004K->52201K(194560K), 0.0071792 secs] [Times: user=0.00 sys=0.00, real=0.01 secs] 
273.633: [GC (CMS Initial Mark) [1 CMS-initial-mark: 52201K(102400K)] 62441K(194560K), 0.0002712 secs] [Times: user=0.00 sys=0.00, real=0.00 secs] 
273.634: [CMS-concurrent-mark-start]
273.637: [CMS-concurrent-mark: 0.003/0.003 secs] [Times: user=0.03 sys=0.00, real=0.00 secs] 
273.637: [CMS-concurrent-preclean-start]
273.638: [CMS-concurrent-preclean: 0.001/0.001 secs] [Times: user=0.00 sys=0.00, real=0.00 secs] 
273.638: [CMS-concurrent-abortable-preclean-start]
274.644: [GC (Allocation Failure) 274.644: [ParNew: 73282K->0K(92160K), 0.0038519 secs] 125484K->62441K(194560K), 0.0040003 secs] [Times: user=0.00 sys=0.00, real=0.00 secs] 
275.661: [GC (Allocation Failure) 275.661: [ParNew: 73282K->0K(92160K), 0.0008112 secs] 135724K->62441K(194560K), 0.0009375 secs] [Times: user=0.00 sys=0.00, real=0.00 secs] 
275.662: [CMS-concurrent-abortable-preclean: 0.010/2.024 secs] [Times: user=0.02 sys=0.00, real=2.02 secs] 
275.663: [GC (CMS Final Remark) [YG occupancy: 10240 K (92160 K)]275.663: [Rescan (parallel) , 0.0003434 secs]275.664: [weak refs processing, 0.0000221 secs]275.664: [class unloading, 0.0005420 secs]275.664: [scrub symbol table, 0.0011163 secs]275.666: [scrub string table, 0.0003718 secs][1 CMS-remark: 62441K(102400K)] 72681K(194560K), 0.0025761 secs] [Times: user=0.01 sys=0.00, real=0.00 secs] 
275.666: [CMS-concurrent-sweep-start]
275.667: [CMS-concurrent-sweep: 0.001/0.001 secs] [Times: user=0.00 sys=0.00, real=0.00 secs] 
275.667: [CMS-concurrent-reset-start]
275.667: [CMS-concurrent-reset: 0.000/0.000 secs] [Times: user=0.00 sys=0.00, real=0.00 secs] 
276.674: [GC (Allocation Failure) 276.674: [ParNew: 73282K->0K(92160K), 0.0019267 secs] 105004K->41961K(194560K), 0.0020088 secs] [Times: user=0.00 sys=0.00, real=0.00 secs] 
277.684: [GC (Allocation Failure) 277.684: [ParNew: 73282K->0K(92160K), 0.0039754 secs] 115244K->52201K(194560K), 0.0041160 secs] [Times: user=0.00 sys=0.00, real=0.00 secs] 
278.699: [GC (Allocation Failure) 278.699: [ParNew: 73282K->0K(92160K), 0.0020874 secs] 125484K->62441K(194560K), 0.0021723 secs] [Times: user=0.00 sys=0.00, real=0.00 secs] 
279.708: [GC (Allocation Failure) 279.709: [ParNew: 73282K->0K(92160K), 0.0009667 secs] 135724K->62441K(194560K), 0.0011092 secs] [Times: user=0.00 sys=0.00, real=0.00 secs] 
279.722: [GC (Allocation Failure) 279.722: [ParNew: 73282K->0K(92160K), 0.0101543 secs] 135724K->93161K(194560K), 0.0102751 secs] [Times: user=0.06 sys=0.00, real=0.01 secs] 
279.734: [GC (CMS Initial Mark) [1 CMS-initial-mark: 93161K(102400K)] 103401K(194560K), 0.0001986 secs] [Times: user=0.00 sys=0.00, real=0.00 secs] 
279.734: [CMS-concurrent-mark-start]
279.736: [CMS-concurrent-mark: 0.002/0.002 secs] [Times: user=0.00 sys=0.00, real=0.00 secs] 
279.736: [CMS-concurrent-preclean-start]
279.736: [CMS-concurrent-preclean: 0.000/0.000 secs] [Times: user=0.00 sys=0.00, real=0.00 secs] 
279.737: [CMS-concurrent-abortable-preclean-start]
279.737: [CMS-concurrent-abortable-preclean: 0.000/0.000 secs] [Times: user=0.00 sys=0.00, real=0.00 secs] 
279.737: [GC (CMS Final Remark) [YG occupancy: 10240 K (92160 K)]279.737: [Rescan (parallel) , 0.0003316 secs]279.737: [weak refs processing, 0.0000158 secs]279.737: [class unloading, 0.0003178 secs]279.737: [scrub symbol table, 0.0006636 secs]279.738: [scrub string table, 0.0002400 secs][1 CMS-remark: 93161K(102400K)] 103401K(194560K), 0.0017001 secs] [Times: user=0.00 sys=0.00, real=0.00 secs] 
279.739: [CMS-concurrent-sweep-start]
279.739: [CMS-concurrent-sweep: 0.000/0.000 secs] [Times: user=0.00 sys=0.00, real=0.00 secs] 
279.739: [CMS-concurrent-reset-start]
279.739: [CMS-concurrent-reset: 0.000/0.000 secs] [Times: user=0.00 sys=0.00, real=0.00 secs] 
280.744: [GC (Allocation Failure) 280.744: [ParNew: 73282K->0K(92160K), 0.0080278 secs] 105004K->52201K(194560K), 0.0081743 secs] [Times: user=0.00 sys=0.00, real=0.01 secs] 
280.754: [GC (CMS Initial Mark) [1 CMS-initial-mark: 52201K(102400K)] 62441K(194560K), 0.0002234 secs] [Times: user=0.00 sys=0.00, real=0.00 secs] 
280.755: [CMS-concurrent-mark-start]
280.757: [CMS-concurrent-mark: 0.003/0.003 secs] [Times: user=0.00 sys=0.00, real=0.00 secs] 
280.758: [CMS-concurrent-preclean-start]
280.758: [CMS-concurrent-preclean: 0.000/0.000 secs] [Times: user=0.00 sys=0.00, real=0.00 secs] 
280.758: [CMS-concurrent-abortable-preclean-start]
281.765: [GC (Allocation Failure) 281.765: [ParNew: 73282K->0K(92160K), 0.0037670 secs] 125484K->62441K(194560K), 0.0039249 secs] [Times: user=0.00 sys=0.00, real=0.00 secs] 
282.786: [GC (Allocation Failure) 282.786: [ParNew: 73282K->0K(92160K), 0.0010844 secs] 135724K->62441K(194560K), 0.0012186 secs] [Times: user=0.00 sys=0.00, real=0.00 secs] 
282.787: [CMS-concurrent-abortable-preclean: 0.010/2.029 secs] [Times: user=0.03 sys=0.00, real=2.03 secs] 
282.790: [GC (CMS Final Remark) [YG occupancy: 10240 K (92160 K)]282.790: [Rescan (parallel) , 0.0005305 secs]282.790: [weak refs processing, 0.0000339 secs]282.790: [class unloading, 0.0006493 secs]282.791: [scrub symbol table, 0.0015865 secs]282.793: [scrub string table, 0.0003971 secs][1 CMS-remark: 62441K(102400K)] 72681K(194560K), 0.0034544 secs] [Times: user=0.05 sys=0.00, real=0.00 secs] 
282.793: [CMS-concurrent-sweep-start]
282.794: [CMS-concurrent-sweep: 0.001/0.001 secs] [Times: user=0.00 sys=0.00, real=0.00 secs] 
282.794: [CMS-concurrent-reset-start]
282.795: [CMS-concurrent-reset: 0.000/0.000 secs] [Times: user=0.00 sys=0.00, real=0.00 secs] 
283.803: [GC (Allocation Failure) 283.803: [ParNew: 73282K->0K(92160K), 0.0042727 secs] 105004K->41961K(194560K), 0.0044396 secs] [Times: user=0.06 sys=0.00, real=0.00 secs] 
284.817: [GC (Allocation Failure) 284.818: [ParNew: 73282K->0K(92160K), 0.0023167 secs] 115244K->52201K(194560K), 0.0024075 secs] [Times: user=0.00 sys=0.00, real=0.00 secs] 
285.827: [GC (Allocation Failure) 285.827: [ParNew: 73282K->0K(92160K), 0.0040271 secs] 125484K->62441K(194560K), 0.0041716 secs] [Times: user=0.00 sys=0.00, real=0.00 secs] 
286.843: [GC (Allocation Failure) 286.843: [ParNew: 73282K->0K(92160K), 0.0005668 secs] 135724K->62441K(194560K), 0.0006758 secs] [Times: user=0.00 sys=0.00, real=0.00 secs] 
286.850: [GC (Allocation Failure) 286.850: [ParNew: 73282K->0K(92160K), 0.0057691 secs] 135724K->93161K(194560K), 0.0058611 secs] [Times: user=0.06 sys=0.00, real=0.01 secs] 
286.857: [GC (CMS Initial Mark) [1 CMS-initial-mark: 93161K(102400K)] 103401K(194560K), 0.0002013 secs] [Times: user=0.00 sys=0.00, real=0.00 secs] 
286.858: [CMS-concurrent-mark-start]
286.860: [CMS-concurrent-mark: 0.002/0.002 secs] [Times: user=0.00 sys=0.00, real=0.00 secs] 
286.860: [CMS-concurrent-preclean-start]
286.860: [CMS-concurrent-preclean: 0.000/0.000 secs] [Times: user=0.00 sys=0.00, real=0.00 secs] 
286.860: [CMS-concurrent-abortable-preclean-start]
286.860: [CMS-concurrent-abortable-preclean: 0.000/0.000 secs] [Times: user=0.00 sys=0.00, real=0.00 secs] 
286.860: [GC (CMS Final Remark) [YG occupancy: 10240 K (92160 K)]286.860: [Rescan (parallel) , 0.0002136 secs]286.860: [weak refs processing, 0.0000205 secs]286.860: [class unloading, 0.0004674 secs]286.861: [scrub symbol table, 0.0006722 secs]286.861: [scrub string table, 0.0002061 secs][1 CMS-remark: 93161K(102400K)] 103401K(194560K), 0.0017238 secs] [Times: user=0.00 sys=0.00, real=0.00 secs] 
286.862: [CMS-concurrent-sweep-start]
286.862: [CMS-concurrent-sweep: 0.000/0.000 secs] [Times: user=0.00 sys=0.00, real=0.00 secs] 
286.862: [CMS-concurrent-reset-start]
286.862: [CMS-concurrent-reset: 0.000/0.000 secs] [Times: user=0.00 sys=0.00, real=0.00 secs] 
287.862: [GC (Allocation Failure) 287.862: [ParNew: 73282K->0K(92160K), 0.0034556 secs] 105004K->52201K(194560K), 0.0035400 secs] [Times: user=0.00 sys=0.00, real=0.00 secs] 
287.866: [GC (CMS Initial Mark) [1 CMS-initial-mark: 52201K(102400K)] 62441K(194560K), 0.0001330 secs] [Times: user=0.00 sys=0.00, real=0.00 secs] 
287.866: [CMS-concurrent-mark-start]
287.870: [CMS-concurrent-mark: 0.004/0.004 secs] [Times: user=0.01 sys=0.00, real=0.00 secs] 
287.870: [CMS-concurrent-preclean-start]
287.870: [CMS-concurrent-preclean: 0.000/0.000 secs] [Times: user=0.00 sys=0.00, real=0.00 secs] 
287.870: [CMS-concurrent-abortable-preclean-start]
288.877: [GC (Allocation Failure) 288.877: [ParNew: 73282K->0K(92160K), 0.0039790 secs] 125484K->62441K(194560K), 0.0041468 secs] [Times: user=0.00 sys=0.00, real=0.00 secs] 
289.896: [GC (Allocation Failure) 289.896: [ParNew: 73282K->0K(92160K), 0.0004615 secs] 135724K->62441K(194560K), 0.0005408 secs] [Times: user=0.00 sys=0.00, real=0.00 secs] 
290.098: [CMS-concurrent-abortable-preclean: 0.009/2.227 secs] [Times: user=0.05 sys=0.00, real=2.23 secs] 
290.098: [GC (CMS Final Remark) [YG occupancy: 42562 K (92160 K)]290.098: [Rescan (parallel) , 0.0003565 secs]290.098: [weak refs processing, 0.0000253 secs]290.098: [class unloading, 0.0005096 secs]290.099: [scrub symbol table, 0.0010409 secs]290.100: [scrub string table, 0.0003572 secs][1 CMS-remark: 62441K(102400K)] 105004K(194560K), 0.0024723 secs] [Times: user=0.00 sys=0.00, real=0.00 secs] 
290.101: [CMS-concurrent-sweep-start]
290.101: [CMS-concurrent-sweep: 0.001/0.001 secs] [Times: user=0.00 sys=0.00, real=0.00 secs] 
290.101: [CMS-concurrent-reset-start]
290.102: [CMS-concurrent-reset: 0.000/0.000 secs] [Times: user=0.00 sys=0.00, real=0.00 secs] 
290.906: [GC (Allocation Failure) 290.907: [ParNew: 73282K->0K(92160K), 0.0008049 secs] 105004K->31721K(194560K), 0.0009229 secs] [Times: user=0.00 sys=0.00, real=0.00 secs] 
291.922: [GC (Allocation Failure) 291.922: [ParNew: 73282K->0K(92160K), 0.0008633 secs] 105004K->31721K(194560K), 0.0009916 secs] [Times: user=0.00 sys=0.00, real=0.00 secs] 
292.938: [GC (Allocation Failure) 292.939: [ParNew: 73295K->0K(92160K), 0.0012296 secs] 105016K->31721K(194560K), 0.0013733 secs] [Times: user=0.00 sys=0.00, real=0.00 secs] 
293.956: [GC (Allocation Failure) 293.956: [ParNew: 73290K->0K(92160K), 0.0008092 secs] 105012K->31721K(194560K), 0.0009190 secs] [Times: user=0.00 sys=0.00, real=0.00 secs] 
293.970: [GC (Allocation Failure) 293.971: [ParNew: 73287K->0K(92160K), 0.0009529 secs] 105009K->31721K(194560K), 0.0010812 secs] [Times: user=0.00 sys=0.00, real=0.00 secs] 
294.986: [GC (Allocation Failure) 294.986: [ParNew: 73286K->0K(92160K), 0.0008147 secs] 105007K->31721K(194560K), 0.0009328 secs] [Times: user=0.00 sys=0.00, real=0.00 secs] 
296.002: [GC (Allocation Failure) 296.002: [ParNew: 73284K->0K(92160K), 0.0008021 secs] 105006K->31721K(194560K), 0.0009071 secs] [Times: user=0.00 sys=0.00, real=0.00 secs] 
297.018: [GC (Allocation Failure) 297.018: [ParNew: 73284K->0K(92160K), 0.0008246 secs] 105005K->31721K(194560K), 0.0009359 secs] [Times: user=0.00 sys=0.00, real=0.00 secs] 
298.032: [GC (Allocation Failure) 298.032: [ParNew: 73283K->0K(92160K), 0.0005578 secs] 105005K->31721K(194560K), 0.0006580 secs] [Times: user=0.00 sys=0.00, real=0.00 secs] 
299.042: [GC (Allocation Failure) 299.043: [ParNew: 73283K->0K(92160K), 0.0003561 secs] 105004K->31721K(194560K), 0.0004228 secs] [Times: user=0.00 sys=0.00, real=0.00 secs] 
300.052: [GC (Allocation Failure) 300.053: [ParNew: 73283K->0K(92160K), 0.0008242 secs] 105004K->31721K(194560K), 0.0009695 secs] [Times: user=0.00 sys=0.00, real=0.00 secs] 
301.069: [GC (Allocation Failure) 301.069: [ParNew: 73282K->0K(92160K), 0.0008515 secs] 105004K->31721K(194560K), 0.0009711 secs] [Times: user=0.00 sys=0.00, real=0.00 secs] 
301.084: [GC (Allocation Failure) 301.084: [ParNew: 73282K->0K(92160K), 0.0007820 secs] 105004K->31721K(194560K), 0.0008969 secs] [Times: user=0.00 sys=0.00, real=0.00 secs] 
302.099: [GC (Allocation Failure) 302.099: [ParNew: 73282K->0K(92160K), 0.0008534 secs] 105004K->31721K(194560K), 0.0009872 secs] [Times: user=0.00 sys=0.00, real=0.00 secs] 
303.113: [GC (Allocation Failure) 303.113: [ParNew: 73282K->0K(92160K), 0.0008463 secs] 105004K->31721K(194560K), 0.0009722 secs] [Times: user=0.00 sys=0.00, real=0.00 secs] 
304.125: [GC (Allocation Failure) 304.125: [ParNew: 73282K->0K(92160K), 0.0004970 secs] 105004K->31721K(194560K), 0.0005724 secs] [Times: user=0.00 sys=0.00, real=0.00 secs] 
305.136: [GC (Allocation Failure) 305.136: [ParNew: 73282K->0K(92160K), 0.0011791 secs] 105004K->31721K(194560K), 0.0013307 secs] [Times: user=0.00 sys=0.00, real=0.00 secs] 
306.154: [GC (Allocation Failure) 306.154: [ParNew: 73282K->0K(92160K), 0.0010654 secs] 105004K->31721K(194560K), 0.0011984 secs] [Times: user=0.00 sys=0.00, real=0.00 secs] 
307.170: [GC (Allocation Failure) 307.170: [ParNew: 73282K->0K(92160K), 0.0005747 secs] 105004K->31721K(194560K), 0.0006596 secs] [Times: user=0.00 sys=0.00, real=0.00 secs] 
308.179: [GC (Allocation Failure) 308.180: [ParNew: 73282K->0K(92160K), 0.0003466 secs] 105004K->31721K(194560K), 0.0004176 secs] [Times: user=0.00 sys=0.00, real=0.00 secs] 
308.189: [GC (Allocation Failure) 308.189: [ParNew: 73282K->0K(92160K), 0.0003845 secs] 105004K->31721K(194560K), 0.0004551 secs] [Times: user=0.00 sys=0.00, real=0.00 secs] 
309.201: [GC (Allocation Failure) 309.201: [ParNew: 73282K->0K(92160K), 0.0008250 secs] 105004K->31721K(194560K), 0.0009458 secs] [Times: user=0.00 sys=0.00, real=0.00 secs] 
310.216: [GC (Allocation Failure) 310.216: [ParNew: 73282K->0K(92160K), 0.0007950 secs] 105004K->31721K(194560K), 0.0009395 secs] [Times: user=0.00 sys=0.00, real=0.00 secs] 
311.231: [GC (Allocation Failure) 311.231: [ParNew: 73282K->0K(92160K), 0.0007859 secs] 105004K->31721K(194560K), 0.0009055 secs] [Times: user=0.00 sys=0.00, real=0.00 secs] 
312.246: [GC (Allocation Failure) 312.246: [ParNew: 73282K->0K(92160K), 0.0008092 secs] 105004K->31721K(194560K), 0.0009359 secs] [Times: user=0.00 sys=0.00, real=0.00 secs] 
313.261: [GC (Allocation Failure) 313.261: [ParNew: 73282K->0K(92160K), 0.0007796 secs] 105004K->31721K(194560K), 0.0009079 secs] [Times: user=0.00 sys=0.00, real=0.00 secs] 
314.276: [GC (Allocation Failure) 314.276: [ParNew: 73282K->0K(92160K), 0.0009217 secs] 105004K->31721K(194560K), 0.0010319 secs] [Times: user=0.00 sys=0.00, real=0.00 secs] 
315.290: [GC (Allocation Failure) 315.291: [ParNew: 73282K->0K(92160K), 0.0008155 secs] 105004K->31721K(194560K), 0.0009513 secs] [Times: user=0.00 sys=0.00, real=0.00 secs] 
315.305: [GC (Allocation Failure) 315.305: [ParNew: 73282K->0K(92160K), 0.0010255 secs] 105004K->31721K(194560K), 0.0011696 secs] [Times: user=0.06 sys=0.00, real=0.00 secs] 
316.320: [GC (Allocation Failure) 316.320: [ParNew: 73282K->0K(92160K), 0.0008294 secs] 105004K->31721K(194560K), 0.0009576 secs] [Times: user=0.00 sys=0.00, real=0.00 secs] 
317.335: [GC (Allocation Failure) 317.335: [ParNew: 73282K->0K(92160K), 0.0008147 secs] 105004K->31721K(194560K), 0.0009490 secs] [Times: user=0.00 sys=0.00, real=0.00 secs] 
318.347: [GC (Allocation Failure) 318.347: [ParNew: 73282K->0K(92160K), 0.0003466 secs] 105004K->31721K(194560K), 0.0004090 secs] [Times: user=0.00 sys=0.00, real=0.00 secs] 
319.358: [GC (Allocation Failure) 319.358: [ParNew: 73282K->0K(92160K), 0.0007958 secs] 105004K->31721K(194560K), 0.0009221 secs] [Times: user=0.00 sys=0.00, real=0.00 secs] 
320.373: [GC (Allocation Failure) 320.374: [ParNew: 73282K->0K(92160K), 0.0007820 secs] 105004K->31721K(194560K), 0.0009158 secs] [Times: user=0.00 sys=0.00, real=0.00 secs] 
321.388: [GC (Allocation Failure) 321.388: [ParNew: 73282K->0K(92160K), 0.0008250 secs] 105004K->31721K(194560K), 0.0009608 secs] [Times: user=0.00 sys=0.00, real=0.00 secs] 
322.402: [GC (Allocation Failure) 322.402: [ParNew: 73282K->0K(92160K), 0.0008704 secs] 105004K->31721K(194560K), 0.0010007 secs] [Times: user=0.00 sys=0.00, real=0.00 secs] 
322.417: [GC (Allocation Failure) 322.417: [ParNew: 73282K->0K(92160K), 0.0008001 secs] 105004K->31721K(194560K), 0.0009091 secs] [Times: user=0.00 sys=0.00, real=0.00 secs] 
323.431: [GC (Allocation Failure) 323.431: [ParNew: 73282K->0K(92160K), 0.0009272 secs] 105004K->31721K(194560K), 0.0010721 secs] [Times: user=0.05 sys=0.02, real=0.00 secs] 
324.447: [GC (Allocation Failure) 324.447: [ParNew: 73282K->0K(92160K), 0.0008191 secs] 105004K->31721K(194560K), 0.0009490 secs] [Times: user=0.00 sys=0.00, real=0.00 secs] 
325.462: [GC (Allocation Failure) 325.462: [ParNew: 73282K->0K(92160K), 0.0008665 secs] 105004K->31721K(194560K), 0.0010117 secs] [Times: user=0.05 sys=0.00, real=0.00 secs] 
326.476: [GC (Allocation Failure) 326.476: [ParNew: 73282K->0K(92160K), 0.0008072 secs] 105004K->31721K(194560K), 0.0009399 secs] [Times: user=0.00 sys=0.00, real=0.00 secs] 
327.490: [GC (Allocation Failure) 327.490: [ParNew: 73282K->0K(92160K), 0.0007697 secs] 105004K->31721K(194560K), 0.0009158 secs] [Times: user=0.00 sys=0.00, real=0.00 secs] 
328.504: [GC (Allocation Failure) 328.504: [ParNew: 73282K->0K(92160K), 0.0004247 secs] 105004K->31721K(194560K), 0.0005001 secs] [Times: user=0.00 sys=0.00, real=0.00 secs] 
329.513: [GC (Allocation Failure) 329.513: [ParNew: 73282K->0K(92160K), 0.0009541 secs] 105004K->31721K(194560K), 0.0010994 secs] [Times: user=0.00 sys=0.00, real=0.00 secs] 
329.527: [GC (Allocation Failure) 329.527: [ParNew: 73282K->0K(92160K), 0.0008700 secs] 105004K->31721K(194560K), 0.0009746 secs] [Times: user=0.00 sys=0.00, real=0.00 secs] 
330.542: [GC (Allocation Failure) 330.542: [ParNew: 73282K->0K(92160K), 0.0008211 secs] 105004K->31721K(194560K), 0.0009494 secs] [Times: user=0.00 sys=0.00, real=0.00 secs] 
331.557: [GC (Allocation Failure) 331.557: [ParNew: 73282K->0K(92160K), 0.0008432 secs] 105004K->31721K(194560K), 0.0009786 secs] [Times: user=0.00 sys=0.00, real=0.00 secs] 
332.572: [GC (Allocation Failure) 332.572: [ParNew: 73282K->0K(92160K), 0.0008866 secs] 105004K->31721K(194560K), 0.0010137 secs] [Times: user=0.06 sys=0.00, real=0.00 secs] 
333.584: [GC (Allocation Failure) 333.584: [ParNew: 73282K->0K(92160K), 0.0004212 secs] 105004K->31721K(194560K), 0.0004749 secs] [Times: user=0.00 sys=0.00, real=0.00 secs] 
334.595: [GC (Allocation Failure) 334.595: [ParNew: 73282K->0K(92160K), 0.0010958 secs] 105004K->31721K(194560K), 0.0012411 secs] [Times: user=0.00 sys=0.00, real=0.00 secs] 
335.609: [GC (Allocation Failure) 335.610: [ParNew: 73282K->0K(92160K), 0.0006454 secs] 105004K->31721K(194560K), 0.0007437 secs] [Times: user=0.00 sys=0.00, real=0.00 secs] 
336.620: [GC (Allocation Failure) 336.620: [ParNew: 73282K->0K(92160K), 0.0010066 secs] 105004K->31721K(194560K), 0.0011511 secs] [Times: user=0.00 sys=0.00, real=0.00 secs] 
336.634: [GC (Allocation Failure) 336.634: [ParNew: 73282K->0K(92160K), 0.0009091 secs] 105004K->31721K(194560K), 0.0010180 secs] [Times: user=0.00 sys=0.00, real=0.00 secs] 
337.649: [GC (Allocation Failure) 337.649: [ParNew: 73282K->0K(92160K), 0.0009734 secs] 105004K->31721K(194560K), 0.0010800 secs] [Times: user=0.06 sys=0.00, real=0.00 secs] 
338.660: [GC (Allocation Failure) 338.660: [ParNew: 73282K->0K(92160K), 0.0003833 secs] 105004K->31721K(194560K), 0.0004603 secs] [Times: user=0.00 sys=0.00, real=0.00 secs] 
339.672: [GC (Allocation Failure) 339.672: [ParNew: 73282K->0K(92160K), 0.0007745 secs] 105004K->31721K(194560K), 0.0009095 secs] [Times: user=0.00 sys=0.00, real=0.00 secs] 
340.686: [GC (Allocation Failure) 340.686: [ParNew: 73282K->0K(92160K), 0.0009482 secs] 105004K->31721K(194560K), 0.0010599 secs] [Times: user=0.00 sys=0.00, real=0.00 secs] 
341.701: [GC (Allocation Failure) 341.701: [ParNew: 73282K->0K(92160K), 0.0008554 secs] 105004K->31721K(194560K), 0.0009825 secs] [Times: user=0.00 sys=0.00, real=0.00 secs] 
342.716: [GC (Allocation Failure) 342.716: [ParNew: 73282K->0K(92160K), 0.0008282 secs] 105004K->31721K(194560K), 0.0009655 secs] [Times: user=0.00 sys=0.00, real=0.00 secs] 
343.730: [GC (Allocation Failure) 343.731: [ParNew: 73282K->0K(92160K), 0.0009051 secs] 105004K->31721K(194560K), 0.0010354 secs] [Times: user=0.00 sys=0.00, real=0.00 secs] 
343.745: [GC (Allocation Failure) 343.745: [ParNew: 73282K->0K(92160K), 0.0008037 secs] 105004K->31721K(194560K), 0.0009332 secs] [Times: user=0.00 sys=0.00, real=0.00 secs] 
344.761: [GC (Allocation Failure) 344.761: [ParNew: 73282K->0K(92160K), 0.0008041 secs] 105004K->31721K(194560K), 0.0009126 secs] [Times: user=0.00 sys=0.00, real=0.00 secs] 
345.776: [GC (Allocation Failure) 345.776: [ParNew: 73282K->0K(92160K), 0.0008025 secs] 105004K->31721K(194560K), 0.0009229 secs] [Times: user=0.00 sys=0.00, real=0.00 secs] 
346.791: [GC (Allocation Failure) 346.791: [ParNew: 73282K->0K(92160K), 0.0007840 secs] 105004K->31721K(194560K), 0.0009205 secs] [Times: user=0.00 sys=0.00, real=0.00 secs] 
347.805: [GC (Allocation Failure) 347.805: [ParNew: 73282K->0K(92160K), 0.0007970 secs] 105004K->31721K(194560K), 0.0009063 secs] [Times: user=0.00 sys=0.00, real=0.00 secs] 
348.818: [GC (Allocation Failure) 348.818: [ParNew: 73282K->0K(92160K), 0.0003959 secs] 105004K->31721K(194560K), 0.0004875 secs] [Times: user=0.00 sys=0.00, real=0.00 secs] 
349.827: [GC (Allocation Failure) 349.827: [ParNew: 73282K->0K(92160K), 0.0010788 secs] 105004K->31721K(194560K), 0.0011929 secs] [Times: user=0.00 sys=0.00, real=0.00 secs] 
350.841: [GC (Allocation Failure) 350.841: [ParNew: 73282K->0K(92160K), 0.0008155 secs] 105004K->31721K(194560K), 0.0009359 secs] [Times: user=0.00 sys=0.00, real=0.00 secs] 
350.856: [GC (Allocation Failure) 350.856: [ParNew: 73282K->0K(92160K), 0.0008483 secs] 105004K->31721K(194560K), 0.0009612 secs] [Times: user=0.00 sys=0.00, real=0.00 secs] 
351.870: [GC (Allocation Failure) 351.870: [ParNew: 73282K->0K(92160K), 0.0008637 secs] 105004K->31721K(194560K), 0.0010157 secs] [Times: user=0.00 sys=0.00, real=0.00 secs] 
352.886: [GC (Allocation Failure) 352.886: [ParNew: 73282K->0K(92160K), 0.0008163 secs] 105004K->31721K(194560K), 0.0009651 secs] [Times: user=0.00 sys=0.00, real=0.00 secs] 
353.900: [GC (Allocation Failure) 353.900: [ParNew: 73282K->0K(92160K), 0.0008791 secs] 105004K->31721K(194560K), 0.0009991 secs] [Times: user=0.00 sys=0.00, real=0.00 secs] 
354.915: [GC (Allocation Failure) 354.915: [ParNew: 73282K->0K(92160K), 0.0007997 secs] 105004K->31721K(194560K), 0.0009134 secs] [Times: user=0.06 sys=0.00, real=0.00 secs] 
355.929: [GC (Allocation Failure) 355.929: [ParNew: 73282K->0K(92160K), 0.0008163 secs] 105004K->31721K(194560K), 0.0009892 secs] [Times: user=0.00 sys=0.00, real=0.00 secs] 
356.944: [GC (Allocation Failure) 356.944: [ParNew: 73282K->0K(92160K), 0.0008384 secs] 105004K->31721K(194560K), 0.0009466 secs] [Times: user=0.00 sys=0.00, real=0.00 secs] 
357.959: [GC (Allocation Failure) 357.959: [ParNew: 73282K->0K(92160K), 0.0008815 secs] 105004K->31721K(194560K), 0.0010113 secs] [Times: user=0.00 sys=0.00, real=0.00 secs] 
357.975: [GC (Allocation Failure) 357.975: [ParNew: 73282K->0K(92160K), 0.0008057 secs] 105004K->31721K(194560K), 0.0009217 secs] [Times: user=0.00 sys=0.00, real=0.00 secs] 
358.991: [GC (Allocation Failure) 358.991: [ParNew: 73282K->0K(92160K), 0.0009525 secs] 105004K->31721K(194560K), 0.0010642 secs] [Times: user=0.00 sys=0.00, real=0.00 secs] 
360.001: [GC (Allocation Failure) 360.001: [ParNew: 73282K->0K(92160K), 0.0005297 secs] 105004K->31721K(194560K), 0.0006379 secs] [Times: user=0.00 sys=0.00, real=0.00 secs] 
361.015: [GC (Allocation Failure) 361.015: [ParNew: 73282K->0K(92160K), 0.0008072 secs] 105004K->31721K(194560K), 0.0009253 secs] [Times: user=0.00 sys=0.00, real=0.00 secs] 
362.032: [GC (Allocation Failure) 362.032: [ParNew: 73282K->0K(92160K), 0.0008495 secs] 105004K->31721K(194560K), 0.0009888 secs] [Times: user=0.00 sys=0.00, real=0.00 secs] 
363.048: [GC (Allocation Failure) 363.048: [ParNew: 73282K->0K(92160K), 0.0011301 secs] 105004K->31721K(194560K), 0.0012880 secs] [Times: user=0.00 sys=0.00, real=0.00 secs] 
364.064: [GC (Allocation Failure) 364.064: [ParNew: 73282K->0K(92160K), 0.0006497 secs] 105004K->31721K(194560K), 0.0007555 secs] [Times: user=0.00 sys=0.00, real=0.00 secs] 
365.076: [GC (Allocation Failure) 365.076: [ParNew: 73282K->0K(92160K), 0.0010421 secs] 105004K->31721K(194560K), 0.0011692 secs] [Times: user=0.00 sys=0.00, real=0.00 secs] 
365.088: [GC (Allocation Failure) 365.088: [ParNew: 73282K->0K(92160K), 0.0003865 secs] 105004K->31721K(194560K), 0.0004453 secs] [Times: user=0.00 sys=0.00, real=0.00 secs] 
366.096: [GC (Allocation Failure) 366.096: [ParNew: 73282K->0K(92160K), 0.0003983 secs] 105004K->31721K(194560K), 0.0004670 secs] [Times: user=0.00 sys=0.00, real=0.00 secs] 
367.105: [GC (Allocation Failure) 367.105: [ParNew: 73282K->0K(92160K), 0.0005376 secs] 105004K->31721K(194560K), 0.0006154 secs] [Times: user=0.00 sys=0.00, real=0.00 secs] 
368.114: [GC (Allocation Failure) 368.114: [ParNew: 73282K->0K(92160K), 0.0005736 secs] 105004K->31721K(194560K), 0.0006545 secs] [Times: user=0.00 sys=0.00, real=0.00 secs] 
369.124: [GC (Allocation Failure) 369.124: [ParNew: 73282K->0K(92160K), 0.0005862 secs] 105004K->31721K(194560K), 0.0006837 secs] [Times: user=0.00 sys=0.00, real=0.00 secs] 
370.134: [GC (Allocation Failure) 370.134: [ParNew: 73282K->0K(92160K), 0.0003415 secs] 105004K->31721K(194560K), 0.0003963 secs] [Times: user=0.00 sys=0.00, real=0.00 secs] 
371.142: [GC (Allocation Failure) 371.142: [ParNew: 73282K->0K(92160K), 0.0008475 secs] 105004K->31721K(194560K), 0.0009675 secs] [Times: user=0.00 sys=0.00, real=0.00 secs] 
372.158: [GC (Allocation Failure) 372.158: [ParNew: 73282K->0K(92160K), 0.0010240 secs] 105004K->31721K(194560K), 0.0011562 secs] [Times: user=0.00 sys=0.00, real=0.00 secs] 
372.174: [GC (Allocation Failure) 372.174: [ParNew: 73282K->0K(92160K), 0.0009928 secs] 105004K->31721K(194560K), 0.0011317 secs] [Times: user=0.00 sys=0.00, real=0.00 secs] 
373.188: [GC (Allocation Failure) 373.188: [ParNew: 73282K->0K(92160K), 0.0008554 secs] 105004K->31721K(194560K), 0.0009979 secs] [Times: user=0.00 sys=0.00, real=0.00 secs] 
374.200: [GC (Allocation Failure) 374.200: [ParNew: 73282K->0K(92160K), 0.0005325 secs] 105004K->31721K(194560K), 0.0006190 secs] [Times: user=0.00 sys=0.00, real=0.00 secs] 
375.212: [GC (Allocation Failure) 375.212: [ParNew: 73282K->0K(92160K), 0.0008203 secs] 105004K->31721K(194560K), 0.0009667 secs] [Times: user=0.00 sys=0.00, real=0.00 secs] 
376.226: [GC (Allocation Failure) 376.226: [ParNew: 73282K->0K(92160K), 0.0009533 secs] 105004K->31721K(194560K), 0.0010887 secs] [Times: user=0.00 sys=0.00, real=0.00 secs] 
377.240: [GC (Allocation Failure) 377.240: [ParNew: 73282K->0K(92160K), 0.0009572 secs] 105004K->31721K(194560K), 0.0010994 secs] [Times: user=0.00 sys=0.00, real=0.00 secs] 
378.255: [GC (Allocation Failure) 378.255: [ParNew: 73282K->0K(92160K), 0.0008025 secs] 105004K->31721K(194560K), 0.0009142 secs] [Times: user=0.00 sys=0.00, real=0.00 secs] 
379.269: [GC (Allocation Failure) 379.269: [ParNew: 73282K->0K(92160K), 0.0008471 secs] 105004K->31721K(194560K), 0.0009758 secs] [Times: user=0.00 sys=0.00, real=0.00 secs] 
379.285: [GC (Allocation Failure) 379.285: [ParNew: 73282K->0K(92160K), 0.0008329 secs] 105004K->31721K(194560K), 0.0009541 secs] [Times: user=0.00 sys=0.00, real=0.00 secs] 
380.301: [GC (Allocation Failure) 380.301: [ParNew: 73282K->0K(92160K), 0.0008297 secs] 105004K->31721K(194560K), 0.0009545 secs] [Times: user=0.00 sys=0.00, real=0.00 secs] 
381.316: [GC (Allocation Failure) 381.316: [ParNew: 73282K->0K(92160K), 0.0011582 secs] 105004K->31721K(194560K), 0.0012999 secs] [Times: user=0.00 sys=0.00, real=0.00 secs] 
382.328: [GC (Allocation Failure) 382.328: [ParNew: 73282K->0K(92160K), 0.0004318 secs] 105004K->31721K(194560K), 0.0005163 secs] [Times: user=0.00 sys=0.00, real=0.00 secs] 
383.339: [GC (Allocation Failure) 383.339: [ParNew: 73282K->0K(92160K), 0.0007970 secs] 105004K->31721K(194560K), 0.0009379 secs] [Times: user=0.00 sys=0.00, real=0.00 secs] 
384.354: [GC (Allocation Failure) 384.354: [ParNew: 73282K->0K(92160K), 0.0007654 secs] 105004K->31721K(194560K), 0.0008586 secs] [Times: user=0.00 sys=0.00, real=0.00 secs] 
385.367: [GC (Allocation Failure) 385.367: [ParNew: 73282K->0K(92160K), 0.0008894 secs] 105004K->31721K(194560K), 0.0010200 secs] [Times: user=0.00 sys=0.00, real=0.00 secs] 
386.383: [GC (Allocation Failure) 386.383: [ParNew: 73282K->0K(92160K), 0.0011937 secs] 105004K->31721K(194560K), 0.0013382 secs] [Times: user=0.00 sys=0.00, real=0.00 secs] 
386.398: [GC (Allocation Failure) 386.398: [ParNew: 73282K->0K(92160K), 0.0008459 secs] 105004K->31721K(194560K), 0.0009821 secs] [Times: user=0.00 sys=0.00, real=0.00 secs] 
387.414: [GC (Allocation Failure) 387.414: [ParNew: 73282K->0K(92160K), 0.0008680 secs] 105004K->31721K(194560K), 0.0009841 secs] [Times: user=0.00 sys=0.00, real=0.00 secs] 
388.428: [GC (Allocation Failure) 388.428: [ParNew: 73282K->0K(92160K), 0.0008159 secs] 105004K->31721K(194560K), 0.0009612 secs] [Times: user=0.00 sys=0.00, real=0.00 secs] 
389.444: [GC (Allocation Failure) 389.444: [ParNew: 73282K->0K(92160K), 0.0008372 secs] 105004K->31721K(194560K), 0.0009497 secs] [Times: user=0.00 sys=0.00, real=0.00 secs] 
390.459: [GC (Allocation Failure) 390.459: [ParNew: 73282K->0K(92160K), 0.0006111 secs] 105004K->31721K(194560K), 0.0007468 secs] [Times: user=0.00 sys=0.00, real=0.00 secs] 
391.472: [GC (Allocation Failure) 391.472: [ParNew: 73282K->0K(92160K), 0.0008021 secs] 105004K->31721K(194560K), 0.0009221 secs] [Times: user=0.00 sys=0.00, real=0.00 secs] 
392.486: [GC (Allocation Failure) 392.486: [ParNew: 73282K->0K(92160K), 0.0007930 secs] 105004K->31721K(194560K), 0.0008984 secs] [Times: user=0.00 sys=0.00, real=0.00 secs] 
393.501: [GC (Allocation Failure) 393.501: [ParNew: 73282K->0K(92160K), 0.0007962 secs] 105004K->31721K(194560K), 0.0009197 secs] [Times: user=0.00 sys=0.00, real=0.00 secs] 
393.516: [GC (Allocation Failure) 393.516: [ParNew: 73282K->0K(92160K), 0.0008830 secs] 105004K->31721K(194560K), 0.0010117 secs] [Times: user=0.00 sys=0.00, real=0.00 secs] 
394.531: [GC (Allocation Failure) 394.531: [ParNew: 73282K->0K(92160K), 0.0009466 secs] 105004K->31721K(194560K), 0.0010922 secs] [Times: user=0.00 sys=0.00, real=0.00 secs] 
395.545: [GC (Allocation Failure) 395.545: [ParNew: 73282K->0K(92160K), 0.0007954 secs] 105004K->31721K(194560K), 0.0009158 secs] [Times: user=0.00 sys=0.00, real=0.00 secs] 
396.560: [GC (Allocation Failure) 396.560: [ParNew: 73282K->0K(92160K), 0.0008369 secs] 105004K->31721K(194560K), 0.0009695 secs] [Times: user=0.00 sys=0.00, real=0.00 secs] 
397.576: [GC (Allocation Failure) 397.576: [ParNew: 73282K->0K(92160K), 0.0008404 secs] 105004K->31721K(194560K), 0.0009600 secs] [Times: user=0.00 sys=0.00, real=0.00 secs] 
398.591: [GC (Allocation Failure) 398.591: [ParNew: 73282K->0K(92160K), 0.0008384 secs] 105004K->31721K(194560K), 0.0009750 secs] [Times: user=0.00 sys=0.00, real=0.00 secs] 
399.604: [GC (Allocation Failure) 399.604: [ParNew: 73282K->0K(92160K), 0.0003983 secs] 105004K->31721K(194560K), 0.0004646 secs] [Times: user=0.00 sys=0.00, real=0.00 secs] 
400.613: [GC (Allocation Failure) 400.613: [ParNew: 73282K->0K(92160K), 0.0003513 secs] 105004K->31721K(194560K), 0.0004141 secs] [Times: user=0.00 sys=0.00, real=0.00 secs] 
400.622: [GC (Allocation Failure) 400.622: [ParNew: 73282K->0K(92160K), 0.0004540 secs] 105004K->31721K(194560K), 0.0005203 secs] [Times: user=0.00 sys=0.00, real=0.00 secs] 
401.631: [GC (Allocation Failure) 401.631: [ParNew: 73282K->0K(92160K), 0.0003462 secs] 105004K->31721K(194560K), 0.0004141 secs] [Times: user=0.00 sys=0.00, real=0.00 secs] 
402.645: [GC (Allocation Failure) 402.645: [ParNew: 73282K->0K(92160K), 0.0010196 secs] 105004K->31721K(194560K), 0.0011455 secs] [Times: user=0.00 sys=0.00, real=0.00 secs] 
403.663: [GC (Allocation Failure) 403.663: [ParNew: 73282K->0K(92160K), 0.0004417 secs] 105004K->31721K(194560K), 0.0005009 secs] [Times: user=0.00 sys=0.00, real=0.00 secs] 
404.674: [GC (Allocation Failure) 404.674: [ParNew: 73282K->0K(92160K), 0.0008065 secs] 105004K->31721K(194560K), 0.0009312 secs] [Times: user=0.00 sys=0.00, real=0.00 secs] 
405.689: [GC (Allocation Failure) 405.689: [ParNew: 73282K->0K(92160K), 0.0004346 secs] 105004K->31721K(194560K), 0.0005254 secs] [Times: user=0.00 sys=0.00, real=0.00 secs] 
406.699: [GC (Allocation Failure) 406.699: [ParNew: 73282K->0K(92160K), 0.0008155 secs] 105004K->31721K(194560K), 0.0009513 secs] [Times: user=0.00 sys=0.00, real=0.00 secs] 
407.714: [GC (Allocation Failure) 407.714: [ParNew: 73282K->0K(92160K), 0.0010251 secs] 105004K->31721K(194560K), 0.0011672 secs] [Times: user=0.00 sys=0.00, real=0.00 secs] 
407.729: [GC (Allocation Failure) 407.729: [ParNew: 73282K->0K(92160K), 0.0008345 secs] 105004K->31721K(194560K), 0.0009651 secs] [Times: user=0.00 sys=0.00, real=0.00 secs] 
408.745: [GC (Allocation Failure) 408.745: [ParNew: 73282K->0K(92160K), 0.0009624 secs] 105004K->31721K(194560K), 0.0010966 secs] [Times: user=0.00 sys=0.00, real=0.00 secs] 
409.756: [GC (Allocation Failure) 409.756: [ParNew: 73282K->0K(92160K), 0.0004007 secs] 105004K->31721K(194560K), 0.0004749 secs] [Times: user=0.00 sys=0.00, real=0.00 secs] 
410.770: [GC (Allocation Failure) 410.770: [ParNew: 73282K->0K(92160K), 0.0008274 secs] 105004K->31721K(194560K), 0.0009466 secs] [Times: user=0.00 sys=0.00, real=0.00 secs] 
411.785: [GC (Allocation Failure) 411.785: [ParNew: 73282K->0K(92160K), 0.0008179 secs] 105004K->31721K(194560K), 0.0009395 secs] [Times: user=0.00 sys=0.00, real=0.00 secs] 
412.800: [GC (Allocation Failure) 412.800: [ParNew: 73282K->0K(92160K), 0.0008013 secs] 105004K->31721K(194560K), 0.0009154 secs] [Times: user=0.00 sys=0.00, real=0.00 secs] 
413.815: [GC (Allocation Failure) 413.815: [ParNew: 73282K->0K(92160K), 0.0008025 secs] 105004K->31721K(194560K), 0.0009308 secs] [Times: user=0.00 sys=0.00, real=0.00 secs] 
414.831: [GC (Allocation Failure) 414.831: [ParNew: 73282K->0K(92160K), 0.0008005 secs] 105004K->31721K(194560K), 0.0009205 secs] [Times: user=0.00 sys=0.00, real=0.00 secs] 
414.846: [GC (Allocation Failure) 414.846: [ParNew: 73282K->0K(92160K), 0.0007919 secs] 105004K->31721K(194560K), 0.0009363 secs] [Times: user=0.00 sys=0.00, real=0.00 secs] 
415.860: [GC (Allocation Failure) 415.860: [ParNew: 73282K->0K(92160K), 0.0008305 secs] 105004K->31721K(194560K), 0.0009509 secs] [Times: user=0.00 sys=0.00, real=0.00 secs] 
416.876: [GC (Allocation Failure) 416.876: [ParNew: 73282K->0K(92160K), 0.0007851 secs] 105004K->31721K(194560K), 0.0009119 secs] [Times: user=0.00 sys=0.00, real=0.00 secs] 
417.892: [GC (Allocation Failure) 417.892: [ParNew: 73282K->0K(92160K), 0.0007982 secs] 105004K->31721K(194560K), 0.0009047 secs] [Times: user=0.00 sys=0.00, real=0.00 secs] 
418.908: [GC (Allocation Failure) 418.908: [ParNew: 73282K->0K(92160K), 0.0007994 secs] 105004K->31721K(194560K), 0.0009557 secs] [Times: user=0.00 sys=0.00, real=0.00 secs] 
419.923: [GC (Allocation Failure) 419.923: [ParNew: 73282K->0K(92160K), 0.0004097 secs] 105004K->31721K(194560K), 0.0004891 secs] [Times: user=0.00 sys=0.00, real=0.00 secs] 
420.932: [GC (Allocation Failure) 420.932: [ParNew: 73282K->0K(92160K), 0.0008053 secs] 105004K->31721K(194560K), 0.0009462 secs] [Times: user=0.00 sys=0.00, real=0.00 secs] 
421.948: [GC (Allocation Failure) 421.948: [ParNew: 73282K->0K(92160K), 0.0008132 secs] 105004K->31721K(194560K), 0.0009501 secs] [Times: user=0.00 sys=0.00, real=0.00 secs] 
421.963: [GC (Allocation Failure) 421.963: [ParNew: 73282K->0K(92160K), 0.0008455 secs] 105004K->31721K(194560K), 0.0009659 secs] [Times: user=0.00 sys=0.00, real=0.00 secs] 
422.977: [GC (Allocation Failure) 422.977: [ParNew: 73282K->0K(92160K), 0.0008463 secs] 105004K->31721K(194560K), 0.0009825 secs] [Times: user=0.06 sys=0.00, real=0.00 secs] 
423.990: [GC (Allocation Failure) 423.990: [ParNew: 73282K->0K(92160K), 0.0005826 secs] 105004K->31721K(194560K), 0.0006612 secs] [Times: user=0.00 sys=0.00, real=0.00 secs] 
425.003: [GC (Allocation Failure) 425.003: [ParNew: 73282K->0K(92160K), 0.0008491 secs] 105004K->31721K(194560K), 0.0009663 secs] [Times: user=0.00 sys=0.00, real=0.00 secs] 
426.017: [GC (Allocation Failure) 426.017: [ParNew: 73282K->0K(92160K), 0.0006813 secs] 105004K->31721K(194560K), 0.0007622 secs] [Times: user=0.00 sys=0.00, real=0.00 secs] 
427.028: [GC (Allocation Failure) 427.028: [ParNew: 73282K->0K(92160K), 0.0008704 secs] 105004K->31721K(194560K), 0.0010322 secs] [Times: user=0.00 sys=0.00, real=0.00 secs] 
428.043: [GC (Allocation Failure) 428.043: [ParNew: 73282K->0K(92160K), 0.0008361 secs] 105004K->31721K(194560K), 0.0009450 secs] [Times: user=0.00 sys=0.00, real=0.00 secs] 
429.058: [GC (Allocation Failure) 429.058: [ParNew: 73282K->0K(92160K), 0.0009332 secs] 105004K->31721K(194560K), 0.0010705 secs] [Times: user=0.00 sys=0.00, real=0.00 secs] 
429.071: [GC (Allocation Failure) 429.071: [ParNew: 73282K->0K(92160K), 0.0007626 secs] 105004K->31721K(194560K), 0.0008712 secs] [Times: user=0.06 sys=0.00, real=0.00 secs] 
430.086: [GC (Allocation Failure) 430.086: [ParNew: 73282K->0K(92160K), 0.0014811 secs] 105004K->31721K(194560K), 0.0016433 secs] [Times: user=0.02 sys=0.00, real=0.00 secs] 
431.099: [GC (Allocation Failure) 431.099: [ParNew: 73282K->0K(92160K), 0.0003940 secs] 105004K->31721K(194560K), 0.0004500 secs] [Times: user=0.00 sys=0.00, real=0.00 secs] 
432.107: [GC (Allocation Failure) 432.107: [ParNew: 73282K->0K(92160K), 0.0003442 secs] 105004K->31721K(194560K), 0.0004003 secs] [Times: user=0.00 sys=0.00, real=0.00 secs] 
433.115: [GC (Allocation Failure) 433.115: [ParNew: 73282K->0K(92160K), 0.0004133 secs] 105004K->31721K(194560K), 0.0004757 secs] [Times: user=0.00 sys=0.00, real=0.00 secs] 
434.124: [GC (Allocation Failure) 434.124: [ParNew: 73282K->0K(92160K), 0.0008207 secs] 105004K->31721K(194560K), 0.0009647 secs] [Times: user=0.00 sys=0.00, real=0.00 secs] 
435.139: [GC (Allocation Failure) 435.139: [ParNew: 73282K->0K(92160K), 0.0011992 secs] 105004K->31721K(194560K), 0.0013366 secs] [Times: user=0.00 sys=0.00, real=0.00 secs] 
436.155: [GC (Allocation Failure) 436.155: [ParNew: 73282K->0K(92160K), 0.0009517 secs] 105004K->31721K(194560K), 0.0010879 secs] [Times: user=0.00 sys=0.00, real=0.00 secs] 
436.171: [GC (Allocation Failure) 436.171: [ParNew: 73282K->0K(92160K), 0.0013615 secs] 105004K->31721K(194560K), 0.0015071 secs] [Times: user=0.00 sys=0.00, real=0.00 secs] 
437.188: [GC (Allocation Failure) 437.188: [ParNew: 73282K->0K(92160K), 0.0010982 secs] 105004K->31721K(194560K), 0.0012379 secs] [Times: user=0.00 sys=0.00, real=0.00 secs] 
438.200: [GC (Allocation Failure) 438.200: [ParNew: 73282K->0K(92160K), 0.0005136 secs] 105004K->31721K(194560K), 0.0005957 secs] [Times: user=0.00 sys=0.00, real=0.00 secs] 
439.212: [GC (Allocation Failure) 439.212: [ParNew: 73282K->0K(92160K), 0.0010504 secs] 105004K->31721K(194560K), 0.0011909 secs] [Times: user=0.06 sys=0.00, real=0.00 secs] 
440.224: [GC (Allocation Failure) 440.224: [ParNew: 73282K->0K(92160K), 0.0005376 secs] 105004K->31721K(194560K), 0.0006126 secs] [Times: user=0.00 sys=0.00, real=0.00 secs] 
441.234: [GC (Allocation Failure) 441.234: [ParNew: 73282K->0K(92160K), 0.0005771 secs] 105004K->31721K(194560K), 0.0006430 secs] [Times: user=0.00 sys=0.00, real=0.00 secs] 
442.244: [GC (Allocation Failure) 442.244: [ParNew: 73282K->0K(92160K), 0.0012103 secs] 105004K->31721K(194560K), 0.0013437 secs] [Times: user=0.00 sys=0.00, real=0.00 secs] 
443.261: [GC (Allocation Failure) 443.261: [ParNew: 73282K->0K(92160K), 0.0008278 secs] 105004K->31721K(194560K), 0.0009584 secs] [Times: user=0.00 sys=0.00, real=0.00 secs] 
443.276: [GC (Allocation Failure) 443.276: [ParNew: 73282K->0K(92160K), 0.0008534 secs] 105004K->31721K(194560K), 0.0009719 secs] [Times: user=0.00 sys=0.00, real=0.00 secs] 
444.290: [GC (Allocation Failure) 444.290: [ParNew: 73282K->0K(92160K), 0.0008621 secs] 105004K->31721K(194560K), 0.0009971 secs] [Times: user=0.06 sys=0.00, real=0.00 secs] 
445.304: [GC (Allocation Failure) 445.304: [ParNew: 73282K->0K(92160K), 0.0004690 secs] 105004K->31721K(194560K), 0.0005392 secs] [Times: user=0.00 sys=0.00, real=0.00 secs] 
446.317: [GC (Allocation Failure) 446.317: [ParNew: 73282K->0K(92160K), 0.0008325 secs] 105004K->31721K(194560K), 0.0009675 secs] [Times: user=0.00 sys=0.00, real=0.00 secs] 
447.332: [GC (Allocation Failure) 447.332: [ParNew: 73282K->0K(92160K), 0.0007938 secs] 105004K->31721K(194560K), 0.0009115 secs] [Times: user=0.00 sys=0.00, real=0.00 secs] 
448.346: [GC (Allocation Failure) 448.346: [ParNew: 73282K->0K(92160K), 0.0007958 secs] 105004K->31721K(194560K), 0.0009115 secs] [Times: user=0.00 sys=0.00, real=0.00 secs] 
449.360: [GC (Allocation Failure) 449.360: [ParNew: 73282K->0K(92160K), 0.0005136 secs] 105004K->31721K(194560K), 0.0005862 secs] [Times: user=0.00 sys=0.00, real=0.00 secs] 
450.371: [GC (Allocation Failure) 450.371: [ParNew: 73282K->0K(92160K), 0.0008274 secs] 105004K->31721K(194560K), 0.0009466 secs] [Times: user=0.00 sys=0.00, real=0.00 secs] 
450.385: [GC (Allocation Failure) 450.385: [ParNew: 73282K->0K(92160K), 0.0008503 secs] 105004K->31721K(194560K), 0.0009655 secs] [Times: user=0.00 sys=0.00, real=0.00 secs] 
451.400: [GC (Allocation Failure) 451.400: [ParNew: 73282K->0K(92160K), 0.0008088 secs] 105004K->31721K(194560K), 0.0009426 secs] [Times: user=0.00 sys=0.00, real=0.00 secs] 
452.415: [GC (Allocation Failure) 452.415: [ParNew: 73282K->0K(92160K), 0.0009130 secs] 105004K->31721K(194560K), 0.0010362 secs] [Times: user=0.06 sys=0.00, real=0.00 secs] 
453.430: [GC (Allocation Failure) 453.430: [ParNew: 73282K->0K(92160K), 0.0008416 secs] 105004K->31721K(194560K), 0.0009561 secs] [Times: user=0.00 sys=0.00, real=0.00 secs] 
454.445: [GC (Allocation Failure) 454.445: [ParNew: 73282K->0K(92160K), 0.0008069 secs] 105004K->31721K(194560K), 0.0009351 secs] [Times: user=0.00 sys=0.00, real=0.00 secs] 
455.461: [GC (Allocation Failure) 455.461: [ParNew: 73282K->0K(92160K), 0.0003853 secs] 105004K->31721K(194560K), 0.0004520 secs] [Times: user=0.00 sys=0.00, real=0.00 secs] 
456.470: [GC (Allocation Failure) 456.470: [ParNew: 73282K->0K(92160K), 0.0007784 secs] 105004K->31721K(194560K), 0.0008949 secs] [Times: user=0.00 sys=0.00, real=0.00 secs] 
457.485: [GC (Allocation Failure) 457.485: [ParNew: 73282K->0K(92160K), 0.0008929 secs] 105004K->31721K(194560K), 0.0010026 secs] [Times: user=0.00 sys=0.00, real=0.00 secs] 
457.500: [GC (Allocation Failure) 457.500: [ParNew: 73282K->0K(92160K), 0.0009000 secs] 105004K->31721K(194560K), 0.0010275 secs] [Times: user=0.00 sys=0.00, real=0.00 secs] 
458.511: [GC (Allocation Failure) 458.511: [ParNew: 73282K->0K(92160K), 0.0003683 secs] 105004K->31721K(194560K), 0.0004492 secs] [Times: user=0.00 sys=0.00, real=0.00 secs] 
459.523: [GC (Allocation Failure) 459.523: [ParNew: 73282K->0K(92160K), 0.0008155 secs] 105004K->31721K(194560K), 0.0009308 secs] [Times: user=0.00 sys=0.00, real=0.00 secs] 
460.539: [GC (Allocation Failure) 460.539: [ParNew: 73282K->0K(92160K), 0.0008372 secs] 105004K->31721K(194560K), 0.0009561 secs] [Times: user=0.00 sys=0.00, real=0.00 secs] 
461.556: [GC (Allocation Failure) 461.556: [ParNew: 73282K->0K(92160K), 0.0004729 secs] 105004K->31721K(194560K), 0.0005459 secs] [Times: user=0.00 sys=0.00, real=0.00 secs] 
462.566: [GC (Allocation Failure) 462.567: [ParNew: 73282K->0K(92160K), 0.0003549 secs] 105004K->31721K(194560K), 0.0004386 secs] [Times: user=0.00 sys=0.00, real=0.00 secs] 
463.578: [GC (Allocation Failure) 463.578: [ParNew: 73282K->0K(92160K), 0.0004543 secs] 105004K->31721K(194560K), 0.0005317 secs] [Times: user=0.00 sys=0.00, real=0.00 secs] 
464.592: [GC (Allocation Failure) 464.592: [ParNew: 73282K->0K(92160K), 0.0009099 secs] 105004K->31721K(194560K), 0.0010587 secs] [Times: user=0.00 sys=0.00, real=0.00 secs] 
464.611: [GC (Allocation Failure) 464.611: [ParNew: 73282K->0K(92160K), 0.0008747 secs] 105004K->31721K(194560K), 0.0010567 secs] [Times: user=0.00 sys=0.00, real=0.00 secs] 
465.628: [GC (Allocation Failure) 465.628: [ParNew: 73282K->0K(92160K), 0.0008617 secs] 105004K->31721K(194560K), 0.0010113 secs] [Times: user=0.00 sys=0.00, real=0.00 secs] 
466.643: [GC (Allocation Failure) 466.643: [ParNew: 73282K->0K(92160K), 0.0008842 secs] 105004K->31721K(194560K), 0.0010311 secs] [Times: user=0.00 sys=0.00, real=0.00 secs] 
467.657: [GC (Allocation Failure) 467.657: [ParNew: 73282K->0K(92160K), 0.0008653 secs] 105004K->31721K(194560K), 0.0010015 secs] [Times: user=0.00 sys=0.00, real=0.00 secs] 
468.674: [GC (Allocation Failure) 468.674: [ParNew: 73282K->0K(92160K), 0.0010492 secs] 105004K->31721K(194560K), 0.0011803 secs] [Times: user=0.00 sys=0.00, real=0.00 secs] 
469.690: [GC (Allocation Failure) 469.690: [ParNew: 73282K->0K(92160K), 0.0011163 secs] 105004K->31721K(194560K), 0.0012316 secs] [Times: user=0.00 sys=0.00, real=0.00 secs] 
470.706: [GC (Allocation Failure) 470.706: [ParNew: 73282K->0K(92160K), 0.0003774 secs] 105004K->31721K(194560K), 0.0004421 secs] [Times: user=0.00 sys=0.00, real=0.00 secs] 
471.715: [GC (Allocation Failure) 471.715: [ParNew: 73282K->0K(92160K), 0.0011317 secs] 105004K->31721K(194560K), 0.0012912 secs] [Times: user=0.00 sys=0.00, real=0.00 secs] 
471.730: [GC (Allocation Failure) 471.730: [ParNew: 73282K->0K(92160K), 0.0011230 secs] 105004K->31721K(194560K), 0.0012395 secs] [Times: user=0.00 sys=0.00, real=0.00 secs] 
472.745: [GC (Allocation Failure) 472.745: [ParNew: 73282K->0K(92160K), 0.0010342 secs] 105004K->31721K(194560K), 0.0011866 secs] [Times: user=0.00 sys=0.00, real=0.00 secs] 
473.757: [GC (Allocation Failure) 473.757: [ParNew: 73282K->0K(92160K), 0.0004046 secs] 105004K->31721K(194560K), 0.0004709 secs] [Times: user=0.00 sys=0.00, real=0.00 secs] 
474.772: [GC (Allocation Failure) 474.772: [ParNew: 73282K->0K(92160K), 0.0008254 secs] 105004K->31721K(194560K), 0.0009711 secs] [Times: user=0.00 sys=0.00, real=0.00 secs] 
475.789: [GC (Allocation Failure) 475.789: [ParNew: 73282K->0K(92160K), 0.0008297 secs] 105004K->31721K(194560K), 0.0009569 secs] [Times: user=0.00 sys=0.00, real=0.00 secs] 
476.804: [GC (Allocation Failure) 476.804: [ParNew: 73282K->0K(92160K), 0.0008317 secs] 105004K->31721K(194560K), 0.0009584 secs] [Times: user=0.00 sys=0.00, real=0.00 secs] 
477.820: [GC (Allocation Failure) 477.820: [ParNew: 73282K->0K(92160K), 0.0007919 secs] 105004K->31721K(194560K), 0.0009111 secs] [Times: user=0.00 sys=0.00, real=0.00 secs] 
478.835: [GC (Allocation Failure) 478.835: [ParNew: 73282K->0K(92160K), 0.0008597 secs] 105004K->31721K(194560K), 0.0009722 secs] [Times: user=0.00 sys=0.00, real=0.00 secs] 
478.849: [GC (Allocation Failure) 478.849: [ParNew: 73282K->0K(92160K), 0.0008838 secs] 105004K->31721K(194560K), 0.0009940 secs] [Times: user=0.00 sys=0.00, real=0.00 secs] 
479.864: [GC (Allocation Failure) 479.864: [ParNew: 73282K->0K(92160K), 0.0007946 secs] 105004K->31721K(194560K), 0.0009170 secs] [Times: user=0.00 sys=0.00, real=0.00 secs] 
480.875: [GC (Allocation Failure) 480.875: [ParNew: 73282K->0K(92160K), 0.0003596 secs] 105004K->31721K(194560K), 0.0004212 secs] [Times: user=0.00 sys=0.00, real=0.00 secs] 
481.885: [GC (Allocation Failure) 481.885: [ParNew: 73282K->0K(92160K), 0.0004978 secs] 105004K->31721K(194560K), 0.0005763 secs] [Times: user=0.00 sys=0.00, real=0.00 secs] 
482.897: [GC (Allocation Failure) 482.897: [ParNew: 73282K->0K(92160K), 0.0007883 secs] 105004K->31721K(194560K), 0.0009194 secs] [Times: user=0.00 sys=0.00, real=0.00 secs] 
483.912: [GC (Allocation Failure) 483.912: [ParNew: 73282K->0K(92160K), 0.0007500 secs] 105004K->31721K(194560K), 0.0008933 secs] [Times: user=0.00 sys=0.00, real=0.00 secs] 
484.926: [GC (Allocation Failure) 484.926: [ParNew: 73282K->0K(92160K), 0.0008933 secs] 105004K->31721K(194560K), 0.0010240 secs] [Times: user=0.00 sys=0.00, real=0.00 secs] 
485.941: [GC (Allocation Failure) 485.941: [ParNew: 73282K->0K(92160K), 0.0008290 secs] 105004K->31721K(194560K), 0.0009462 secs] [Times: user=0.00 sys=0.00, real=0.00 secs] 
485.956: [GC (Allocation Failure) 485.956: [ParNew: 73282K->0K(92160K), 0.0009213 secs] 105004K->31721K(194560K), 0.0010484 secs] [Times: user=0.00 sys=0.00, real=0.00 secs] 
486.974: [GC (Allocation Failure) 486.974: [ParNew: 73282K->0K(92160K), 0.0009462 secs] 105004K->31721K(194560K), 0.0010891 secs] [Times: user=0.00 sys=0.00, real=0.00 secs] 
487.990: [GC (Allocation Failure) 487.990: [ParNew: 73282K->0K(92160K), 0.0007350 secs] 105004K->31721K(194560K), 0.0008704 secs] [Times: user=0.00 sys=0.00, real=0.00 secs] 
489.005: [GC (Allocation Failure) 489.005: [ParNew: 73282K->0K(92160K), 0.0008108 secs] 105004K->31721K(194560K), 0.0009391 secs] [Times: user=0.00 sys=0.00, real=0.00 secs] 
490.019: [GC (Allocation Failure) 490.020: [ParNew: 73282K->0K(92160K), 0.0008522 secs] 105004K->31721K(194560K), 0.0009987 secs] [Times: user=0.00 sys=0.00, real=0.00 secs] 
491.033: [GC (Allocation Failure) 491.033: [ParNew: 73282K->0K(92160K), 0.0003936 secs] 105004K->31721K(194560K), 0.0004611 secs] [Times: user=0.00 sys=0.00, real=0.00 secs] 
492.042: [GC (Allocation Failure) 492.042: [ParNew: 73282K->0K(92160K), 0.0005590 secs] 105004K->31721K(194560K), 0.0006778 secs] [Times: user=0.00 sys=0.00, real=0.00 secs] 
493.055: [GC (Allocation Failure) 493.055: [ParNew: 73282K->0K(92160K), 0.0007946 secs] 105004K->31721K(194560K), 0.0009454 secs] [Times: user=0.00 sys=0.00, real=0.00 secs] 
493.069: [GC (Allocation Failure) 493.069: [ParNew: 73282K->0K(92160K), 0.0004101 secs] 105004K->31721K(194560K), 0.0004796 secs] [Times: user=0.00 sys=0.00, real=0.00 secs] 
494.077: [GC (Allocation Failure) 494.077: [ParNew: 73282K->0K(92160K), 0.0003470 secs] 105004K->31721K(194560K), 0.0004133 secs] [Times: user=0.00 sys=0.00, real=0.00 secs] 
495.086: [GC (Allocation Failure) 495.086: [ParNew: 73282K->0K(92160K), 0.0005084 secs] 105004K->31721K(194560K), 0.0005949 secs] [Times: user=0.00 sys=0.00, real=0.00 secs] 
496.096: [GC (Allocation Failure) 496.096: [ParNew: 73282K->0K(92160K), 0.0004595 secs] 105004K->31721K(194560K), 0.0005317 secs] [Times: user=0.00 sys=0.00, real=0.00 secs] 
497.108: [GC (Allocation Failure) 497.108: [ParNew: 73282K->0K(92160K), 0.0008554 secs] 105004K->31721K(194560K), 0.0009671 secs] [Times: user=0.00 sys=0.00, real=0.00 secs] 
498.122: [GC (Allocation Failure) 498.122: [ParNew: 73282K->0K(92160K), 0.0009134 secs] 105004K->31721K(194560K), 0.0010599 secs] [Times: user=0.00 sys=0.00, real=0.00 secs] 
499.137: [GC (Allocation Failure) 499.137: [ParNew: 73282K->0K(92160K), 0.0008013 secs] 105004K->31721K(194560K), 0.0009079 secs] [Times: user=0.00 sys=0.00, real=0.00 secs] 
500.151: [GC (Allocation Failure) 500.151: [ParNew: 73282K->0K(92160K), 0.0008696 secs] 105004K->31721K(194560K), 0.0010129 secs] [Times: user=0.00 sys=0.00, real=0.00 secs] 
500.166: [GC (Allocation Failure) 500.166: [ParNew: 73282K->0K(92160K), 0.0008084 secs] 105004K->31721K(194560K), 0.0009415 secs] [Times: user=0.00 sys=0.02, real=0.00 secs] 
501.182: [GC (Allocation Failure) 501.182: [ParNew: 73282K->0K(92160K), 0.0010386 secs] 105004K->31721K(194560K), 0.0011633 secs] [Times: user=0.00 sys=0.00, real=0.00 secs] 
502.199: [GC (Allocation Failure) 502.199: [ParNew: 73282K->0K(92160K), 0.0010019 secs] 105004K->31721K(194560K), 0.0011507 secs] [Times: user=0.00 sys=0.00, real=0.00 secs] 
503.212: [GC (Allocation Failure) 503.212: [ParNew: 73282K->0K(92160K), 0.0004437 secs] 105004K->31721K(194560K), 0.0005187 secs] [Times: user=0.00 sys=0.00, real=0.00 secs] 
504.222: [GC (Allocation Failure) 504.222: [ParNew: 73282K->0K(92160K), 0.0005854 secs] 105004K->31721K(194560K), 0.0006750 secs] [Times: user=0.00 sys=0.00, real=0.00 secs] 
505.231: [GC (Allocation Failure) 505.231: [ParNew: 73282K->0K(92160K), 0.0005116 secs] 105004K->31721K(194560K), 0.0005890 secs] [Times: user=0.00 sys=0.00, real=0.00 secs] 
506.240: [GC (Allocation Failure) 506.240: [ParNew: 73282K->0K(92160K), 0.0004184 secs] 105004K->31721K(194560K), 0.0004851 secs] [Times: user=0.00 sys=0.00, real=0.00 secs] 
507.250: [GC (Allocation Failure) 507.250: [ParNew: 73282K->0K(92160K), 0.0006158 secs] 105004K->31721K(194560K), 0.0007011 secs] [Times: user=0.00 sys=0.00, real=0.00 secs] 
507.258: [GC (Allocation Failure) 507.258: [ParNew: 73282K->0K(92160K), 0.0005874 secs] 105004K->31721K(194560K), 0.0006620 secs] [Times: user=0.00 sys=0.00, real=0.00 secs] 
508.269: [GC (Allocation Failure) 508.269: [ParNew: 73282K->0K(92160K), 0.0004559 secs] 105004K->31721K(194560K), 0.0005396 secs] [Times: user=0.00 sys=0.00, real=0.00 secs] 
509.279: [GC (Allocation Failure) 509.279: [ParNew: 73282K->0K(92160K), 0.0005661 secs] 105004K->31721K(194560K), 0.0006375 secs] [Times: user=0.00 sys=0.00, real=0.00 secs] 
510.292: [GC (Allocation Failure) 510.292: [ParNew: 73282K->0K(92160K), 0.0007847 secs] 105004K->31721K(194560K), 0.0009284 secs] [Times: user=0.00 sys=0.00, real=0.00 secs] 
511.305: [GC (Allocation Failure) 511.305: [ParNew: 73282K->0K(92160K), 0.0004358 secs] 105004K->31721K(194560K), 0.0005136 secs] [Times: user=0.00 sys=0.00, real=0.00 secs] 
512.314: [GC (Allocation Failure) 512.314: [ParNew: 73282K->0K(92160K), 0.0005972 secs] 105004K->31721K(194560K), 0.0006786 secs] [Times: user=0.00 sys=0.00, real=0.00 secs] 
513.324: [GC (Allocation Failure) 513.324: [ParNew: 73282K->0K(92160K), 0.0007843 secs] 105004K->31721K(194560K), 0.0009205 secs] [Times: user=0.00 sys=0.00, real=0.00 secs] 
514.338: [GC (Allocation Failure) 514.338: [ParNew: 73282K->0K(92160K), 0.0005653 secs] 105004K->31721K(194560K), 0.0006541 secs] [Times: user=0.00 sys=0.00, real=0.00 secs] 
514.346: [GC (Allocation Failure) 514.346: [ParNew: 73282K->0K(92160K), 0.0004567 secs] 105004K->31721K(194560K), 0.0005262 secs] [Times: user=0.00 sys=0.00, real=0.00 secs] 
515.353: [GC (Allocation Failure) 515.354: [ParNew: 73282K->0K(92160K), 0.0004674 secs] 105004K->31721K(194560K), 0.0005574 secs] [Times: user=0.00 sys=0.00, real=0.00 secs] 
516.368: [GC (Allocation Failure) 516.368: [ParNew: 73282K->0K(92160K), 0.0008230 secs] 105004K->31721K(194560K), 0.0009446 secs] [Times: user=0.06 sys=0.00, real=0.00 secs] 
517.384: [GC (Allocation Failure) 517.384: [ParNew: 73282K->0K(92160K), 0.0008191 secs] 105004K->31721K(194560K), 0.0009569 secs] [Times: user=0.00 sys=0.00, real=0.00 secs] 
518.398: [GC (Allocation Failure) 518.398: [ParNew: 73282K->0K(92160K), 0.0005818 secs] 105004K->31721K(194560K), 0.0006770 secs] [Times: user=0.00 sys=0.00, real=0.00 secs] 
519.409: [GC (Allocation Failure) 519.409: [ParNew: 73282K->0K(92160K), 0.0008080 secs] 105004K->31721K(194560K), 0.0009296 secs] [Times: user=0.00 sys=0.00, real=0.00 secs] 
520.424: [GC (Allocation Failure) 520.424: [ParNew: 73282K->0K(92160K), 0.0008021 secs] 105004K->31721K(194560K), 0.0009580 secs] [Times: user=0.00 sys=0.00, real=0.00 secs] 
521.442: [GC (Allocation Failure) 521.442: [ParNew: 73282K->0K(92160K), 0.0012963 secs] 105004K->31721K(194560K), 0.0014345 secs] [Times: user=0.00 sys=0.00, real=0.00 secs] 
521.452: [GC (Allocation Failure) 521.452: [ParNew: 73282K->0K(92160K), 0.0004354 secs] 105004K->31721K(194560K), 0.0005096 secs] [Times: user=0.00 sys=0.00, real=0.00 secs] 
522.465: [GC (Allocation Failure) 522.465: [ParNew: 73282K->0K(92160K), 0.0006091 secs] 105004K->31721K(194560K), 0.0007180 secs] [Times: user=0.00 sys=0.00, real=0.00 secs] 
523.480: [GC (Allocation Failure) 523.480: [ParNew: 73282K->0K(92160K), 0.0008475 secs] 105004K->31721K(194560K), 0.0010046 secs] [Times: user=0.00 sys=0.00, real=0.00 secs] 
524.493: [GC (Allocation Failure) 524.493: [ParNew: 73282K->0K(92160K), 0.0008432 secs] 105004K->31721K(194560K), 0.0009849 secs] [Times: user=0.00 sys=0.00, real=0.00 secs] 
525.506: [GC (Allocation Failure) 525.506: [ParNew: 73282K->0K(92160K), 0.0003703 secs] 105004K->31721K(194560K), 0.0004315 secs] [Times: user=0.00 sys=0.00, real=0.00 secs] 
526.515: [GC (Allocation Failure) 526.515: [ParNew: 73282K->0K(92160K), 0.0009174 secs] 105004K->31721K(194560K), 0.0010362 secs] [Times: user=0.00 sys=0.00, real=0.00 secs] 
527.529: [GC (Allocation Failure) 527.529: [ParNew: 73282K->0K(92160K), 0.0007875 secs] 105004K->31721K(194560K), 0.0009209 secs] [Times: user=0.00 sys=0.00, real=0.00 secs] 
528.544: [GC (Allocation Failure) 528.544: [ParNew: 73282K->0K(92160K), 0.0009466 secs] 105004K->31721K(194560K), 0.0010772 secs] [Times: user=0.00 sys=0.00, real=0.00 secs] 
528.558: [GC (Allocation Failure) 528.558: [ParNew: 73282K->0K(92160K), 0.0010465 secs] 105004K->31721K(194560K), 0.0011992 secs] [Times: user=0.00 sys=0.00, real=0.00 secs] 
529.573: [GC (Allocation Failure) 529.573: [ParNew: 73282K->0K(92160K), 0.0008309 secs] 105004K->31721K(194560K), 0.0009513 secs] [Times: user=0.00 sys=0.00, real=0.00 secs] 
530.590: [GC (Allocation Failure) 530.590: [ParNew: 73282K->0K(92160K), 0.0007970 secs] 105004K->31721K(194560K), 0.0009391 secs] [Times: user=0.00 sys=0.00, real=0.00 secs] 
531.601: [GC (Allocation Failure) 531.601: [ParNew: 73282K->0K(92160K), 0.0003655 secs] 105004K->31721K(194560K), 0.0004358 secs] [Times: user=0.00 sys=0.00, real=0.00 secs] 
532.611: [GC (Allocation Failure) 532.611: [ParNew: 73282K->0K(92160K), 0.0007768 secs] 105004K->31721K(194560K), 0.0008842 secs] [Times: user=0.00 sys=0.00, real=0.00 secs] 
533.627: [GC (Allocation Failure) 533.627: [ParNew: 73282K->0K(92160K), 0.0008069 secs] 105004K->31721K(194560K), 0.0009422 secs] [Times: user=0.00 sys=0.00, real=0.00 secs] 
534.642: [GC (Allocation Failure) 534.643: [ParNew: 73282K->0K(92160K), 0.0006371 secs] 105004K->31721K(194560K), 0.0007776 secs] [Times: user=0.00 sys=0.00, real=0.00 secs] 
535.654: [GC (Allocation Failure) 535.654: [ParNew: 73282K->0K(92160K), 0.0008065 secs] 105004K->31721K(194560K), 0.0009130 secs] [Times: user=0.00 sys=0.00, real=0.00 secs] 
535.668: [GC (Allocation Failure) 535.668: [ParNew: 73282K->0K(92160K), 0.0010674 secs] 105004K->31721K(194560K), 0.0012059 secs] [Times: user=0.00 sys=0.00, real=0.00 secs] 
536.679: [GC (Allocation Failure) 536.679: [ParNew: 73282K->0K(92160K), 0.0005041 secs] 105004K->31721K(194560K), 0.0005905 secs] [Times: user=0.00 sys=0.00, real=0.00 secs] 
537.692: [GC (Allocation Failure) 537.693: [ParNew: 73282K->0K(92160K), 0.0007792 secs] 105004K->31721K(194560K), 0.0009079 secs] [Times: user=0.00 sys=0.00, real=0.00 secs] 
538.709: [GC (Allocation Failure) 538.710: [ParNew: 73282K->0K(92160K), 0.0007982 secs] 105004K->31721K(194560K), 0.0009336 secs] [Times: user=0.00 sys=0.00, real=0.00 secs] 
539.725: [GC (Allocation Failure) 539.725: [ParNew: 73282K->0K(92160K), 0.0010394 secs] 105004K->31721K(194560K), 0.0011661 secs] [Times: user=0.00 sys=0.00, real=0.00 secs] 
540.748: [GC (Allocation Failure) 540.748: [ParNew: 73282K->0K(92160K), 0.0005665 secs] 105004K->31721K(194560K), 0.0006793 secs] [Times: user=0.00 sys=0.00, real=0.00 secs] 
541.758: [GC (Allocation Failure) 541.758: [ParNew: 73282K->0K(92160K), 0.0004334 secs] 105004K->31721K(194560K), 0.0004915 secs] [Times: user=0.00 sys=0.00, real=0.00 secs] 
542.766: [GC (Allocation Failure) 542.766: [ParNew: 73282K->0K(92160K), 0.0008759 secs] 105004K->31721K(194560K), 0.0009876 secs] [Times: user=0.00 sys=0.00, real=0.00 secs] 
542.781: [GC (Allocation Failure) 542.781: [ParNew: 73282K->0K(92160K), 0.0008550 secs] 105004K->31721K(194560K), 0.0009612 secs] [Times: user=0.00 sys=0.00, real=0.00 secs] 
543.789: [GC (Allocation Failure) 543.790: [ParNew: 73282K->0K(92160K), 0.0004078 secs] 105004K->31721K(194560K), 0.0004804 secs] [Times: user=0.00 sys=0.00, real=0.00 secs] 
544.798: [GC (Allocation Failure) 544.798: [ParNew: 73282K->0K(92160K), 0.0004382 secs] 105004K->31721K(194560K), 0.0005001 secs] [Times: user=0.00 sys=0.00, real=0.00 secs] 
545.810: [GC (Allocation Failure) 545.810: [ParNew: 73282K->0K(92160K), 0.0008708 secs] 105004K->31721K(194560K), 0.0010208 secs] [Times: user=0.00 sys=0.00, real=0.00 secs] 
546.826: [GC (Allocation Failure) 546.826: [ParNew: 73282K->0K(92160K), 0.0008076 secs] 105004K->31721K(194560K), 0.0009245 secs] [Times: user=0.00 sys=0.00, real=0.00 secs] 
547.840: [GC (Allocation Failure) 547.840: [ParNew: 73282K->0K(92160K), 0.0008262 secs] 105004K->31721K(194560K), 0.0010030 secs] [Times: user=0.00 sys=0.00, real=0.00 secs] 
548.855: [GC (Allocation Failure) 548.855: [ParNew: 73282K->0K(92160K), 0.0008507 secs] 105004K->31721K(194560K), 0.0009580 secs] [Times: user=0.00 sys=0.00, real=0.00 secs] 
549.870: [GC (Allocation Failure) 549.870: [ParNew: 73282K->0K(92160K), 0.0007800 secs] 105004K->31721K(194560K), 0.0008961 secs] [Times: user=0.00 sys=0.00, real=0.00 secs] 
549.885: [GC (Allocation Failure) 549.885: [ParNew: 73282K->0K(92160K), 0.0008495 secs] 105004K->31721K(194560K), 0.0009671 secs] [Times: user=0.00 sys=0.00, real=0.00 secs] 
550.896: [GC (Allocation Failure) 550.896: [ParNew: 73282K->0K(92160K), 0.0004026 secs] 105004K->31721K(194560K), 0.0004772 secs] [Times: user=0.00 sys=0.00, real=0.00 secs] 
551.908: [GC (Allocation Failure) 551.908: [ParNew: 73282K->0K(92160K), 0.0007816 secs] 105004K->31721K(194560K), 0.0009095 secs] [Times: user=0.00 sys=0.00, real=0.00 secs] 
552.923: [GC (Allocation Failure) 552.923: [ParNew: 73282K->0K(92160K), 0.0008116 secs] 105004K->31721K(194560K), 0.0009580 secs] [Times: user=0.00 sys=0.00, real=0.00 secs] 
553.957: [GC (Allocation Failure) 553.957: [ParNew: 73282K->0K(92160K), 0.0003805 secs] 105004K->31721K(194560K), 0.0004532 secs] [Times: user=0.00 sys=0.00, real=0.00 secs] 
554.968: [GC (Allocation Failure) 554.968: [ParNew: 73282K->0K(92160K), 0.0009770 secs] 105004K->31721K(194560K), 0.0011321 secs] [Times: user=0.00 sys=0.00, real=0.00 secs] 
555.982: [GC (Allocation Failure) 555.982: [ParNew: 73282K->0K(92160K), 0.0005116 secs] 105004K->31721K(194560K), 0.0006071 secs] [Times: user=0.00 sys=0.00, real=0.00 secs] 
556.993: [GC (Allocation Failure) 556.993: [ParNew: 73282K->0K(92160K), 0.0011100 secs] 105004K->31721K(194560K), 0.0012734 secs] [Times: user=0.06 sys=0.00, real=0.00 secs] 
557.008: [GC (Allocation Failure) 557.008: [ParNew: 73282K->0K(92160K), 0.0008601 secs] 105004K->31721K(194560K), 0.0009924 secs] [Times: user=0.00 sys=0.00, real=0.00 secs] 
558.021: [GC (Allocation Failure) 558.021: [ParNew: 73282K->0K(92160K), 0.0008696 secs] 105004K->31721K(194560K), 0.0010172 secs] [Times: user=0.00 sys=0.00, real=0.00 secs] 
559.036: [GC (Allocation Failure) 559.036: [ParNew: 73282K->0K(92160K), 0.0008830 secs] 105004K->31721K(194560K), 0.0009947 secs] [Times: user=0.00 sys=0.00, real=0.00 secs] 
560.053: [GC (Allocation Failure) 560.053: [ParNew: 73282K->0K(92160K), 0.0005605 secs] 105004K->31721K(194560K), 0.0006375 secs] [Times: user=0.00 sys=0.00, real=0.00 secs] 
561.064: [GC (Allocation Failure) 561.064: [ParNew: 73282K->0K(92160K), 0.0003426 secs] 105004K->31721K(194560K), 0.0004129 secs] [Times: user=0.00 sys=0.00, real=0.00 secs] 
562.073: [GC (Allocation Failure) 562.073: [ParNew: 73282K->0K(92160K), 0.0006963 secs] 105004K->31721K(194560K), 0.0008365 secs] [Times: user=0.00 sys=0.00, real=0.00 secs] 
563.088: [GC (Allocation Failure) 563.088: [ParNew: 73282K->0K(92160K), 0.0008822 secs] 105004K->31721K(194560K), 0.0010022 secs] [Times: user=0.00 sys=0.00, real=0.00 secs] 
564.105: [GC (Allocation Failure) 564.105: [ParNew: 73282K->0K(92160K), 0.0005436 secs] 105004K->31721K(194560K), 0.0006265 secs] [Times: user=0.00 sys=0.00, real=0.00 secs] 
564.114: [GC (Allocation Failure) 564.114: [ParNew: 73282K->0K(92160K), 0.0005566 secs] 105004K->31721K(194560K), 0.0006509 secs] [Times: user=0.00 sys=0.00, real=0.00 secs] 
565.128: [GC (Allocation Failure) 565.128: [ParNew: 73282K->0K(92160K), 0.0007982 secs] 105004K->31721K(194560K), 0.0009047 secs] [Times: user=0.00 sys=0.00, real=0.00 secs] 
566.140: [GC (Allocation Failure) 566.140: [ParNew: 73282K->0K(92160K), 0.0005246 secs] 105004K->31721K(194560K), 0.0006087 secs] [Times: user=0.00 sys=0.00, real=0.00 secs] 
567.149: [GC (Allocation Failure) 567.149: [ParNew: 73282K->0K(92160K), 0.0004504 secs] 105004K->31721K(194560K), 0.0005128 secs] [Times: user=0.00 sys=0.00, real=0.00 secs] 
568.164: [GC (Allocation Failure) 568.164: [ParNew: 73282K->0K(92160K), 0.0008629 secs] 105004K->31721K(194560K), 0.0010133 secs] [Times: user=0.00 sys=0.00, real=0.00 secs] 
569.176: [GC (Allocation Failure) 569.176: [ParNew: 73282K->0K(92160K), 0.0003908 secs] 105004K->31721K(194560K), 0.0004682 secs] [Times: user=0.00 sys=0.00, real=0.00 secs] 
570.185: [GC (Allocation Failure) 570.185: [ParNew: 73282K->0K(92160K), 0.0004713 secs] 105004K->31721K(194560K), 0.0005491 secs] [Times: user=0.00 sys=0.00, real=0.00 secs] 
571.194: [GC (Allocation Failure) 571.194: [ParNew: 73282K->0K(92160K), 0.0009347 secs] 105004K->31721K(194560K), 0.0010595 secs] [Times: user=0.00 sys=0.00, real=0.00 secs] 
571.208: [GC (Allocation Failure) 571.208: [ParNew: 73282K->0K(92160K), 0.0007741 secs] 105004K->31721K(194560K), 0.0009000 secs] [Times: user=0.00 sys=0.00, real=0.00 secs] 
572.219: [GC (Allocation Failure) 572.219: [ParNew: 73282K->0K(92160K), 0.0004816 secs] 105004K->31721K(194560K), 0.0005708 secs] [Times: user=0.00 sys=0.00, real=0.00 secs] 
573.232: [GC (Allocation Failure) 573.232: [ParNew: 73282K->0K(92160K), 0.0008112 secs] 105004K->31721K(194560K), 0.0009478 secs] [Times: user=0.00 sys=0.00, real=0.00 secs] 
574.245: [GC (Allocation Failure) 574.245: [ParNew: 73282K->0K(92160K), 0.0004879 secs] 105004K->31721K(194560K), 0.0005668 secs] [Times: user=0.00 sys=0.00, real=0.00 secs] 
575.264: [GC (Allocation Failure) 575.264: [ParNew: 73282K->0K(92160K), 0.0005246 secs] 105004K->31721K(194560K), 0.0006071 secs] [Times: user=0.00 sys=0.00, real=0.00 secs] 
576.276: [GC (Allocation Failure) 576.277: [ParNew: 73282K->0K(92160K), 0.0008467 secs] 105004K->31721K(194560K), 0.0009880 secs] [Times: user=0.00 sys=0.00, real=0.00 secs] 
577.288: [GC (Allocation Failure) 577.288: [ParNew: 73282K->0K(92160K), 0.0004776 secs] 105004K->31721K(194560K), 0.0005554 secs] [Times: user=0.00 sys=0.00, real=0.00 secs] 
578.297: [GC (Allocation Failure) 578.297: [ParNew: 73282K->0K(92160K), 0.0007551 secs] 105004K->31721K(194560K), 0.0008542 secs] [Times: user=0.00 sys=0.00, real=0.00 secs] 
578.307: [GC (Allocation Failure) 578.307: [ParNew: 73282K->0K(92160K), 0.0005562 secs] 105004K->31721K(194560K), 0.0006651 secs] [Times: user=0.00 sys=0.00, real=0.00 secs] 
579.317: [GC (Allocation Failure) 579.317: [ParNew: 73282K->0K(92160K), 0.0003501 secs] 105004K->31721K(194560K), 0.0004263 secs] [Times: user=0.00 sys=0.00, real=0.00 secs] 
580.327: [GC (Allocation Failure) 580.327: [ParNew: 73282K->0K(92160K), 0.0003545 secs] 105004K->31721K(194560K), 0.0004117 secs] [Times: user=0.00 sys=0.00, real=0.00 secs] 
581.342: [GC (Allocation Failure) 581.342: [ParNew: 73282K->0K(92160K), 0.0008266 secs] 105004K->31721K(194560K), 0.0009383 secs] [Times: user=0.00 sys=0.00, real=0.00 secs] 
582.358: [GC (Allocation Failure) 582.358: [ParNew: 73282K->0K(92160K), 0.0008637 secs] 105004K->31721K(194560K), 0.0009991 secs] [Times: user=0.00 sys=0.00, real=0.00 secs] 
583.373: [GC (Allocation Failure) 583.374: [ParNew: 73282K->0K(92160K), 0.0008136 secs] 105004K->31721K(194560K), 0.0009565 secs] [Times: user=0.00 sys=0.00, real=0.00 secs] 
584.388: [GC (Allocation Failure) 584.388: [ParNew: 73282K->0K(92160K), 0.0008297 secs] 105004K->31721K(194560K), 0.0009462 secs] [Times: user=0.00 sys=0.00, real=0.00 secs] 
585.404: [GC (Allocation Failure) 585.404: [ParNew: 73282K->0K(92160K), 0.0009016 secs] 105004K->31721K(194560K), 0.0010658 secs] [Times: user=0.00 sys=0.00, real=0.00 secs] 
585.421: [GC (Allocation Failure) 585.421: [ParNew: 73282K->0K(92160K), 0.0008345 secs] 105004K->31721K(194560K), 0.0009833 secs] [Times: user=0.00 sys=0.00, real=0.00 secs] 
586.436: [GC (Allocation Failure) 586.436: [ParNew: 73282K->0K(92160K), 0.0008096 secs] 105004K->31721K(194560K), 0.0009197 secs] [Times: user=0.00 sys=0.00, real=0.00 secs] 
587.447: [GC (Allocation Failure) 587.447: [ParNew: 73282K->0K(92160K), 0.0003383 secs] 105004K->31721K(194560K), 0.0003963 secs] [Times: user=0.00 sys=0.00, real=0.00 secs] 
588.457: [GC (Allocation Failure) 588.458: [ParNew: 73282K->0K(92160K), 0.0008874 secs] 105004K->31721K(194560K), 0.0010082 secs] [Times: user=0.00 sys=0.00, real=0.00 secs] 
589.473: [GC (Allocation Failure) 589.473: [ParNew: 73282K->0K(92160K), 0.0009932 secs] 105004K->31721K(194560K), 0.0012580 secs] [Times: user=0.00 sys=0.00, real=0.00 secs] 
590.486: [GC (Allocation Failure) 590.487: [ParNew: 73282K->0K(92160K), 0.0008475 secs] 105004K->31721K(194560K), 0.0009553 secs] [Times: user=0.00 sys=0.00, real=0.00 secs] 
591.502: [GC (Allocation Failure) 591.502: [ParNew: 73282K->0K(92160K), 0.0008112 secs] 105004K->31721K(194560K), 0.0009328 secs] [Times: user=0.00 sys=0.00, real=0.00 secs] 
592.516: [GC (Allocation Failure) 592.516: [ParNew: 73282K->0K(92160K), 0.0003718 secs] 105004K->31721K(194560K), 0.0004433 secs] [Times: user=0.00 sys=0.00, real=0.00 secs] 
592.525: [GC (Allocation Failure) 592.525: [ParNew: 73282K->0K(92160K), 0.0003442 secs] 105004K->31721K(194560K), 0.0004038 secs] [Times: user=0.00 sys=0.00, real=0.00 secs] 
593.535: [GC (Allocation Failure) 593.535: [ParNew: 73282K->0K(92160K), 0.0005937 secs] 105004K->31721K(194560K), 0.0006963 secs] [Times: user=0.00 sys=0.00, real=0.00 secs] 
594.551: [GC (Allocation Failure) 594.551: [ParNew: 73282K->0K(92160K), 0.0009217 secs] 105004K->31721K(194560K), 0.0010496 secs] [Times: user=0.00 sys=0.00, real=0.00 secs] 
595.567: [GC (Allocation Failure) 595.567: [ParNew: 73282K->0K(92160K), 0.0007812 secs] 105004K->31721K(194560K), 0.0008870 secs] [Times: user=0.00 sys=0.00, real=0.00 secs] 
596.583: [GC (Allocation Failure) 596.583: [ParNew: 73282K->0K(92160K), 0.0008388 secs] 105004K->31721K(194560K), 0.0009604 secs] [Times: user=0.00 sys=0.00, real=0.00 secs] 
597.596: [GC (Allocation Failure) 597.596: [ParNew: 73282K->0K(92160K), 0.0004966 secs] 105004K->31721K(194560K), 0.0005743 secs] [Times: user=0.00 sys=0.00, real=0.00 secs] 
598.606: [GC (Allocation Failure) 598.606: [ParNew: 73282K->0K(92160K), 0.0008270 secs] 105004K->31721K(194560K), 0.0009565 secs] [Times: user=0.00 sys=0.00, real=0.00 secs] 
599.622: [GC (Allocation Failure) 599.622: [ParNew: 73282K->0K(92160K), 0.0008862 secs] 105004K->31721K(194560K), 0.0010054 secs] [Times: user=0.00 sys=0.00, real=0.00 secs] 
599.636: [GC (Allocation Failure) 599.636: [ParNew: 73282K->0K(92160K), 0.0007958 secs] 105004K->31721K(194560K), 0.0009265 secs] [Times: user=0.00 sys=0.00, real=0.00 secs] 
600.653: [GC (Allocation Failure) 600.653: [ParNew: 73282K->0K(92160K), 0.0003711 secs] 105004K->31721K(194560K), 0.0004315 secs] [Times: user=0.00 sys=0.00, real=0.00 secs] 
601.662: [GC (Allocation Failure) 601.662: [ParNew: 73282K->0K(92160K), 0.0004595 secs] 105004K->31721K(194560K), 0.0005345 secs] [Times: user=0.00 sys=0.00, real=0.00 secs] 
602.674: [GC (Allocation Failure) 602.674: [ParNew: 73282K->0K(92160K), 0.0008219 secs] 105004K->31721K(194560K), 0.0009403 secs] [Times: user=0.00 sys=0.00, real=0.00 secs] 
603.690: [GC (Allocation Failure) 603.690: [ParNew: 73282K->0K(92160K), 0.0010757 secs] 105004K->31721K(194560K), 0.0011945 secs] [Times: user=0.00 sys=0.00, real=0.00 secs] 
604.704: [GC (Allocation Failure) 604.704: [ParNew: 73282K->0K(92160K), 0.0003947 secs] 105004K->31721K(194560K), 0.0004634 secs] [Times: user=0.00 sys=0.00, real=0.00 secs] 
605.712: [GC (Allocation Failure) 605.712: [ParNew: 73282K->0K(92160K), 0.0004717 secs] 105004K->31721K(194560K), 0.0005499 secs] [Times: user=0.01 sys=0.00, real=0.00 secs] 
606.721: [GC (Allocation Failure) 606.721: [ParNew: 73282K->0K(92160K), 0.0008317 secs] 105004K->31721K(194560K), 0.0009403 secs] [Times: user=0.00 sys=0.00, real=0.00 secs] 
606.737: [GC (Allocation Failure) 606.737: [ParNew: 73282K->0K(92160K), 0.0008850 secs] 105004K->31721K(194560K), 0.0010224 secs] [Times: user=0.00 sys=0.00, real=0.00 secs] 
607.753: [GC (Allocation Failure) 607.753: [ParNew: 73282K->0K(92160K), 0.0010820 secs] 105004K->31721K(194560K), 0.0012134 secs] [Times: user=0.00 sys=0.00, real=0.00 secs] 
608.764: [GC (Allocation Failure) 608.764: [ParNew: 73282K->0K(92160K), 0.0004180 secs] 105004K->31721K(194560K), 0.0004768 secs] [Times: user=0.00 sys=0.00, real=0.00 secs] 
609.776: [GC (Allocation Failure) 609.776: [ParNew: 73282K->0K(92160K), 0.0007859 secs] 105004K->31721K(194560K), 0.0010899 secs] [Times: user=0.00 sys=0.00, real=0.00 secs] 
610.791: [GC (Allocation Failure) 610.791: [ParNew: 73282K->0K(92160K), 0.0008029 secs] 105004K->31721K(194560K), 0.0009462 secs] [Times: user=0.00 sys=0.00, real=0.00 secs] 
611.808: [GC (Allocation Failure) 611.808: [ParNew: 73282K->0K(92160K), 0.0010105 secs] 105004K->31721K(194560K), 0.0011534 secs] [Times: user=0.00 sys=0.00, real=0.00 secs] 
612.824: [GC (Allocation Failure) 612.824: [ParNew: 73282K->0K(92160K), 0.0010563 secs] 105004K->31721K(194560K), 0.0012115 secs] [Times: user=0.00 sys=0.00, real=0.00 secs] 
613.839: [GC (Allocation Failure) 613.839: [ParNew: 73282K->0K(92160K), 0.0004828 secs] 105004K->31721K(194560K), 0.0005586 secs] [Times: user=0.00 sys=0.00, real=0.00 secs] 
613.848: [GC (Allocation Failure) 613.848: [ParNew: 73282K->0K(92160K), 0.0004125 secs] 105004K->31721K(194560K), 0.0004772 secs] [Times: user=0.00 sys=0.00, real=0.00 secs] 
614.862: [GC (Allocation Failure) 614.862: [ParNew: 73282K->0K(92160K), 0.0008258 secs] 105004K->31721K(194560K), 0.0009687 secs] [Times: user=0.00 sys=0.00, real=0.00 secs] 
615.872: [GC (Allocation Failure) 615.872: [ParNew: 73282K->0K(92160K), 0.0003561 secs] 105004K->31721K(194560K), 0.0004176 secs] [Times: user=0.00 sys=0.00, real=0.00 secs] 
616.889: [GC (Allocation Failure) 616.889: [ParNew: 73282K->0K(92160K), 0.0011404 secs] 105004K->31721K(194560K), 0.0012841 secs] [Times: user=0.00 sys=0.00, real=0.00 secs] 
617.902: [GC (Allocation Failure) 617.902: [ParNew: 73282K->0K(92160K), 0.0005325 secs] 105004K->31721K(194560K), 0.0006063 secs] [Times: user=0.00 sys=0.00, real=0.00 secs] 
618.911: [GC (Allocation Failure) 618.912: [ParNew: 73282K->0K(92160K), 0.0004429 secs] 105004K->31721K(194560K), 0.0005025 secs] [Times: user=0.00 sys=0.00, real=0.00 secs] 
619.920: [GC (Allocation Failure) 619.920: [ParNew: 73282K->0K(92160K), 0.0004228 secs] 105004K->31721K(194560K), 0.0004851 secs] [Times: user=0.00 sys=0.00, real=0.00 secs] 
620.929: [GC (Allocation Failure) 620.929: [ParNew: 73282K->0K(92160K), 0.0011420 secs] 105004K->31721K(194560K), 0.0012991 secs] [Times: user=0.00 sys=0.00, real=0.00 secs] 
620.949: [GC (Allocation Failure) 620.949: [ParNew: 73282K->0K(92160K), 0.0008072 secs] 105004K->31721K(194560K), 0.0009395 secs] [Times: user=0.00 sys=0.00, real=0.00 secs] 
621.964: [GC (Allocation Failure) 621.964: [ParNew: 73282K->0K(92160K), 0.0008025 secs] 105004K->31721K(194560K), 0.0009269 secs] [Times: user=0.00 sys=0.00, real=0.00 secs] 
622.980: [GC (Allocation Failure) 622.980: [ParNew: 73282K->0K(92160K), 0.0008219 secs] 105004K->31721K(194560K), 0.0009778 secs] [Times: user=0.00 sys=0.00, real=0.00 secs] 
623.997: [GC (Allocation Failure) 623.997: [ParNew: 73282K->0K(92160K), 0.0007670 secs] 105004K->31721K(194560K), 0.0008807 secs] [Times: user=0.00 sys=0.00, real=0.00 secs] 
625.011: [GC (Allocation Failure) 625.011: [ParNew: 73282K->0K(92160K), 0.0008562 secs] 105004K->31721K(194560K), 0.0009821 secs] [Times: user=0.00 sys=0.00, real=0.00 secs] 
626.029: [GC (Allocation Failure) 626.029: [ParNew: 73282K->0K(92160K), 0.0007970 secs] 105004K->31721K(194560K), 0.0009028 secs] [Times: user=0.00 sys=0.00, real=0.00 secs] 
627.043: [GC (Allocation Failure) 627.043: [ParNew: 73282K->0K(92160K), 0.0008092 secs] 105004K->31721K(194560K), 0.0009316 secs] [Times: user=0.00 sys=0.00, real=0.00 secs] 
628.058: [GC (Allocation Failure) 628.058: [ParNew: 73282K->0K(92160K), 0.0009316 secs] 105004K->31721K(194560K), 0.0010658 secs] [Times: user=0.00 sys=0.00, real=0.00 secs] 
628.072: [GC (Allocation Failure) 628.072: [ParNew: 73282K->0K(92160K), 0.0007149 secs] 105004K->31721K(194560K), 0.0008451 secs] [Times: user=0.00 sys=0.00, real=0.00 secs] 
629.087: [GC (Allocation Failure) 629.087: [ParNew: 73282K->0K(92160K), 0.0008594 secs] 105004K->31721K(194560K), 0.0009940 secs] [Times: user=0.00 sys=0.00, real=0.00 secs] 
630.105: [GC (Allocation Failure) 630.105: [ParNew: 73282K->0K(92160K), 0.0006683 secs] 105004K->31721K(194560K), 0.0007658 secs] [Times: user=0.00 sys=0.00, real=0.00 secs] 
631.114: [GC (Allocation Failure) 631.114: [ParNew: 73282K->0K(92160K), 0.0004753 secs] 105004K->31721K(194560K), 0.0005416 secs] [Times: user=0.00 sys=0.00, real=0.00 secs] 
632.128: [GC (Allocation Failure) 632.128: [ParNew: 73282K->0K(92160K), 0.0008057 secs] 105004K->31721K(194560K), 0.0009505 secs] [Times: user=0.00 sys=0.00, real=0.00 secs] 
633.143: [GC (Allocation Failure) 633.143: [ParNew: 73282K->0K(92160K), 0.0005882 secs] 105004K->31721K(194560K), 0.0006999 secs] [Times: user=0.00 sys=0.00, real=0.00 secs] 
634.154: [GC (Allocation Failure) 634.154: [ParNew: 73282K->0K(92160K), 0.0006304 secs] 105004K->31721K(194560K), 0.0007251 secs] [Times: user=0.00 sys=0.00, real=0.00 secs] 
635.164: [GC (Allocation Failure) 635.164: [ParNew: 73282K->0K(92160K), 0.0007528 secs] 105004K->31721K(194560K), 0.0008522 secs] [Times: user=0.00 sys=0.00, real=0.00 secs] 
635.177: [GC (Allocation Failure) 635.177: [ParNew: 73282K->0K(92160K), 0.0008874 secs] 105004K->31721K(194560K), 0.0010094 secs] [Times: user=0.00 sys=0.00, real=0.00 secs] 
636.194: [GC (Allocation Failure) 636.194: [ParNew: 73282K->0K(92160K), 0.0010137 secs] 105004K->31721K(194560K), 0.0011428 secs] [Times: user=0.00 sys=0.00, real=0.00 secs] 
637.206: [GC (Allocation Failure) 637.207: [ParNew: 73282K->0K(92160K), 0.0005187 secs] 105004K->31721K(194560K), 0.0006024 secs] [Times: user=0.00 sys=0.00, real=0.00 secs] 
638.217: [GC (Allocation Failure) 638.217: [ParNew: 73282K->0K(92160K), 0.0004397 secs] 105004K->31721K(194560K), 0.0005226 secs] [Times: user=0.00 sys=0.00, real=0.00 secs] 
639.227: [GC (Allocation Failure) 639.227: [ParNew: 73282K->0K(92160K), 0.0005222 secs] 105004K->31721K(194560K), 0.0006087 secs] [Times: user=0.00 sys=0.00, real=0.00 secs] 
640.237: [GC (Allocation Failure) 640.237: [ParNew: 73282K->0K(92160K), 0.0004938 secs] 105004K->31721K(194560K), 0.0005728 secs] [Times: user=0.00 sys=0.00, real=0.00 secs] 
641.247: [GC (Allocation Failure) 641.247: [ParNew: 73282K->0K(92160K), 0.0007749 secs] 105004K->31721K(194560K), 0.0009079 secs] [Times: user=0.00 sys=0.00, real=0.00 secs] 
642.263: [GC (Allocation Failure) 642.263: [ParNew: 73282K->0K(92160K), 0.0013279 secs] 105004K->31721K(194560K), 0.0014909 secs] [Times: user=0.00 sys=0.00, real=0.00 secs] 
642.279: [GC (Allocation Failure) 642.279: [ParNew: 73282K->0K(92160K), 0.0008692 secs] 105004K->31721K(194560K), 0.0010228 secs] [Times: user=0.00 sys=0.00, real=0.00 secs] 
643.289: [GC (Allocation Failure) 643.289: [ParNew: 73282K->0K(92160K), 0.0004425 secs] 105004K->31721K(194560K), 0.0005199 secs] [Times: user=0.00 sys=0.00, real=0.00 secs] 
644.306: [GC (Allocation Failure) 644.306: [ParNew: 73282K->0K(92160K), 0.0007725 secs] 105004K->31721K(194560K), 0.0009047 secs] [Times: user=0.00 sys=0.00, real=0.00 secs] 
645.320: [GC (Allocation Failure) 645.320: [ParNew: 73282K->0K(92160K), 0.0003975 secs] 105004K->31721K(194560K), 0.0004630 secs] [Times: user=0.00 sys=0.00, real=0.00 secs] 
646.331: [GC (Allocation Failure) 646.331: [ParNew: 73282K->0K(92160K), 0.0009659 secs] 105004K->31721K(194560K), 0.0011013 secs] [Times: user=0.00 sys=0.00, real=0.00 secs] 
647.346: [GC (Allocation Failure) 647.346: [ParNew: 73282K->0K(92160K), 0.0006509 secs] 105004K->31721K(194560K), 0.0007433 secs] [Times: user=0.00 sys=0.00, real=0.00 secs] 
648.358: [GC (Allocation Failure) 648.358: [ParNew: 73282K->0K(92160K), 0.0005037 secs] 105004K->31721K(194560K), 0.0005700 secs] [Times: user=0.00 sys=0.00, real=0.00 secs] 
649.368: [GC (Allocation Failure) 649.368: [ParNew: 73282K->0K(92160K), 0.0003588 secs] 105004K->31721K(194560K), 0.0004251 secs] [Times: user=0.00 sys=0.00, real=0.00 secs] 
649.376: [GC (Allocation Failure) 649.376: [ParNew: 73282K->0K(92160K), 0.0003580 secs] 105004K->31721K(194560K), 0.0004267 secs] [Times: user=0.00 sys=0.00, real=0.00 secs] 
650.390: [GC (Allocation Failure) 650.390: [ParNew: 73282K->0K(92160K), 0.0009967 secs] 105004K->31721K(194560K), 0.0011238 secs] [Times: user=0.00 sys=0.00, real=0.00 secs] 
651.402: [GC (Allocation Failure) 651.402: [ParNew: 73282K->0K(92160K), 0.0005361 secs] 105004K->31721K(194560K), 0.0006237 secs] [Times: user=0.00 sys=0.00, real=0.00 secs] 
652.414: [GC (Allocation Failure) 652.414: [ParNew: 73282K->0K(92160K), 0.0010938 secs] 105004K->31721K(194560K), 0.0012438 secs] [Times: user=0.00 sys=0.00, real=0.00 secs] 
653.428: [GC (Allocation Failure) 653.428: [ParNew: 73282K->0K(92160K), 0.0003880 secs] 105004K->31721K(194560K), 0.0004543 secs] [Times: user=0.00 sys=0.00, real=0.00 secs] 
654.438: [GC (Allocation Failure) 654.438: [ParNew: 73282K->0K(92160K), 0.0004812 secs] 105004K->31721K(194560K), 0.0005755 secs] [Times: user=0.00 sys=0.00, real=0.00 secs] 
655.447: [GC (Allocation Failure) 655.447: [ParNew: 73282K->0K(92160K), 0.0009265 secs] 105004K->31721K(194560K), 0.0010484 secs] [Times: user=0.00 sys=0.00, real=0.00 secs] 
656.462: [GC (Allocation Failure) 656.462: [ParNew: 73282K->0K(92160K), 0.0008286 secs] 105004K->31721K(194560K), 0.0009438 secs] [Times: user=0.06 sys=0.00, real=0.00 secs] 
656.477: [GC (Allocation Failure) 656.477: [ParNew: 73282K->0K(92160K), 0.0007847 secs] 105004K->31721K(194560K), 0.0009044 secs] [Times: user=0.00 sys=0.00, real=0.00 secs] 
657.493: [GC (Allocation Failure) 657.493: [ParNew: 73282K->0K(92160K), 0.0006126 secs] 105004K->31721K(194560K), 0.0007007 secs] [Times: user=0.05 sys=0.00, real=0.00 secs] 
658.507: [GC (Allocation Failure) 658.507: [ParNew: 73282K->0K(92160K), 0.0008838 secs] 105004K->31721K(194560K), 0.0010042 secs] [Times: user=0.00 sys=0.00, real=0.00 secs] 
659.524: [GC (Allocation Failure) 659.524: [ParNew: 73282K->0K(92160K), 0.0008132 secs] 105004K->31721K(194560K), 0.0009209 secs] [Times: user=0.00 sys=0.00, real=0.00 secs] 
660.539: [GC (Allocation Failure) 660.539: [ParNew: 73282K->0K(92160K), 0.0008290 secs] 105004K->31721K(194560K), 0.0009344 secs] [Times: user=0.00 sys=0.00, real=0.00 secs] 
661.554: [GC (Allocation Failure) 661.554: [ParNew: 73282K->0K(92160K), 0.0004650 secs] 105004K->31721K(194560K), 0.0005321 secs] [Times: user=0.00 sys=0.00, real=0.00 secs] 
662.563: [GC (Allocation Failure) 662.563: [ParNew: 73282K->0K(92160K), 0.0003525 secs] 105004K->31721K(194560K), 0.0004192 secs] [Times: user=0.00 sys=0.00, real=0.00 secs] 
663.571: [GC (Allocation Failure) 663.571: [ParNew: 73282K->0K(92160K), 0.0009403 secs] 105004K->31721K(194560K), 0.0010737 secs] [Times: user=0.06 sys=0.00, real=0.00 secs] 
663.586: [GC (Allocation Failure) 663.586: [ParNew: 73282K->0K(92160K), 0.0009766 secs] 105004K->31721K(194560K), 0.0010895 secs] [Times: user=0.00 sys=0.00, real=0.00 secs] 
664.604: [GC (Allocation Failure) 664.604: [ParNew: 73282K->0K(92160K), 0.0005108 secs] 105004K->31721K(194560K), 0.0006237 secs] [Times: user=0.00 sys=0.00, real=0.00 secs] 
665.619: [GC (Allocation Failure) 665.619: [ParNew: 73282K->0K(92160K), 0.0008538 secs] 105004K->31721K(194560K), 0.0010026 secs] [Times: user=0.00 sys=0.00, real=0.00 secs] 
666.633: [GC (Allocation Failure) 666.633: [ParNew: 73282K->0K(92160K), 0.0008321 secs] 105004K->31721K(194560K), 0.0009505 secs] [Times: user=0.00 sys=0.00, real=0.00 secs] 
667.649: [GC (Allocation Failure) 667.649: [ParNew: 73282K->0K(92160K), 0.0008187 secs] 105004K->31721K(194560K), 0.0009269 secs] [Times: user=0.06 sys=0.00, real=0.00 secs] 
668.663: [GC (Allocation Failure) 668.663: [ParNew: 73282K->0K(92160K), 0.0008641 secs] 105004K->31721K(194560K), 0.0009861 secs] [Times: user=0.00 sys=0.00, real=0.00 secs] 
669.678: [GC (Allocation Failure) 669.678: [ParNew: 73282K->0K(92160K), 0.0008313 secs] 105004K->31721K(194560K), 0.0009734 secs] [Times: user=0.00 sys=0.00, real=0.00 secs] 
670.693: [GC (Allocation Failure) 670.693: [ParNew: 73282K->0K(92160K), 0.0008487 secs] 105004K->31721K(194560K), 0.0009861 secs] [Times: user=0.00 sys=0.00, real=0.00 secs] 
670.709: [GC (Allocation Failure) 670.709: [ParNew: 73282K->0K(92160K), 0.0007804 secs] 105004K->31721K(194560K), 0.0008858 secs] [Times: user=0.00 sys=0.00, real=0.00 secs] 
671.719: [GC (Allocation Failure) 671.719: [ParNew: 73282K->0K(92160K), 0.0004086 secs] 105004K->31721K(194560K), 0.0005361 secs] [Times: user=0.00 sys=0.00, real=0.00 secs] 
672.733: [GC (Allocation Failure) 672.733: [ParNew: 73282K->0K(92160K), 0.0008203 secs] 105004K->31721K(194560K), 0.0009415 secs] [Times: user=0.00 sys=0.00, real=0.00 secs] 
673.746: [GC (Allocation Failure) 673.746: [ParNew: 73282K->0K(92160K), 0.0008076 secs] 105004K->31721K(194560K), 0.0009150 secs] [Times: user=0.00 sys=0.00, real=0.00 secs] 
674.760: [GC (Allocation Failure) 674.760: [ParNew: 73282K->0K(92160K), 0.0004093 secs] 105004K->31721K(194560K), 0.0004887 secs] [Times: user=0.00 sys=0.00, real=0.00 secs] 
675.771: [GC (Allocation Failure) 675.771: [ParNew: 73282K->0K(92160K), 0.0003588 secs] 105004K->31721K(194560K), 0.0004291 secs] [Times: user=0.00 sys=0.00, real=0.00 secs] 
676.780: [GC (Allocation Failure) 676.780: [ParNew: 73282K->0K(92160K), 0.0003817 secs] 105004K->31721K(194560K), 0.0004492 secs] [Times: user=0.00 sys=0.00, real=0.00 secs] 
677.788: [GC (Allocation Failure) 677.788: [ParNew: 73282K->0K(92160K), 0.0008929 secs] 105004K->31721K(194560K), 0.0010066 secs] [Times: user=0.00 sys=0.00, real=0.00 secs] 
677.804: [GC (Allocation Failure) 677.804: [ParNew: 73282K->0K(92160K), 0.0008440 secs] 105004K->31721K(194560K), 0.0009521 secs] [Times: user=0.00 sys=0.00, real=0.00 secs] 
678.814: [GC (Allocation Failure) 678.814: [ParNew: 73282K->0K(92160K), 0.0003600 secs] 105004K->31721K(194560K), 0.0004137 secs] [Times: user=0.00 sys=0.00, real=0.00 secs] 
679.826: [GC (Allocation Failure) 679.826: [ParNew: 73282K->0K(92160K), 0.0009225 secs] 105004K->31721K(194560K), 0.0010295 secs] [Times: user=0.00 sys=0.00, real=0.00 secs] 
680.839: [GC (Allocation Failure) 680.839: [ParNew: 73282K->0K(92160K), 0.0005972 secs] 105004K->31721K(194560K), 0.0007105 secs] [Times: user=0.00 sys=0.00, real=0.00 secs] 
681.850: [GC (Allocation Failure) 681.850: [ParNew: 73282K->0K(92160K), 0.0008463 secs] 105004K->31721K(194560K), 0.0009853 secs] [Times: user=0.00 sys=0.00, real=0.00 secs] 
682.865: [GC (Allocation Failure) 682.865: [ParNew: 73282K->0K(92160K), 0.0010591 secs] 105004K->31721K(194560K), 0.0011972 secs] [Times: user=0.00 sys=0.00, real=0.00 secs] 
683.879: [GC (Allocation Failure) 683.879: [ParNew: 73282K->0K(92160K), 0.0003493 secs] 105004K->31721K(194560K), 0.0004090 secs] [Times: user=0.00 sys=0.00, real=0.00 secs] 
684.888: [GC (Allocation Failure) 684.888: [ParNew: 73282K->0K(92160K), 0.0004828 secs] 105004K->31721K(194560K), 0.0005617 secs] [Times: user=0.00 sys=0.00, real=0.00 secs] 
684.897: [GC (Allocation Failure) 684.897: [ParNew: 73282K->0K(92160K), 0.0004551 secs] 105004K->31721K(194560K), 0.0005278 secs] [Times: user=0.00 sys=0.00, real=0.00 secs] 
685.910: [GC (Allocation Failure) 685.910: [ParNew: 73282K->0K(92160K), 0.0008313 secs] 105004K->31721K(194560K), 0.0009770 secs] [Times: user=0.00 sys=0.00, real=0.00 secs] 
686.925: [GC (Allocation Failure) 686.925: [ParNew: 73282K->0K(92160K), 0.0008491 secs] 105004K->31721K(194560K), 0.0009746 secs] [Times: user=0.00 sys=0.00, real=0.00 secs] 
687.937: [GC (Allocation Failure) 687.937: [ParNew: 73282K->0K(92160K), 0.0003604 secs] 105004K->31721K(194560K), 0.0004263 secs] [Times: user=0.00 sys=0.00, real=0.00 secs] 
688.944: [GC (Allocation Failure) 688.944: [ParNew: 73282K->0K(92160K), 0.0004836 secs] 105004K->31721K(194560K), 0.0005637 secs] [Times: user=0.00 sys=0.00, real=0.00 secs] 
689.953: [GC (Allocation Failure) 689.953: [ParNew: 73282K->0K(92160K), 0.0006959 secs] 105004K->31721K(194560K), 0.0007978 secs] [Times: user=0.00 sys=0.00, real=0.00 secs] 
690.965: [GC (Allocation Failure) 690.965: [ParNew: 73282K->0K(92160K), 0.0008937 secs] 105004K->31721K(194560K), 0.0010283 secs] [Times: user=0.00 sys=0.00, real=0.00 secs] 
691.980: [GC (Allocation Failure) 691.980: [ParNew: 73282K->0K(92160K), 0.0008475 secs] 105004K->31721K(194560K), 0.0009644 secs] [Times: user=0.00 sys=0.00, real=0.00 secs] 
691.996: [GC (Allocation Failure) 691.996: [ParNew: 73282K->0K(92160K), 0.0009908 secs] 105004K->31721K(194560K), 0.0012908 secs] [Times: user=0.00 sys=0.00, real=0.00 secs] 
693.012: [GC (Allocation Failure) 693.012: [ParNew: 73282K->0K(92160K), 0.0008451 secs] 105004K->31721K(194560K), 0.0010267 secs] [Times: user=0.00 sys=0.00, real=0.00 secs] 
694.028: [GC (Allocation Failure) 694.029: [ParNew: 73282K->0K(92160K), 0.0008294 secs] 105004K->31721K(194560K), 0.0009466 secs] [Times: user=0.00 sys=0.00, real=0.00 secs] 
695.040: [GC (Allocation Failure) 695.040: [ParNew: 73282K->0K(92160K), 0.0006071 secs] 105004K->31721K(194560K), 0.0006825 secs] [Times: user=0.00 sys=0.00, real=0.00 secs] 
696.053: [GC (Allocation Failure) 696.053: [ParNew: 73282K->0K(92160K), 0.0007930 secs] 105004K->31721K(194560K), 0.0009201 secs] [Times: user=0.00 sys=0.00, real=0.00 secs] 
697.066: [GC (Allocation Failure) 697.067: [ParNew: 73282K->0K(92160K), 0.0004729 secs] 105004K->31721K(194560K), 0.0005333 secs] [Times: user=0.00 sys=0.00, real=0.00 secs] 
698.077: [GC (Allocation Failure) 698.077: [ParNew: 73282K->0K(92160K), 0.0008747 secs] 105004K->31721K(194560K), 0.0009644 secs] [Times: user=0.00 sys=0.00, real=0.00 secs] 
699.089: [GC (Allocation Failure) 699.089: [ParNew: 73282K->0K(92160K), 0.0010358 secs] 105004K->31721K(194560K), 0.0011937 secs] [Times: user=0.00 sys=0.00, real=0.00 secs] 
699.104: [GC (Allocation Failure) 699.104: [ParNew: 73282K->0K(92160K), 0.0007922 secs] 105004K->31721K(194560K), 0.0009324 secs] [Times: user=0.00 sys=0.00, real=0.00 secs] 
700.115: [GC (Allocation Failure) 700.115: [ParNew: 73282K->0K(92160K), 0.0004516 secs] 105004K->31721K(194560K), 0.0005392 secs] [Times: user=0.00 sys=0.00, real=0.00 secs] 
701.124: [GC (Allocation Failure) 701.124: [ParNew: 73282K->0K(92160K), 0.0008744 secs] 105004K->31721K(194560K), 0.0009703 secs] [Times: user=0.00 sys=0.00, real=0.00 secs] 
702.139: [GC (Allocation Failure) 702.139: [ParNew: 73282K->0K(92160K), 0.0010303 secs] 105004K->31721K(194560K), 0.0011882 secs] [Times: user=0.00 sys=0.00, real=0.00 secs] 
703.154: [GC (Allocation Failure) 703.155: [ParNew: 73282K->0K(92160K), 0.0010666 secs] 105004K->31721K(194560K), 0.0012119 secs] [Times: user=0.00 sys=0.00, real=0.00 secs] 
704.172: [GC (Allocation Failure) 704.172: [ParNew: 73282K->0K(92160K), 0.0010796 secs] 105004K->31721K(194560K), 0.0012150 secs] [Times: user=0.00 sys=0.00, real=0.00 secs] 
705.191: [GC (Allocation Failure) 705.191: [ParNew: 73282K->0K(92160K), 0.0006209 secs] 105004K->31721K(194560K), 0.0007129 secs] [Times: user=0.00 sys=0.00, real=0.00 secs] 
706.202: [GC (Allocation Failure) 706.202: [ParNew: 73282K->0K(92160K), 0.0007457 secs] 105004K->31721K(194560K), 0.0008163 secs] [Times: user=0.00 sys=0.00, real=0.00 secs] 
706.211: [GC (Allocation Failure) 706.211: [ParNew: 73282K->0K(92160K), 0.0004851 secs] 105004K->31721K(194560K), 0.0005720 secs] [Times: user=0.00 sys=0.00, real=0.00 secs] 
707.220: [GC (Allocation Failure) 707.220: [ParNew: 73282K->0K(92160K), 0.0003450 secs] 105004K->31721K(194560K), 0.0004034 secs] [Times: user=0.00 sys=0.00, real=0.00 secs] 
708.228: [GC (Allocation Failure) 708.228: [ParNew: 73282K->0K(92160K), 0.0004461 secs] 105004K->31721K(194560K), 0.0005313 secs] [Times: user=0.00 sys=0.00, real=0.00 secs] 
709.238: [GC (Allocation Failure) 709.238: [ParNew: 73282K->0K(92160K), 0.0003805 secs] 105004K->31721K(194560K), 0.0004437 secs] [Times: user=0.00 sys=0.00, real=0.00 secs] 
710.248: [GC (Allocation Failure) 710.248: [ParNew: 73282K->0K(92160K), 0.0010011 secs] 105004K->31721K(194560K), 0.0011440 secs] [Times: user=0.00 sys=0.00, real=0.00 secs] 
711.262: [GC (Allocation Failure) 711.262: [ParNew: 73282K->0K(92160K), 0.0007915 secs] 105004K->31721K(194560K), 0.0009407 secs] [Times: user=0.00 sys=0.00, real=0.00 secs] 
712.276: [GC (Allocation Failure) 712.276: [ParNew: 73282K->0K(92160K), 0.0003817 secs] 105004K->31721K(194560K), 0.0004587 secs] [Times: user=0.00 sys=0.00, real=0.00 secs] 
713.300: [GC (Allocation Failure) 713.300: [ParNew: 73282K->0K(92160K), 0.0004528 secs] 105004K->31721K(194560K), 0.0005353 secs] [Times: user=0.00 sys=0.00, real=0.00 secs] 
713.311: [GC (Allocation Failure) 713.311: [ParNew: 73282K->0K(92160K), 0.0005116 secs] 105004K->31721K(194560K), 0.0005818 secs] [Times: user=0.00 sys=0.00, real=0.00 secs] 
714.319: [GC (Allocation Failure) 714.319: [ParNew: 73282K->0K(92160K), 0.0003726 secs] 105004K->31721K(194560K), 0.0004465 secs] [Times: user=0.00 sys=0.00, real=0.00 secs] 
715.332: [GC (Allocation Failure) 715.332: [ParNew: 73282K->0K(92160K), 0.0008065 secs] 105004K->31721K(194560K), 0.0009312 secs] [Times: user=0.00 sys=0.00, real=0.00 secs] 
716.346: [GC (Allocation Failure) 716.346: [ParNew: 73282K->0K(92160K), 0.0007232 secs] 105004K->31721K(194560K), 0.0008495 secs] [Times: user=0.00 sys=0.00, real=0.00 secs] 
717.366: [GC (Allocation Failure) 717.366: [ParNew: 73282K->0K(92160K), 0.0010994 secs] 105004K->31721K(194560K), 0.0012719 secs] [Times: user=0.00 sys=0.00, real=0.00 secs] 
718.380: [GC (Allocation Failure) 718.380: [ParNew: 73282K->0K(92160K), 0.0004843 secs] 105004K->31721K(194560K), 0.0005518 secs] [Times: user=0.00 sys=0.00, real=0.00 secs] 
719.388: [GC (Allocation Failure) 719.389: [ParNew: 73282K->0K(92160K), 0.0008353 secs] 105004K->31721K(194560K), 0.0009758 secs] [Times: user=0.00 sys=0.00, real=0.00 secs] 
720.404: [GC (Allocation Failure) 720.404: [ParNew: 73282K->0K(92160K), 0.0011120 secs] 105004K->31721K(194560K), 0.0012600 secs] [Times: user=0.00 sys=0.00, real=0.00 secs] 
720.420: [GC (Allocation Failure) 720.420: [ParNew: 73282K->0K(92160K), 0.0008029 secs] 105004K->31721K(194560K), 0.0009249 secs] [Times: user=0.00 sys=0.00, real=0.00 secs] 
721.442: [GC (Allocation Failure) 721.442: [ParNew: 73282K->0K(92160K), 0.0008337 secs] 105004K->31721K(194560K), 0.0009849 secs] [Times: user=0.00 sys=0.00, real=0.00 secs] 
722.457: [GC (Allocation Failure) 722.457: [ParNew: 73282K->0K(92160K), 0.0009762 secs] 105004K->31721K(194560K), 0.0010883 secs] [Times: user=0.00 sys=0.00, real=0.00 secs] 
723.469: [GC (Allocation Failure) 723.469: [ParNew: 73282K->0K(92160K), 0.0003715 secs] 105004K->31721K(194560K), 0.0004330 secs] [Times: user=0.00 sys=0.00, real=0.00 secs] 
724.480: [GC (Allocation Failure) 724.480: [ParNew: 73282K->0K(92160K), 0.0009486 secs] 105004K->31721K(194560K), 0.0010780 secs] [Times: user=0.00 sys=0.00, real=0.00 secs] 
725.496: [GC (Allocation Failure) 725.497: [ParNew: 73282K->0K(92160K), 0.0007946 secs] 105004K->31721K(194560K), 0.0009194 secs] [Times: user=0.00 sys=0.00, real=0.00 secs] 
726.512: [GC (Allocation Failure) 726.512: [ParNew: 73282K->0K(92160K), 0.0010204 secs] 105004K->31721K(194560K), 0.0011629 secs] [Times: user=0.00 sys=0.00, real=0.00 secs] 
727.527: [GC (Allocation Failure) 727.527: [ParNew: 73282K->0K(92160K), 0.0011076 secs] 105004K->31721K(194560K), 0.0012411 secs] [Times: user=0.00 sys=0.00, real=0.00 secs] 
727.543: [GC (Allocation Failure) 727.543: [ParNew: 73282K->0K(92160K), 0.0008653 secs] 105004K->31721K(194560K), 0.0010070 secs] [Times: user=0.00 sys=0.00, real=0.00 secs] 
728.560: [GC (Allocation Failure) 728.560: [ParNew: 73282K->0K(92160K), 0.0013942 secs] 105004K->31721K(194560K), 0.0015229 secs] [Times: user=0.00 sys=0.00, real=0.00 secs] 
729.576: [GC (Allocation Failure) 729.576: [ParNew: 73282K->0K(92160K), 0.0008088 secs] 105004K->31721K(194560K), 0.0009359 secs] [Times: user=0.00 sys=0.00, real=0.00 secs] 
730.590: [GC (Allocation Failure) 730.590: [ParNew: 73282K->0K(92160K), 0.0007836 secs] 105004K->31721K(194560K), 0.0009028 secs] [Times: user=0.00 sys=0.00, real=0.00 secs] 
731.605: [GC (Allocation Failure) 731.605: [ParNew: 73282K->0K(92160K), 0.0008140 secs] 105004K->31721K(194560K), 0.0009245 secs] [Times: user=0.00 sys=0.00, real=0.00 secs] 
732.620: [GC (Allocation Failure) 732.621: [ParNew: 73282K->0K(92160K), 0.0008372 secs] 105004K->31721K(194560K), 0.0009557 secs] [Times: user=0.00 sys=0.00, real=0.00 secs] 
733.643: [GC (Allocation Failure) 733.643: [ParNew: 73282K->0K(92160K), 0.0009229 secs] 105004K->31721K(194560K), 0.0010709 secs] [Times: user=0.00 sys=0.00, real=0.00 secs] 
734.660: [GC (Allocation Failure) 734.660: [ParNew: 73282K->0K(92160K), 0.0009237 secs] 105004K->31721K(194560K), 0.0010847 secs] [Times: user=0.00 sys=0.00, real=0.00 secs] 
734.676: [GC (Allocation Failure) 734.676: [ParNew: 73282K->0K(92160K), 0.0008357 secs] 105004K->31721K(194560K), 0.0009983 secs] [Times: user=0.00 sys=0.00, real=0.00 secs] 
735.738: [GC (Allocation Failure) 735.738: [ParNew: 73282K->0K(92160K), 0.0003549 secs] 105004K->31721K(194560K), 0.0004220 secs] [Times: user=0.00 sys=0.00, real=0.00 secs] 
736.752: [GC (Allocation Failure) 736.752: [ParNew: 73282K->0K(92160K), 0.0008574 secs] 105004K->31721K(194560K), 0.0009888 secs] [Times: user=0.00 sys=0.00, real=0.00 secs] 
737.767: [GC (Allocation Failure) 737.767: [ParNew: 73282K->0K(92160K), 0.0008736 secs] 105004K->31721K(194560K), 0.0010022 secs] [Times: user=0.00 sys=0.00, real=0.00 secs] 
738.785: [GC (Allocation Failure) 738.785: [ParNew: 73282K->0K(92160K), 0.0008890 secs] 105004K->31721K(194560K), 0.0010433 secs] [Times: user=0.00 sys=0.00, real=0.00 secs] 
739.799: [GC (Allocation Failure) 739.799: [ParNew: 73282K->0K(92160K), 0.0008159 secs] 105004K->31721K(194560K), 0.0009316 secs] [Times: user=0.00 sys=0.00, real=0.00 secs] 
740.814: [GC (Allocation Failure) 740.814: [ParNew: 73282K->0K(92160K), 0.0005483 secs] 105004K->31721K(194560K), 0.0006320 secs] [Times: user=0.00 sys=0.00, real=0.00 secs] 
741.825: [GC (Allocation Failure) 741.825: [ParNew: 73282K->0K(92160K), 0.0006833 secs] 105004K->31721K(194560K), 0.0007804 secs] [Times: user=0.00 sys=0.00, real=0.00 secs] 
741.836: [GC (Allocation Failure) 741.836: [ParNew: 73282K->0K(92160K), 0.0006924 secs] 105004K->31721K(194560K), 0.0007970 secs] [Times: user=0.00 sys=0.00, real=0.00 secs] 
742.847: [GC (Allocation Failure) 742.847: [ParNew: 73282K->0K(92160K), 0.0003632 secs] 105004K->31721K(194560K), 0.0004378 secs] [Times: user=0.00 sys=0.00, real=0.00 secs] 
743.860: [GC (Allocation Failure) 743.860: [ParNew: 73282K->0K(92160K), 0.0007978 secs] 105004K->31721K(194560K), 0.0009040 secs] [Times: user=0.00 sys=0.00, real=0.00 secs] 
744.876: [GC (Allocation Failure) 744.876: [ParNew: 73282K->0K(92160K), 0.0008080 secs] 105004K->31721K(194560K), 0.0009584 secs] [Times: user=0.00 sys=0.00, real=0.00 secs] 
745.892: [GC (Allocation Failure) 745.892: [ParNew: 73282K->0K(92160K), 0.0008041 secs] 105004K->31721K(194560K), 0.0009190 secs] [Times: user=0.00 sys=0.00, real=0.00 secs] 
746.907: [GC (Allocation Failure) 746.907: [ParNew: 73282K->0K(92160K), 0.0008463 secs] 105004K->31721K(194560K), 0.0009663 secs] [Times: user=0.00 sys=0.00, real=0.00 secs] 
747.923: [GC (Allocation Failure) 747.923: [ParNew: 73282K->0K(92160K), 0.0009920 secs] 105004K->31721K(194560K), 0.0011104 secs] [Times: user=0.00 sys=0.00, real=0.00 secs] 
748.938: [GC (Allocation Failure) 748.938: [ParNew: 73282K->0K(92160K), 0.0009351 secs] 105004K->31721K(194560K), 0.0010575 secs] [Times: user=0.00 sys=0.00, real=0.00 secs] 
748.953: [GC (Allocation Failure) 748.953: [ParNew: 73282K->0K(92160K), 0.0010646 secs] 105004K->31721K(194560K), 0.0011763 secs] [Times: user=0.00 sys=0.00, real=0.00 secs] 
749.969: [GC (Allocation Failure) 749.969: [ParNew: 73282K->0K(92160K), 0.0010153 secs] 105004K->31721K(194560K), 0.0011515 secs] [Times: user=0.00 sys=0.00, real=0.00 secs] 
750.983: [GC (Allocation Failure) 750.984: [ParNew: 73282K->0K(92160K), 0.0007397 secs] 105004K->31721K(194560K), 0.0008440 secs] [Times: user=0.00 sys=0.00, real=0.00 secs] 
751.998: [GC (Allocation Failure) 751.998: [ParNew: 73282K->0K(92160K), 0.0009857 secs] 105004K->31721K(194560K), 0.0011013 secs] [Times: user=0.00 sys=0.00, real=0.00 secs] 
753.014: [GC (Allocation Failure) 753.014: [ParNew: 73282K->0K(92160K), 0.0004433 secs] 105004K->31721K(194560K), 0.0005246 secs] [Times: user=0.00 sys=0.00, real=0.00 secs] 
754.025: [GC (Allocation Failure) 754.025: [ParNew: 73282K->0K(92160K), 0.0008242 secs] 105004K->31721K(194560K), 0.0009632 secs] [Times: user=0.00 sys=0.00, real=0.00 secs] 
755.039: [GC (Allocation Failure) 755.039: [ParNew: 73282K->0K(92160K), 0.0005057 secs] 105004K->31721K(194560K), 0.0005838 secs] [Times: user=0.00 sys=0.00, real=0.00 secs] 
756.048: [GC (Allocation Failure) 756.048: [ParNew: 73282K->0K(92160K), 0.0010492 secs] 105004K->31721K(194560K), 0.0012059 secs] [Times: user=0.00 sys=0.00, real=0.00 secs] 
756.064: [GC (Allocation Failure) 756.064: [ParNew: 73282K->0K(92160K), 0.0010354 secs] 105004K->31721K(194560K), 0.0011838 secs] [Times: user=0.00 sys=0.00, real=0.00 secs] 
757.080: [GC (Allocation Failure) 757.080: [ParNew: 73282K->0K(92160K), 0.0010263 secs] 105004K->31721K(194560K), 0.0011609 secs] [Times: user=0.00 sys=0.00, real=0.00 secs] 
758.096: [GC (Allocation Failure) 758.096: [ParNew: 73282K->0K(92160K), 0.0011933 secs] 105004K->31721K(194560K), 0.0013398 secs] [Times: user=0.00 sys=0.00, real=0.00 secs] 
759.107: [GC (Allocation Failure) 759.107: [ParNew: 73282K->0K(92160K), 0.0003525 secs] 105004K->31721K(194560K), 0.0004212 secs] [Times: user=0.00 sys=0.00, real=0.00 secs] 
760.116: [GC (Allocation Failure) 760.116: [ParNew: 73282K->0K(92160K), 0.0003746 secs] 105004K->31721K(194560K), 0.0004484 secs] [Times: user=0.00 sys=0.00, real=0.00 secs] 
761.124: [GC (Allocation Failure) 761.124: [ParNew: 73282K->0K(92160K), 0.0004551 secs] 105004K->31721K(194560K), 0.0005293 secs] [Times: user=0.00 sys=0.00, real=0.00 secs] 
762.132: [GC (Allocation Failure) 762.132: [ParNew: 73282K->0K(92160K), 0.0003422 secs] 105004K->31721K(194560K), 0.0004026 secs] [Times: user=0.00 sys=0.00, real=0.00 secs] 
763.139: [GC (Allocation Failure) 763.139: [ParNew: 73282K->0K(92160K), 0.0003616 secs] 105004K->31721K(194560K), 0.0004307 secs] [Times: user=0.00 sys=0.00, real=0.00 secs] 
763.148: [GC (Allocation Failure) 763.148: [ParNew: 73282K->0K(92160K), 0.0003537 secs] 105004K->31721K(194560K), 0.0004145 secs] [Times: user=0.00 sys=0.00, real=0.00 secs] 
764.162: [GC (Allocation Failure) 764.162: [ParNew: 73282K->0K(92160K), 0.0004820 secs] 105004K->31721K(194560K), 0.0005633 secs] [Times: user=0.00 sys=0.00, real=0.00 secs] 
765.176: [GC (Allocation Failure) 765.176: [ParNew: 73282K->0K(92160K), 0.0007761 secs] 105004K->31721K(194560K), 0.0009079 secs] [Times: user=0.00 sys=0.00, real=0.00 secs] 
766.193: [GC (Allocation Failure) 766.193: [ParNew: 73282K->0K(92160K), 0.0010299 secs] 105004K->31721K(194560K), 0.0011672 secs] [Times: user=0.00 sys=0.00, real=0.00 secs] 
767.208: [GC (Allocation Failure) 767.208: [ParNew: 73282K->0K(92160K), 0.0004540 secs] 105004K->31721K(194560K), 0.0005254 secs] [Times: user=0.00 sys=0.00, real=0.00 secs] 
768.219: [GC (Allocation Failure) 768.219: [ParNew: 73282K->0K(92160K), 0.0011199 secs] 105004K->31721K(194560K), 0.0012711 secs] [Times: user=0.00 sys=0.00, real=0.00 secs] 
769.230: [GC (Allocation Failure) 769.230: [ParNew: 73282K->0K(92160K), 0.0004330 secs] 105004K->31721K(194560K), 0.0005167 secs] [Times: user=0.00 sys=0.00, real=0.00 secs] 
770.239: [GC (Allocation Failure) 770.239: [ParNew: 73282K->0K(92160K), 0.0006541 secs] 105004K->31721K(194560K), 0.0007326 secs] [Times: user=0.00 sys=0.00, real=0.00 secs] 
770.248: [GC (Allocation Failure) 770.248: [ParNew: 73282K->0K(92160K), 0.0004666 secs] 105004K->31721K(194560K), 0.0005301 secs] [Times: user=0.00 sys=0.00, real=0.00 secs] 
771.259: [GC (Allocation Failure) 771.259: [ParNew: 73282K->0K(92160K), 0.0008546 secs] 105004K->31721K(194560K), 0.0009640 secs] [Times: user=0.03 sys=0.01, real=0.00 secs] 
772.274: [GC (Allocation Failure) 772.274: [ParNew: 73282K->0K(92160K), 0.0012766 secs] 105004K->31721K(194560K), 0.0014353 secs] [Times: user=0.03 sys=0.00, real=0.00 secs] 
773.286: [GC (Allocation Failure) 773.286: [ParNew: 73282K->0K(92160K), 0.0003770 secs] 105004K->31721K(194560K), 0.0004583 secs] [Times: user=0.00 sys=0.00, real=0.00 secs] 
774.295: [GC (Allocation Failure) 774.295: [ParNew: 73282K->0K(92160K), 0.0003584 secs] 105004K->31721K(194560K), 0.0004358 secs] [Times: user=0.00 sys=0.00, real=0.00 secs] 
775.303: [GC (Allocation Failure) 775.303: [ParNew: 73282K->0K(92160K), 0.0003774 secs] 105004K->31721K(194560K), 0.0004737 secs] [Times: user=0.00 sys=0.00, real=0.00 secs] 
776.312: [GC (Allocation Failure) 776.312: [ParNew: 73282K->0K(92160K), 0.0011132 secs] 105004K->31721K(194560K), 0.0012351 secs] [Times: user=0.00 sys=0.00, real=0.00 secs] 
777.329: [GC (Allocation Failure) 777.329: [ParNew: 73282K->0K(92160K), 0.0006257 secs] 105004K->31721K(194560K), 0.0007232 secs] [Times: user=0.00 sys=0.00, real=0.00 secs] 
777.340: [GC (Allocation Failure) 777.340: [ParNew: 73282K->0K(92160K), 0.0005274 secs] 105004K->31721K(194560K), 0.0006142 secs] [Times: user=0.00 sys=0.00, real=0.00 secs] 
778.354: [GC (Allocation Failure) 778.354: [ParNew: 73282K->0K(92160K), 0.0008045 secs] 105004K->31721K(194560K), 0.0009659 secs] [Times: user=0.00 sys=0.00, real=0.00 secs] 
779.369: [GC (Allocation Failure) 779.369: [ParNew: 73282K->0K(92160K), 0.0013950 secs] 105004K->31721K(194560K), 0.0015509 secs] [Times: user=0.00 sys=0.00, real=0.00 secs] 
780.385: [GC (Allocation Failure) 780.385: [ParNew: 73282K->0K(92160K), 0.0007812 secs] 105004K->31721K(194560K), 0.0009146 secs] [Times: user=0.00 sys=0.02, real=0.00 secs] 
781.401: [GC (Allocation Failure) 781.401: [ParNew: 73282K->0K(92160K), 0.0005159 secs] 105004K->31721K(194560K), 0.0005972 secs] [Times: user=0.00 sys=0.00, real=0.00 secs] 
782.413: [GC (Allocation Failure) 782.413: [ParNew: 73282K->0K(92160K), 0.0004496 secs] 105004K->31721K(194560K), 0.0005242 secs] [Times: user=0.00 sys=0.00, real=0.00 secs] 
783.424: [GC (Allocation Failure) 783.424: [ParNew: 73282K->0K(92160K), 0.0003797 secs] 105004K->31721K(194560K), 0.0004441 secs] [Times: user=0.00 sys=0.00, real=0.00 secs] 
784.431: [GC (Allocation Failure) 784.431: [ParNew: 73282K->0K(92160K), 0.0009450 secs] 105004K->31721K(194560K), 0.0010761 secs] [Times: user=0.00 sys=0.00, real=0.00 secs] 
784.449: [GC (Allocation Failure) 784.449: [ParNew: 73282K->0K(92160K), 0.0008120 secs] 105004K->31721K(194560K), 0.0009644 secs] [Times: user=0.00 sys=0.00, real=0.00 secs] 
785.464: [GC (Allocation Failure) 785.464: [ParNew: 73282K->0K(92160K), 0.0008637 secs] 105004K->31721K(194560K), 0.0010121 secs] [Times: user=0.00 sys=0.00, real=0.00 secs] 
786.475: [GC (Allocation Failure) 786.475: [ParNew: 73282K->0K(92160K), 0.0004772 secs] 105004K->31721K(194560K), 0.0005404 secs] [Times: user=0.00 sys=0.00, real=0.00 secs] 
787.485: [GC (Allocation Failure) 787.485: [ParNew: 73282K->0K(92160K), 0.0005159 secs] 105004K->31721K(194560K), 0.0005897 secs] [Times: user=0.00 sys=0.00, real=0.00 secs] 
788.494: [GC (Allocation Failure) 788.494: [ParNew: 73282K->0K(92160K), 0.0004895 secs] 105004K->31721K(194560K), 0.0005680 secs] [Times: user=0.00 sys=0.02, real=0.00 secs] 
789.503: [GC (Allocation Failure) 789.504: [ParNew: 73282K->0K(92160K), 0.0008854 secs] 105004K->31721K(194560K), 0.0010074 secs] [Times: user=0.00 sys=0.00, real=0.00 secs] 
790.519: [GC (Allocation Failure) 790.519: [ParNew: 73282K->0K(92160K), 0.0008471 secs] 105004K->31721K(194560K), 0.0009513 secs] [Times: user=0.00 sys=0.00, real=0.00 secs] 
791.535: [GC (Allocation Failure) 791.535: [ParNew: 73282K->0K(92160K), 0.0007954 secs] 105004K->31721K(194560K), 0.0009111 secs] [Times: user=0.00 sys=0.00, real=0.00 secs] 
791.549: [GC (Allocation Failure) 791.549: [ParNew: 73282K->0K(92160K), 0.0007697 secs] 105004K->31721K(194560K), 0.0008842 secs] [Times: user=0.00 sys=0.00, real=0.00 secs] 
792.564: [GC (Allocation Failure) 792.565: [ParNew: 73282K->0K(92160K), 0.0007883 secs] 105004K->31721K(194560K), 0.0009142 secs] [Times: user=0.00 sys=0.00, real=0.00 secs] 
793.575: [GC (Allocation Failure) 793.575: [ParNew: 73282K->0K(92160K), 0.0005045 secs] 105004K->31721K(194560K), 0.0005779 secs] [Times: user=0.00 sys=0.00, real=0.00 secs] 
794.587: [GC (Allocation Failure) 794.587: [ParNew: 73282K->0K(92160K), 0.0009059 secs] 105004K->31721K(194560K), 0.0010184 secs] [Times: user=0.06 sys=0.00, real=0.00 secs] 
795.603: [GC (Allocation Failure) 795.603: [ParNew: 73282K->0K(92160K), 0.0008444 secs] 105004K->31721K(194560K), 0.0009525 secs] [Times: user=0.02 sys=0.00, real=0.00 secs] 
796.618: [GC (Allocation Failure) 796.618: [ParNew: 73282K->0K(92160K), 0.0008459 secs] 105004K->31721K(194560K), 0.0009797 secs] [Times: user=0.06 sys=0.00, real=0.00 secs] 
797.635: [GC (Allocation Failure) 797.635: [ParNew: 73282K->0K(92160K), 0.0010658 secs] 105004K->31721K(194560K), 0.0012142 secs] [Times: user=0.00 sys=0.00, real=0.00 secs] 
798.650: [GC (Allocation Failure) 798.650: [ParNew: 73282K->0K(92160K), 0.0008661 secs] 105004K->31721K(194560K), 0.0010192 secs] [Times: user=0.06 sys=0.00, real=0.00 secs] 
798.664: [GC (Allocation Failure) 798.665: [ParNew: 73282K->0K(92160K), 0.0007847 secs] 105004K->31721K(194560K), 0.0009292 secs] [Times: user=0.00 sys=0.02, real=0.00 secs] 
799.681: [GC (Allocation Failure) 799.681: [ParNew: 73282K->0K(92160K), 0.0009553 secs] 105004K->31721K(194560K), 0.0010958 secs] [Times: user=0.00 sys=0.00, real=0.00 secs] 
800.698: [GC (Allocation Failure) 800.698: [ParNew: 73282K->0K(92160K), 0.0012047 secs] 105004K->31721K(194560K), 0.0013453 secs] [Times: user=0.00 sys=0.00, real=0.00 secs] 
801.714: [GC (Allocation Failure) 801.714: [ParNew: 73282K->0K(92160K), 0.0010125 secs] 105004K->31721K(194560K), 0.0011396 secs] [Times: user=0.00 sys=0.00, real=0.00 secs] 
802.729: [GC (Allocation Failure) 802.729: [ParNew: 73282K->0K(92160K), 0.0010137 secs] 105004K->31721K(194560K), 0.0011759 secs] [Times: user=0.00 sys=0.00, real=0.00 secs] 
803.742: [GC (Allocation Failure) 803.742: [ParNew: 73282K->0K(92160K), 0.0004749 secs] 105004K->31721K(194560K), 0.0005380 secs] [Times: user=0.00 sys=0.00, real=0.00 secs] 
804.751: [GC (Allocation Failure) 804.751: [ParNew: 73282K->0K(92160K), 0.0003722 secs] 105004K->31721K(194560K), 0.0004271 secs] [Times: user=0.00 sys=0.00, real=0.00 secs] 
805.759: [GC (Allocation Failure) 805.759: [ParNew: 73282K->0K(92160K), 0.0003608 secs] 105004K->31721K(194560K), 0.0004176 secs] [Times: user=0.00 sys=0.00, real=0.00 secs] 
805.768: [GC (Allocation Failure) 805.768: [ParNew: 73282K->0K(92160K), 0.0004705 secs] 105004K->31721K(194560K), 0.0006363 secs] [Times: user=0.00 sys=0.00, real=0.00 secs] 
806.777: [GC (Allocation Failure) 806.777: [ParNew: 73282K->0K(92160K), 0.0004283 secs] 105004K->31721K(194560K), 0.0005009 secs] [Times: user=0.00 sys=0.00, real=0.00 secs] 
807.790: [GC (Allocation Failure) 807.790: [ParNew: 73282K->0K(92160K), 0.0007950 secs] 105004K->31721K(194560K), 0.0009501 secs] [Times: user=0.00 sys=0.00, real=0.00 secs] 
808.803: [GC (Allocation Failure) 808.803: [ParNew: 73282K->0K(92160K), 0.0005503 secs] 105004K->31721K(194560K), 0.0006340 secs] [Times: user=0.00 sys=0.00, real=0.00 secs] 
809.816: [GC (Allocation Failure) 809.816: [ParNew: 73282K->0K(92160K), 0.0009521 secs] 105004K->31721K(194560K), 0.0010638 secs] [Times: user=0.00 sys=0.00, real=0.00 secs] 
810.831: [GC (Allocation Failure) 810.831: [ParNew: 73282K->0K(92160K), 0.0010615 secs] 105004K->31721K(194560K), 0.0012276 secs] [Times: user=0.00 sys=0.00, real=0.00 secs] 
811.846: [GC (Allocation Failure) 811.846: [ParNew: 73282K->0K(92160K), 0.0003801 secs] 105004K->31721K(194560K), 0.0004413 secs] [Times: user=0.00 sys=0.00, real=0.00 secs] 
812.853: [GC (Allocation Failure) 812.854: [ParNew: 73282K->0K(92160K), 0.0004761 secs] 105004K->31721K(194560K), 0.0005578 secs] [Times: user=0.00 sys=0.00, real=0.00 secs] 
812.863: [GC (Allocation Failure) 812.863: [ParNew: 73282K->0K(92160K), 0.0006707 secs] 105004K->31721K(194560K), 0.0007618 secs] [Times: user=0.00 sys=0.00, real=0.00 secs] 
813.875: [GC (Allocation Failure) 813.875: [ParNew: 73282K->0K(92160K), 0.0004113 secs] 105004K->31721K(194560K), 0.0004741 secs] [Times: user=0.00 sys=0.00, real=0.00 secs] 
814.884: [GC (Allocation Failure) 814.884: [ParNew: 73282K->0K(92160K), 0.0003932 secs] 105004K->31721K(194560K), 0.0004536 secs] [Times: user=0.01 sys=0.02, real=0.00 secs] 
815.896: [GC (Allocation Failure) 815.896: [ParNew: 73282K->0K(92160K), 0.0008061 secs] 105004K->31721K(194560K), 0.0009292 secs] [Times: user=0.00 sys=0.00, real=0.00 secs] 
816.915: [GC (Allocation Failure) 816.915: [ParNew: 73282K->0K(92160K), 0.0006975 secs] 105004K->31721K(194560K), 0.0008124 secs] [Times: user=0.01 sys=0.00, real=0.00 secs] 
817.928: [GC (Allocation Failure) 817.928: [ParNew: 73282K->0K(92160K), 0.0004986 secs] 105004K->31721K(194560K), 0.0005724 secs] [Times: user=0.00 sys=0.00, real=0.00 secs] 
818.937: [GC (Allocation Failure) 818.937: [ParNew: 73282K->0K(92160K), 0.0003426 secs] 105004K->31721K(194560K), 0.0004026 secs] [Times: user=0.00 sys=0.00, real=0.00 secs] 
819.947: [GC (Allocation Failure) 819.947: [ParNew: 73282K->0K(92160K), 0.0008428 secs] 105004K->31721K(194560K), 0.0010101 secs] [Times: user=0.00 sys=0.00, real=0.00 secs] 
819.962: [GC (Allocation Failure) 819.962: [ParNew: 73282K->0K(92160K), 0.0008357 secs] 105004K->31721K(194560K), 0.0009679 secs] [Times: user=0.06 sys=0.00, real=0.00 secs] 
820.977: [GC (Allocation Failure) 820.977: [ParNew: 73282K->0K(92160K), 0.0008065 secs] 105004K->31721K(194560K), 0.0009490 secs] [Times: user=0.00 sys=0.00, real=0.00 secs] 
821.992: [GC (Allocation Failure) 821.992: [ParNew: 73282K->0K(92160K), 0.0008897 secs] 105004K->31721K(194560K), 0.0010251 secs] [Times: user=0.00 sys=0.00, real=0.00 secs] 
823.007: [GC (Allocation Failure) 823.007: [ParNew: 73282K->0K(92160K), 0.0008144 secs] 105004K->31721K(194560K), 0.0009422 secs] [Times: user=0.00 sys=0.00, real=0.00 secs] 
824.023: [GC (Allocation Failure) 824.023: [ParNew: 73282K->0K(92160K), 0.0010212 secs] 105004K->31721K(194560K), 0.0011613 secs] [Times: user=0.00 sys=0.00, real=0.00 secs] 
825.038: [GC (Allocation Failure) 825.038: [ParNew: 73282K->0K(92160K), 0.0008779 secs] 105004K->31721K(194560K), 0.0010311 secs] [Times: user=0.00 sys=0.00, real=0.00 secs] 
826.053: [GC (Allocation Failure) 826.053: [ParNew: 73282K->0K(92160K), 0.0007792 secs] 105004K->31721K(194560K), 0.0009000 secs] [Times: user=0.00 sys=0.00, real=0.00 secs] 
827.067: [GC (Allocation Failure) 827.067: [ParNew: 73282K->0K(92160K), 0.0009671 secs] 105004K->31721K(194560K), 0.0011136 secs] [Times: user=0.00 sys=0.00, real=0.00 secs] 
827.082: [GC (Allocation Failure) 827.082: [ParNew: 73282K->0K(92160K), 0.0008641 secs] 105004K->31721K(194560K), 0.0009663 secs] [Times: user=0.00 sys=0.00, real=0.00 secs] 
828.096: [GC (Allocation Failure) 828.096: [ParNew: 73282K->0K(92160K), 0.0007705 secs] 105004K->31721K(194560K), 0.0008937 secs] [Times: user=0.00 sys=0.00, real=0.00 secs] 
829.113: [GC (Allocation Failure) 829.113: [ParNew: 73282K->0K(92160K), 0.0008665 secs] 105004K->31721K(194560K), 0.0009754 secs] [Times: user=0.00 sys=0.00, real=0.00 secs] 
830.127: [GC (Allocation Failure) 830.127: [ParNew: 73282K->0K(92160K), 0.0010315 secs] 105004K->31721K(194560K), 0.0011771 secs] [Times: user=0.00 sys=0.00, real=0.00 secs] 
831.142: [GC (Allocation Failure) 831.142: [ParNew: 73282K->0K(92160K), 0.0007994 secs] 105004K->31721K(194560K), 0.0009150 secs] [Times: user=0.00 sys=0.00, real=0.00 secs] 
832.159: [GC (Allocation Failure) 832.159: [ParNew: 73282K->0K(92160K), 0.0007958 secs] 105004K->31721K(194560K), 0.0009047 secs] [Times: user=0.00 sys=0.00, real=0.00 secs] 
833.173: [GC (Allocation Failure) 833.173: [ParNew: 73282K->0K(92160K), 0.0007926 secs] 105004K->31721K(194560K), 0.0008976 secs] [Times: user=0.00 sys=0.00, real=0.00 secs] 
834.190: [GC (Allocation Failure) 834.190: [ParNew: 73282K->0K(92160K), 0.0010315 secs] 105004K->31721K(194560K), 0.0011708 secs] [Times: user=0.00 sys=0.00, real=0.00 secs] 
834.208: [GC (Allocation Failure) 834.208: [ParNew: 73282K->0K(92160K), 0.0008065 secs] 105004K->31721K(194560K), 0.0009494 secs] [Times: user=0.00 sys=0.00, real=0.00 secs] 
835.220: [GC (Allocation Failure) 835.220: [ParNew: 73282K->0K(92160K), 0.0005230 secs] 105004K->31721K(194560K), 0.0006079 secs] [Times: user=0.00 sys=0.00, real=0.00 secs] 
836.231: [GC (Allocation Failure) 836.231: [ParNew: 73282K->0K(92160K), 0.0004579 secs] 105004K->31721K(194560K), 0.0005293 secs] [Times: user=0.00 sys=0.00, real=0.00 secs] 
837.240: [GC (Allocation Failure) 837.240: [ParNew: 73282K->0K(92160K), 0.0003604 secs] 105004K->31721K(194560K), 0.0004441 secs] [Times: user=0.00 sys=0.00, real=0.00 secs] 
838.250: [GC (Allocation Failure) 838.250: [ParNew: 73282K->0K(92160K), 0.0005542 secs] 105004K->31721K(194560K), 0.0006379 secs] [Times: user=0.00 sys=0.00, real=0.00 secs] 
839.259: [GC (Allocation Failure) 839.259: [ParNew: 73282K->0K(92160K), 0.0004642 secs] 105004K->31721K(194560K), 0.0005428 secs] [Times: user=0.06 sys=0.00, real=0.00 secs] 
840.270: [GC (Allocation Failure) 840.270: [ParNew: 73282K->0K(92160K), 0.0008357 secs] 105004K->31721K(194560K), 0.0009762 secs] [Times: user=0.00 sys=0.00, real=0.00 secs] 
841.285: [GC (Allocation Failure) 841.285: [ParNew: 73282K->0K(92160K), 0.0008483 secs] 105004K->31721K(194560K), 0.0009837 secs] [Times: user=0.00 sys=0.00, real=0.00 secs] 
841.300: [GC (Allocation Failure) 841.300: [ParNew: 73282K->0K(92160K), 0.0008286 secs] 105004K->31721K(194560K), 0.0009561 secs] [Times: user=0.00 sys=0.00, real=0.00 secs] 
842.314: [GC (Allocation Failure) 842.314: [ParNew: 73282K->0K(92160K), 0.0010453 secs] 105004K->31721K(194560K), 0.0011613 secs] [Times: user=0.00 sys=0.00, real=0.00 secs] 
843.330: [GC (Allocation Failure) 843.330: [ParNew: 73282K->0K(92160K), 0.0007816 secs] 105004K->31721K(194560K), 0.0009008 secs] [Times: user=0.00 sys=0.00, real=0.00 secs] 
844.342: [GC (Allocation Failure) 844.342: [ParNew: 73282K->0K(92160K), 0.0005045 secs] 105004K->31721K(194560K), 0.0005688 secs] [Times: user=0.00 sys=0.00, real=0.00 secs] 
845.350: [GC (Allocation Failure) 845.350: [ParNew: 73282K->0K(92160K), 0.0004350 secs] 105004K->31721K(194560K), 0.0005017 secs] [Times: user=0.00 sys=0.00, real=0.00 secs] 
846.360: [GC (Allocation Failure) 846.360: [ParNew: 73282K->0K(92160K), 0.0010279 secs] 105004K->31721K(194560K), 0.0011625 secs] [Times: user=0.00 sys=0.00, real=0.00 secs] 
847.375: [GC (Allocation Failure) 847.375: [ParNew: 73282K->0K(92160K), 0.0009265 secs] 105004K->31721K(194560K), 0.0010472 secs] [Times: user=0.00 sys=0.00, real=0.00 secs] 
848.391: [GC (Allocation Failure) 848.391: [ParNew: 73282K->0K(92160K), 0.0008597 secs] 105004K->31721K(194560K), 0.0009888 secs] [Times: user=0.00 sys=0.00, real=0.00 secs] 
848.405: [GC (Allocation Failure) 848.405: [ParNew: 73282K->0K(92160K), 0.0008072 secs] 105004K->31721K(194560K), 0.0009280 secs] [Times: user=0.00 sys=0.00, real=0.00 secs] 
849.420: [GC (Allocation Failure) 849.420: [ParNew: 73282K->0K(92160K), 0.0007997 secs] 105004K->31721K(194560K), 0.0009426 secs] [Times: user=0.00 sys=0.00, real=0.00 secs] 
850.436: [GC (Allocation Failure) 850.436: [ParNew: 73282K->0K(92160K), 0.0008100 secs] 105004K->31721K(194560K), 0.0009245 secs] [Times: user=0.00 sys=0.00, real=0.00 secs] 
851.451: [GC (Allocation Failure) 851.452: [ParNew: 73282K->0K(92160K), 0.0008586 secs] 105004K->31721K(194560K), 0.0009904 secs] [Times: user=0.00 sys=0.00, real=0.00 secs] 
852.467: [GC (Allocation Failure) 852.468: [ParNew: 73282K->0K(92160K), 0.0010528 secs] 105004K->31721K(194560K), 0.0012012 secs] [Times: user=0.00 sys=0.00, real=0.00 secs] 
853.483: [GC (Allocation Failure) 853.483: [ParNew: 73282K->0K(92160K), 0.0004895 secs] 105004K->31721K(194560K), 0.0005617 secs] [Times: user=0.00 sys=0.00, real=0.00 secs] 
854.491: [GC (Allocation Failure) 854.491: [ParNew: 73282K->0K(92160K), 0.0005676 secs] 105004K->31721K(194560K), 0.0006411 secs] [Times: user=0.00 sys=0.00, real=0.00 secs] 
855.501: [GC (Allocation Failure) 855.501: [ParNew: 73282K->0K(92160K), 0.0008819 secs] 105004K->31721K(194560K), 0.0010011 secs] [Times: user=0.00 sys=0.00, real=0.00 secs] 
855.515: [GC (Allocation Failure) 855.515: [ParNew: 73282K->0K(92160K), 0.0009616 secs] 105004K->31721K(194560K), 0.0010832 secs] [Times: user=0.00 sys=0.00, real=0.00 secs] 
856.525: [GC (Allocation Failure) 856.525: [ParNew: 73282K->0K(92160K), 0.0004366 secs] 105004K->31721K(194560K), 0.0005136 secs] [Times: user=0.00 sys=0.00, real=0.00 secs] 
857.538: [GC (Allocation Failure) 857.538: [ParNew: 73282K->0K(92160K), 0.0007907 secs] 105004K->31721K(194560K), 0.0009166 secs] [Times: user=0.00 sys=0.00, real=0.00 secs] 
858.553: [GC (Allocation Failure) 858.553: [ParNew: 73282K->0K(92160K), 0.0009296 secs] 105004K->31721K(194560K), 0.0010417 secs] [Times: user=0.00 sys=0.00, real=0.00 secs] 
859.568: [GC (Allocation Failure) 859.568: [ParNew: 73282K->0K(92160K), 0.0008238 secs] 105004K->31721K(194560K), 0.0009624 secs] [Times: user=0.00 sys=0.00, real=0.00 secs] 
860.583: [GC (Allocation Failure) 860.583: [ParNew: 73282K->0K(92160K), 0.0008420 secs] 105004K->31721K(194560K), 0.0009726 secs] [Times: user=0.00 sys=0.00, real=0.00 secs] 
861.598: [GC (Allocation Failure) 861.598: [ParNew: 73282K->0K(92160K), 0.0008171 secs] 105004K->31721K(194560K), 0.0009411 secs] [Times: user=0.00 sys=0.00, real=0.00 secs] 
862.612: [GC (Allocation Failure) 862.612: [ParNew: 73282K->0K(92160K), 0.0008669 secs] 105004K->31721K(194560K), 0.0010200 secs] [Times: user=0.00 sys=0.00, real=0.00 secs] 
862.627: [GC (Allocation Failure) 862.627: [ParNew: 73282K->0K(92160K), 0.0010299 secs] 105004K->31721K(194560K), 0.0011724 secs] [Times: user=0.00 sys=0.00, real=0.00 secs] 
863.642: [GC (Allocation Failure) 863.642: [ParNew: 73282K->0K(92160K), 0.0008680 secs] 105004K->31721K(194560K), 0.0009967 secs] [Times: user=0.00 sys=0.00, real=0.00 secs] 
864.658: [GC (Allocation Failure) 864.658: [ParNew: 73282K->0K(92160K), 0.0008404 secs] 105004K->31721K(194560K), 0.0009458 secs] [Times: user=0.00 sys=0.00, real=0.00 secs] 
865.673: [GC (Allocation Failure) 865.673: [ParNew: 73282K->0K(92160K), 0.0008507 secs] 105004K->31721K(194560K), 0.0009892 secs] [Times: user=0.00 sys=0.00, real=0.00 secs] 
866.688: [GC (Allocation Failure) 866.688: [ParNew: 73282K->0K(92160K), 0.0008329 secs] 105004K->31721K(194560K), 0.0009521 secs] [Times: user=0.00 sys=0.00, real=0.00 secs] 
867.701: [GC (Allocation Failure) 867.701: [ParNew: 73282K->0K(92160K), 0.0003754 secs] 105004K->31721K(194560K), 0.0004480 secs] [Times: user=0.00 sys=0.00, real=0.00 secs] 
868.711: [GC (Allocation Failure) 868.711: [ParNew: 73282K->0K(92160K), 0.0008017 secs] 105004K->31721K(194560K), 0.0009430 secs] [Times: user=0.00 sys=0.00, real=0.00 secs] 
869.726: [GC (Allocation Failure) 869.726: [ParNew: 73282K->0K(92160K), 0.0008250 secs] 105004K->31721K(194560K), 0.0009387 secs] [Times: user=0.00 sys=0.00, real=0.00 secs] 
869.740: [GC (Allocation Failure) 869.740: [ParNew: 73282K->0K(92160K), 0.0009292 secs] 105004K->31721K(194560K), 0.0010579 secs] [Times: user=0.00 sys=0.00, real=0.00 secs] 
870.756: [GC (Allocation Failure) 870.756: [ParNew: 73282K->0K(92160K), 0.0008147 secs] 105004K->31721K(194560K), 0.0009261 secs] [Times: user=0.00 sys=0.00, real=0.00 secs] 
871.770: [GC (Allocation Failure) 871.770: [ParNew: 73282K->0K(92160K), 0.0008250 secs] 105004K->31721K(194560K), 0.0009419 secs] [Times: user=0.00 sys=0.00, real=0.00 secs] 
872.784: [GC (Allocation Failure) 872.784: [ParNew: 73282K->0K(92160K), 0.0008092 secs] 105004K->31721K(194560K), 0.0009505 secs] [Times: user=0.00 sys=0.00, real=0.00 secs] 
873.798: [GC (Allocation Failure) 873.798: [ParNew: 73282K->0K(92160K), 0.0008436 secs] 105004K->31721K(194560K), 0.0009742 secs] [Times: user=0.00 sys=0.00, real=0.00 secs] 
874.812: [GC (Allocation Failure) 874.812: [ParNew: 73282K->0K(92160K), 0.0008688 secs] 105004K->31721K(194560K), 0.0009817 secs] [Times: user=0.00 sys=0.00, real=0.00 secs] 
875.827: [GC (Allocation Failure) 875.827: [ParNew: 73282K->0K(92160K), 0.0008124 secs] 105004K->31721K(194560K), 0.0009478 secs] [Times: user=0.00 sys=0.00, real=0.00 secs] 
876.842: [GC (Allocation Failure) 876.842: [ParNew: 73282K->0K(92160K), 0.0007812 secs] 105004K->31721K(194560K), 0.0009182 secs] [Times: user=0.00 sys=0.00, real=0.00 secs] 
876.856: [GC (Allocation Failure) 876.856: [ParNew: 73282K->0K(92160K), 0.0008416 secs] 105004K->31721K(194560K), 0.0009588 secs] [Times: user=0.00 sys=0.00, real=0.00 secs] 
877.871: [GC (Allocation Failure) 877.871: [ParNew: 73282K->0K(92160K), 0.0008061 secs] 105004K->31721K(194560K), 0.0009494 secs] [Times: user=0.00 sys=0.00, real=0.00 secs] 
878.885: [GC (Allocation Failure) 878.886: [ParNew: 73282K->0K(92160K), 0.0008404 secs] 105004K->31721K(194560K), 0.0010046 secs] [Times: user=0.00 sys=0.00, real=0.00 secs] 
879.899: [GC (Allocation Failure) 879.900: [ParNew: 73282K->0K(92160K), 0.0007907 secs] 105004K->31721K(194560K), 0.0009126 secs] [Times: user=0.02 sys=0.00, real=0.00 secs] 
880.914: [GC (Allocation Failure) 880.914: [ParNew: 73282K->0K(92160K), 0.0008380 secs] 105004K->31721K(194560K), 0.0009604 secs] [Times: user=0.00 sys=0.00, real=0.00 secs] 
881.928: [GC (Allocation Failure) 881.928: [ParNew: 73282K->0K(92160K), 0.0004930 secs] 105004K->31721K(194560K), 0.0005850 secs] [Times: user=0.00 sys=0.00, real=0.00 secs] 
882.939: [GC (Allocation Failure) 882.939: [ParNew: 73282K->0K(92160K), 0.0008392 secs] 105004K->31721K(194560K), 0.0009494 secs] [Times: user=0.00 sys=0.00, real=0.00 secs] 
883.955: [GC (Allocation Failure) 883.955: [ParNew: 73282K->0K(92160K), 0.0008017 secs] 105004K->31721K(194560K), 0.0009146 secs] [Times: user=0.00 sys=0.00, real=0.00 secs] 
883.970: [GC (Allocation Failure) 883.970: [ParNew: 73282K->0K(92160K), 0.0007840 secs] 105004K->31721K(194560K), 0.0008882 secs] [Times: user=0.00 sys=0.00, real=0.00 secs] 
884.984: [GC (Allocation Failure) 884.984: [ParNew: 73282K->0K(92160K), 0.0007970 secs] 105004K->31721K(194560K), 0.0009525 secs] [Times: user=0.00 sys=0.00, real=0.00 secs] 
885.999: [GC (Allocation Failure) 885.999: [ParNew: 73282K->0K(92160K), 0.0007974 secs] 105004K->31721K(194560K), 0.0009237 secs] [Times: user=0.00 sys=0.00, real=0.00 secs] 
887.014: [GC (Allocation Failure) 887.014: [ParNew: 73282K->0K(92160K), 0.0008862 secs] 105004K->31721K(194560K), 0.0010295 secs] [Times: user=0.00 sys=0.00, real=0.00 secs] 
888.029: [GC (Allocation Failure) 888.029: [ParNew: 73282K->0K(92160K), 0.0007994 secs] 105004K->31721K(194560K), 0.0009320 secs] [Times: user=0.00 sys=0.00, real=0.00 secs] 
889.043: [GC (Allocation Failure) 889.043: [ParNew: 73282K->0K(92160K), 0.0008961 secs] 105004K->31721K(194560K), 0.0010445 secs] [Times: user=0.00 sys=0.00, real=0.00 secs] 
890.058: [GC (Allocation Failure) 890.058: [ParNew: 73282K->0K(92160K), 0.0008862 secs] 105004K->31721K(194560K), 0.0009967 secs] [Times: user=0.00 sys=0.00, real=0.00 secs] 
891.073: [GC (Allocation Failure) 891.073: [ParNew: 73282K->0K(92160K), 0.0008282 secs] 105004K->31721K(194560K), 0.0009719 secs] [Times: user=0.00 sys=0.00, real=0.00 secs] 
891.089: [GC (Allocation Failure) 891.089: [ParNew: 73282K->0K(92160K), 0.0008108 secs] 105004K->31721K(194560K), 0.0009407 secs] [Times: user=0.00 sys=0.00, real=0.00 secs] 
892.103: [GC (Allocation Failure) 892.103: [ParNew: 73282K->0K(92160K), 0.0008653 secs] 105004K->31721K(194560K), 0.0009936 secs] [Times: user=0.00 sys=0.00, real=0.00 secs] 
893.117: [GC (Allocation Failure) 893.117: [ParNew: 73282K->0K(92160K), 0.0008925 secs] 105004K->31721K(194560K), 0.0010378 secs] [Times: user=0.00 sys=0.00, real=0.00 secs] 
894.132: [GC (Allocation Failure) 894.132: [ParNew: 73282K->0K(92160K), 0.0009853 secs] 105004K->31721K(194560K), 0.0011163 secs] [Times: user=0.00 sys=0.00, real=0.00 secs] 
895.147: [GC (Allocation Failure) 895.147: [ParNew: 73282K->0K(92160K), 0.0008495 secs] 105004K->31721K(194560K), 0.0009766 secs] [Times: user=0.00 sys=0.00, real=0.00 secs] 
896.162: [GC (Allocation Failure) 896.163: [ParNew: 73282K->0K(92160K), 0.0008033 secs] 105004K->31721K(194560K), 0.0009312 secs] [Times: user=0.00 sys=0.00, real=0.00 secs] 
897.178: [GC (Allocation Failure) 897.178: [ParNew: 73282K->0K(92160K), 0.0007954 secs] 105004K->31721K(194560K), 0.0009276 secs] [Times: user=0.00 sys=0.00, real=0.00 secs] 
898.195: [GC (Allocation Failure) 898.195: [ParNew: 73282K->0K(92160K), 0.0003454 secs] 105004K->31721K(194560K), 0.0004165 secs] [Times: user=0.00 sys=0.00, real=0.00 secs] 
898.203: [GC (Allocation Failure) 898.203: [ParNew: 73282K->0K(92160K), 0.0003576 secs] 105004K->31721K(194560K), 0.0004287 secs] [Times: user=0.00 sys=0.00, real=0.00 secs] 
899.211: [GC (Allocation Failure) 899.211: [ParNew: 73282K->0K(92160K), 0.0003608 secs] 105004K->31721K(194560K), 0.0004737 secs] [Times: user=0.00 sys=0.00, real=0.00 secs] 
900.220: [GC (Allocation Failure) 900.220: [ParNew: 73282K->0K(92160K), 0.0006647 secs] 105004K->31721K(194560K), 0.0007472 secs] [Times: user=0.00 sys=0.00, real=0.00 secs] 
901.230: [GC (Allocation Failure) 901.230: [ParNew: 73282K->0K(92160K), 0.0004437 secs] 105004K->31721K(194560K), 0.0004974 secs] [Times: user=0.00 sys=0.00, real=0.00 secs] 
902.241: [GC (Allocation Failure) 902.241: [ParNew: 73282K->0K(92160K), 0.0008230 secs] 105004K->31721K(194560K), 0.0009426 secs] [Times: user=0.00 sys=0.00, real=0.00 secs] 
903.255: [GC (Allocation Failure) 903.255: [ParNew: 73282K->0K(92160K), 0.0008041 secs] 105004K->31721K(194560K), 0.0009170 secs] [Times: user=0.00 sys=0.00, real=0.00 secs] 
904.270: [GC (Allocation Failure) 904.270: [ParNew: 73282K->0K(92160K), 0.0004587 secs] 105004K->31721K(194560K), 0.0005278 secs] [Times: user=0.00 sys=0.00, real=0.00 secs] 
905.280: [GC (Allocation Failure) 905.280: [ParNew: 73282K->0K(92160K), 0.0003486 secs] 105004K->31721K(194560K), 0.0004180 secs] [Times: user=0.00 sys=0.00, real=0.00 secs] 
905.288: [GC (Allocation Failure) 905.288: [ParNew: 73282K->0K(92160K), 0.0003655 secs] 105004K->31721K(194560K), 0.0004247 secs] [Times: user=0.00 sys=0.00, real=0.00 secs] 
906.301: [GC (Allocation Failure) 906.301: [ParNew: 73282K->0K(92160K), 0.0008301 secs] 105004K->31721K(194560K), 0.0009521 secs] [Times: user=0.00 sys=0.00, real=0.00 secs] 
907.315: [GC (Allocation Failure) 907.315: [ParNew: 73282K->0K(92160K), 0.0008317 secs] 105004K->31721K(194560K), 0.0009726 secs] [Times: user=0.00 sys=0.00, real=0.00 secs] 
908.330: [GC (Allocation Failure) 908.330: [ParNew: 73282K->0K(92160K), 0.0008029 secs] 105004K->31721K(194560K), 0.0009146 secs] [Times: user=0.00 sys=0.00, real=0.00 secs] 
909.345: [GC (Allocation Failure) 909.345: [ParNew: 73282K->0K(92160K), 0.0008515 secs] 105004K->31721K(194560K), 0.0009746 secs] [Times: user=0.00 sys=0.00, real=0.00 secs] 
910.360: [GC (Allocation Failure) 910.360: [ParNew: 73282K->0K(92160K), 0.0008195 secs] 105004K->31721K(194560K), 0.0009482 secs] [Times: user=0.00 sys=0.00, real=0.00 secs] 
911.375: [GC (Allocation Failure) 911.375: [ParNew: 73282K->0K(92160K), 0.0008175 secs] 105004K->31721K(194560K), 0.0009430 secs] [Times: user=0.00 sys=0.00, real=0.00 secs] 
912.389: [GC (Allocation Failure) 912.389: [ParNew: 73282K->0K(92160K), 0.0008771 secs] 105004K->31721K(194560K), 0.0009944 secs] [Times: user=0.00 sys=0.00, real=0.00 secs] 
912.404: [GC (Allocation Failure) 912.404: [ParNew: 73282K->0K(92160K), 0.0008084 secs] 105004K->31721K(194560K), 0.0009501 secs] [Times: user=0.00 sys=0.00, real=0.00 secs] 
913.419: [GC (Allocation Failure) 913.419: [ParNew: 73282K->0K(92160K), 0.0008278 secs] 105004K->31721K(194560K), 0.0009738 secs] [Times: user=0.00 sys=0.00, real=0.00 secs] 
914.433: [GC (Allocation Failure) 914.433: [ParNew: 73282K->0K(92160K), 0.0008144 secs] 105004K->31721K(194560K), 0.0009647 secs] [Times: user=0.00 sys=0.00, real=0.00 secs] 
915.448: [GC (Allocation Failure) 915.448: [ParNew: 73282K->0K(92160K), 0.0008175 secs] 105004K->31721K(194560K), 0.0009592 secs] [Times: user=0.00 sys=0.00, real=0.00 secs] 
916.463: [GC (Allocation Failure) 916.463: [ParNew: 73282K->0K(92160K), 0.0008633 secs] 105004K->31721K(194560K), 0.0009955 secs] [Times: user=0.00 sys=0.00, real=0.00 secs] 
917.478: [GC (Allocation Failure) 917.479: [ParNew: 73282K->0K(92160K), 0.0007721 secs] 105004K->31721K(194560K), 0.0009032 secs] [Times: user=0.00 sys=0.00, real=0.00 secs] 
918.493: [GC (Allocation Failure) 918.494: [ParNew: 73282K->0K(92160K), 0.0008574 secs] 105004K->31721K(194560K), 0.0009707 secs] [Times: user=0.00 sys=0.00, real=0.00 secs] 
919.509: [GC (Allocation Failure) 919.510: [ParNew: 73282K->0K(92160K), 0.0008787 secs] 105004K->31721K(194560K), 0.0010149 secs] [Times: user=0.00 sys=0.00, real=0.00 secs] 
919.526: [GC (Allocation Failure) 919.526: [ParNew: 73282K->0K(92160K), 0.0007950 secs] 105004K->31721K(194560K), 0.0009395 secs] [Times: user=0.00 sys=0.00, real=0.00 secs] 
920.538: [GC (Allocation Failure) 920.539: [ParNew: 73282K->0K(92160K), 0.0004693 secs] 105004K->31721K(194560K), 0.0005337 secs] [Times: user=0.00 sys=0.00, real=0.00 secs] 
921.548: [GC (Allocation Failure) 921.548: [ParNew: 73282K->0K(92160K), 0.0004062 secs] 105004K->31721K(194560K), 0.0004741 secs] [Times: user=0.00 sys=0.00, real=0.00 secs] 
922.558: [GC (Allocation Failure) 922.558: [ParNew: 73282K->0K(92160K), 0.0008436 secs] 105004K->31721K(194560K), 0.0009987 secs] [Times: user=0.00 sys=0.00, real=0.00 secs] 
923.574: [GC (Allocation Failure) 923.574: [ParNew: 73282K->0K(92160K), 0.0008696 secs] 105004K->31721K(194560K), 0.0009944 secs] [Times: user=0.00 sys=0.00, real=0.00 secs] 
924.589: [GC (Allocation Failure) 924.589: [ParNew: 73282K->0K(92160K), 0.0009225 secs] 105004K->31721K(194560K), 0.0010520 secs] [Times: user=0.00 sys=0.00, real=0.00 secs] 
925.604: [GC (Allocation Failure) 925.604: [ParNew: 73282K->0K(92160K), 0.0008432 secs] 105004K->31721K(194560K), 0.0009983 secs] [Times: user=0.00 sys=0.00, real=0.00 secs] 
926.619: [GC (Allocation Failure) 926.619: [ParNew: 73282K->0K(92160K), 0.0008590 secs] 105004K->31721K(194560K), 0.0010109 secs] [Times: user=0.00 sys=0.00, real=0.00 secs] 
926.633: [GC (Allocation Failure) 926.633: [ParNew: 73282K->0K(92160K), 0.0008455 secs] 105004K->31721K(194560K), 0.0009869 secs] [Times: user=0.00 sys=0.00, real=0.00 secs] 
927.648: [GC (Allocation Failure) 927.648: [ParNew: 73282K->0K(92160K), 0.0008621 secs] 105004K->31721K(194560K), 0.0009719 secs] [Times: user=0.00 sys=0.00, real=0.00 secs] 
928.663: [GC (Allocation Failure) 928.663: [ParNew: 73282K->0K(92160K), 0.0007970 secs] 105004K->31721K(194560K), 0.0009344 secs] [Times: user=0.00 sys=0.00, real=0.00 secs] 
929.674: [GC (Allocation Failure) 929.674: [ParNew: 73282K->0K(92160K), 0.0003884 secs] 105004K->31721K(194560K), 0.0004492 secs] [Times: user=0.00 sys=0.00, real=0.00 secs] 
930.686: [GC (Allocation Failure) 930.686: [ParNew: 73282K->0K(92160K), 0.0008712 secs] 105004K->31721K(194560K), 0.0010042 secs] [Times: user=0.00 sys=0.00, real=0.00 secs] 
931.700: [GC (Allocation Failure) 931.700: [ParNew: 73282K->0K(92160K), 0.0009797 secs] 105004K->31721K(194560K), 0.0011242 secs] [Times: user=0.00 sys=0.00, real=0.00 secs] 
932.714: [GC (Allocation Failure) 932.714: [ParNew: 73282K->0K(92160K), 0.0008771 secs] 105004K->31721K(194560K), 0.0010141 secs] [Times: user=0.00 sys=0.00, real=0.00 secs] 
933.729: [GC (Allocation Failure) 933.729: [ParNew: 73282K->0K(92160K), 0.0008550 secs] 105004K->31721K(194560K), 0.0010078 secs] [Times: user=0.00 sys=0.00, real=0.00 secs] 
933.743: [GC (Allocation Failure) 933.744: [ParNew: 73282K->0K(92160K), 0.0008195 secs] 105004K->31721K(194560K), 0.0009209 secs] [Times: user=0.06 sys=0.00, real=0.00 secs] 
934.758: [GC (Allocation Failure) 934.759: [ParNew: 73282K->0K(92160K), 0.0008136 secs] 105004K->31721K(194560K), 0.0009194 secs] [Times: user=0.06 sys=0.00, real=0.00 secs] 
935.773: [GC (Allocation Failure) 935.773: [ParNew: 73282K->0K(92160K), 0.0007820 secs] 105004K->31721K(194560K), 0.0009272 secs] [Times: user=0.00 sys=0.00, real=0.00 secs] 
936.789: [GC (Allocation Failure) 936.789: [ParNew: 73282K->0K(92160K), 0.0007966 secs] 105004K->31721K(194560K), 0.0009126 secs] [Times: user=0.00 sys=0.00, real=0.00 secs] 
937.803: [GC (Allocation Failure) 937.803: [ParNew: 73282K->0K(92160K), 0.0008215 secs] 105004K->31721K(194560K), 0.0009422 secs] [Times: user=0.00 sys=0.00, real=0.00 secs] 
938.821: [GC (Allocation Failure) 938.821: [ParNew: 73282K->0K(92160K), 0.0008069 secs] 105004K->31721K(194560K), 0.0009391 secs] [Times: user=0.01 sys=0.03, real=0.00 secs] 
939.835: [GC (Allocation Failure) 939.835: [ParNew: 73282K->0K(92160K), 0.0008976 secs] 105004K->31721K(194560K), 0.0010232 secs] [Times: user=0.00 sys=0.00, real=0.00 secs] 
940.850: [GC (Allocation Failure) 940.850: [ParNew: 73282K->0K(92160K), 0.0008037 secs] 105004K->31721K(194560K), 0.0009371 secs] [Times: user=0.00 sys=0.00, real=0.00 secs] 
940.864: [GC (Allocation Failure) 940.864: [ParNew: 73282K->0K(92160K), 0.0007824 secs] 105004K->31721K(194560K), 0.0009004 secs] [Times: user=0.00 sys=0.00, real=0.00 secs] 
941.879: [GC (Allocation Failure) 941.879: [ParNew: 73282K->0K(92160K), 0.0008586 secs] 105004K->31721K(194560K), 0.0009987 secs] [Times: user=0.00 sys=0.00, real=0.00 secs] 
942.894: [GC (Allocation Failure) 942.894: [ParNew: 73282K->0K(92160K), 0.0008842 secs] 105004K->31721K(194560K), 0.0010216 secs] [Times: user=0.00 sys=0.00, real=0.00 secs] 
943.909: [GC (Allocation Failure) 943.909: [ParNew: 73282K->0K(92160K), 0.0007982 secs] 105004K->31721K(194560K), 0.0009253 secs] [Times: user=0.00 sys=0.00, real=0.00 secs] 
944.927: [GC (Allocation Failure) 944.927: [ParNew: 73282K->0K(92160K), 0.0023234 secs] 105004K->31721K(194560K), 0.0024663 secs] [Times: user=0.00 sys=0.00, real=0.00 secs] 
945.949: [GC (Allocation Failure) 945.949: [ParNew: 73282K->0K(92160K), 0.0008159 secs] 105004K->31721K(194560K), 0.0009584 secs] [Times: user=0.00 sys=0.00, real=0.00 secs] 
946.964: [GC (Allocation Failure) 946.965: [ParNew: 73282K->0K(92160K), 0.0008783 secs] 105004K->31721K(194560K), 0.0010287 secs] [Times: user=0.00 sys=0.00, real=0.00 secs] 
947.980: [GC (Allocation Failure) 947.980: [ParNew: 73282K->0K(92160K), 0.0008826 secs] 105004K->31721K(194560K), 0.0010374 secs] [Times: user=0.00 sys=0.00, real=0.00 secs] 
947.994: [GC (Allocation Failure) 947.994: [ParNew: 73282K->0K(92160K), 0.0008329 secs] 105004K->31721K(194560K), 0.0009726 secs] [Times: user=0.00 sys=0.00, real=0.00 secs] 
949.009: [GC (Allocation Failure) 949.009: [ParNew: 73282K->0K(92160K), 0.0008084 secs] 105004K->31721K(194560K), 0.0009379 secs] [Times: user=0.06 sys=0.00, real=0.00 secs] 
950.023: [GC (Allocation Failure) 950.023: [ParNew: 73282K->0K(92160K), 0.0008590 secs] 105004K->31721K(194560K), 0.0009651 secs] [Times: user=0.00 sys=0.00, real=0.00 secs] 
951.038: [GC (Allocation Failure) 951.038: [ParNew: 73282K->0K(92160K), 0.0007954 secs] 105004K->31721K(194560K), 0.0009201 secs] [Times: user=0.00 sys=0.00, real=0.00 secs] 
952.054: [GC (Allocation Failure) 952.055: [ParNew: 73282K->0K(92160K), 0.0008195 secs] 105004K->31721K(194560K), 0.0009351 secs] [Times: user=0.00 sys=0.00, real=0.00 secs] 
953.069: [GC (Allocation Failure) 953.069: [ParNew: 73282K->0K(92160K), 0.0008799 secs] 105004K->31721K(194560K), 0.0009971 secs] [Times: user=0.00 sys=0.00, real=0.00 secs] 
954.085: [GC (Allocation Failure) 954.085: [ParNew: 73282K->0K(92160K), 0.0008187 secs] 105004K->31721K(194560K), 0.0009241 secs] [Times: user=0.00 sys=0.00, real=0.00 secs] 
955.100: [GC (Allocation Failure) 955.100: [ParNew: 73282K->0K(92160K), 0.0009095 secs] 105004K->31721K(194560K), 0.0010354 secs] [Times: user=0.00 sys=0.00, real=0.00 secs] 
955.114: [GC (Allocation Failure) 955.114: [ParNew: 73282K->0K(92160K), 0.0010319 secs] 105004K->31721K(194560K), 0.0011720 secs] [Times: user=0.00 sys=0.00, real=0.00 secs] 
956.130: [GC (Allocation Failure) 956.130: [ParNew: 73282K->0K(92160K), 0.0010299 secs] 105004K->31721K(194560K), 0.0011980 secs] [Times: user=0.00 sys=0.00, real=0.00 secs] 
957.146: [GC (Allocation Failure) 957.147: [ParNew: 73282K->0K(92160K), 0.0008349 secs] 105004K->31721K(194560K), 0.0009644 secs] [Times: user=0.00 sys=0.00, real=0.00 secs] 
958.160: [GC (Allocation Failure) 958.160: [ParNew: 73282K->0K(92160K), 0.0007796 secs] 105004K->31721K(194560K), 0.0009107 secs] [Times: user=0.00 sys=0.00, real=0.00 secs] 
959.173: [GC (Allocation Failure) 959.173: [ParNew: 73282K->0K(92160K), 0.0003849 secs] 105004K->31721K(194560K), 0.0004626 secs] [Times: user=0.00 sys=0.00, real=0.00 secs] 
960.183: [GC (Allocation Failure) 960.183: [ParNew: 73282K->0K(92160K), 0.0009912 secs] 105004K->31721K(194560K), 0.0011349 secs] [Times: user=0.00 sys=0.00, real=0.00 secs] 
961.198: [GC (Allocation Failure) 961.198: [ParNew: 73282K->0K(92160K), 0.0004638 secs] 105004K->31721K(194560K), 0.0005424 secs] [Times: user=0.00 sys=0.00, real=0.00 secs] 
962.207: [GC (Allocation Failure) 962.207: [ParNew: 73282K->0K(92160K), 0.0005317 secs] 105004K->31721K(194560K), 0.0006059 secs] [Times: user=0.00 sys=0.00, real=0.00 secs] 
962.216: [GC (Allocation Failure) 962.216: [ParNew: 73282K->0K(92160K), 0.0004713 secs] 105004K->31721K(194560K), 0.0005309 secs] [Times: user=0.00 sys=0.00, real=0.00 secs] 
963.229: [GC (Allocation Failure) 963.229: [ParNew: 73282K->0K(92160K), 0.0008029 secs] 105004K->31721K(194560K), 0.0009150 secs] [Times: user=0.00 sys=0.00, real=0.00 secs] 
964.241: [GC (Allocation Failure) 964.242: [ParNew: 73282K->0K(92160K), 0.0004974 secs] 105004K->31721K(194560K), 0.0005866 secs] [Times: user=0.00 sys=0.00, real=0.00 secs] 
965.253: [GC (Allocation Failure) 965.254: [ParNew: 73282K->0K(92160K), 0.0008878 secs] 105004K->31721K(194560K), 0.0010157 secs] [Times: user=0.00 sys=0.00, real=0.00 secs] 
966.268: [GC (Allocation Failure) 966.268: [ParNew: 73282K->0K(92160K), 0.0009059 secs] 105004K->31721K(194560K), 0.0010461 secs] [Times: user=0.00 sys=0.00, real=0.00 secs] 
967.284: [GC (Allocation Failure) 967.284: [ParNew: 73282K->0K(92160K), 0.0008404 secs] 105004K->31721K(194560K), 0.0009797 secs] [Times: user=0.00 sys=0.00, real=0.00 secs] 
968.298: [GC (Allocation Failure) 968.298: [ParNew: 73282K->0K(92160K), 0.0009553 secs] 105004K->31721K(194560K), 0.0010899 secs] [Times: user=0.00 sys=0.00, real=0.00 secs] 
969.313: [GC (Allocation Failure) 969.313: [ParNew: 73282K->0K(92160K), 0.0009419 secs] 105004K->31721K(194560K), 0.0010615 secs] [Times: user=0.00 sys=0.00, real=0.00 secs] 
969.329: [GC (Allocation Failure) 969.330: [ParNew: 73282K->0K(92160K), 0.0009987 secs] 105004K->31721K(194560K), 0.0011230 secs] [Times: user=0.00 sys=0.00, real=0.00 secs] 
970.345: [GC (Allocation Failure) 970.345: [ParNew: 73282K->0K(92160K), 0.0008554 secs] 105004K->31721K(194560K), 0.0010026 secs] [Times: user=0.00 sys=0.00, real=0.00 secs] 
971.360: [GC (Allocation Failure) 971.360: [ParNew: 73282K->0K(92160K), 0.0010694 secs] 105004K->31721K(194560K), 0.0012130 secs] [Times: user=0.00 sys=0.00, real=0.00 secs] 
972.376: [GC (Allocation Failure) 972.376: [ParNew: 73282K->0K(92160K), 0.0008321 secs] 105004K->31721K(194560K), 0.0009624 secs] [Times: user=0.00 sys=0.00, real=0.00 secs] 
973.390: [GC (Allocation Failure) 973.391: [ParNew: 73282K->0K(92160K), 0.0010390 secs] 105004K->31721K(194560K), 0.0011507 secs] [Times: user=0.00 sys=0.00, real=0.00 secs] 
974.406: [GC (Allocation Failure) 974.406: [ParNew: 73282K->0K(92160K), 0.0008396 secs] 105004K->31721K(194560K), 0.0009805 secs] [Times: user=0.00 sys=0.00, real=0.00 secs] 
975.422: [GC (Allocation Failure) 975.422: [ParNew: 73282K->0K(92160K), 0.0010721 secs] 105004K->31721K(194560K), 0.0012292 secs] [Times: user=0.00 sys=0.00, real=0.00 secs] 
976.438: [GC (Allocation Failure) 976.438: [ParNew: 73282K->0K(92160K), 0.0008005 secs] 105004K->31721K(194560K), 0.0009174 secs] [Times: user=0.00 sys=0.00, real=0.00 secs] 
976.452: [GC (Allocation Failure) 976.452: [ParNew: 73282K->0K(92160K), 0.0008949 secs] 105004K->31721K(194560K), 0.0010240 secs] [Times: user=0.00 sys=0.00, real=0.00 secs] 
977.468: [GC (Allocation Failure) 977.468: [ParNew: 73282K->0K(92160K), 0.0008420 secs] 105004K->31721K(194560K), 0.0009790 secs] [Times: user=0.00 sys=0.00, real=0.00 secs] 
978.483: [GC (Allocation Failure) 978.483: [ParNew: 73282K->0K(92160K), 0.0008408 secs] 105004K->31721K(194560K), 0.0009703 secs] [Times: user=0.00 sys=0.00, real=0.00 secs] 
979.498: [GC (Allocation Failure) 979.498: [ParNew: 73282K->0K(92160K), 0.0008440 secs] 105004K->31721K(194560K), 0.0009900 secs] [Times: user=0.00 sys=0.00, real=0.00 secs] 
980.513: [GC (Allocation Failure) 980.513: [ParNew: 73282K->0K(92160K), 0.0008333 secs] 105004K->31721K(194560K), 0.0009561 secs] [Times: user=0.00 sys=0.00, real=0.00 secs] 
981.528: [GC (Allocation Failure) 981.528: [ParNew: 73282K->0K(92160K), 0.0009561 secs] 105004K->31721K(194560K), 0.0010776 secs] [Times: user=0.00 sys=0.00, real=0.00 secs] 
982.544: [GC (Allocation Failure) 982.544: [ParNew: 73282K->0K(92160K), 0.0008700 secs] 105004K->31721K(194560K), 0.0010090 secs] [Times: user=0.00 sys=0.00, real=0.00 secs] 
983.560: [GC (Allocation Failure) 983.560: [ParNew: 73282K->0K(92160K), 0.0008384 secs] 105004K->31721K(194560K), 0.0009738 secs] [Times: user=0.00 sys=0.00, real=0.00 secs] 
983.571: [GC (Allocation Failure) 983.571: [ParNew: 73282K->0K(92160K), 0.0005412 secs] 105004K->31721K(194560K), 0.0006276 secs] [Times: user=0.00 sys=0.00, real=0.00 secs] 
984.584: [GC (Allocation Failure) 984.585: [ParNew: 73282K->0K(92160K), 0.0004903 secs] 105004K->31721K(194560K), 0.0005795 secs] [Times: user=0.00 sys=0.00, real=0.00 secs] 
985.593: [GC (Allocation Failure) 985.593: [ParNew: 73282K->0K(92160K), 0.0004326 secs] 105004K->31721K(194560K), 0.0005084 secs] [Times: user=0.00 sys=0.00, real=0.00 secs] 
986.607: [GC (Allocation Failure) 986.607: [ParNew: 73282K->0K(92160K), 0.0006363 secs] 105004K->31721K(194560K), 0.0007318 secs] [Times: user=0.00 sys=0.00, real=0.00 secs] 
987.630: [GC (Allocation Failure) 987.630: [ParNew: 73282K->0K(92160K), 0.0006205 secs] 105004K->31721K(194560K), 0.0007157 secs] [Times: user=0.00 sys=0.00, real=0.00 secs] 
988.645: [GC (Allocation Failure) 988.645: [ParNew: 73282K->0K(92160K), 0.0007883 secs] 105004K->31721K(194560K), 0.0008957 secs] [Times: user=0.00 sys=0.00, real=0.00 secs] 
989.660: [GC (Allocation Failure) 989.660: [ParNew: 73282K->0K(92160K), 0.0008341 secs] 105004K->31721K(194560K), 0.0009683 secs] [Times: user=0.00 sys=0.00, real=0.00 secs] 
990.676: [GC (Allocation Failure) 990.676: [ParNew: 73282K->0K(92160K), 0.0004263 secs] 105004K->31721K(194560K), 0.0004915 secs] [Times: user=0.00 sys=0.00, real=0.00 secs] 
990.685: [GC (Allocation Failure) 990.685: [ParNew: 73282K->0K(92160K), 0.0003900 secs] 105004K->31721K(194560K), 0.0004532 secs] [Times: user=0.00 sys=0.00, real=0.00 secs] 
991.719: [GC (Allocation Failure) 991.719: [ParNew: 73282K->0K(92160K), 0.0003580 secs] 105004K->31721K(194560K), 0.0004307 secs] [Times: user=0.00 sys=0.00, real=0.00 secs] 
992.727: [GC (Allocation Failure) 992.727: [ParNew: 73282K->0K(92160K), 0.0003478 secs] 105004K->31721K(194560K), 0.0004086 secs] [Times: user=0.00 sys=0.00, real=0.00 secs] 
993.736: [GC (Allocation Failure) 993.736: [ParNew: 73282K->0K(92160K), 0.0004425 secs] 105004K->31721K(194560K), 0.0005301 secs] [Times: user=0.00 sys=0.00, real=0.00 secs] 
994.746: [GC (Allocation Failure) 994.746: [ParNew: 73282K->0K(92160K), 0.0003533 secs] 105004K->31721K(194560K), 0.0004097 secs] [Times: user=0.00 sys=0.00, real=0.00 secs] 
995.753: [GC (Allocation Failure) 995.754: [ParNew: 73282K->0K(92160K), 0.0003505 secs] 105004K->31721K(194560K), 0.0004196 secs] [Times: user=0.00 sys=0.00, real=0.00 secs] 
996.763: [GC (Allocation Failure) 996.763: [ParNew: 73282K->0K(92160K), 0.0009430 secs] 105004K->31721K(194560K), 0.0010709 secs] [Times: user=0.00 sys=0.00, real=0.00 secs] 
997.777: [GC (Allocation Failure) 997.777: [ParNew: 73282K->0K(92160K), 0.0008692 secs] 105004K->31721K(194560K), 0.0010232 secs] [Times: user=0.00 sys=0.00, real=0.00 secs] 
997.792: [GC (Allocation Failure) 997.792: [ParNew: 73282K->0K(92160K), 0.0008799 secs] 105004K->31721K(194560K), 0.0010212 secs] [Times: user=0.00 sys=0.00, real=0.00 secs] 
998.802: [GC (Allocation Failure) 998.802: [ParNew: 73282K->0K(92160K), 0.0004693 secs] 105004K->31721K(194560K), 0.0005416 secs] [Times: user=0.00 sys=0.00, real=0.00 secs] 
999.811: [GC (Allocation Failure) 999.811: [ParNew: 73282K->0K(92160K), 0.0003367 secs] 105004K->31721K(194560K), 0.0003916 secs] [Times: user=0.00 sys=0.00, real=0.00 secs] 
1000.819: [GC (Allocation Failure) 1000.819: [ParNew: 73282K->0K(92160K), 0.0003505 secs] 105004K->31721K(194560K), 0.0004113 secs] [Times: user=0.00 sys=0.00, real=0.00 secs] 
1001.828: [GC (Allocation Failure) 1001.828: [ParNew: 73282K->0K(92160K), 0.0005751 secs] 105004K->31721K(194560K), 0.0006553 secs] [Times: user=0.00 sys=0.00, real=0.00 secs] 
1002.841: [GC (Allocation Failure) 1002.841: [ParNew: 73282K->0K(92160K), 0.0009308 secs] 105004K->31721K(194560K), 0.0011140 secs] [Times: user=0.00 sys=0.00, real=0.00 secs] 
1003.856: [GC (Allocation Failure) 1003.856: [ParNew: 73282K->0K(92160K), 0.0008175 secs] 105004K->31721K(194560K), 0.0009367 secs] [Times: user=0.00 sys=0.00, real=0.00 secs] 
1004.871: [GC (Allocation Failure) 1004.871: [ParNew: 73282K->0K(92160K), 0.0003470 secs] 105004K->31721K(194560K), 0.0004097 secs] [Times: user=0.00 sys=0.00, real=0.00 secs] 
1004.879: [GC (Allocation Failure) 1004.879: [ParNew: 73282K->0K(92160K), 0.0006209 secs] 105004K->31721K(194560K), 0.0007188 secs] [Times: user=0.00 sys=0.00, real=0.00 secs] 
1005.889: [GC (Allocation Failure) 1005.889: [ParNew: 73282K->0K(92160K), 0.0003782 secs] 105004K->31721K(194560K), 0.0004528 secs] [Times: user=0.00 sys=0.00, real=0.00 secs] 
1006.905: [GC (Allocation Failure) 1006.905: [ParNew: 73282K->0K(92160K), 0.0005566 secs] 105004K->31721K(194560K), 0.0006442 secs] [Times: user=0.00 sys=0.00, real=0.00 secs] 
1007.914: [GC (Allocation Failure) 1007.914: [ParNew: 73282K->0K(92160K), 0.0003367 secs] 105004K->31721K(194560K), 0.0003983 secs] [Times: user=0.00 sys=0.00, real=0.00 secs] 
1008.923: [GC (Allocation Failure) 1008.923: [ParNew: 73282K->0K(92160K), 0.0004220 secs] 105004K->31721K(194560K), 0.0005088 secs] [Times: user=0.00 sys=0.00, real=0.00 secs] 
1009.934: [GC (Allocation Failure) 1009.934: [ParNew: 73282K->0K(92160K), 0.0013169 secs] 105004K->31721K(194560K), 0.0014665 secs] [Times: user=0.00 sys=0.00, real=0.00 secs] 
1010.953: [GC (Allocation Failure) 1010.953: [ParNew: 73282K->0K(92160K), 0.0010544 secs] 105004K->31721K(194560K), 0.0011882 secs] [Times: user=0.00 sys=0.00, real=0.00 secs] 
1011.973: [GC (Allocation Failure) 1011.973: [ParNew: 73282K->0K(92160K), 0.0007946 secs] 105004K->31721K(194560K), 0.0009197 secs] [Times: user=0.00 sys=0.00, real=0.00 secs] 
1011.988: [GC (Allocation Failure) 1011.988: [ParNew: 73282K->0K(92160K), 0.0010697 secs] 105004K->31721K(194560K), 0.0012229 secs] [Times: user=0.00 sys=0.00, real=0.00 secs] 
1013.015: [GC (Allocation Failure) 1013.015: [ParNew: 73282K->0K(92160K), 0.0003742 secs] 105004K->31721K(194560K), 0.0004512 secs] [Times: user=0.00 sys=0.00, real=0.00 secs] 
1014.031: [GC (Allocation Failure) 1014.031: [ParNew: 73282K->0K(92160K), 0.0008763 secs] 105004K->31721K(194560K), 0.0010342 secs] [Times: user=0.00 sys=0.00, real=0.00 secs] 
1015.046: [GC (Allocation Failure) 1015.046: [ParNew: 73282K->0K(92160K), 0.0009719 secs] 105004K->31721K(194560K), 0.0011021 secs] [Times: user=0.00 sys=0.00, real=0.00 secs] 
1016.059: [GC (Allocation Failure) 1016.059: [ParNew: 73282K->0K(92160K), 0.0003561 secs] 105004K->31721K(194560K), 0.0004295 secs] [Times: user=0.00 sys=0.00, real=0.00 secs] 
1017.068: [GC (Allocation Failure) 1017.068: [ParNew: 73282K->0K(92160K), 0.0004311 secs] 105004K->31721K(194560K), 0.0005080 secs] [Times: user=0.00 sys=0.00, real=0.00 secs] 
1018.077: [GC (Allocation Failure) 1018.077: [ParNew: 73282K->0K(92160K), 0.0007990 secs] 105004K->31721K(194560K), 0.0009379 secs] [Times: user=0.00 sys=0.00, real=0.00 secs] 
1019.092: [GC (Allocation Failure) 1019.092: [ParNew: 73282K->0K(92160K), 0.0008096 secs] 105004K->31721K(194560K), 0.0009138 secs] [Times: user=0.00 sys=0.00, real=0.00 secs] 
1019.106: [GC (Allocation Failure) 1019.106: [ParNew: 73282K->0K(92160K), 0.0007366 secs] 105004K->31721K(194560K), 0.0008566 secs] [Times: user=0.00 sys=0.00, real=0.00 secs] 
1020.115: [GC (Allocation Failure) 1020.115: [ParNew: 73282K->0K(92160K), 0.0003486 secs] 105004K->31721K(194560K), 0.0004200 secs] [Times: user=0.00 sys=0.00, real=0.00 secs] 
1021.129: [GC (Allocation Failure) 1021.129: [ParNew: 73282K->0K(92160K), 0.0003924 secs] 105004K->31721K(194560K), 0.0004591 secs] [Times: user=0.00 sys=0.00, real=0.00 secs] 
1022.142: [GC (Allocation Failure) 1022.142: [ParNew: 73282K->0K(92160K), 0.0011238 secs] 105004K->31721K(194560K), 0.0012651 secs] [Times: user=0.00 sys=0.00, real=0.00 secs] 
1023.156: [GC (Allocation Failure) 1023.156: [ParNew: 73282K->0K(92160K), 0.0003545 secs] 105004K->31721K(194560K), 0.0004283 secs] [Times: user=0.00 sys=0.00, real=0.00 secs] 
1024.167: [GC (Allocation Failure) 1024.167: [ParNew: 73282K->0K(92160K), 0.0008637 secs] 105004K->31721K(194560K), 0.0010019 secs] [Times: user=0.00 sys=0.00, real=0.00 secs] 
1025.182: [GC (Allocation Failure) 1025.182: [ParNew: 73282K->0K(92160K), 0.0013970 secs] 105004K->31721K(194560K), 0.0015359 secs] [Times: user=0.00 sys=0.00, real=0.00 secs] 
1026.197: [GC (Allocation Failure) 1026.197: [ParNew: 73282K->0K(92160K), 0.0003600 secs] 105004K->31721K(194560K), 0.0004295 secs] [Times: user=0.00 sys=0.00, real=0.00 secs] 
1026.206: [GC (Allocation Failure) 1026.206: [ParNew: 73282K->0K(92160K), 0.0003450 secs] 105004K->31721K(194560K), 0.0004101 secs] [Times: user=0.00 sys=0.00, real=0.00 secs] 
1027.217: [GC (Allocation Failure) 1027.217: [ParNew: 73282K->0K(92160K), 0.0004836 secs] 105004K->31721K(194560K), 0.0005554 secs] [Times: user=0.00 sys=0.00, real=0.00 secs] 
1028.227: [GC (Allocation Failure) 1028.227: [ParNew: 73282K->0K(92160K), 0.0004840 secs] 105004K->31721K(194560K), 0.0005511 secs] [Times: user=0.00 sys=0.00, real=0.00 secs] 
1029.238: [GC (Allocation Failure) 1029.238: [ParNew: 73282K->0K(92160K), 0.0006722 secs] 105004K->31721K(194560K), 0.0007476 secs] [Times: user=0.00 sys=0.00, real=0.00 secs] 
1030.249: [GC (Allocation Failure) 1030.249: [ParNew: 73282K->0K(92160K), 0.0008491 secs] 105004K->31721K(194560K), 0.0009766 secs] [Times: user=0.00 sys=0.00, real=0.00 secs] 
1031.261: [GC (Allocation Failure) 1031.262: [ParNew: 73282K->0K(92160K), 0.0004137 secs] 105004K->31721K(194560K), 0.0004784 secs] [Times: user=0.00 sys=0.00, real=0.00 secs] 
1032.270: [GC (Allocation Failure) 1032.270: [ParNew: 73282K->0K(92160K), 0.0005949 secs] 105004K->31721K(194560K), 0.0006726 secs] [Times: user=0.00 sys=0.00, real=0.00 secs] 
1033.282: [GC (Allocation Failure) 1033.282: [ParNew: 73282K->0K(92160K), 0.0004078 secs] 105004K->31721K(194560K), 0.0004993 secs] [Times: user=0.00 sys=0.00, real=0.00 secs] 
1033.290: [GC (Allocation Failure) 1033.291: [ParNew: 73282K->0K(92160K), 0.0003995 secs] 105004K->31721K(194560K), 0.0004701 secs] [Times: user=0.00 sys=0.00, real=0.00 secs] 
1034.305: [GC (Allocation Failure) 1034.305: [ParNew: 73282K->0K(92160K), 0.0007504 secs] 105004K->31721K(194560K), 0.0008688 secs] [Times: user=0.00 sys=0.00, real=0.00 secs] 
1035.315: [GC (Allocation Failure) 1035.315: [ParNew: 73282K->0K(92160K), 0.0004528 secs] 105004K->31721K(194560K), 0.0005258 secs] [Times: user=0.00 sys=0.00, real=0.00 secs] 
1036.325: [GC (Allocation Failure) 1036.325: [ParNew: 73282K->0K(92160K), 0.0004666 secs] 105004K->31721K(194560K), 0.0005380 secs] [Times: user=0.00 sys=0.00, real=0.00 secs] 
1037.338: [GC (Allocation Failure) 1037.338: [ParNew: 73282K->0K(92160K), 0.0004437 secs] 105004K->31721K(194560K), 0.0005009 secs] [Times: user=0.00 sys=0.00, real=0.00 secs] 
1038.349: [GC (Allocation Failure) 1038.349: [ParNew: 73282K->0K(92160K), 0.0004709 secs] 105004K->31721K(194560K), 0.0005471 secs] [Times: user=0.00 sys=0.00, real=0.00 secs] 
1039.360: [GC (Allocation Failure) 1039.360: [ParNew: 73282K->0K(92160K), 0.0008199 secs] 105004K->31721K(194560K), 0.0009430 secs] [Times: user=0.00 sys=0.00, real=0.00 secs] 
1040.374: [GC (Allocation Failure) 1040.374: [ParNew: 73282K->0K(92160K), 0.0003399 secs] 105004K->31721K(194560K), 0.0004066 secs] [Times: user=0.00 sys=0.00, real=0.00 secs] 
1040.382: [GC (Allocation Failure) 1040.382: [ParNew: 73282K->0K(92160K), 0.0003730 secs] 105004K->31721K(194560K), 0.0004417 secs] [Times: user=0.00 sys=0.00, real=0.00 secs] 
1041.390: [GC (Allocation Failure) 1041.391: [ParNew: 73282K->0K(92160K), 0.0003442 secs] 105004K->31721K(194560K), 0.0004066 secs] [Times: user=0.00 sys=0.00, real=0.00 secs] 
1042.402: [GC (Allocation Failure) 1042.402: [ParNew: 73282K->0K(92160K), 0.0007295 secs] 105004K->31721K(194560K), 0.0008475 secs] [Times: user=0.00 sys=0.00, real=0.00 secs] 
1043.416: [GC (Allocation Failure) 1043.416: [ParNew: 73282K->0K(92160K), 0.0009817 secs] 105004K->31721K(194560K), 0.0011463 secs] [Times: user=0.00 sys=0.02, real=0.00 secs] 
1044.428: [GC (Allocation Failure) 1044.428: [ParNew: 73282K->0K(92160K), 0.0003541 secs] 105004K->31721K(194560K), 0.0004149 secs] [Times: user=0.00 sys=0.00, real=0.00 secs] 
1045.437: [GC (Allocation Failure) 1045.437: [ParNew: 73282K->0K(92160K), 0.0003746 secs] 105004K->31721K(194560K), 0.0004575 secs] [Times: user=0.00 sys=0.00, real=0.00 secs] 
1046.447: [GC (Allocation Failure) 1046.447: [ParNew: 73282K->0K(92160K), 0.0008732 secs] 105004K->31721K(194560K), 0.0010188 secs] [Times: user=0.00 sys=0.00, real=0.00 secs] 
1047.462: [GC (Allocation Failure) 1047.462: [ParNew: 73282K->0K(92160K), 0.0008309 secs] 105004K->31721K(194560K), 0.0009663 secs] [Times: user=0.00 sys=0.00, real=0.00 secs] 
1047.477: [GC (Allocation Failure) 1047.477: [ParNew: 73282K->0K(92160K), 0.0008274 secs] 105004K->31721K(194560K), 0.0009371 secs] [Times: user=0.00 sys=0.00, real=0.00 secs] 
1048.493: [GC (Allocation Failure) 1048.493: [ParNew: 73282K->0K(92160K), 0.0009371 secs] 105004K->31721K(194560K), 0.0010725 secs] [Times: user=0.06 sys=0.00, real=0.00 secs] 
1049.508: [GC (Allocation Failure) 1049.508: [ParNew: 73282K->0K(92160K), 0.0008969 secs] 105004K->31721K(194560K), 0.0010524 secs] [Times: user=0.00 sys=0.00, real=0.00 secs] 
1050.524: [GC (Allocation Failure) 1050.524: [ParNew: 73282K->0K(92160K), 0.0011183 secs] 105004K->31721K(194560K), 0.0012959 secs] [Times: user=0.02 sys=0.00, real=0.00 secs] 
1051.543: [GC (Allocation Failure) 1051.543: [ParNew: 73282K->0K(92160K), 0.0008333 secs] 105004K->31721K(194560K), 0.0009809 secs] [Times: user=0.00 sys=0.00, real=0.00 secs] 
1052.558: [GC (Allocation Failure) 1052.558: [ParNew: 73282K->0K(92160K), 0.0009296 secs] 105004K->31721K(194560K), 0.0010832 secs] [Times: user=0.00 sys=0.00, real=0.00 secs] 
1053.575: [GC (Allocation Failure) 1053.575: [ParNew: 73282K->0K(92160K), 0.0007859 secs] 105004K->31721K(194560K), 0.0009055 secs] [Times: user=0.00 sys=0.00, real=0.00 secs] 
1054.591: [GC (Allocation Failure) 1054.591: [ParNew: 73282K->0K(92160K), 0.0003517 secs] 105004K->31721K(194560K), 0.0004165 secs] [Times: user=0.00 sys=0.00, real=0.00 secs] 
1054.599: [GC (Allocation Failure) 1054.599: [ParNew: 73282K->0K(92160K), 0.0004449 secs] 105004K->31721K(194560K), 0.0005116 secs] [Times: user=0.00 sys=0.00, real=0.00 secs] 
1055.614: [GC (Allocation Failure) 1055.614: [ParNew: 73282K->0K(92160K), 0.0008136 secs] 105004K->31721K(194560K), 0.0009359 secs] [Times: user=0.00 sys=0.00, real=0.00 secs] 
1056.629: [GC (Allocation Failure) 1056.629: [ParNew: 73282K->0K(92160K), 0.0008313 secs] 105004K->31721K(194560K), 0.0009695 secs] [Times: user=0.00 sys=0.00, real=0.00 secs] 
1057.646: [GC (Allocation Failure) 1057.646: [ParNew: 73282K->0K(92160K), 0.0013200 secs] 105004K->31721K(194560K), 0.0015237 secs] [Times: user=0.00 sys=0.00, real=0.00 secs] 
1058.661: [GC (Allocation Failure) 1058.661: [ParNew: 73282K->0K(92160K), 0.0005376 secs] 105004K->31721K(194560K), 0.0006182 secs] [Times: user=0.00 sys=0.00, real=0.00 secs] 
1059.673: [GC (Allocation Failure) 1059.673: [ParNew: 73282K->0K(92160K), 0.0008025 secs] 105004K->31721K(194560K), 0.0009304 secs] [Times: user=0.00 sys=0.00, real=0.00 secs] 
1060.687: [GC (Allocation Failure) 1060.687: [ParNew: 73282K->0K(92160K), 0.0003943 secs] 105004K->31721K(194560K), 0.0004496 secs] [Times: user=0.00 sys=0.00, real=0.00 secs] 
1061.693: [GC (Allocation Failure) 1061.693: [ParNew: 73282K->0K(92160K), 0.0003367 secs] 105004K->31721K(194560K), 0.0003971 secs] [Times: user=0.00 sys=0.00, real=0.00 secs] 
1061.702: [GC (Allocation Failure) 1061.702: [ParNew: 73282K->0K(92160K), 0.0004492 secs] 105004K->31721K(194560K), 0.0005290 secs] [Times: user=0.00 sys=0.00, real=0.00 secs] 
1062.710: [GC (Allocation Failure) 1062.710: [ParNew: 73282K->0K(92160K), 0.0004082 secs] 105004K->31721K(194560K), 0.0004749 secs] [Times: user=0.00 sys=0.00, real=0.00 secs] 
1063.725: [GC (Allocation Failure) 1063.725: [ParNew: 73282K->0K(92160K), 0.0004516 secs] 105004K->31721K(194560K), 0.0005293 secs] [Times: user=0.00 sys=0.00, real=0.00 secs] 
1064.739: [GC (Allocation Failure) 1064.739: [ParNew: 73282K->0K(92160K), 0.0008112 secs] 105004K->31721K(194560K), 0.0009407 secs] [Times: user=0.00 sys=0.00, real=0.00 secs] 
1065.753: [GC (Allocation Failure) 1065.753: [ParNew: 73282K->0K(92160K), 0.0008333 secs] 105004K->31721K(194560K), 0.0009790 secs] [Times: user=0.00 sys=0.00, real=0.00 secs] 
1066.770: [GC (Allocation Failure) 1066.770: [ParNew: 73282K->0K(92160K), 0.0008017 secs] 105004K->31721K(194560K), 0.0009320 secs] [Times: user=0.00 sys=0.00, real=0.00 secs] 
1067.786: [GC (Allocation Failure) 1067.786: [ParNew: 73282K->0K(92160K), 0.0008313 secs] 105004K->31721K(194560K), 0.0009474 secs] [Times: user=0.00 sys=0.00, real=0.00 secs] 
1068.801: [GC (Allocation Failure) 1068.801: [ParNew: 73282K->0K(92160K), 0.0004496 secs] 105004K->31721K(194560K), 0.0005140 secs] [Times: user=0.00 sys=0.00, real=0.00 secs] 
1068.811: [GC (Allocation Failure) 1068.811: [ParNew: 73282K->0K(92160K), 0.0004709 secs] 105004K->31721K(194560K), 0.0005416 secs] [Times: user=0.00 sys=0.00, real=0.00 secs] 
1069.827: [GC (Allocation Failure) 1069.827: [ParNew: 73282K->0K(92160K), 0.0012328 secs] 105004K->31721K(194560K), 0.0013859 secs] [Times: user=0.00 sys=0.00, real=0.00 secs] 
1070.840: [GC (Allocation Failure) 1070.840: [ParNew: 73282K->0K(92160K), 0.0005226 secs] 105004K->31721K(194560K), 0.0006111 secs] [Times: user=0.00 sys=0.00, real=0.00 secs] 
1071.851: [GC (Allocation Failure) 1071.851: [ParNew: 73282K->0K(92160K), 0.0004504 secs] 105004K->31721K(194560K), 0.0005147 secs] [Times: user=0.00 sys=0.00, real=0.00 secs] 
1072.864: [GC (Allocation Failure) 1072.864: [ParNew: 73282K->0K(92160K), 0.0023092 secs] 105004K->31721K(194560K), 0.0024182 secs] [Times: user=0.00 sys=0.00, real=0.00 secs] 
1073.877: [GC (Allocation Failure) 1073.877: [ParNew: 73282K->0K(92160K), 0.0004354 secs] 105004K->31721K(194560K), 0.0005175 secs] [Times: user=0.00 sys=0.00, real=0.00 secs] 
1074.889: [GC (Allocation Failure) 1074.889: [ParNew: 73282K->0K(92160K), 0.0003450 secs] 105004K->31721K(194560K), 0.0004007 secs] [Times: user=0.00 sys=0.00, real=0.00 secs] 
1075.897: [GC (Allocation Failure) 1075.897: [ParNew: 73282K->0K(92160K), 0.0012197 secs] 105004K->31721K(194560K), 0.0013773 secs] [Times: user=0.00 sys=0.00, real=0.00 secs] 
1075.911: [GC (Allocation Failure) 1075.911: [ParNew: 73282K->0K(92160K), 0.0006501 secs] 105004K->31721K(194560K), 0.0007283 secs] [Times: user=0.00 sys=0.00, real=0.00 secs] 
1076.925: [GC (Allocation Failure) 1076.925: [ParNew: 73282K->0K(92160K), 0.0004721 secs] 105004K->31721K(194560K), 0.0005530 secs] [Times: user=0.00 sys=0.00, real=0.00 secs] 
1077.938: [GC (Allocation Failure) 1077.938: [ParNew: 73282K->0K(92160K), 0.0008297 secs] 105004K->31721K(194560K), 0.0009758 secs] [Times: user=0.00 sys=0.00, real=0.00 secs] 
1078.954: [GC (Allocation Failure) 1078.954: [ParNew: 73282K->0K(92160K), 0.0008258 secs] 105004K->31721K(194560K), 0.0009683 secs] [Times: user=0.00 sys=0.00, real=0.00 secs] 
1079.968: [GC (Allocation Failure) 1079.968: [ParNew: 73282K->0K(92160K), 0.0008483 secs] 105004K->31721K(194560K), 0.0009833 secs] [Times: user=0.00 sys=0.00, real=0.00 secs] 
1080.981: [GC (Allocation Failure) 1080.981: [ParNew: 73282K->0K(92160K), 0.0003568 secs] 105004K->31721K(194560K), 0.0004271 secs] [Times: user=0.00 sys=0.00, real=0.00 secs] 
1081.990: [GC (Allocation Failure) 1081.990: [ParNew: 73282K->0K(92160K), 0.0008195 secs] 105004K->31721K(194560K), 0.0009280 secs] [Times: user=0.00 sys=0.00, real=0.00 secs] 
1083.004: [GC (Allocation Failure) 1083.004: [ParNew: 73282K->0K(92160K), 0.0004496 secs] 105004K->31721K(194560K), 0.0004997 secs] [Times: user=0.00 sys=0.00, real=0.00 secs] 
1083.012: [GC (Allocation Failure) 1083.012: [ParNew: 73282K->0K(92160K), 0.0003470 secs] 105004K->31721K(194560K), 0.0004090 secs] [Times: user=0.00 sys=0.00, real=0.00 secs] 
1084.027: [GC (Allocation Failure) 1084.027: [ParNew: 73282K->0K(92160K), 0.0008582 secs] 105004K->31721K(194560K), 0.0010267 secs] [Times: user=0.00 sys=0.00, real=0.00 secs] 
1085.039: [GC (Allocation Failure) 1085.039: [ParNew: 73282K->0K(92160K), 0.0005017 secs] 105004K->31721K(194560K), 0.0005771 secs] [Times: user=0.00 sys=0.00, real=0.00 secs] 
1086.048: [GC (Allocation Failure) 1086.048: [ParNew: 73282K->0K(92160K), 0.0003596 secs] 105004K->31721K(194560K), 0.0004275 secs] [Times: user=0.00 sys=0.00, real=0.00 secs] 
1087.057: [GC (Allocation Failure) 1087.057: [ParNew: 73282K->0K(92160K), 0.0004812 secs] 105004K->31721K(194560K), 0.0005645 secs] [Times: user=0.00 sys=0.00, real=0.00 secs] 
1088.067: [GC (Allocation Failure) 1088.067: [ParNew: 73282K->0K(92160K), 0.0010188 secs] 105004K->31721K(194560K), 0.0011511 secs] [Times: user=0.00 sys=0.00, real=0.00 secs] 
1089.084: [GC (Allocation Failure) 1089.084: [ParNew: 73282K->0K(92160K), 0.0009801 secs] 105004K->31721K(194560K), 0.0010974 secs] [Times: user=0.00 sys=0.00, real=0.00 secs] 
1090.100: [GC (Allocation Failure) 1090.100: [ParNew: 73282K->0K(92160K), 0.0005321 secs] 105004K->31721K(194560K), 0.0006363 secs] [Times: user=0.00 sys=0.00, real=0.00 secs] 
1090.110: [GC (Allocation Failure) 1090.110: [ParNew: 73282K->0K(92160K), 0.0006711 secs] 105004K->31721K(194560K), 0.0007524 secs] [Times: user=0.00 sys=0.00, real=0.00 secs] 
1091.125: [GC (Allocation Failure) 1091.126: [ParNew: 73282K->0K(92160K), 0.0008929 secs] 105004K->31721K(194560K), 0.0010350 secs] [Times: user=0.00 sys=0.00, real=0.00 secs] 
1092.142: [GC (Allocation Failure) 1092.142: [ParNew: 73282K->0K(92160K), 0.0010528 secs] 105004K->31721K(194560K), 0.0012044 secs] [Times: user=0.00 sys=0.00, real=0.00 secs] 
1093.154: [GC (Allocation Failure) 1093.154: [ParNew: 73282K->0K(92160K), 0.0004765 secs] 105004K->31721K(194560K), 0.0005475 secs] [Times: user=0.00 sys=0.00, real=0.00 secs] 
1094.165: [GC (Allocation Failure) 1094.165: [ParNew: 73282K->0K(92160K), 0.0008001 secs] 105004K->31721K(194560K), 0.0009332 secs] [Times: user=0.06 sys=0.00, real=0.00 secs] 
1095.179: [GC (Allocation Failure) 1095.179: [ParNew: 73282K->0K(92160K), 0.0009928 secs] 105004K->31721K(194560K), 0.0011136 secs] [Times: user=0.00 sys=0.00, real=0.00 secs] 
1096.194: [GC (Allocation Failure) 1096.194: [ParNew: 73282K->0K(92160K), 0.0009525 secs] 105004K->31721K(194560K), 0.0010986 secs] [Times: user=0.00 sys=0.00, real=0.00 secs] 
1097.212: [GC (Allocation Failure) 1097.213: [ParNew: 73282K->0K(92160K), 0.0010011 secs] 105004K->31721K(194560K), 0.0011447 secs] [Times: user=0.02 sys=0.00, real=0.00 secs] 
1097.230: [GC (Allocation Failure) 1097.230: [ParNew: 73282K->0K(92160K), 0.0008696 secs] 105004K->31721K(194560K), 0.0009995 secs] [Times: user=0.00 sys=0.00, real=0.00 secs] 
1098.240: [GC (Allocation Failure) 1098.240: [ParNew: 73282K->0K(92160K), 0.0004583 secs] 105004K->31721K(194560K), 0.0005349 secs] [Times: user=0.00 sys=0.00, real=0.00 secs] 
1099.249: [GC (Allocation Failure) 1099.249: [ParNew: 73282K->0K(92160K), 0.0003462 secs] 105004K->31721K(194560K), 0.0004307 secs] [Times: user=0.00 sys=0.00, real=0.00 secs] 
1100.272: [GC (Allocation Failure) 1100.272: [ParNew: 73282K->0K(92160K), 0.0006497 secs] 105004K->31721K(194560K), 0.0007543 secs] [Times: user=0.00 sys=0.00, real=0.00 secs] 
1101.287: [GC (Allocation Failure) 1101.287: [ParNew: 73282K->0K(92160K), 0.0008424 secs] 105004K->31721K(194560K), 0.0009683 secs] [Times: user=0.00 sys=0.00, real=0.00 secs] 
1102.302: [GC (Allocation Failure) 1102.302: [ParNew: 73282K->0K(92160K), 0.0010626 secs] 105004K->31721K(194560K), 0.0011965 secs] [Times: user=0.00 sys=0.00, real=0.00 secs] 
1103.317: [GC (Allocation Failure) 1103.317: [ParNew: 73282K->0K(92160K), 0.0007919 secs] 105004K->31721K(194560K), 0.0009095 secs] [Times: user=0.00 sys=0.00, real=0.00 secs] 
1104.331: [GC (Allocation Failure) 1104.331: [ParNew: 73282K->0K(92160K), 0.0008159 secs] 105004K->31721K(194560K), 0.0009422 secs] [Times: user=0.00 sys=0.00, real=0.00 secs] 
1104.347: [GC (Allocation Failure) 1104.347: [ParNew: 73282K->0K(92160K), 0.0007650 secs] 105004K->31721K(194560K), 0.0008751 secs] [Times: user=0.00 sys=0.00, real=0.00 secs] 
1105.357: [GC (Allocation Failure) 1105.357: [ParNew: 73282K->0K(92160K), 0.0004666 secs] 105004K->31721K(194560K), 0.0005455 secs] [Times: user=0.00 sys=0.00, real=0.00 secs] 
1106.370: [GC (Allocation Failure) 1106.370: [ParNew: 73282K->0K(92160K), 0.0008467 secs] 105004K->31721K(194560K), 0.0009947 secs] [Times: user=0.00 sys=0.00, real=0.00 secs] 
1107.385: [GC (Allocation Failure) 1107.386: [ParNew: 73282K->0K(92160K), 0.0008491 secs] 105004K->31721K(194560K), 0.0009809 secs] [Times: user=0.00 sys=0.00, real=0.00 secs] 
1108.398: [GC (Allocation Failure) 1108.398: [ParNew: 73282K->0K(92160K), 0.0005803 secs] 105004K->31721K(194560K), 0.0006636 secs] [Times: user=0.00 sys=0.00, real=0.00 secs] 
1109.407: [GC (Allocation Failure) 1109.407: [ParNew: 73282K->0K(92160K), 0.0004887 secs] 105004K->31721K(194560K), 0.0005633 secs] [Times: user=0.00 sys=0.00, real=0.00 secs] 
1110.417: [GC (Allocation Failure) 1110.417: [ParNew: 73282K->0K(92160K), 0.0008428 secs] 105004K->31721K(194560K), 0.0009837 secs] [Times: user=0.00 sys=0.00, real=0.00 secs] 
1111.431: [GC (Allocation Failure) 1111.432: [ParNew: 73282K->0K(92160K), 0.0008700 secs] 105004K->31721K(194560K), 0.0010105 secs] [Times: user=0.00 sys=0.00, real=0.00 secs] 
1111.447: [GC (Allocation Failure) 1111.447: [ParNew: 73282K->0K(92160K), 0.0010559 secs] 105004K->31721K(194560K), 0.0012122 secs] [Times: user=0.06 sys=0.00, real=0.00 secs] 
1112.462: [GC (Allocation Failure) 1112.462: [ParNew: 73282K->0K(92160K), 0.0010015 secs] 105004K->31721K(194560K), 0.0011309 secs] [Times: user=0.05 sys=0.00, real=0.00 secs] 
1113.474: [GC (Allocation Failure) 1113.474: [ParNew: 73282K->0K(92160K), 0.0006300 secs] 105004K->31721K(194560K), 0.0007184 secs] [Times: user=0.00 sys=0.00, real=0.00 secs] 
1114.487: [GC (Allocation Failure) 1114.487: [ParNew: 73282K->0K(92160K), 0.0008069 secs] 105004K->31721K(194560K), 0.0009166 secs] [Times: user=0.00 sys=0.00, real=0.00 secs] 
1115.500: [GC (Allocation Failure) 1115.500: [ParNew: 73282K->0K(92160K), 0.0004575 secs] 105004K->31721K(194560K), 0.0005270 secs] [Times: user=0.00 sys=0.00, real=0.00 secs] 
1116.508: [GC (Allocation Failure) 1116.508: [ParNew: 73282K->0K(92160K), 0.0003470 secs] 105004K->31721K(194560K), 0.0004018 secs] [Times: user=0.00 sys=0.00, real=0.00 secs] 
1117.517: [GC (Allocation Failure) 1117.517: [ParNew: 73282K->0K(92160K), 0.0007824 secs] 105004K->31721K(194560K), 0.0008894 secs] [Times: user=0.00 sys=0.00, real=0.00 secs] 
1118.532: [GC (Allocation Failure) 1118.532: [ParNew: 73282K->0K(92160K), 0.0005522 secs] 105004K->31721K(194560K), 0.0006395 secs] [Times: user=0.00 sys=0.00, real=0.00 secs] 
1118.540: [GC (Allocation Failure) 1118.540: [ParNew: 73282K->0K(92160K), 0.0003908 secs] 105004K->31721K(194560K), 0.0004536 secs] [Times: user=0.00 sys=0.00, real=0.00 secs] 
1119.553: [GC (Allocation Failure) 1119.553: [ParNew: 73282K->0K(92160K), 0.0007820 secs] 105004K->31721K(194560K), 0.0009221 secs] [Times: user=0.00 sys=0.00, real=0.00 secs] 
1120.564: [GC (Allocation Failure) 1120.564: [ParNew: 73282K->0K(92160K), 0.0004705 secs] 105004K->31721K(194560K), 0.0005518 secs] [Times: user=0.00 sys=0.00, real=0.00 secs] 
1121.576: [GC (Allocation Failure) 1121.576: [ParNew: 73282K->0K(92160K), 0.0006166 secs] 105004K->31721K(194560K), 0.0007157 secs] [Times: user=0.00 sys=0.00, real=0.00 secs] 
1122.589: [GC (Allocation Failure) 1122.589: [ParNew: 73282K->0K(92160K), 0.0008037 secs] 105004K->31721K(194560K), 0.0009142 secs] [Times: user=0.00 sys=0.00, real=0.00 secs] 
1123.603: [GC (Allocation Failure) 1123.603: [ParNew: 73282K->0K(92160K), 0.0004386 secs] 105004K->31721K(194560K), 0.0005100 secs] [Times: user=0.06 sys=0.00, real=0.00 secs] 
1124.613: [GC (Allocation Failure) 1124.613: [ParNew: 73282K->0K(92160K), 0.0003557 secs] 105004K->31721K(194560K), 0.0004287 secs] [Times: user=0.00 sys=0.00, real=0.00 secs] 
1125.623: [GC (Allocation Failure) 1125.623: [ParNew: 73282K->0K(92160K), 0.0008566 secs] 105004K->31721K(194560K), 0.0009640 secs] [Times: user=0.00 sys=0.00, real=0.00 secs] 
1125.638: [GC (Allocation Failure) 1125.638: [ParNew: 73282K->0K(92160K), 0.0009379 secs] 105004K->31721K(194560K), 0.0010844 secs] [Times: user=0.00 sys=0.00, real=0.00 secs] 
1126.653: [GC (Allocation Failure) 1126.654: [ParNew: 73282K->0K(92160K), 0.0008120 secs] 105004K->31721K(194560K), 0.0009359 secs] [Times: user=0.00 sys=0.00, real=0.00 secs] 
1127.669: [GC (Allocation Failure) 1127.669: [ParNew: 73282K->0K(92160K), 0.0011376 secs] 105004K->31721K(194560K), 0.0012821 secs] [Times: user=0.00 sys=0.00, real=0.00 secs] 
1128.685: [GC (Allocation Failure) 1128.685: [ParNew: 73282K->0K(92160K), 0.0011242 secs] 105004K->31721K(194560K), 0.0012549 secs] [Times: user=0.00 sys=0.00, real=0.00 secs] 
1129.701: [GC (Allocation Failure) 1129.701: [ParNew: 73282K->0K(92160K), 0.0011803 secs] 105004K->31721K(194560K), 0.0013101 secs] [Times: user=0.00 sys=0.00, real=0.00 secs] 
1130.717: [GC (Allocation Failure) 1130.717: [ParNew: 73282K->0K(92160K), 0.0010662 secs] 105004K->31721K(194560K), 0.0012130 secs] [Times: user=0.00 sys=0.00, real=0.00 secs] 
1131.733: [GC (Allocation Failure) 1131.733: [ParNew: 73282K->0K(92160K), 0.0009458 secs] 105004K->31721K(194560K), 0.0010765 secs] [Times: user=0.00 sys=0.00, real=0.00 secs] 
1132.747: [GC (Allocation Failure) 1132.747: [ParNew: 73282K->0K(92160K), 0.0008684 secs] 105004K->31721K(194560K), 0.0010007 secs] [Times: user=0.00 sys=0.00, real=0.00 secs] 
1132.761: [GC (Allocation Failure) 1132.761: [ParNew: 73282K->0K(92160K), 0.0008278 secs] 105004K->31721K(194560K), 0.0009470 secs] [Times: user=0.00 sys=0.00, real=0.00 secs] 
1133.777: [GC (Allocation Failure) 1133.778: [ParNew: 73282K->0K(92160K), 0.0011061 secs] 105004K->31721K(194560K), 0.0012521 secs] [Times: user=0.00 sys=0.00, real=0.00 secs] 
1134.794: [GC (Allocation Failure) 1134.794: [ParNew: 73282K->0K(92160K), 0.0008353 secs] 105004K->31721K(194560K), 0.0009865 secs] [Times: user=0.00 sys=0.00, real=0.00 secs] 
1135.806: [GC (Allocation Failure) 1135.806: [ParNew: 73282K->0K(92160K), 0.0004188 secs] 105004K->31721K(194560K), 0.0004938 secs] [Times: user=0.00 sys=0.00, real=0.00 secs] 
1136.816: [GC (Allocation Failure) 1136.816: [ParNew: 73282K->0K(92160K), 0.0007867 secs] 105004K->31721K(194560K), 0.0009296 secs] [Times: user=0.00 sys=0.00, real=0.00 secs] 
1137.832: [GC (Allocation Failure) 1137.832: [ParNew: 73282K->0K(92160K), 0.0008487 secs] 105004K->31721K(194560K), 0.0009758 secs] [Times: user=0.00 sys=0.00, real=0.00 secs] 
1138.846: [GC (Allocation Failure) 1138.846: [ParNew: 73282K->0K(92160K), 0.0003786 secs] 105004K->31721K(194560K), 0.0004350 secs] [Times: user=0.00 sys=0.00, real=0.00 secs] 
1139.855: [GC (Allocation Failure) 1139.855: [ParNew: 73282K->0K(92160K), 0.0010094 secs] 105004K->31721K(194560K), 0.0011511 secs] [Times: user=0.00 sys=0.00, real=0.00 secs] 
1139.873: [GC (Allocation Failure) 1139.874: [ParNew: 73282K->0K(92160K), 0.0011080 secs] 105004K->31721K(194560K), 0.0012454 secs] [Times: user=0.00 sys=0.00, real=0.00 secs] 
1140.889: [GC (Allocation Failure) 1140.889: [ParNew: 73282K->0K(92160K), 0.0008447 secs] 105004K->31721K(194560K), 0.0009640 secs] [Times: user=0.00 sys=0.00, real=0.00 secs] 
1141.900: [GC (Allocation Failure) 1141.900: [ParNew: 73282K->0K(92160K), 0.0003584 secs] 105004K->31721K(194560K), 0.0004279 secs] [Times: user=0.00 sys=0.00, real=0.00 secs] 
1142.914: [GC (Allocation Failure) 1142.914: [ParNew: 73282K->0K(92160K), 0.0008507 secs] 105004K->31721K(194560K), 0.0009663 secs] [Times: user=0.00 sys=0.00, real=0.00 secs] 
1143.929: [GC (Allocation Failure) 1143.929: [ParNew: 73282K->0K(92160K), 0.0008953 secs] 105004K->31721K(194560K), 0.0010374 secs] [Times: user=0.00 sys=0.00, real=0.00 secs] 
1144.944: [GC (Allocation Failure) 1144.944: [ParNew: 73282K->0K(92160K), 0.0008124 secs] 105004K->31721K(194560K), 0.0009403 secs] [Times: user=0.00 sys=0.00, real=0.00 secs] 
1145.958: [GC (Allocation Failure) 1145.958: [ParNew: 73282K->0K(92160K), 0.0004840 secs] 105004K->31721K(194560K), 0.0005617 secs] [Times: user=0.00 sys=0.00, real=0.00 secs] 
1146.967: [GC (Allocation Failure) 1146.967: [ParNew: 73282K->0K(92160K), 0.0010390 secs] 105004K->31721K(194560K), 0.0011811 secs] [Times: user=0.00 sys=0.00, real=0.00 secs] 
1146.979: [GC (Allocation Failure) 1146.979: [ParNew: 73282K->0K(92160K), 0.0004283 secs] 105004K->31721K(194560K), 0.0005068 secs] [Times: user=0.00 sys=0.00, real=0.00 secs] 
1147.989: [GC (Allocation Failure) 1147.989: [ParNew: 73282K->0K(92160K), 0.0003679 secs] 105004K->31721K(194560K), 0.0004338 secs] [Times: user=0.00 sys=0.00, real=0.00 secs] 
1149.002: [GC (Allocation Failure) 1149.002: [ParNew: 73282K->0K(92160K), 0.0010247 secs] 105004K->31721K(194560K), 0.0011333 secs] [Times: user=0.00 sys=0.00, real=0.00 secs] 
1150.020: [GC (Allocation Failure) 1150.020: [ParNew: 73282K->0K(92160K), 0.0007919 secs] 105004K->31721K(194560K), 0.0009442 secs] [Times: user=0.00 sys=0.00, real=0.00 secs] 
1151.035: [GC (Allocation Failure) 1151.035: [ParNew: 73282K->0K(92160K), 0.0008057 secs] 105004K->31721K(194560K), 0.0009344 secs] [Times: user=0.00 sys=0.00, real=0.00 secs] 
1152.050: [GC (Allocation Failure) 1152.050: [ParNew: 73282K->0K(92160K), 0.0008144 secs] 105004K->31721K(194560K), 0.0009549 secs] [Times: user=0.00 sys=0.00, real=0.00 secs] 
1153.066: [GC (Allocation Failure) 1153.066: [ParNew: 73282K->0K(92160K), 0.0009063 secs] 105004K->31721K(194560K), 0.0010184 secs] [Times: user=0.00 sys=0.00, real=0.00 secs] 
1154.081: [GC (Allocation Failure) 1154.081: [ParNew: 73282K->0K(92160K), 0.0008451 secs] 105004K->31721K(194560K), 0.0009703 secs] [Times: user=0.00 sys=0.00, real=0.00 secs] 
1154.095: [GC (Allocation Failure) 1154.096: [ParNew: 73282K->0K(92160K), 0.0007836 secs] 105004K->31721K(194560K), 0.0009087 secs] [Times: user=0.00 sys=0.00, real=0.00 secs] 
1155.110: [GC (Allocation Failure) 1155.110: [ParNew: 73282K->0K(92160K), 0.0008053 secs] 105004K->31721K(194560K), 0.0009501 secs] [Times: user=0.00 sys=0.00, real=0.00 secs] 
1156.125: [GC (Allocation Failure) 1156.125: [ParNew: 73282K->0K(92160K), 0.0008057 secs] 105004K->31721K(194560K), 0.0009525 secs] [Times: user=0.00 sys=0.00, real=0.00 secs] 
1157.141: [GC (Allocation Failure) 1157.141: [ParNew: 73282K->0K(92160K), 0.0011822 secs] 105004K->31721K(194560K), 0.0013323 secs] [Times: user=0.00 sys=0.00, real=0.00 secs] 
1158.157: [GC (Allocation Failure) 1158.157: [ParNew: 73282K->0K(92160K), 0.0009470 secs] 105004K->31721K(194560K), 0.0010800 secs] [Times: user=0.00 sys=0.00, real=0.00 secs] 
1159.172: [GC (Allocation Failure) 1159.173: [ParNew: 73282K->0K(92160K), 0.0008759 secs] 105004K->31721K(194560K), 0.0009896 secs] [Times: user=0.00 sys=0.00, real=0.00 secs] 
1160.185: [GC (Allocation Failure) 1160.185: [ParNew: 73282K->0K(92160K), 0.0004018 secs] 105004K->31721K(194560K), 0.0004847 secs] [Times: user=0.00 sys=0.00, real=0.00 secs] 
1161.195: [GC (Allocation Failure) 1161.195: [ParNew: 73282K->0K(92160K), 0.0005234 secs] 105004K->31721K(194560K), 0.0005945 secs] [Times: user=0.00 sys=0.00, real=0.00 secs] 
1161.205: [GC (Allocation Failure) 1161.205: [ParNew: 73282K->0K(92160K), 0.0006051 secs] 105004K->31721K(194560K), 0.0006793 secs] [Times: user=0.00 sys=0.00, real=0.00 secs] 
1162.220: [GC (Allocation Failure) 1162.220: [ParNew: 73282K->0K(92160K), 0.0006778 secs] 105004K->31721K(194560K), 0.0007761 secs] [Times: user=0.00 sys=0.00, real=0.00 secs] 
1163.234: [GC (Allocation Failure) 1163.234: [ParNew: 73282K->0K(92160K), 0.0004918 secs] 105004K->31721K(194560K), 0.0005937 secs] [Times: user=0.00 sys=0.00, real=0.00 secs] 
1164.244: [GC (Allocation Failure) 1164.244: [ParNew: 73282K->0K(92160K), 0.0004662 secs] 105004K->31721K(194560K), 0.0005392 secs] [Times: user=0.06 sys=0.00, real=0.00 secs] 
1165.254: [GC (Allocation Failure) 1165.254: [ParNew: 73282K->0K(92160K), 0.0005396 secs] 105004K->31721K(194560K), 0.0006221 secs] [Times: user=0.00 sys=0.00, real=0.00 secs] 
1166.265: [GC (Allocation Failure) 1166.265: [ParNew: 73282K->0K(92160K), 0.0008976 secs] 105004K->31721K(194560K), 0.0010255 secs] [Times: user=0.00 sys=0.00, real=0.00 secs] 
1167.280: [GC (Allocation Failure) 1167.280: [ParNew: 73282K->0K(92160K), 0.0009904 secs] 105004K->31721K(194560K), 0.0011021 secs] [Times: user=0.00 sys=0.00, real=0.00 secs] 
1168.295: [GC (Allocation Failure) 1168.295: [ParNew: 73282K->0K(92160K), 0.0003383 secs] 105004K->31721K(194560K), 0.0004145 secs] [Times: user=0.00 sys=0.00, real=0.00 secs] 
1168.302: [GC (Allocation Failure) 1168.302: [ParNew: 73282K->0K(92160K), 0.0003592 secs] 105004K->31721K(194560K), 0.0004259 secs] [Times: user=0.00 sys=0.00, real=0.00 secs] 
1169.315: [GC (Allocation Failure) 1169.315: [ParNew: 73282K->0K(92160K), 0.0008128 secs] 105004K->31721K(194560K), 0.0009466 secs] [Times: user=0.00 sys=0.00, real=0.00 secs] 
1170.330: [GC (Allocation Failure) 1170.330: [ParNew: 73282K->0K(92160K), 0.0008297 secs] 105004K->31721K(194560K), 0.0009655 secs] [Times: user=0.00 sys=0.00, real=0.00 secs] 
1171.345: [GC (Allocation Failure) 1171.345: [ParNew: 73282K->0K(92160K), 0.0007855 secs] 105004K->31721K(194560K), 0.0009107 secs] [Times: user=0.00 sys=0.00, real=0.00 secs] 
1172.358: [GC (Allocation Failure) 1172.358: [ParNew: 73282K->0K(92160K), 0.0003916 secs] 105004K->31721K(194560K), 0.0004508 secs] [Times: user=0.00 sys=0.00, real=0.00 secs] 
1173.367: [GC (Allocation Failure) 1173.367: [ParNew: 73282K->0K(92160K), 0.0008720 secs] 105004K->31721K(194560K), 0.0010129 secs] [Times: user=0.00 sys=0.00, real=0.00 secs] 
1174.383: [GC (Allocation Failure) 1174.383: [ParNew: 73282K->0K(92160K), 0.0008519 secs] 105004K->31721K(194560K), 0.0009719 secs] [Times: user=0.00 sys=0.00, real=0.00 secs] 
1175.397: [GC (Allocation Failure) 1175.397: [ParNew: 73282K->0K(92160K), 0.0004804 secs] 105004K->31721K(194560K), 0.0005522 secs] [Times: user=0.00 sys=0.00, real=0.00 secs] 
1175.406: [GC (Allocation Failure) 1175.406: [ParNew: 73282K->0K(92160K), 0.0003718 secs] 105004K->31721K(194560K), 0.0004405 secs] [Times: user=0.00 sys=0.00, real=0.00 secs] 
1176.415: [GC (Allocation Failure) 1176.415: [ParNew: 73282K->0K(92160K), 0.0004153 secs] 105004K->31721K(194560K), 0.0004808 secs] [Times: user=0.00 sys=0.00, real=0.00 secs] 
1177.422: [GC (Allocation Failure) 1177.422: [ParNew: 73282K->0K(92160K), 0.0004417 secs] 105004K->31721K(194560K), 0.0004990 secs] [Times: user=0.00 sys=0.00, real=0.00 secs] 
1178.431: [GC (Allocation Failure) 1178.431: [ParNew: 73282K->0K(92160K), 0.0004390 secs] 105004K->31721K(194560K), 0.0005143 secs] [Times: user=0.00 sys=0.00, real=0.00 secs] 
1179.440: [GC (Allocation Failure) 1179.440: [ParNew: 73282K->0K(92160K), 0.0003624 secs] 105004K->31721K(194560K), 0.0004315 secs] [Times: user=0.00 sys=0.00, real=0.00 secs] 
1180.448: [GC (Allocation Failure) 1180.448: [ParNew: 73282K->0K(92160K), 0.0004729 secs] 105004K->31721K(194560K), 0.0005420 secs] [Times: user=0.00 sys=0.00, real=0.00 secs] 
1181.457: [GC (Allocation Failure) 1181.458: [ParNew: 73282K->0K(92160K), 0.0009379 secs] 105004K->31721K(194560K), 0.0010567 secs] [Times: user=0.00 sys=0.00, real=0.00 secs] 
1182.473: [GC (Allocation Failure) 1182.473: [ParNew: 73282K->0K(92160K), 0.0009936 secs] 105004K->31721K(194560K), 0.0011297 secs] [Times: user=0.00 sys=0.00, real=0.00 secs] 
1182.487: [GC (Allocation Failure) 1182.487: [ParNew: 73282K->0K(92160K), 0.0009734 secs] 105004K->31721K(194560K), 0.0011005 secs] [Times: user=0.00 sys=0.00, real=0.00 secs] 
1183.502: [GC (Allocation Failure) 1183.502: [ParNew: 73282K->0K(92160K), 0.0007883 secs] 105004K->31721K(194560K), 0.0009075 secs] [Times: user=0.00 sys=0.00, real=0.00 secs] 
1184.517: [GC (Allocation Failure) 1184.517: [ParNew: 73282K->0K(92160K), 0.0008459 secs] 105004K->31721K(194560K), 0.0009647 secs] [Times: user=0.00 sys=0.00, real=0.00 secs] 
1185.533: [GC (Allocation Failure) 1185.533: [ParNew: 73282K->0K(92160K), 0.0009947 secs] 105004K->31721K(194560K), 0.0011317 secs] [Times: user=0.00 sys=0.00, real=0.00 secs] 
1186.547: [GC (Allocation Failure) 1186.547: [ParNew: 73282K->0K(92160K), 0.0008297 secs] 105004K->31721K(194560K), 0.0009529 secs] [Times: user=0.00 sys=0.00, real=0.00 secs] 
1187.563: [GC (Allocation Failure) 1187.563: [ParNew: 73282K->0K(92160K), 0.0009146 secs] 105004K->31721K(194560K), 0.0010378 secs] [Times: user=0.00 sys=0.00, real=0.00 secs] 
1188.579: [GC (Allocation Failure) 1188.579: [ParNew: 73282K->0K(92160K), 0.0008144 secs] 105004K->31721K(194560K), 0.0009209 secs] [Times: user=0.00 sys=0.00, real=0.00 secs] 
1189.595: [GC (Allocation Failure) 1189.595: [ParNew: 73282K->0K(92160K), 0.0013536 secs] 105004K->31721K(194560K), 0.0015028 secs] [Times: user=0.00 sys=0.00, real=0.00 secs] 
1189.608: [GC (Allocation Failure) 1189.608: [ParNew: 73282K->0K(92160K), 0.0003900 secs] 105004K->31721K(194560K), 0.0004824 secs] [Times: user=0.00 sys=0.00, real=0.00 secs] 
1190.617: [GC (Allocation Failure) 1190.617: [ParNew: 73282K->0K(92160K), 0.0003568 secs] 105004K->31721K(194560K), 0.0004172 secs] [Times: user=0.00 sys=0.00, real=0.00 secs] 
1191.629: [GC (Allocation Failure) 1191.629: [ParNew: 73282K->0K(92160K), 0.0009367 secs] 105004K->31721K(194560K), 0.0010611 secs] [Times: user=0.00 sys=0.00, real=0.00 secs] 
1192.644: [GC (Allocation Failure) 1192.644: [ParNew: 73282K->0K(92160K), 0.0008207 secs] 105004K->31721K(194560K), 0.0009379 secs] [Times: user=0.00 sys=0.00, real=0.00 secs] 
1193.658: [GC (Allocation Failure) 1193.659: [ParNew: 73282K->0K(92160K), 0.0008096 secs] 105004K->31721K(194560K), 0.0009347 secs] [Times: user=0.00 sys=0.00, real=0.00 secs] 
1194.673: [GC (Allocation Failure) 1194.673: [ParNew: 73282K->0K(92160K), 0.0008408 secs] 105004K->31721K(194560K), 0.0009450 secs] [Times: user=0.00 sys=0.00, real=0.00 secs] 
1195.688: [GC (Allocation Failure) 1195.688: [ParNew: 73282K->0K(92160K), 0.0008266 secs] 105004K->31721K(194560K), 0.0009687 secs] [Times: user=0.00 sys=0.00, real=0.00 secs] 
1196.703: [GC (Allocation Failure) 1196.703: [ParNew: 73282K->0K(92160K), 0.0008116 secs] 105004K->31721K(194560K), 0.0009391 secs] [Times: user=0.00 sys=0.00, real=0.00 secs] 
1196.717: [GC (Allocation Failure) 1196.717: [ParNew: 73282K->0K(92160K), 0.0008242 secs] 105004K->31721K(194560K), 0.0009632 secs] [Times: user=0.00 sys=0.00, real=0.00 secs] 
1197.727: [GC (Allocation Failure) 1197.727: [ParNew: 73282K->0K(92160K), 0.0004461 secs] 105004K->31721K(194560K), 0.0005128 secs] [Times: user=0.00 sys=0.00, real=0.00 secs] 
1198.734: [GC (Allocation Failure) 1198.734: [ParNew: 73282K->0K(92160K), 0.0003422 secs] 105004K->31721K(194560K), 0.0004105 secs] [Times: user=0.00 sys=0.00, real=0.00 secs] 
1199.748: [GC (Allocation Failure) 1199.748: [ParNew: 73282K->0K(92160K), 0.0008088 secs] 105004K->31721K(194560K), 0.0009679 secs] [Times: user=0.00 sys=0.00, real=0.00 secs] 
1200.762: [GC (Allocation Failure) 1200.763: [ParNew: 73282K->0K(92160K), 0.0007950 secs] 105004K->31721K(194560K), 0.0009225 secs] [Times: user=0.00 sys=0.00, real=0.00 secs] 
1201.778: [GC (Allocation Failure) 1201.778: [ParNew: 73282K->0K(92160K), 0.0010232 secs] 105004K->31721K(194560K), 0.0011372 secs] [Times: user=0.00 sys=0.00, real=0.00 secs] 
1202.794: [GC (Allocation Failure) 1202.794: [ParNew: 73282K->0K(92160K), 0.0008720 secs] 105004K->31721K(194560K), 0.0010078 secs] [Times: user=0.00 sys=0.00, real=0.00 secs] 
1203.809: [GC (Allocation Failure) 1203.809: [ParNew: 73282K->0K(92160K), 0.0003565 secs] 105004K->31721K(194560K), 0.0004172 secs] [Times: user=0.00 sys=0.00, real=0.00 secs] 
1203.816: [GC (Allocation Failure) 1203.817: [ParNew: 73282K->0K(92160K), 0.0003434 secs] 105004K->31721K(194560K), 0.0004074 secs] [Times: user=0.00 sys=0.00, real=0.00 secs] 
1204.830: [GC (Allocation Failure) 1204.830: [ParNew: 73282K->0K(92160K), 0.0008578 secs] 105004K->31721K(194560K), 0.0010094 secs] [Times: user=0.00 sys=0.00, real=0.00 secs] 
1205.845: [GC (Allocation Failure) 1205.845: [ParNew: 73282K->0K(92160K), 0.0007934 secs] 105004K->31721K(194560K), 0.0009265 secs] [Times: user=0.00 sys=0.00, real=0.00 secs] 
1206.860: [GC (Allocation Failure) 1206.860: [ParNew: 73282K->0K(92160K), 0.0008053 secs] 105004K->31721K(194560K), 0.0009557 secs] [Times: user=0.00 sys=0.00, real=0.00 secs] 
1207.875: [GC (Allocation Failure) 1207.875: [ParNew: 73282K->0K(92160K), 0.0008483 secs] 105004K->31721K(194560K), 0.0009959 secs] [Times: user=0.00 sys=0.00, real=0.00 secs] 
1208.890: [GC (Allocation Failure) 1208.890: [ParNew: 73282K->0K(92160K), 0.0008325 secs] 105004K->31721K(194560K), 0.0009754 secs] [Times: user=0.00 sys=0.00, real=0.00 secs] 
1209.915: [GC (Allocation Failure) 1209.915: [ParNew: 73282K->0K(92160K), 0.0006754 secs] 105004K->31721K(194560K), 0.0007496 secs] [Times: user=0.00 sys=0.00, real=0.00 secs] 
1210.928: [GC (Allocation Failure) 1210.928: [ParNew: 73282K->0K(92160K), 0.0003434 secs] 105004K->31721K(194560K), 0.0004026 secs] [Times: user=0.00 sys=0.00, real=0.00 secs] 
1210.936: [GC (Allocation Failure) 1210.936: [ParNew: 73282K->0K(92160K), 0.0003746 secs] 105004K->31721K(194560K), 0.0004492 secs] [Times: user=0.00 sys=0.00, real=0.00 secs] 
1211.950: [GC (Allocation Failure) 1211.950: [ParNew: 73282K->0K(92160K), 0.0007816 secs] 105004K->31721K(194560K), 0.0009036 secs] [Times: user=0.00 sys=0.00, real=0.00 secs] 
1212.965: [GC (Allocation Failure) 1212.965: [ParNew: 73282K->0K(92160K), 0.0007926 secs] 105004K->31721K(194560K), 0.0009162 secs] [Times: user=0.00 sys=0.00, real=0.00 secs] 
1213.980: [GC (Allocation Failure) 1213.980: [ParNew: 73282K->0K(92160K), 0.0008819 secs] 105004K->31721K(194560K), 0.0010125 secs] [Times: user=0.00 sys=0.00, real=0.00 secs] 
1214.992: [GC (Allocation Failure) 1214.992: [ParNew: 73282K->0K(92160K), 0.0003809 secs] 105004K->31721K(194560K), 0.0004382 secs] [Times: user=0.00 sys=0.00, real=0.00 secs] 
1216.001: [GC (Allocation Failure) 1216.001: [ParNew: 73282K->0K(92160K), 0.0004796 secs] 105004K->31721K(194560K), 0.0005459 secs] [Times: user=0.00 sys=0.00, real=0.00 secs] 
1217.009: [GC (Allocation Failure) 1217.009: [ParNew: 73282K->0K(92160K), 0.0004437 secs] 105004K->31721K(194560K), 0.0005017 secs] [Times: user=0.00 sys=0.00, real=0.00 secs] 
1218.017: [GC (Allocation Failure) 1218.017: [ParNew: 73282K->0K(92160K), 0.0008400 secs] 105004K->31721K(194560K), 0.0009829 secs] [Times: user=0.00 sys=0.00, real=0.00 secs] 
1218.032: [GC (Allocation Failure) 1218.032: [ParNew: 73282K->0K(92160K), 0.0008317 secs] 105004K->31721K(194560K), 0.0009367 secs] [Times: user=0.00 sys=0.00, real=0.00 secs] 
1219.047: [GC (Allocation Failure) 1219.047: [ParNew: 73282K->0K(92160K), 0.0007863 secs] 105004K->31721K(194560K), 0.0009103 secs] [Times: user=0.00 sys=0.00, real=0.00 secs] 
1220.063: [GC (Allocation Failure) 1220.063: [ParNew: 73282K->0K(92160K), 0.0007966 secs] 105004K->31721K(194560K), 0.0009201 secs] [Times: user=0.00 sys=0.00, real=0.00 secs] 
1221.077: [GC (Allocation Failure) 1221.077: [ParNew: 73282K->0K(92160K), 0.0007745 secs] 105004K->31721K(194560K), 0.0008965 secs] [Times: user=0.00 sys=0.00, real=0.00 secs] 
1222.092: [GC (Allocation Failure) 1222.092: [ParNew: 73282K->0K(92160K), 0.0009304 secs] 105004K->31721K(194560K), 0.0010536 secs] [Times: user=0.00 sys=0.00, real=0.00 secs] 
1223.106: [GC (Allocation Failure) 1223.106: [ParNew: 73282K->0K(92160K), 0.0009375 secs] 105004K->31721K(194560K), 0.0010725 secs] [Times: user=0.00 sys=0.00, real=0.00 secs] 
1224.120: [GC (Allocation Failure) 1224.120: [ParNew: 73282K->0K(92160K), 0.0007994 secs] 105004K->31721K(194560K), 0.0009292 secs] [Times: user=0.00 sys=0.00, real=0.00 secs] 
1225.135: [GC (Allocation Failure) 1225.135: [ParNew: 73282K->0K(92160K), 0.0008692 secs] 105004K->31721K(194560K), 0.0009837 secs] [Times: user=0.00 sys=0.00, real=0.00 secs] 
1225.149: [GC (Allocation Failure) 1225.149: [ParNew: 73282K->0K(92160K), 0.0007780 secs] 105004K->31721K(194560K), 0.0008909 secs] [Times: user=0.06 sys=0.00, real=0.00 secs] 
1226.164: [GC (Allocation Failure) 1226.164: [ParNew: 73282K->0K(92160K), 0.0008511 secs] 105004K->31721K(194560K), 0.0009624 secs] [Times: user=0.00 sys=0.00, real=0.00 secs] 
1227.179: [GC (Allocation Failure) 1227.179: [ParNew: 73282K->0K(92160K), 0.0007958 secs] 105004K->31721K(194560K), 0.0009111 secs] [Times: user=0.00 sys=0.00, real=0.00 secs] 
1228.194: [GC (Allocation Failure) 1228.194: [ParNew: 73282K->0K(92160K), 0.0008724 secs] 105004K->31721K(194560K), 0.0009857 secs] [Times: user=0.00 sys=0.00, real=0.00 secs] 
1229.208: [GC (Allocation Failure) 1229.209: [ParNew: 73282K->0K(92160K), 0.0008980 secs] 105004K->31721K(194560K), 0.0010283 secs] [Times: user=0.00 sys=0.00, real=0.00 secs] 
1230.224: [GC (Allocation Failure) 1230.224: [ParNew: 73282K->0K(92160K), 0.0010922 secs] 105004K->31721K(194560K), 0.0012430 secs] [Times: user=0.00 sys=0.00, real=0.00 secs] 
1231.242: [GC (Allocation Failure) 1231.242: [ParNew: 73282K->0K(92160K), 0.0003829 secs] 105004K->31721K(194560K), 0.0004425 secs] [Times: user=0.00 sys=0.00, real=0.00 secs] 
1232.250: [GC (Allocation Failure) 1232.250: [ParNew: 73282K->0K(92160K), 0.0004717 secs] 105004K->31721K(194560K), 0.0005404 secs] [Times: user=0.00 sys=0.00, real=0.00 secs] 
1232.259: [GC (Allocation Failure) 1232.259: [ParNew: 73282K->0K(92160K), 0.0004555 secs] 105004K->31721K(194560K), 0.0005317 secs] [Times: user=0.02 sys=0.00, real=0.00 secs] 
1233.273: [GC (Allocation Failure) 1233.273: [ParNew: 73282K->0K(92160K), 0.0007855 secs] 105004K->31721K(194560K), 0.0009071 secs] [Times: user=0.00 sys=0.00, real=0.00 secs] 
1234.287: [GC (Allocation Failure) 1234.288: [ParNew: 73282K->0K(92160K), 0.0008633 secs] 105004K->31721K(194560K), 0.0010101 secs] [Times: user=0.00 sys=0.00, real=0.00 secs] 
1235.321: [GC (Allocation Failure) 1235.321: [ParNew: 73282K->0K(92160K), 0.0003612 secs] 105004K->31721K(194560K), 0.0004342 secs] [Times: user=0.06 sys=0.00, real=0.00 secs] 
1236.406: [GC (Allocation Failure) 1236.406: [ParNew: 73282K->0K(92160K), 0.0003580 secs] 105004K->31721K(194560K), 0.0004295 secs] [Times: user=0.00 sys=0.00, real=0.00 secs] 
1237.423: [GC (Allocation Failure) 1237.423: [ParNew: 73282K->0K(92160K), 0.0007145 secs] 105004K->31721K(194560K), 0.0007926 secs] [Times: user=0.00 sys=0.00, real=0.00 secs] 
1238.528: [GC (Allocation Failure) 1238.529: [ParNew: 73282K->0K(92160K), 0.0004291 secs] 105004K->31721K(194560K), 0.0005013 secs] [Times: user=0.00 sys=0.00, real=0.00 secs] 
1239.611: [GC (Allocation Failure) 1239.611: [ParNew: 73282K->0K(92160K), 0.0053464 secs] 105004K->31721K(194560K), 0.0054447 secs] [Times: user=0.00 sys=0.00, real=0.01 secs] 
1239.629: [GC (Allocation Failure) 1239.629: [ParNew: 73282K->0K(92160K), 0.0009490 secs] 105004K->31721K(194560K), 0.0010334 secs] [Times: user=0.00 sys=0.00, real=0.00 secs] 
1240.642: [GC (Allocation Failure) 1240.642: [ParNew: 73282K->0K(92160K), 0.0008791 secs] 105004K->31721K(194560K), 0.0009995 secs] [Times: user=0.00 sys=0.00, real=0.00 secs] 
1241.652: [GC (Allocation Failure) 1241.652: [ParNew: 73282K->0K(92160K), 0.0003679 secs] 105004K->31721K(194560K), 0.0004303 secs] [Times: user=0.00 sys=0.00, real=0.00 secs] 
1242.660: [GC (Allocation Failure) 1242.660: [ParNew: 73282K->0K(92160K), 0.0003774 secs] 105004K->31721K(194560K), 0.0004409 secs] [Times: user=0.00 sys=0.00, real=0.00 secs] 
1243.669: [GC (Allocation Failure) 1243.669: [ParNew: 73282K->0K(92160K), 0.0006268 secs] 105004K->31721K(194560K), 0.0006943 secs] [Times: user=0.00 sys=0.00, real=0.00 secs] 
1244.680: [GC (Allocation Failure) 1244.680: [ParNew: 73282K->0K(92160K), 0.0009257 secs] 105004K->31721K(194560K), 0.0010540 secs] [Times: user=0.00 sys=0.00, real=0.00 secs] 
1245.693: [GC (Allocation Failure) 1245.693: [ParNew: 73282K->0K(92160K), 0.0004512 secs] 105004K->31721K(194560K), 0.0005230 secs] [Times: user=0.00 sys=0.00, real=0.00 secs] 
1246.703: [GC (Allocation Failure) 1246.703: [ParNew: 73282K->0K(92160K), 0.0004784 secs] 105004K->31721K(194560K), 0.0005471 secs] [Times: user=0.00 sys=0.00, real=0.00 secs] 
1246.713: [GC (Allocation Failure) 1246.713: [ParNew: 73282K->0K(92160K), 0.0004820 secs] 105004K->31721K(194560K), 0.0005641 secs] [Times: user=0.01 sys=0.00, real=0.00 secs] 
1247.727: [GC (Allocation Failure) 1247.727: [ParNew: 73282K->0K(92160K), 0.0008100 secs] 105004K->31721K(194560K), 0.0009478 secs] [Times: user=0.00 sys=0.00, real=0.00 secs] 
1248.739: [GC (Allocation Failure) 1248.739: [ParNew: 73282K->0K(92160K), 0.0005080 secs] 105004K->31721K(194560K), 0.0005783 secs] [Times: user=0.00 sys=0.00, real=0.00 secs] 
1249.750: [GC (Allocation Failure) 1249.750: [ParNew: 73282K->0K(92160K), 0.0006415 secs] 105004K->31721K(194560K), 0.0007476 secs] [Times: user=0.00 sys=0.00, real=0.00 secs] 
1250.759: [GC (Allocation Failure) 1250.759: [ParNew: 73282K->0K(92160K), 0.0005874 secs] 105004K->31721K(194560K), 0.0006715 secs] [Times: user=0.06 sys=0.00, real=0.00 secs] 
1251.769: [GC (Allocation Failure) 1251.769: [ParNew: 73282K->0K(92160K), 0.0005684 secs] 105004K->31721K(194560K), 0.0006568 secs] [Times: user=0.00 sys=0.00, real=0.00 secs] 
1252.779: [GC (Allocation Failure) 1252.779: [ParNew: 73282K->0K(92160K), 0.0008574 secs] 105004K->31721K(194560K), 0.0009640 secs] [Times: user=0.00 sys=0.00, real=0.00 secs] 
1253.794: [GC (Allocation Failure) 1253.794: [ParNew: 73282K->0K(92160K), 0.0009190 secs] 105004K->31721K(194560K), 0.0010362 secs] [Times: user=0.00 sys=0.00, real=0.00 secs] 
1253.810: [GC (Allocation Failure) 1253.810: [ParNew: 73282K->0K(92160K), 0.0010903 secs] 105004K->31721K(194560K), 0.0012257 secs] [Times: user=0.00 sys=0.00, real=0.00 secs] 
1254.825: [GC (Allocation Failure) 1254.825: [ParNew: 73282K->0K(92160K), 0.0009462 secs] 105004K->31721K(194560K), 0.0010784 secs] [Times: user=0.00 sys=0.00, real=0.00 secs] 
1255.839: [GC (Allocation Failure) 1255.839: [ParNew: 73282K->0K(92160K), 0.0008128 secs] 105004K->31721K(194560K), 0.0009324 secs] [Times: user=0.00 sys=0.00, real=0.00 secs] 
1256.854: [GC (Allocation Failure) 1256.854: [ParNew: 73282K->0K(92160K), 0.0008112 secs] 105004K->31721K(194560K), 0.0009549 secs] [Times: user=0.00 sys=0.00, real=0.00 secs] 
1257.867: [GC (Allocation Failure) 1257.867: [ParNew: 73282K->0K(92160K), 0.0006758 secs] 105004K->31721K(194560K), 0.0007686 secs] [Times: user=0.00 sys=0.00, real=0.00 secs] 
1258.879: [GC (Allocation Failure) 1258.879: [ParNew: 73282K->0K(92160K), 0.0008207 secs] 105004K->31721K(194560K), 0.0009608 secs] [Times: user=0.00 sys=0.00, real=0.00 secs] 
1259.894: [GC (Allocation Failure) 1259.894: [ParNew: 73282K->0K(92160K), 0.0008128 secs] 105004K->31721K(194560K), 0.0009170 secs] [Times: user=0.00 sys=0.00, real=0.00 secs] 
1260.909: [GC (Allocation Failure) 1260.910: [ParNew: 73282K->0K(92160K), 0.0008408 secs] 105004K->31721K(194560K), 0.0009707 secs] [Times: user=0.00 sys=0.00, real=0.00 secs] 
1260.924: [GC (Allocation Failure) 1260.924: [ParNew: 73282K->0K(92160K), 0.0008242 secs] 105004K->31721K(194560K), 0.0009411 secs] [Times: user=0.00 sys=0.00, real=0.00 secs] 
1261.939: [GC (Allocation Failure) 1261.939: [ParNew: 73282K->0K(92160K), 0.0008601 secs] 105004K->31721K(194560K), 0.0009647 secs] [Times: user=0.00 sys=0.00, real=0.00 secs] 
1262.955: [GC (Allocation Failure) 1262.955: [ParNew: 73282K->0K(92160K), 0.0010603 secs] 105004K->31721K(194560K), 0.0011708 secs] [Times: user=0.00 sys=0.00, real=0.00 secs] 
1264.004: [GC (Allocation Failure) 1264.004: [ParNew: 73282K->0K(92160K), 0.0004247 secs] 105004K->31721K(194560K), 0.0004978 secs] [Times: user=0.00 sys=0.00, real=0.00 secs] 
1265.017: [GC (Allocation Failure) 1265.017: [ParNew: 73282K->0K(92160K), 0.0004480 secs] 105004K->31721K(194560K), 0.0005179 secs] [Times: user=0.00 sys=0.00, real=0.00 secs] 
1266.030: [GC (Allocation Failure) 1266.030: [ParNew: 73282K->0K(92160K), 0.0004729 secs] 105004K->31721K(194560K), 0.0005471 secs] [Times: user=0.00 sys=0.00, real=0.00 secs] 
1267.039: [GC (Allocation Failure) 1267.039: [ParNew: 73282K->0K(92160K), 0.0008574 secs] 105004K->31721K(194560K), 0.0010015 secs] [Times: user=0.06 sys=0.00, real=0.00 secs] 
1268.055: [GC (Allocation Failure) 1268.055: [ParNew: 73282K->0K(92160K), 0.0008349 secs] 105004K->31721K(194560K), 0.0009517 secs] [Times: user=0.05 sys=0.00, real=0.00 secs] 
1268.066: [GC (Allocation Failure) 1268.066: [ParNew: 73282K->0K(92160K), 0.0008854 secs] 105004K->31721K(194560K), 0.0009944 secs] [Times: user=0.00 sys=0.00, real=0.00 secs] 
1269.076: [GC (Allocation Failure) 1269.076: [ParNew: 73282K->0K(92160K), 0.0004753 secs] 105004K->31721K(194560K), 0.0005534 secs] [Times: user=0.00 sys=0.00, real=0.00 secs] 
1270.091: [GC (Allocation Failure) 1270.091: [ParNew: 73282K->0K(92160K), 0.0007986 secs] 105004K->31721K(194560K), 0.0009344 secs] [Times: user=0.00 sys=0.00, real=0.00 secs] 
1271.101: [GC (Allocation Failure) 1271.101: [ParNew: 73282K->0K(92160K), 0.0005479 secs] 105004K->31721K(194560K), 0.0006221 secs] [Times: user=0.00 sys=0.00, real=0.00 secs] 
1272.113: [GC (Allocation Failure) 1272.113: [ParNew: 73282K->0K(92160K), 0.0004579 secs] 105004K->31721K(194560K), 0.0005293 secs] [Times: user=0.00 sys=0.00, real=0.00 secs] 
1273.122: [GC (Allocation Failure) 1273.122: [ParNew: 73282K->0K(92160K), 0.0005747 secs] 105004K->31721K(194560K), 0.0006734 secs] [Times: user=0.00 sys=0.00, real=0.00 secs] 
1274.138: [GC (Allocation Failure) 1274.138: [ParNew: 73282K->0K(92160K), 0.0008688 secs] 105004K->31721K(194560K), 0.0010062 secs] [Times: user=0.00 sys=0.00, real=0.00 secs] 
1275.154: [GC (Allocation Failure) 1275.154: [ParNew: 73282K->0K(92160K), 0.0004638 secs] 105004K->31721K(194560K), 0.0005388 secs] [Times: user=0.00 sys=0.00, real=0.00 secs] 
1275.163: [GC (Allocation Failure) 1275.163: [ParNew: 73282K->0K(92160K), 0.0004709 secs] 105004K->31721K(194560K), 0.0005586 secs] [Times: user=0.00 sys=0.00, real=0.00 secs] 
1276.176: [GC (Allocation Failure) 1276.176: [ParNew: 73282K->0K(92160K), 0.0008609 secs] 105004K->31721K(194560K), 0.0009951 secs] [Times: user=0.00 sys=0.00, real=0.00 secs] 
1277.192: [GC (Allocation Failure) 1277.192: [ParNew: 73282K->0K(92160K), 0.0008234 secs] 105004K->31721K(194560K), 0.0009269 secs] [Times: user=0.00 sys=0.00, real=0.00 secs] 
1278.206: [GC (Allocation Failure) 1278.206: [ParNew: 73282K->0K(92160K), 0.0008850 secs] 105004K->31721K(194560K), 0.0009995 secs] [Times: user=0.00 sys=0.00, real=0.00 secs] 
1279.220: [GC (Allocation Failure) 1279.221: [ParNew: 73282K->0K(92160K), 0.0010086 secs] 105004K->31721K(194560K), 0.0011380 secs] [Times: user=0.00 sys=0.00, real=0.00 secs] 
1280.235: [GC (Allocation Failure) 1280.235: [ParNew: 73282K->0K(92160K), 0.0005203 secs] 105004K->31721K(194560K), 0.0006036 secs] [Times: user=0.00 sys=0.00, real=0.00 secs] 
1281.246: [GC (Allocation Failure) 1281.246: [ParNew: 73282K->0K(92160K), 0.0004449 secs] 105004K->31721K(194560K), 0.0005132 secs] [Times: user=0.00 sys=0.00, real=0.00 secs] 
1282.254: [GC (Allocation Failure) 1282.254: [ParNew: 73282K->0K(92160K), 0.0003691 secs] 105004K->31721K(194560K), 0.0004330 secs] [Times: user=0.00 sys=0.00, real=0.00 secs] 
1282.263: [GC (Allocation Failure) 1282.263: [ParNew: 73282K->0K(92160K), 0.0003947 secs] 105004K->31721K(194560K), 0.0004749 secs] [Times: user=0.00 sys=0.00, real=0.00 secs] 
1283.277: [GC (Allocation Failure) 1283.277: [ParNew: 73282K->0K(92160K), 0.0008408 secs] 105004K->31721K(194560K), 0.0009912 secs] [Times: user=0.00 sys=0.00, real=0.00 secs] 
1284.293: [GC (Allocation Failure) 1284.293: [ParNew: 73282K->0K(92160K), 0.0011124 secs] 105004K->31721K(194560K), 0.0012655 secs] [Times: user=0.00 sys=0.00, real=0.00 secs] 
1285.305: [GC (Allocation Failure) 1285.305: [ParNew: 73282K->0K(92160K), 0.0003955 secs] 105004K->31721K(194560K), 0.0004607 secs] [Times: user=0.00 sys=0.00, real=0.00 secs] 
