Java HotSpot(TM) 64-Bit Server VM (25.131-b11) for windows-amd64 JRE (1.8.0_131-b11), built on Mar 15 2017 01:23:53 by "java_re" with MS VC++ 10.0 (VS2010)
Memory: 4k page, physical 16448576k(6769704k free), swap 33225792k(10969356k free)
CommandLine flags: -XX:InitialHeapSize=314572800 -XX:MaxHeapSize=314572800 -XX:MaxNewSize=209715200 -XX:MaxTenuringThreshold=15 -XX:NewSize=209715200 -XX:OldPLABSize=16 -XX:PretenureSizeThreshold=20971520 -XX:+PrintGC -XX:+PrintGCDetails -XX:+PrintGCTimeStamps -XX:SurvivorRatio=2 -XX:+UseCompressedClassPointers -XX:+UseCompressedOops -XX:+UseConcMarkSweepGC -XX:-UseLargePagesIndividualAllocation -XX:+UseParNewGC 
31.394: [GC (Allocation Failure) 31.394: [ParNew: 100352K->11348K(153600K), 0.0115304 secs] 100352K->11348K(256000K), 0.0120001 secs] [Times: user=0.06 sys=0.00, real=0.01 secs] 
32.420: [GC (Allocation Failure) 32.420: [ParNew: 105472K->11780K(153600K), 0.0073477 secs] 105472K->11780K(256000K), 0.0074811 secs] [Times: user=0.03 sys=0.02, real=0.01 secs] 
33.436: [GC (Allocation Failure) 33.436: [ParNew: 107903K->11993K(153600K), 0.0026361 secs] 107903K->11993K(256000K), 0.0027442 secs] [Times: user=0.00 sys=0.00, real=0.00 secs] 
34.446: [GC (Allocation Failure) 34.446: [ParNew: 106085K->1338K(153600K), 0.0011396 secs] 106085K->1338K(256000K), 0.0012190 secs] [Times: user=0.00 sys=0.00, real=0.00 secs] 
35.456: [GC (Allocation Failure) 35.456: [ParNew: 95456K->11871K(153600K), 0.0039237 secs] 95456K->11871K(256000K), 0.0040264 secs] [Times: user=0.05 sys=0.00, real=0.00 secs] 
36.473: [GC (Allocation Failure) 36.473: [ParNew: 106005K->22168K(153600K), 0.0074705 secs] 106005K->22168K(256000K), 0.0075640 secs] [Times: user=0.00 sys=0.00, real=0.01 secs] 
37.486: [GC (Allocation Failure) 37.486: [ParNew: 116313K->32566K(153600K), 0.0131461 secs] 116313K->32566K(256000K), 0.0132199 secs] [Times: user=0.03 sys=0.00, real=0.01 secs] 
39.506: [GC (Allocation Failure) 39.506: [ParNew: 126718K->0K(153600K), 0.0047693 secs] 126718K->1129K(256000K), 0.0048537 secs] [Times: user=0.00 sys=0.00, real=0.00 secs] 
40.517: [GC (Allocation Failure) 40.517: [ParNew: 94156K->10240K(153600K), 0.0018699 secs] 95285K->11369K(256000K), 0.0019520 secs] [Times: user=0.00 sys=0.00, real=0.00 secs] 
41.525: [GC (Allocation Failure) 41.525: [ParNew: 104399K->10240K(153600K), 0.0018498 secs] 105528K->11369K(256000K), 0.0019299 secs] [Times: user=0.00 sys=0.00, real=0.00 secs] 
42.537: [GC (Allocation Failure) 42.537: [ParNew: 104401K->10240K(153600K), 0.0036774 secs] 105530K->11369K(256000K), 0.0038239 secs] [Times: user=0.00 sys=0.00, real=0.00 secs] 
43.557: [GC (Allocation Failure) 43.557: [ParNew: 104402K->0K(153600K), 0.0009040 secs] 105531K->1129K(256000K), 0.0010362 secs] [Times: user=0.00 sys=0.00, real=0.00 secs] 
44.573: [GC (Allocation Failure) 44.574: [ParNew: 94163K->10240K(153600K), 0.0042131 secs] 95292K->11369K(256000K), 0.0043769 secs] [Times: user=0.00 sys=0.00, real=0.00 secs] 
45.593: [GC (Allocation Failure) 45.593: [ParNew: 104403K->20480K(153600K), 0.0075407 secs] 105532K->21609K(256000K), 0.0077026 secs] [Times: user=0.06 sys=0.00, real=0.01 secs] 
46.618: [GC (Allocation Failure) 46.618: [ParNew: 114644K->30720K(153600K), 0.0104571 secs] 115773K->31849K(256000K), 0.0106071 secs] [Times: user=0.06 sys=0.00, real=0.01 secs] 
48.641: [GC (Allocation Failure) 48.641: [ParNew: 124884K->0K(153600K), 0.0005112 secs] 126013K->1129K(256000K), 0.0005913 secs] [Times: user=0.00 sys=0.00, real=0.00 secs] 
49.649: [GC (Allocation Failure) 49.649: [ParNew: 94164K->10240K(153600K), 0.0025875 secs] 95293K->11369K(256000K), 0.0026996 secs] [Times: user=0.00 sys=0.00, real=0.00 secs] 
50.662: [GC (Allocation Failure) 50.662: [ParNew: 104404K->10240K(153600K), 0.0024959 secs] 105533K->11369K(256000K), 0.0026136 secs] [Times: user=0.00 sys=0.00, real=0.00 secs] 
51.676: [GC (Allocation Failure) 51.676: [ParNew: 104404K->10240K(153600K), 0.0037117 secs] 105533K->11369K(256000K), 0.0038483 secs] [Times: user=0.00 sys=0.00, real=0.00 secs] 
52.696: [GC (Allocation Failure) 52.697: [ParNew: 104404K->0K(153600K), 0.0010619 secs] 105533K->1129K(256000K), 0.0011917 secs] [Times: user=0.00 sys=0.00, real=0.00 secs] 
53.713: [GC (Allocation Failure) 53.713: [ParNew: 94164K->10240K(153600K), 0.0038108 secs] 95293K->11369K(256000K), 0.0039620 secs] [Times: user=0.00 sys=0.00, real=0.00 secs] 
54.731: [GC (Allocation Failure) 54.731: [ParNew: 104404K->20480K(153600K), 0.0069076 secs] 105533K->21609K(256000K), 0.0070418 secs] [Times: user=0.00 sys=0.00, real=0.01 secs] 
55.747: [GC (Allocation Failure) 55.747: [ParNew: 114644K->30720K(153600K), 0.0050404 secs] 115773K->31849K(256000K), 0.0051111 secs] [Times: user=0.00 sys=0.00, real=0.01 secs] 
57.766: [GC (Allocation Failure) 57.766: [ParNew: 124884K->0K(153600K), 0.0009257 secs] 126013K->1129K(256000K), 0.0010646 secs] [Times: user=0.00 sys=0.00, real=0.00 secs] 
58.782: [GC (Allocation Failure) 58.782: [ParNew: 94164K->10240K(153600K), 0.0036206 secs] 95293K->11369K(256000K), 0.0037556 secs] [Times: user=0.06 sys=0.00, real=0.00 secs] 
59.801: [GC (Allocation Failure) 59.801: [ParNew: 104404K->10240K(153600K), 0.0038211 secs] 105533K->11369K(256000K), 0.0039885 secs] [Times: user=0.00 sys=0.00, real=0.00 secs] 
60.821: [GC (Allocation Failure) 60.821: [ParNew: 104404K->10240K(153600K), 0.0039762 secs] 105533K->11369K(256000K), 0.0041179 secs] [Times: user=0.00 sys=0.00, real=0.00 secs] 
61.840: [GC (Allocation Failure) 61.840: [ParNew: 104404K->0K(153600K), 0.0009328 secs] 105533K->1129K(256000K), 0.0010587 secs] [Times: user=0.00 sys=0.00, real=0.00 secs] 
62.857: [GC (Allocation Failure) 62.857: [ParNew: 94164K->10240K(153600K), 0.0035957 secs] 95293K->11369K(256000K), 0.0037485 secs] [Times: user=0.00 sys=0.00, real=0.00 secs] 
63.877: [GC (Allocation Failure) 63.877: [ParNew: 104404K->20480K(153600K), 0.0068081 secs] 105533K->21609K(256000K), 0.0069403 secs] [Times: user=0.06 sys=0.00, real=0.01 secs] 
64.900: [GC (Allocation Failure) 64.900: [ParNew: 114644K->30720K(153600K), 0.0100548 secs] 115773K->31849K(256000K), 0.0102277 secs] [Times: user=0.05 sys=0.00, real=0.01 secs] 
66.925: [GC (Allocation Failure) 66.925: [ParNew: 124884K->0K(153600K), 0.0009995 secs] 126013K->1129K(256000K), 0.0011345 secs] [Times: user=0.05 sys=0.00, real=0.00 secs] 
67.943: [GC (Allocation Failure) 67.943: [ParNew: 94164K->10240K(153600K), 0.0035969 secs] 95293K->11369K(256000K), 0.0037465 secs] [Times: user=0.00 sys=0.00, real=0.00 secs] 
68.962: [GC (Allocation Failure) 68.962: [ParNew: 104404K->10240K(153600K), 0.0036857 secs] 105533K->11369K(256000K), 0.0038262 secs] [Times: user=0.00 sys=0.00, real=0.00 secs] 
69.981: [GC (Allocation Failure) 69.981: [ParNew: 104404K->10240K(153600K), 0.0038740 secs] 105533K->11369K(256000K), 0.0040658 secs] [Times: user=0.00 sys=0.00, real=0.00 secs] 
70.998: [GC (Allocation Failure) 70.998: [ParNew: 104404K->0K(153600K), 0.0005163 secs] 105533K->1129K(256000K), 0.0006012 secs] [Times: user=0.00 sys=0.00, real=0.00 secs] 
72.125: [GC (Allocation Failure) 72.125: [ParNew: 94164K->10240K(153600K), 0.0019836 secs] 95293K->11369K(256000K), 0.0020661 secs] [Times: user=0.00 sys=0.00, real=0.00 secs] 
73.657: [GC (Allocation Failure) 73.657: [ParNew: 104404K->20480K(153600K), 0.0041156 secs] 105533K->21609K(256000K), 0.0041993 secs] [Times: user=0.02 sys=0.00, real=0.00 secs] 
74.725: [GC (Allocation Failure) 74.725: [ParNew: 114644K->30720K(153600K), 0.0058927 secs] 115773K->31849K(256000K), 0.0059736 secs] [Times: user=0.00 sys=0.00, real=0.01 secs] 
76.853: [GC (Allocation Failure) 76.853: [ParNew: 124884K->0K(153600K), 0.0005850 secs] 126013K->1129K(256000K), 0.0006801 secs] [Times: user=0.00 sys=0.00, real=0.00 secs] 
77.875: [GC (Allocation Failure) 77.875: [ParNew: 94164K->10240K(153600K), 0.0018115 secs] 95293K->11369K(256000K), 0.0018884 secs] [Times: user=0.00 sys=0.00, real=0.00 secs] 
78.885: [GC (Allocation Failure) 78.885: [ParNew: 104404K->10240K(153600K), 0.0019027 secs] 105533K->11369K(256000K), 0.0019836 secs] [Times: user=0.00 sys=0.00, real=0.00 secs] 
79.900: [GC (Allocation Failure) 79.900: [ParNew: 104404K->10240K(153600K), 0.0035969 secs] 105533K->11369K(256000K), 0.0037461 secs] [Times: user=0.00 sys=0.00, real=0.00 secs] 
80.918: [GC (Allocation Failure) 80.918: [ParNew: 104404K->0K(153600K), 0.0004895 secs] 105533K->1129K(256000K), 0.0005609 secs] [Times: user=0.00 sys=0.00, real=0.00 secs] 
81.926: [GC (Allocation Failure) 81.926: [ParNew: 94164K->10240K(153600K), 0.0020013 secs] 95293K->11369K(256000K), 0.0020838 secs] [Times: user=0.00 sys=0.00, real=0.00 secs] 
82.936: [GC (Allocation Failure) 82.936: [ParNew: 104404K->20480K(153600K), 0.0036762 secs] 105533K->21609K(256000K), 0.0037560 secs] [Times: user=0.00 sys=0.00, real=0.00 secs] 
83.946: [GC (Allocation Failure) 83.947: [ParNew: 114644K->30720K(153600K), 0.0050369 secs] 115773K->31849K(256000K), 0.0051297 secs] [Times: user=0.00 sys=0.00, real=0.00 secs] 
85.960: [GC (Allocation Failure) 85.960: [ParNew: 124884K->0K(153600K), 0.0003833 secs] 126013K->1129K(256000K), 0.0004496 secs] [Times: user=0.00 sys=0.00, real=0.00 secs] 
86.967: [GC (Allocation Failure) 86.967: [ParNew: 94164K->10240K(153600K), 0.0017988 secs] 95293K->11369K(256000K), 0.0018742 secs] [Times: user=0.00 sys=0.00, real=0.00 secs] 
87.975: [GC (Allocation Failure) 87.975: [ParNew: 104404K->10240K(153600K), 0.0020404 secs] 105533K->11369K(256000K), 0.0021296 secs] [Times: user=0.00 sys=0.00, real=0.00 secs] 
88.985: [GC (Allocation Failure) 88.985: [ParNew: 104404K->10240K(153600K), 0.0018237 secs] 105533K->11369K(256000K), 0.0018932 secs] [Times: user=0.00 sys=0.00, real=0.00 secs] 
89.997: [GC (Allocation Failure) 89.997: [ParNew: 104404K->0K(153600K), 0.0004137 secs] 105533K->1129K(256000K), 0.0004840 secs] [Times: user=0.00 sys=0.00, real=0.00 secs] 
91.007: [GC (Allocation Failure) 91.007: [ParNew: 94164K->10240K(153600K), 0.0018276 secs] 95293K->11369K(256000K), 0.0019109 secs] [Times: user=0.00 sys=0.00, real=0.00 secs] 
92.015: [GC (Allocation Failure) 92.015: [ParNew: 104404K->20480K(153600K), 0.0033170 secs] 105533K->21609K(256000K), 0.0033932 secs] [Times: user=0.00 sys=0.00, real=0.00 secs] 
93.026: [GC (Allocation Failure) 93.026: [ParNew: 114644K->30720K(153600K), 0.0051881 secs] 115773K->31849K(256000K), 0.0052761 secs] [Times: user=0.00 sys=0.00, real=0.00 secs] 
95.039: [GC (Allocation Failure) 95.039: [ParNew: 124884K->0K(153600K), 0.0008846 secs] 126013K->1129K(256000K), 0.0009975 secs] [Times: user=0.00 sys=0.00, real=0.00 secs] 
96.056: [GC (Allocation Failure) 96.056: [ParNew: 94164K->10240K(153600K), 0.0036600 secs] 95293K->11369K(256000K), 0.0038017 secs] [Times: user=0.00 sys=0.00, real=0.00 secs] 
97.075: [GC (Allocation Failure) 97.075: [ParNew: 104404K->10240K(153600K), 0.0036367 secs] 105533K->11369K(256000K), 0.0037765 secs] [Times: user=0.00 sys=0.00, real=0.00 secs] 
98.091: [GC (Allocation Failure) 98.091: [ParNew: 104404K->10240K(153600K), 0.0017929 secs] 105533K->11369K(256000K), 0.0018616 secs] [Times: user=0.00 sys=0.00, real=0.00 secs] 
99.100: [GC (Allocation Failure) 99.100: [ParNew: 104404K->0K(153600K), 0.0003943 secs] 105533K->1129K(256000K), 0.0004690 secs] [Times: user=0.00 sys=0.00, real=0.00 secs] 
100.112: [GC (Allocation Failure) 100.112: [ParNew: 94164K->10240K(153600K), 0.0037165 secs] 95293K->11369K(256000K), 0.0038740 secs] [Times: user=0.05 sys=0.00, real=0.00 secs] 
101.132: [GC (Allocation Failure) 101.132: [ParNew: 104404K->20480K(153600K), 0.0068863 secs] 105533K->21609K(256000K), 0.0070615 secs] [Times: user=0.00 sys=0.00, real=0.01 secs] 
102.155: [GC (Allocation Failure) 102.155: [ParNew: 114644K->30720K(153600K), 0.0100063 secs] 115773K->31849K(256000K), 0.0101381 secs] [Times: user=0.06 sys=0.00, real=0.01 secs] 
104.181: [GC (Allocation Failure) 104.181: [ParNew: 124884K->0K(153600K), 0.0008894 secs] 126013K->1129K(256000K), 0.0010397 secs] [Times: user=0.00 sys=0.00, real=0.00 secs] 
105.198: [GC (Allocation Failure) 105.198: [ParNew: 94164K->10240K(153600K), 0.0036265 secs] 95293K->11369K(256000K), 0.0037749 secs] [Times: user=0.00 sys=0.00, real=0.00 secs] 
106.217: [GC (Allocation Failure) 106.217: [ParNew: 104404K->10240K(153600K), 0.0032779 secs] 105533K->11369K(256000K), 0.0034106 secs] [Times: user=0.00 sys=0.00, real=0.00 secs] 
107.233: [GC (Allocation Failure) 107.233: [ParNew: 104404K->10240K(153600K), 0.0018261 secs] 105533K->11369K(256000K), 0.0019090 secs] [Times: user=0.00 sys=0.00, real=0.00 secs] 
108.247: [GC (Allocation Failure) 108.247: [ParNew: 104404K->0K(153600K), 0.0009351 secs] 105533K->1129K(256000K), 0.0010970 secs] [Times: user=0.00 sys=0.00, real=0.00 secs] 
109.271: [GC (Allocation Failure) 109.271: [ParNew: 94164K->10240K(153600K), 0.0037181 secs] 95293K->11369K(256000K), 0.0038831 secs] [Times: user=0.00 sys=0.00, real=0.00 secs] 
110.291: [GC (Allocation Failure) 110.291: [ParNew: 104404K->20480K(153600K), 0.0071827 secs] 105533K->21609K(256000K), 0.0073339 secs] [Times: user=0.00 sys=0.00, real=0.01 secs] 
111.310: [GC (Allocation Failure) 111.310: [ParNew: 114644K->30720K(153600K), 0.0062460 secs] 115773K->31849K(256000K), 0.0063431 secs] [Times: user=0.02 sys=0.00, real=0.01 secs] 
113.329: [GC (Allocation Failure) 113.330: [ParNew: 124884K->0K(153600K), 0.0009162 secs] 126013K->1129K(256000K), 0.0010500 secs] [Times: user=0.00 sys=0.00, real=0.00 secs] 
114.347: [GC (Allocation Failure) 114.347: [ParNew: 94164K->10240K(153600K), 0.0036841 secs] 95293K->11369K(256000K), 0.0038250 secs] [Times: user=0.03 sys=0.00, real=0.00 secs] 
115.367: [GC (Allocation Failure) 115.367: [ParNew: 104404K->10240K(153600K), 0.0035910 secs] 105533K->11369K(256000K), 0.0037864 secs] [Times: user=0.00 sys=0.00, real=0.00 secs] 
116.383: [GC (Allocation Failure) 116.383: [ParNew: 104404K->10240K(153600K), 0.0036103 secs] 105533K->11369K(256000K), 0.0037564 secs] [Times: user=0.00 sys=0.00, real=0.00 secs] 
117.400: [GC (Allocation Failure) 117.400: [ParNew: 104404K->0K(153600K), 0.0006592 secs] 105533K->1129K(256000K), 0.0007409 secs] [Times: user=0.00 sys=0.00, real=0.00 secs] 
118.409: [GC (Allocation Failure) 118.409: [ParNew: 94164K->10240K(153600K), 0.0018419 secs] 95293K->11369K(256000K), 0.0019188 secs] [Times: user=0.03 sys=0.00, real=0.00 secs] 
119.422: [GC (Allocation Failure) 119.423: [ParNew: 104404K->20480K(153600K), 0.0069277 secs] 105533K->21609K(256000K), 0.0070824 secs] [Times: user=0.06 sys=0.00, real=0.01 secs] 
120.445: [GC (Allocation Failure) 120.445: [ParNew: 114644K->30720K(153600K), 0.0104417 secs] 115773K->31849K(256000K), 0.0105901 secs] [Times: user=0.00 sys=0.00, real=0.01 secs] 
122.471: [GC (Allocation Failure) 122.471: [ParNew: 124884K->0K(153600K), 0.0009663 secs] 126013K->1129K(256000K), 0.0011092 secs] [Times: user=0.06 sys=0.00, real=0.00 secs] 
123.489: [GC (Allocation Failure) 123.489: [ParNew: 94164K->10240K(153600K), 0.0037224 secs] 95293K->11369K(256000K), 0.0038949 secs] [Times: user=0.00 sys=0.00, real=0.00 secs] 
124.507: [GC (Allocation Failure) 124.507: [ParNew: 104404K->10240K(153600K), 0.0036573 secs] 105533K->11369K(256000K), 0.0038270 secs] [Times: user=0.00 sys=0.00, real=0.00 secs] 
125.526: [GC (Allocation Failure) 125.526: [ParNew: 104404K->10240K(153600K), 0.0035914 secs] 105533K->11369K(256000K), 0.0037354 secs] [Times: user=0.00 sys=0.00, real=0.00 secs] 
126.546: [GC (Allocation Failure) 126.546: [ParNew: 104404K->0K(153600K), 0.0009008 secs] 105533K->1129K(256000K), 0.0010575 secs] [Times: user=0.00 sys=0.00, real=0.00 secs] 
127.563: [GC (Allocation Failure) 127.563: [ParNew: 94164K->10240K(153600K), 0.0036521 secs] 95293K->11369K(256000K), 0.0037935 secs] [Times: user=0.00 sys=0.00, real=0.00 secs] 
128.582: [GC (Allocation Failure) 128.582: [ParNew: 104404K->20480K(153600K), 0.0069155 secs] 105533K->21609K(256000K), 0.0070619 secs] [Times: user=0.06 sys=0.00, real=0.01 secs] 
129.604: [GC (Allocation Failure) 129.604: [ParNew: 114644K->30720K(153600K), 0.0102127 secs] 115773K->31849K(256000K), 0.0103781 secs] [Times: user=0.05 sys=0.00, real=0.01 secs] 
131.631: [GC (Allocation Failure) 131.631: [ParNew: 124884K->0K(153600K), 0.0011313 secs] 126013K->1129K(256000K), 0.0012644 secs] [Times: user=0.00 sys=0.00, real=0.00 secs] 
132.651: [GC (Allocation Failure) 132.652: [ParNew: 94164K->10240K(153600K), 0.0021482 secs] 95293K->11369K(256000K), 0.0022796 secs] [Times: user=0.00 sys=0.00, real=0.00 secs] 
133.663: [GC (Allocation Failure) 133.663: [ParNew: 104404K->10240K(153600K), 0.0037398 secs] 105533K->11369K(256000K), 0.0039083 secs] [Times: user=0.00 sys=0.00, real=0.00 secs] 
134.682: [GC (Allocation Failure) 134.682: [ParNew: 104404K->10240K(153600K), 0.0036064 secs] 105533K->11369K(256000K), 0.0037575 secs] [Times: user=0.00 sys=0.00, real=0.00 secs] 
135.700: [GC (Allocation Failure) 135.700: [ParNew: 104404K->0K(153600K), 0.0009454 secs] 105533K->1129K(256000K), 0.0010725 secs] [Times: user=0.00 sys=0.00, real=0.00 secs] 
136.716: [GC (Allocation Failure) 136.716: [ParNew: 94164K->10240K(153600K), 0.0035985 secs] 95293K->11369K(256000K), 0.0037449 secs] [Times: user=0.00 sys=0.00, real=0.00 secs] 
137.730: [GC (Allocation Failure) 137.730: [ParNew: 104404K->20480K(153600K), 0.0033206 secs] 105533K->21609K(256000K), 0.0034090 secs] [Times: user=0.00 sys=0.00, real=0.00 secs] 
138.747: [GC (Allocation Failure) 138.747: [ParNew: 114644K->30720K(153600K), 0.0100990 secs] 115773K->31849K(256000K), 0.0102593 secs] [Times: user=0.06 sys=0.00, real=0.01 secs] 
140.772: [GC (Allocation Failure) 140.772: [ParNew: 124884K->0K(153600K), 0.0008803 secs] 126013K->1129K(256000K), 0.0010188 secs] [Times: user=0.00 sys=0.00, real=0.00 secs] 
141.788: [GC (Allocation Failure) 141.788: [ParNew: 94164K->10240K(153600K), 0.0021861 secs] 95293K->11369K(256000K), 0.0022804 secs] [Times: user=0.00 sys=0.00, real=0.00 secs] 
142.800: [GC (Allocation Failure) 142.800: [ParNew: 104404K->10240K(153600K), 0.0037007 secs] 105533K->11369K(256000K), 0.0038420 secs] [Times: user=0.06 sys=0.00, real=0.00 secs] 
143.819: [GC (Allocation Failure) 143.819: [ParNew: 104404K->10240K(153600K), 0.0036770 secs] 105533K->11369K(256000K), 0.0038357 secs] [Times: user=0.00 sys=0.00, real=0.00 secs] 
144.837: [GC (Allocation Failure) 144.837: [ParNew: 104404K->0K(153600K), 0.0009308 secs] 105533K->1129K(256000K), 0.0010457 secs] [Times: user=0.00 sys=0.00, real=0.00 secs] 
145.853: [GC (Allocation Failure) 145.854: [ParNew: 94164K->10240K(153600K), 0.0036940 secs] 95293K->11369K(256000K), 0.0038614 secs] [Times: user=0.00 sys=0.00, real=0.00 secs] 
146.872: [GC (Allocation Failure) 146.872: [ParNew: 104404K->20480K(153600K), 0.0068468 secs] 105533K->21609K(256000K), 0.0070039 secs] [Times: user=0.06 sys=0.00, real=0.01 secs] 
147.896: [GC (Allocation Failure) 147.896: [ParNew: 114644K->30720K(153600K), 0.0102080 secs] 115773K->31849K(256000K), 0.0103734 secs] [Times: user=0.00 sys=0.00, real=0.01 secs] 
149.914: [GC (Allocation Failure) 149.914: [ParNew: 124884K->0K(153600K), 0.0008779 secs] 126013K->1129K(256000K), 0.0009983 secs] [Times: user=0.00 sys=0.00, real=0.00 secs] 
150.932: [GC (Allocation Failure) 150.932: [ParNew: 94164K->10240K(153600K), 0.0036853 secs] 95293K->11369K(256000K), 0.0038373 secs] [Times: user=0.00 sys=0.00, real=0.00 secs] 
151.950: [GC (Allocation Failure) 151.950: [ParNew: 104404K->10240K(153600K), 0.0018119 secs] 105533K->11369K(256000K), 0.0018849 secs] [Times: user=0.00 sys=0.00, real=0.00 secs] 
152.962: [GC (Allocation Failure) 152.962: [ParNew: 104404K->10240K(153600K), 0.0036383 secs] 105533K->11369K(256000K), 0.0037800 secs] [Times: user=0.00 sys=0.00, real=0.00 secs] 
153.982: [GC (Allocation Failure) 153.982: [ParNew: 104404K->0K(153600K), 0.0008870 secs] 105533K->1129K(256000K), 0.0010086 secs] [Times: user=0.00 sys=0.00, real=0.00 secs] 
155.002: [GC (Allocation Failure) 155.002: [ParNew: 94164K->10240K(153600K), 0.0017826 secs] 95293K->11369K(256000K), 0.0018442 secs] [Times: user=0.00 sys=0.00, real=0.00 secs] 
156.014: [GC (Allocation Failure) 156.014: [ParNew: 104404K->20480K(153600K), 0.0046232 secs] 105533K->21609K(256000K), 0.0047472 secs] [Times: user=0.00 sys=0.00, real=0.01 secs] 
157.027: [GC (Allocation Failure) 157.027: [ParNew: 114644K->30720K(153600K), 0.0052891 secs] 115773K->31849K(256000K), 0.0053728 secs] [Times: user=0.00 sys=0.00, real=0.01 secs] 
159.039: [GC (Allocation Failure) 159.039: [ParNew: 124884K->0K(153600K), 0.0005668 secs] 126013K->1129K(256000K), 0.0006568 secs] [Times: user=0.00 sys=0.00, real=0.00 secs] 
160.050: [GC (Allocation Failure) 160.050: [ParNew: 94164K->10240K(153600K), 0.0021612 secs] 95293K->11369K(256000K), 0.0022504 secs] [Times: user=0.05 sys=0.00, real=0.00 secs] 
161.060: [GC (Allocation Failure) 161.060: [ParNew: 104404K->10240K(153600K), 0.0018217 secs] 105533K->11369K(256000K), 0.0018963 secs] [Times: user=0.00 sys=0.00, real=0.00 secs] 
162.068: [GC (Allocation Failure) 162.068: [ParNew: 104404K->10240K(153600K), 0.0018403 secs] 105533K->11369K(256000K), 0.0019275 secs] [Times: user=0.00 sys=0.00, real=0.00 secs] 
163.077: [GC (Allocation Failure) 163.077: [ParNew: 104404K->0K(153600K), 0.0003813 secs] 105533K->1129K(256000K), 0.0004417 secs] [Times: user=0.00 sys=0.00, real=0.00 secs] 
164.085: [GC (Allocation Failure) 164.085: [ParNew: 94164K->10240K(153600K), 0.0023412 secs] 95293K->11369K(256000K), 0.0024284 secs] [Times: user=0.00 sys=0.00, real=0.00 secs] 
165.095: [GC (Allocation Failure) 165.096: [ParNew: 104404K->20480K(153600K), 0.0033786 secs] 105533K->21609K(256000K), 0.0034532 secs] [Times: user=0.06 sys=0.00, real=0.00 secs] 
166.105: [GC (Allocation Failure) 166.105: [ParNew: 114644K->30720K(153600K), 0.0048616 secs] 115773K->31849K(256000K), 0.0049327 secs] [Times: user=0.00 sys=0.00, real=0.01 secs] 
168.128: [GC (Allocation Failure) 168.128: [ParNew: 124884K->0K(153600K), 0.0010362 secs] 126013K->1129K(256000K), 0.0011578 secs] [Times: user=0.06 sys=0.00, real=0.00 secs] 
169.145: [GC (Allocation Failure) 169.145: [ParNew: 94164K->10240K(153600K), 0.0036446 secs] 95293K->11369K(256000K), 0.0037982 secs] [Times: user=0.00 sys=0.00, real=0.00 secs] 
170.165: [GC (Allocation Failure) 170.165: [ParNew: 104404K->10240K(153600K), 0.0036470 secs] 105533K->11369K(256000K), 0.0037939 secs] [Times: user=0.00 sys=0.00, real=0.00 secs] 
171.183: [GC (Allocation Failure) 171.184: [ParNew: 104404K->10240K(153600K), 0.0036474 secs] 105533K->11369K(256000K), 0.0037954 secs] [Times: user=0.00 sys=0.00, real=0.00 secs] 
172.198: [GC (Allocation Failure) 172.198: [ParNew: 104404K->0K(153600K), 0.0004433 secs] 105533K->1129K(256000K), 0.0005049 secs] [Times: user=0.00 sys=0.00, real=0.00 secs] 
173.206: [GC (Allocation Failure) 173.207: [ParNew: 94164K->10240K(153600K), 0.0022567 secs] 95293K->11369K(256000K), 0.0023748 secs] [Times: user=0.00 sys=0.00, real=0.00 secs] 
174.216: [GC (Allocation Failure) 174.216: [ParNew: 104404K->20480K(153600K), 0.0041428 secs] 105533K->21609K(256000K), 0.0042225 secs] [Times: user=0.00 sys=0.00, real=0.00 secs] 
175.234: [GC (Allocation Failure) 175.234: [ParNew: 114644K->30720K(153600K), 0.0101547 secs] 115773K->31849K(256000K), 0.0103012 secs] [Times: user=0.05 sys=0.00, real=0.01 secs] 
177.252: [GC (Allocation Failure) 177.252: [ParNew: 124884K->0K(153600K), 0.0005487 secs] 126013K->1129K(256000K), 0.0007863 secs] [Times: user=0.00 sys=0.00, real=0.00 secs] 
178.263: [GC (Allocation Failure) 178.263: [ParNew: 94164K->10240K(153600K), 0.0037540 secs] 95293K->11369K(256000K), 0.0039111 secs] [Times: user=0.00 sys=0.00, real=0.00 secs] 
179.282: [GC (Allocation Failure) 179.282: [ParNew: 104404K->10240K(153600K), 0.0038045 secs] 105533K->11369K(256000K), 0.0039695 secs] [Times: user=0.03 sys=0.00, real=0.00 secs] 
180.301: [GC (Allocation Failure) 180.301: [ParNew: 104404K->10240K(153600K), 0.0019678 secs] 105533K->11369K(256000K), 0.0020357 secs] [Times: user=0.02 sys=0.00, real=0.00 secs] 
181.309: [GC (Allocation Failure) 181.309: [ParNew: 104404K->0K(153600K), 0.0003947 secs] 105533K->1129K(256000K), 0.0004615 secs] [Times: user=0.00 sys=0.00, real=0.00 secs] 
182.317: [GC (Allocation Failure) 182.317: [ParNew: 94164K->10240K(153600K), 0.0021873 secs] 95293K->11369K(256000K), 0.0023144 secs] [Times: user=0.00 sys=0.00, real=0.00 secs] 
183.328: [GC (Allocation Failure) 183.328: [ParNew: 104404K->20480K(153600K), 0.0044231 secs] 105533K->21609K(256000K), 0.0045640 secs] [Times: user=0.06 sys=0.00, real=0.00 secs] 
184.349: [GC (Allocation Failure) 184.349: [ParNew: 114644K->30720K(153600K), 0.0110322 secs] 115773K->31849K(256000K), 0.0111960 secs] [Times: user=0.00 sys=0.00, real=0.01 secs] 
186.378: [GC (Allocation Failure) 186.378: [ParNew: 124884K->0K(153600K), 0.0004765 secs] 126013K->1129K(256000K), 0.0005483 secs] [Times: user=0.00 sys=0.00, real=0.00 secs] 
187.389: [GC (Allocation Failure) 187.389: [ParNew: 94164K->10240K(153600K), 0.0031638 secs] 95293K->11369K(256000K), 0.0032838 secs] [Times: user=0.00 sys=0.00, real=0.00 secs] 
188.406: [GC (Allocation Failure) 188.406: [ParNew: 104404K->10240K(153600K), 0.0036742 secs] 105533K->11369K(256000K), 0.0038144 secs] [Times: user=0.06 sys=0.00, real=0.00 secs] 
189.426: [GC (Allocation Failure) 189.426: [ParNew: 104404K->10240K(153600K), 0.0038550 secs] 105533K->11369K(256000K), 0.0040007 secs] [Times: user=0.00 sys=0.00, real=0.00 secs] 
190.446: [GC (Allocation Failure) 190.446: [ParNew: 104404K->0K(153600K), 0.0009746 secs] 105533K->1129K(256000K), 0.0011104 secs] [Times: user=0.00 sys=0.00, real=0.00 secs] 
191.461: [GC (Allocation Failure) 191.461: [ParNew: 94164K->10240K(153600K), 0.0023554 secs] 95293K->11369K(256000K), 0.0024581 secs] [Times: user=0.00 sys=0.00, real=0.00 secs] 
192.471: [GC (Allocation Failure) 192.471: [ParNew: 104404K->20480K(153600K), 0.0033738 secs] 105533K->21609K(256000K), 0.0034457 secs] [Times: user=0.06 sys=0.00, real=0.00 secs] 
193.480: [GC (Allocation Failure) 193.481: [ParNew: 114644K->30720K(153600K), 0.0051439 secs] 115773K->31849K(256000K), 0.0052240 secs] [Times: user=0.00 sys=0.00, real=0.01 secs] 
195.500: [GC (Allocation Failure) 195.500: [ParNew: 124884K->0K(153600K), 0.0009249 secs] 126013K->1129K(256000K), 0.0010259 secs] [Times: user=0.00 sys=0.00, real=0.00 secs] 
196.511: [GC (Allocation Failure) 196.511: [ParNew: 94164K->10240K(153600K), 0.0036048 secs] 95293K->11369K(256000K), 0.0037453 secs] [Times: user=0.00 sys=0.00, real=0.00 secs] 
197.530: [GC (Allocation Failure) 197.530: [ParNew: 104404K->10240K(153600K), 0.0036040 secs] 105533K->11369K(256000K), 0.0037485 secs] [Times: user=0.00 sys=0.00, real=0.00 secs] 
198.547: [GC (Allocation Failure) 198.547: [ParNew: 104404K->10240K(153600K), 0.0018553 secs] 105533K->11369K(256000K), 0.0019362 secs] [Times: user=0.00 sys=0.00, real=0.00 secs] 
199.559: [GC (Allocation Failure) 199.559: [ParNew: 104404K->0K(153600K), 0.0009119 secs] 105533K->1129K(256000K), 0.0010571 secs] [Times: user=0.00 sys=0.00, real=0.00 secs] 
200.578: [GC (Allocation Failure) 200.578: [ParNew: 94164K->10240K(153600K), 0.0037765 secs] 95293K->11369K(256000K), 0.0039585 secs] [Times: user=0.00 sys=0.00, real=0.00 secs] 
201.593: [GC (Allocation Failure) 201.593: [ParNew: 104404K->20480K(153600K), 0.0040548 secs] 105533K->21609K(256000K), 0.0041432 secs] [Times: user=0.00 sys=0.00, real=0.00 secs] 
202.605: [GC (Allocation Failure) 202.605: [ParNew: 114644K->30720K(153600K), 0.0049311 secs] 115773K->31849K(256000K), 0.0050029 secs] [Times: user=0.00 sys=0.00, real=0.00 secs] 
204.624: [GC (Allocation Failure) 204.624: [ParNew: 124884K->0K(153600K), 0.0009478 secs] 126013K->1129K(256000K), 0.0010871 secs] [Times: user=0.00 sys=0.00, real=0.00 secs] 
205.642: [GC (Allocation Failure) 205.642: [ParNew: 94164K->10240K(153600K), 0.0038961 secs] 95293K->11369K(256000K), 0.0040627 secs] [Times: user=0.05 sys=0.00, real=0.00 secs] 
206.662: [GC (Allocation Failure) 206.662: [ParNew: 104404K->10240K(153600K), 0.0026815 secs] 105533K->11369K(256000K), 0.0028050 secs] [Times: user=0.00 sys=0.00, real=0.00 secs] 
207.674: [GC (Allocation Failure) 207.674: [ParNew: 104404K->10240K(153600K), 0.0020570 secs] 105533K->11369K(256000K), 0.0021359 secs] [Times: user=0.06 sys=0.00, real=0.00 secs] 
208.688: [GC (Allocation Failure) 208.688: [ParNew: 104404K->0K(153600K), 0.0010141 secs] 105533K->1129K(256000K), 0.0011629 secs] [Times: user=0.00 sys=0.00, real=0.00 secs] 
209.702: [GC (Allocation Failure) 209.702: [ParNew: 94164K->10240K(153600K), 0.0024707 secs] 95293K->11369K(256000K), 0.0025895 secs] [Times: user=0.00 sys=0.00, real=0.00 secs] 
210.719: [GC (Allocation Failure) 210.719: [ParNew: 104404K->20480K(153600K), 0.0069534 secs] 105533K->21609K(256000K), 0.0071188 secs] [Times: user=0.05 sys=0.00, real=0.01 secs] 
211.735: [GC (Allocation Failure) 211.735: [ParNew: 114644K->30720K(153600K), 0.0051415 secs] 115773K->31849K(256000K), 0.0052145 secs] [Times: user=0.05 sys=0.00, real=0.00 secs] 
213.755: [GC (Allocation Failure) 213.755: [ParNew: 124884K->0K(153600K), 0.0004741 secs] 126013K->1129K(256000K), 0.0005368 secs] [Times: user=0.00 sys=0.00, real=0.00 secs] 
214.766: [GC (Allocation Failure) 214.766: [ParNew: 94164K->10240K(153600K), 0.0035692 secs] 95293K->11369K(256000K), 0.0036960 secs] [Times: user=0.00 sys=0.00, real=0.00 secs] 
215.784: [GC (Allocation Failure) 215.784: [ParNew: 104404K->10240K(153600K), 0.0036758 secs] 105533K->11369K(256000K), 0.0038396 secs] [Times: user=0.06 sys=0.00, real=0.00 secs] 
216.804: [GC (Allocation Failure) 216.804: [ParNew: 104404K->10240K(153600K), 0.0037725 secs] 105533K->11369K(256000K), 0.0039407 secs] [Times: user=0.00 sys=0.00, real=0.00 secs] 
217.825: [GC (Allocation Failure) 217.825: [ParNew: 104404K->0K(153600K), 0.0009726 secs] 105533K->1129K(256000K), 0.0011041 secs] [Times: user=0.00 sys=0.00, real=0.00 secs] 
218.841: [GC (Allocation Failure) 218.841: [ParNew: 94164K->10240K(153600K), 0.0037267 secs] 95293K->11369K(256000K), 0.0038910 secs] [Times: user=0.00 sys=0.00, real=0.00 secs] 
219.860: [GC (Allocation Failure) 219.860: [ParNew: 104404K->20480K(153600K), 0.0069182 secs] 105533K->21609K(256000K), 0.0070730 secs] [Times: user=0.05 sys=0.00, real=0.01 secs] 
220.888: [GC (Allocation Failure) 220.888: [ParNew: 114644K->30720K(153600K), 0.0105475 secs] 115773K->31849K(256000K), 0.0107058 secs] [Times: user=0.03 sys=0.02, real=0.01 secs] 
222.915: [GC (Allocation Failure) 222.915: [ParNew: 124884K->0K(153600K), 0.0010208 secs] 126013K->1129K(256000K), 0.0011775 secs] [Times: user=0.00 sys=0.00, real=0.00 secs] 
223.932: [GC (Allocation Failure) 223.932: [ParNew: 94164K->10240K(153600K), 0.0036348 secs] 95293K->11369K(256000K), 0.0037500 secs] [Times: user=0.00 sys=0.00, real=0.00 secs] 
224.951: [GC (Allocation Failure) 224.951: [ParNew: 104404K->10240K(153600K), 0.0036115 secs] 105533K->11369K(256000K), 0.0037429 secs] [Times: user=0.00 sys=0.00, real=0.00 secs] 
225.970: [GC (Allocation Failure) 225.970: [ParNew: 104404K->10240K(153600K), 0.0036123 secs] 105533K->11369K(256000K), 0.0037737 secs] [Times: user=0.06 sys=0.00, real=0.00 secs] 
226.991: [GC (Allocation Failure) 226.991: [ParNew: 104404K->0K(153600K), 0.0008941 secs] 105533K->1129K(256000K), 0.0010094 secs] [Times: user=0.00 sys=0.00, real=0.00 secs] 
228.008: [GC (Allocation Failure) 228.008: [ParNew: 94164K->10240K(153600K), 0.0035452 secs] 95293K->11369K(256000K), 0.0037039 secs] [Times: user=0.00 sys=0.00, real=0.00 secs] 
229.027: [GC (Allocation Failure) 229.027: [ParNew: 104404K->20480K(153600K), 0.0068109 secs] 105533K->21609K(256000K), 0.0069530 secs] [Times: user=0.00 sys=0.00, real=0.01 secs] 
230.050: [GC (Allocation Failure) 230.050: [ParNew: 114644K->30720K(153600K), 0.0102885 secs] 115773K->31849K(256000K), 0.0104606 secs] [Times: user=0.06 sys=0.00, real=0.01 secs] 
232.079: [GC (Allocation Failure) 232.079: [ParNew: 124884K->0K(153600K), 0.0005222 secs] 126013K->1129K(256000K), 0.0006138 secs] [Times: user=0.00 sys=0.00, real=0.00 secs] 
233.091: [GC (Allocation Failure) 233.091: [ParNew: 94164K->10240K(153600K), 0.0023795 secs] 95293K->11369K(256000K), 0.0024924 secs] [Times: user=0.00 sys=0.00, real=0.00 secs] 
234.101: [GC (Allocation Failure) 234.101: [ParNew: 104404K->10240K(153600K), 0.0017992 secs] 105533K->11369K(256000K), 0.0018778 secs] [Times: user=0.00 sys=0.00, real=0.00 secs] 
235.109: [GC (Allocation Failure) 235.109: [ParNew: 104404K->10240K(153600K), 0.0018186 secs] 105533K->11369K(256000K), 0.0018991 secs] [Times: user=0.00 sys=0.00, real=0.00 secs] 
236.121: [GC (Allocation Failure) 236.121: [ParNew: 104404K->0K(153600K), 0.0005400 secs] 105533K->1129K(256000K), 0.0006699 secs] [Times: user=0.00 sys=0.00, real=0.00 secs] 
237.128: [GC (Allocation Failure) 237.128: [ParNew: 94164K->10240K(153600K), 0.0017763 secs] 95293K->11369K(256000K), 0.0018529 secs] [Times: user=0.05 sys=0.00, real=0.00 secs] 
238.136: [GC (Allocation Failure) 238.136: [ParNew: 104404K->20480K(153600K), 0.0033652 secs] 105533K->21609K(256000K), 0.0034386 secs] [Times: user=0.00 sys=0.00, real=0.00 secs] 
239.146: [GC (Allocation Failure) 239.146: [ParNew: 114644K->30720K(153600K), 0.0049485 secs] 115773K->31849K(256000K), 0.0050286 secs] [Times: user=0.00 sys=0.00, real=0.01 secs] 
241.157: [GC (Allocation Failure) 241.157: [ParNew: 124884K->0K(153600K), 0.0004579 secs] 126013K->1129K(256000K), 0.0005179 secs] [Times: user=0.00 sys=0.00, real=0.00 secs] 
242.165: [GC (Allocation Failure) 242.165: [ParNew: 94164K->10240K(153600K), 0.0018513 secs] 95293K->11369K(256000K), 0.0019307 secs] [Times: user=0.00 sys=0.00, real=0.00 secs] 
243.177: [GC (Allocation Failure) 243.177: [ParNew: 104404K->10240K(153600K), 0.0037129 secs] 105533K->11369K(256000K), 0.0038712 secs] [Times: user=0.00 sys=0.00, real=0.00 secs] 
244.196: [GC (Allocation Failure) 244.196: [ParNew: 104404K->10240K(153600K), 0.0031216 secs] 105533K->11369K(256000K), 0.0032392 secs] [Times: user=0.00 sys=0.00, real=0.00 secs] 
245.213: [GC (Allocation Failure) 245.213: [ParNew: 104404K->0K(153600K), 0.0009671 secs] 105533K->1129K(256000K), 0.0011144 secs] [Times: user=0.00 sys=0.00, real=0.00 secs] 
246.229: [GC (Allocation Failure) 246.229: [ParNew: 94164K->10240K(153600K), 0.0037035 secs] 95293K->11369K(256000K), 0.0038317 secs] [Times: user=0.00 sys=0.00, real=0.00 secs] 
247.243: [GC (Allocation Failure) 247.243: [ParNew: 104404K->20480K(153600K), 0.0033529 secs] 105533K->21609K(256000K), 0.0034256 secs] [Times: user=0.00 sys=0.00, real=0.00 secs] 
248.259: [GC (Allocation Failure) 248.259: [ParNew: 114644K->30720K(153600K), 0.0102558 secs] 115773K->31849K(256000K), 0.0103994 secs] [Times: user=0.00 sys=0.00, real=0.01 secs] 
250.285: [GC (Allocation Failure) 250.286: [ParNew: 124884K->0K(153600K), 0.0008937 secs] 126013K->1129K(256000K), 0.0010366 secs] [Times: user=0.00 sys=0.00, real=0.00 secs] 
251.302: [GC (Allocation Failure) 251.302: [ParNew: 94164K->10240K(153600K), 0.0036111 secs] 95293K->11369K(256000K), 0.0037635 secs] [Times: user=0.00 sys=0.00, real=0.00 secs] 
252.319: [GC (Allocation Failure) 252.319: [ParNew: 104404K->10240K(153600K), 0.0019528 secs] 105533K->11369K(256000K), 0.0020290 secs] [Times: user=0.00 sys=0.00, real=0.00 secs] 
253.330: [GC (Allocation Failure) 253.330: [ParNew: 104404K->10240K(153600K), 0.0036320 secs] 105533K->11369K(256000K), 0.0037737 secs] [Times: user=0.03 sys=0.00, real=0.00 secs] 
254.349: [GC (Allocation Failure) 254.350: [ParNew: 104404K->0K(153600K), 0.0008740 secs] 105533K->1129K(256000K), 0.0010097 secs] [Times: user=0.00 sys=0.00, real=0.00 secs] 
255.362: [GC (Allocation Failure) 255.362: [ParNew: 94164K->10240K(153600K), 0.0021434 secs] 95293K->11369K(256000K), 0.0022413 secs] [Times: user=0.06 sys=0.00, real=0.00 secs] 
256.377: [GC (Allocation Failure) 256.377: [ParNew: 104404K->20480K(153600K), 0.0074152 secs] 105533K->21609K(256000K), 0.0075798 secs] [Times: user=0.05 sys=0.00, real=0.01 secs] 
257.399: [GC (Allocation Failure) 257.399: [ParNew: 114644K->30720K(153600K), 0.0101543 secs] 115773K->31849K(256000K), 0.0102901 secs] [Times: user=0.00 sys=0.00, real=0.01 secs] 
259.424: [GC (Allocation Failure) 259.424: [ParNew: 124884K->0K(153600K), 0.0003695 secs] 126013K->1129K(256000K), 0.0004291 secs] [Times: user=0.00 sys=0.00, real=0.00 secs] 
260.433: [GC (Allocation Failure) 260.433: [ParNew: 94164K->10240K(153600K), 0.0035992 secs] 95293K->11369K(256000K), 0.0037406 secs] [Times: user=0.00 sys=0.00, real=0.00 secs] 
261.452: [GC (Allocation Failure) 261.452: [ParNew: 104404K->10240K(153600K), 0.0039257 secs] 105533K->11369K(256000K), 0.0041894 secs] [Times: user=0.00 sys=0.00, real=0.00 secs] 
262.472: [GC (Allocation Failure) 262.472: [ParNew: 104404K->10240K(153600K), 0.0038428 secs] 105533K->11369K(256000K), 0.0039691 secs] [Times: user=0.06 sys=0.00, real=0.00 secs] 
263.490: [GC (Allocation Failure) 263.490: [ParNew: 104404K->0K(153600K), 0.0009888 secs] 105533K->1129K(256000K), 0.0011096 secs] [Times: user=0.00 sys=0.00, real=0.00 secs] 
264.508: [GC (Allocation Failure) 264.508: [ParNew: 94164K->10240K(153600K), 0.0035681 secs] 95293K->11369K(256000K), 0.0037252 secs] [Times: user=0.00 sys=0.00, real=0.00 secs] 
265.524: [GC (Allocation Failure) 265.524: [ParNew: 104404K->20480K(153600K), 0.0072257 secs] 105533K->21609K(256000K), 0.0073678 secs] [Times: user=0.00 sys=0.00, real=0.01 secs] 
266.547: [GC (Allocation Failure) 266.547: [ParNew: 114644K->30720K(153600K), 0.0101535 secs] 115773K->31849K(256000K), 0.0103177 secs] [Times: user=0.06 sys=0.00, real=0.01 secs] 
268.573: [GC (Allocation Failure) 268.574: [ParNew: 124884K->0K(153600K), 0.0009126 secs] 126013K->1129K(256000K), 0.0010378 secs] [Times: user=0.00 sys=0.00, real=0.00 secs] 
269.590: [GC (Allocation Failure) 269.590: [ParNew: 94164K->10240K(153600K), 0.0037421 secs] 95293K->11369K(256000K), 0.0038933 secs] [Times: user=0.00 sys=0.00, real=0.00 secs] 
270.609: [GC (Allocation Failure) 270.609: [ParNew: 104404K->10240K(153600K), 0.0036932 secs] 105533K->11369K(256000K), 0.0038416 secs] [Times: user=0.02 sys=0.00, real=0.00 secs] 
271.628: [GC (Allocation Failure) 271.628: [ParNew: 104404K->10240K(153600K), 0.0037117 secs] 105533K->11369K(256000K), 0.0038696 secs] [Times: user=0.02 sys=0.00, real=0.00 secs] 
272.649: [GC (Allocation Failure) 272.649: [ParNew: 104404K->0K(153600K), 0.0010117 secs] 105533K->1129K(256000K), 0.0011309 secs] [Times: user=0.00 sys=0.00, real=0.00 secs] 
273.671: [GC (Allocation Failure) 273.671: [ParNew: 94164K->10240K(153600K), 0.0018304 secs] 95293K->11369K(256000K), 0.0019125 secs] [Times: user=0.00 sys=0.00, real=0.00 secs] 
274.681: [GC (Allocation Failure) 274.681: [ParNew: 104404K->20480K(153600K), 0.0037267 secs] 105533K->21609K(256000K), 0.0038033 secs] [Times: user=0.00 sys=0.00, real=0.00 secs] 
275.693: [GC (Allocation Failure) 275.693: [ParNew: 114644K->30720K(153600K), 0.0061311 secs] 115773K->31849K(256000K), 0.0062259 secs] [Times: user=0.00 sys=0.00, real=0.01 secs] 
277.708: [GC (Allocation Failure) 277.708: [ParNew: 124884K->0K(153600K), 0.0009099 secs] 126013K->1129K(256000K), 0.0010646 secs] [Times: user=0.00 sys=0.00, real=0.00 secs] 
278.724: [GC (Allocation Failure) 278.724: [ParNew: 94164K->10240K(153600K), 0.0038921 secs] 95293K->11369K(256000K), 0.0040394 secs] [Times: user=0.00 sys=0.00, real=0.00 secs] 
279.743: [GC (Allocation Failure) 279.743: [ParNew: 104404K->10240K(153600K), 0.0018138 secs] 105533K->11369K(256000K), 0.0018912 secs] [Times: user=0.00 sys=0.00, real=0.00 secs] 
280.755: [GC (Allocation Failure) 280.756: [ParNew: 104404K->10240K(153600K), 0.0041633 secs] 105533K->11369K(256000K), 0.0043220 secs] [Times: user=0.00 sys=0.00, real=0.00 secs] 
281.768: [GC (Allocation Failure) 281.768: [ParNew: 104404K->0K(153600K), 0.0004599 secs] 105533K->1129K(256000K), 0.0005234 secs] [Times: user=0.00 sys=0.00, real=0.00 secs] 
282.780: [GC (Allocation Failure) 282.780: [ParNew: 94164K->10240K(153600K), 0.0037327 secs] 95293K->11369K(256000K), 0.0038637 secs] [Times: user=0.00 sys=0.00, real=0.00 secs] 
283.798: [GC (Allocation Failure) 283.798: [ParNew: 104404K->20480K(153600K), 0.0074432 secs] 105533K->21609K(256000K), 0.0075909 secs] [Times: user=0.05 sys=0.00, real=0.01 secs] 
284.822: [GC (Allocation Failure) 284.822: [ParNew: 114644K->30720K(153600K), 0.0102392 secs] 115773K->31849K(256000K), 0.0103844 secs] [Times: user=0.06 sys=0.00, real=0.01 secs] 
286.850: [GC (Allocation Failure) 286.850: [ParNew: 124884K->0K(153600K), 0.0008605 secs] 126013K->1129K(256000K), 0.0009687 secs] [Times: user=0.00 sys=0.00, real=0.00 secs] 
287.866: [GC (Allocation Failure) 287.866: [ParNew: 94164K->10240K(153600K), 0.0038720 secs] 95293K->11369K(256000K), 0.0040378 secs] [Times: user=0.00 sys=0.00, real=0.00 secs] 
288.882: [GC (Allocation Failure) 288.882: [ParNew: 104404K->10240K(153600K), 0.0037165 secs] 105533K->11369K(256000K), 0.0038610 secs] [Times: user=0.00 sys=0.00, real=0.00 secs] 
289.906: [GC (Allocation Failure) 289.906: [ParNew: 104404K->10240K(153600K), 0.0036896 secs] 105533K->11369K(256000K), 0.0038215 secs] [Times: user=0.00 sys=0.00, real=0.00 secs] 
290.926: [GC (Allocation Failure) 290.926: [ParNew: 104404K->0K(153600K), 0.0009486 secs] 105533K->1129K(256000K), 0.0010922 secs] [Times: user=0.00 sys=0.00, real=0.00 secs] 
291.946: [GC (Allocation Failure) 291.946: [ParNew: 94164K->0K(153600K), 0.0008862 secs] 95293K->1129K(256000K), 0.0010180 secs] [Times: user=0.00 sys=0.00, real=0.00 secs] 
292.965: [GC (Allocation Failure) 292.965: [ParNew: 94179K->0K(153600K), 0.0009194 secs] 95309K->1129K(256000K), 0.0010334 secs] [Times: user=0.00 sys=0.00, real=0.00 secs] 
293.985: [GC (Allocation Failure) 293.985: [ParNew: 94174K->0K(153600K), 0.0009126 secs] 95303K->1129K(256000K), 0.0010405 secs] [Times: user=0.00 sys=0.00, real=0.00 secs] 
296.005: [GC (Allocation Failure) 296.005: [ParNew: 94170K->0K(153600K), 0.0009474 secs] 95300K->1129K(256000K), 0.0010915 secs] [Times: user=0.00 sys=0.00, real=0.00 secs] 
297.024: [GC (Allocation Failure) 297.024: [ParNew: 94168K->0K(153600K), 0.0004472 secs] 95297K->1129K(256000K), 0.0005207 secs] [Times: user=0.00 sys=0.00, real=0.00 secs] 
298.036: [GC (Allocation Failure) 298.036: [ParNew: 94167K->0K(153600K), 0.0009162 secs] 95296K->1129K(256000K), 0.0010224 secs] [Times: user=0.00 sys=0.00, real=0.00 secs] 
299.057: [GC (Allocation Failure) 299.057: [ParNew: 94166K->0K(153600K), 0.0008712 secs] 95295K->1129K(256000K), 0.0009817 secs] [Times: user=0.00 sys=0.00, real=0.00 secs] 
300.076: [GC (Allocation Failure) 300.076: [ParNew: 94165K->0K(153600K), 0.0009691 secs] 95294K->1129K(256000K), 0.0011080 secs] [Times: user=0.00 sys=0.00, real=0.00 secs] 
301.095: [GC (Allocation Failure) 301.095: [ParNew: 94165K->0K(153600K), 0.0009411 secs] 95294K->1129K(256000K), 0.0010441 secs] [Times: user=0.00 sys=0.00, real=0.00 secs] 
302.115: [GC (Allocation Failure) 302.115: [ParNew: 94164K->0K(153600K), 0.0008858 secs] 95294K->1129K(256000K), 0.0010275 secs] [Times: user=0.00 sys=0.00, real=0.00 secs] 
303.136: [GC (Allocation Failure) 303.136: [ParNew: 94164K->0K(153600K), 0.0012711 secs] 95294K->1129K(256000K), 0.0014215 secs] [Times: user=0.00 sys=0.00, real=0.00 secs] 
305.162: [GC (Allocation Failure) 305.162: [ParNew: 94164K->0K(153600K), 0.0003908 secs] 95293K->1129K(256000K), 0.0004650 secs] [Times: user=0.00 sys=0.00, real=0.00 secs] 
306.173: [GC (Allocation Failure) 306.173: [ParNew: 94164K->0K(153600K), 0.0005834 secs] 95293K->1129K(256000K), 0.0006707 secs] [Times: user=0.00 sys=0.00, real=0.00 secs] 
307.195: [GC (Allocation Failure) 307.195: [ParNew: 94164K->0K(153600K), 0.0003936 secs] 95293K->1129K(256000K), 0.0004634 secs] [Times: user=0.00 sys=0.00, real=0.00 secs] 
308.206: [GC (Allocation Failure) 308.206: [ParNew: 94164K->0K(153600K), 0.0003817 secs] 95293K->1129K(256000K), 0.0004390 secs] [Times: user=0.00 sys=0.01, real=0.00 secs] 
309.221: [GC (Allocation Failure) 309.221: [ParNew: 94164K->0K(153600K), 0.0005736 secs] 95293K->1129K(256000K), 0.0006513 secs] [Times: user=0.00 sys=0.00, real=0.00 secs] 
310.240: [GC (Allocation Failure) 310.240: [ParNew: 94164K->0K(153600K), 0.0008913 secs] 95293K->1129K(256000K), 0.0010228 secs] [Times: user=0.00 sys=0.00, real=0.00 secs] 
311.259: [GC (Allocation Failure) 311.259: [ParNew: 94164K->0K(153600K), 0.0009020 secs] 95293K->1129K(256000K), 0.0010101 secs] [Times: user=0.00 sys=0.00, real=0.00 secs] 
312.278: [GC (Allocation Failure) 312.278: [ParNew: 94164K->0K(153600K), 0.0008759 secs] 95293K->1129K(256000K), 0.0009849 secs] [Times: user=0.00 sys=0.00, real=0.00 secs] 
314.290: [GC (Allocation Failure) 314.290: [ParNew: 94164K->0K(153600K), 0.0010157 secs] 95293K->1129K(256000K), 0.0011597 secs] [Times: user=0.00 sys=0.00, real=0.00 secs] 
315.309: [GC (Allocation Failure) 315.309: [ParNew: 94164K->0K(153600K), 0.0009340 secs] 95293K->1129K(256000K), 0.0010769 secs] [Times: user=0.00 sys=0.00, real=0.00 secs] 
316.327: [GC (Allocation Failure) 316.327: [ParNew: 94164K->0K(153600K), 0.0004078 secs] 95293K->1129K(256000K), 0.0005290 secs] [Times: user=0.00 sys=0.00, real=0.00 secs] 
317.341: [GC (Allocation Failure) 317.341: [ParNew: 94164K->0K(153600K), 0.0009036 secs] 95293K->1129K(256000K), 0.0010204 secs] [Times: user=0.00 sys=0.00, real=0.00 secs] 
318.360: [GC (Allocation Failure) 318.360: [ParNew: 94164K->0K(153600K), 0.0009687 secs] 95293K->1129K(256000K), 0.0011013 secs] [Times: user=0.00 sys=0.00, real=0.00 secs] 
319.378: [GC (Allocation Failure) 319.379: [ParNew: 94164K->0K(153600K), 0.0009158 secs] 95293K->1129K(256000K), 0.0010405 secs] [Times: user=0.06 sys=0.00, real=0.00 secs] 
320.392: [GC (Allocation Failure) 320.392: [ParNew: 94164K->0K(153600K), 0.0003833 secs] 95293K->1129K(256000K), 0.0004551 secs] [Times: user=0.00 sys=0.00, real=0.00 secs] 
321.403: [GC (Allocation Failure) 321.403: [ParNew: 94164K->0K(153600K), 0.0004488 secs] 95293K->1129K(256000K), 0.0005140 secs] [Times: user=0.00 sys=0.00, real=0.00 secs] 
323.420: [GC (Allocation Failure) 323.420: [ParNew: 94164K->0K(153600K), 0.0009095 secs] 95293K->1129K(256000K), 0.0010350 secs] [Times: user=0.00 sys=0.00, real=0.00 secs] 
324.437: [GC (Allocation Failure) 324.437: [ParNew: 94164K->0K(153600K), 0.0003762 secs] 95293K->1129K(256000K), 0.0004465 secs] [Times: user=0.00 sys=0.00, real=0.00 secs] 
325.450: [GC (Allocation Failure) 325.450: [ParNew: 94164K->0K(153600K), 0.0009450 secs] 95293K->1129K(256000K), 0.0010678 secs] [Times: user=0.00 sys=0.00, real=0.00 secs] 
326.469: [GC (Allocation Failure) 326.469: [ParNew: 94164K->0K(153600K), 0.0009746 secs] 95293K->1129K(256000K), 0.0010792 secs] [Times: user=0.00 sys=0.00, real=0.00 secs] 
327.487: [GC (Allocation Failure) 327.487: [ParNew: 94164K->0K(153600K), 0.0008617 secs] 95293K->1129K(256000K), 0.0009750 secs] [Times: user=0.00 sys=0.00, real=0.00 secs] 
328.505: [GC (Allocation Failure) 328.505: [ParNew: 94164K->0K(153600K), 0.0009201 secs] 95293K->1129K(256000K), 0.0010394 secs] [Times: user=0.00 sys=0.00, real=0.00 secs] 
329.519: [GC (Allocation Failure) 329.519: [ParNew: 94164K->0K(153600K), 0.0004101 secs] 95293K->1129K(256000K), 0.0004816 secs] [Times: user=0.00 sys=0.00, real=0.00 secs] 
330.532: [GC (Allocation Failure) 330.532: [ParNew: 94164K->0K(153600K), 0.0006383 secs] 95293K->1129K(256000K), 0.0007283 secs] [Times: user=0.00 sys=0.00, real=0.00 secs] 
332.544: [GC (Allocation Failure) 332.544: [ParNew: 94164K->0K(153600K), 0.0008838 secs] 95293K->1129K(256000K), 0.0010070 secs] [Times: user=0.00 sys=0.00, real=0.00 secs] 
333.562: [GC (Allocation Failure) 333.562: [ParNew: 94164K->0K(153600K), 0.0009217 secs] 95293K->1129K(256000K), 0.0010358 secs] [Times: user=0.00 sys=0.00, real=0.00 secs] 
334.582: [GC (Allocation Failure) 334.582: [ParNew: 94164K->0K(153600K), 0.0008755 secs] 95293K->1129K(256000K), 0.0009805 secs] [Times: user=0.00 sys=0.00, real=0.00 secs] 
335.603: [GC (Allocation Failure) 335.603: [ParNew: 94164K->0K(153600K), 0.0006193 secs] 95293K->1129K(256000K), 0.0007090 secs] [Times: user=0.00 sys=0.00, real=0.00 secs] 
336.614: [GC (Allocation Failure) 336.614: [ParNew: 94164K->0K(153600K), 0.0003892 secs] 95293K->1129K(256000K), 0.0004575 secs] [Times: user=0.00 sys=0.00, real=0.00 secs] 
337.629: [GC (Allocation Failure) 337.629: [ParNew: 94164K->0K(153600K), 0.0010224 secs] 95293K->1129K(256000K), 0.0011653 secs] [Times: user=0.06 sys=0.00, real=0.00 secs] 
338.651: [GC (Allocation Failure) 338.651: [ParNew: 94164K->0K(153600K), 0.0010354 secs] 95293K->1129K(256000K), 0.0011649 secs] [Times: user=0.00 sys=0.00, real=0.00 secs] 
339.665: [GC (Allocation Failure) 339.665: [ParNew: 94164K->0K(153600K), 0.0004737 secs] 95293K->1129K(256000K), 0.0005499 secs] [Times: user=0.00 sys=0.00, real=0.00 secs] 
341.684: [GC (Allocation Failure) 341.684: [ParNew: 94164K->0K(153600K), 0.0005767 secs] 95293K->1129K(256000K), 0.0006592 secs] [Times: user=0.00 sys=0.00, real=0.00 secs] 
342.697: [GC (Allocation Failure) 342.697: [ParNew: 94164K->0K(153600K), 0.0009182 secs] 95293K->1129K(256000K), 0.0010259 secs] [Times: user=0.00 sys=0.00, real=0.00 secs] 
343.715: [GC (Allocation Failure) 343.716: [ParNew: 94164K->0K(153600K), 0.0009497 secs] 95293K->1129K(256000K), 0.0011049 secs] [Times: user=0.00 sys=0.00, real=0.00 secs] 
344.734: [GC (Allocation Failure) 344.734: [ParNew: 94164K->0K(153600K), 0.0008605 secs] 95293K->1129K(256000K), 0.0009995 secs] [Times: user=0.00 sys=0.00, real=0.00 secs] 
345.753: [GC (Allocation Failure) 345.753: [ParNew: 94164K->0K(153600K), 0.0008550 secs] 95293K->1129K(256000K), 0.0009794 secs] [Times: user=0.00 sys=0.00, real=0.00 secs] 
346.773: [GC (Allocation Failure) 346.773: [ParNew: 94164K->0K(153600K), 0.0008937 secs] 95293K->1129K(256000K), 0.0010109 secs] [Times: user=0.00 sys=0.00, real=0.00 secs] 
347.793: [GC (Allocation Failure) 347.793: [ParNew: 94164K->0K(153600K), 0.0009363 secs] 95293K->1129K(256000K), 0.0010749 secs] [Times: user=0.00 sys=0.00, real=0.00 secs] 
348.811: [GC (Allocation Failure) 348.811: [ParNew: 94164K->0K(153600K), 0.0009103 secs] 95293K->1129K(256000K), 0.0010137 secs] [Times: user=0.00 sys=0.00, real=0.00 secs] 
350.829: [GC (Allocation Failure) 350.829: [ParNew: 94164K->0K(153600K), 0.0009604 secs] 95293K->1129K(256000K), 0.0010709 secs] [Times: user=0.00 sys=0.00, real=0.00 secs] 
351.848: [GC (Allocation Failure) 351.848: [ParNew: 94164K->0K(153600K), 0.0009134 secs] 95293K->1129K(256000K), 0.0010279 secs] [Times: user=0.00 sys=0.00, real=0.00 secs] 
352.867: [GC (Allocation Failure) 352.867: [ParNew: 94164K->0K(153600K), 0.0008894 secs] 95293K->1129K(256000K), 0.0009971 secs] [Times: user=0.00 sys=0.00, real=0.00 secs] 
353.885: [GC (Allocation Failure) 353.885: [ParNew: 94164K->0K(153600K), 0.0009486 secs] 95293K->1129K(256000K), 0.0010887 secs] [Times: user=0.00 sys=0.00, real=0.00 secs] 
354.905: [GC (Allocation Failure) 354.905: [ParNew: 94164K->0K(153600K), 0.0009083 secs] 95293K->1129K(256000K), 0.0010232 secs] [Times: user=0.00 sys=0.00, real=0.00 secs] 
355.923: [GC (Allocation Failure) 355.923: [ParNew: 94164K->0K(153600K), 0.0008890 secs] 95293K->1129K(256000K), 0.0010551 secs] [Times: user=0.00 sys=0.00, real=0.00 secs] 
356.942: [GC (Allocation Failure) 356.942: [ParNew: 94164K->0K(153600K), 0.0008815 secs] 95293K->1129K(256000K), 0.0009853 secs] [Times: user=0.00 sys=0.00, real=0.00 secs] 
357.962: [GC (Allocation Failure) 357.962: [ParNew: 94164K->0K(153600K), 0.0009359 secs] 95293K->1129K(256000K), 0.0010619 secs] [Times: user=0.00 sys=0.00, real=0.00 secs] 
359.981: [GC (Allocation Failure) 359.981: [ParNew: 94164K->0K(153600K), 0.0009059 secs] 95293K->1129K(256000K), 0.0010267 secs] [Times: user=0.00 sys=0.00, real=0.00 secs] 
361.000: [GC (Allocation Failure) 361.000: [ParNew: 94164K->0K(153600K), 0.0009300 secs] 95293K->1129K(256000K), 0.0010461 secs] [Times: user=0.00 sys=0.00, real=0.00 secs] 
362.019: [GC (Allocation Failure) 362.019: [ParNew: 94164K->0K(153600K), 0.0011921 secs] 95293K->1129K(256000K), 0.0013220 secs] [Times: user=0.06 sys=0.00, real=0.00 secs] 
363.038: [GC (Allocation Failure) 363.038: [ParNew: 94164K->0K(153600K), 0.0008775 secs] 95293K->1129K(256000K), 0.0010291 secs] [Times: user=0.00 sys=0.00, real=0.00 secs] 
364.057: [GC (Allocation Failure) 364.057: [ParNew: 94164K->0K(153600K), 0.0009308 secs] 95293K->1129K(256000K), 0.0010591 secs] [Times: user=0.00 sys=0.00, real=0.00 secs] 
365.075: [GC (Allocation Failure) 365.075: [ParNew: 94164K->0K(153600K), 0.0009059 secs] 95293K->1129K(256000K), 0.0010338 secs] [Times: user=0.00 sys=0.00, real=0.00 secs] 
366.097: [GC (Allocation Failure) 366.097: [ParNew: 94164K->0K(153600K), 0.0010003 secs] 95293K->1129K(256000K), 0.0011286 secs] [Times: user=0.06 sys=0.00, real=0.00 secs] 
367.111: [GC (Allocation Failure) 367.111: [ParNew: 94164K->0K(153600K), 0.0004161 secs] 95293K->1129K(256000K), 0.0004859 secs] [Times: user=0.00 sys=0.00, real=0.00 secs] 
369.126: [GC (Allocation Failure) 369.126: [ParNew: 94164K->0K(153600K), 0.0009344 secs] 95293K->1129K(256000K), 0.0010725 secs] [Times: user=0.00 sys=0.00, real=0.00 secs] 
370.145: [GC (Allocation Failure) 370.145: [ParNew: 94164K->0K(153600K), 0.0009229 secs] 95293K->1129K(256000K), 0.0010544 secs] [Times: user=0.00 sys=0.00, real=0.00 secs] 
371.164: [GC (Allocation Failure) 371.164: [ParNew: 94164K->0K(153600K), 0.0010512 secs] 95293K->1129K(256000K), 0.0011669 secs] [Times: user=0.00 sys=0.00, real=0.00 secs] 
372.188: [GC (Allocation Failure) 372.188: [ParNew: 94164K->0K(153600K), 0.0005550 secs] 95293K->1129K(256000K), 0.0006371 secs] [Times: user=0.00 sys=0.00, real=0.00 secs] 
373.205: [GC (Allocation Failure) 373.205: [ParNew: 94164K->0K(153600K), 0.0008850 secs] 95293K->1129K(256000K), 0.0010015 secs] [Times: user=0.00 sys=0.00, real=0.00 secs] 
374.226: [GC (Allocation Failure) 374.226: [ParNew: 94164K->0K(153600K), 0.0009458 secs] 95293K->1129K(256000K), 0.0010753 secs] [Times: user=0.00 sys=0.00, real=0.00 secs] 
375.244: [GC (Allocation Failure) 375.244: [ParNew: 94164K->0K(153600K), 0.0008913 secs] 95293K->1129K(256000K), 0.0010086 secs] [Times: user=0.00 sys=0.00, real=0.00 secs] 
376.263: [GC (Allocation Failure) 376.263: [ParNew: 94164K->0K(153600K), 0.0009130 secs] 95293K->1129K(256000K), 0.0010216 secs] [Times: user=0.00 sys=0.00, real=0.00 secs] 
378.283: [GC (Allocation Failure) 378.283: [ParNew: 94164K->0K(153600K), 0.0009403 secs] 95293K->1129K(256000K), 0.0010694 secs] [Times: user=0.00 sys=0.00, real=0.00 secs] 
379.303: [GC (Allocation Failure) 379.303: [ParNew: 94164K->0K(153600K), 0.0008858 secs] 95293K->1129K(256000K), 0.0010113 secs] [Times: user=0.00 sys=0.00, real=0.00 secs] 
380.321: [GC (Allocation Failure) 380.321: [ParNew: 94164K->0K(153600K), 0.0009967 secs] 95293K->1129K(256000K), 0.0011365 secs] [Times: user=0.00 sys=0.00, real=0.00 secs] 
381.338: [GC (Allocation Failure) 381.338: [ParNew: 94164K->0K(153600K), 0.0003896 secs] 95293K->1129K(256000K), 0.0004524 secs] [Times: user=0.00 sys=0.00, real=0.00 secs] 
382.353: [GC (Allocation Failure) 382.353: [ParNew: 94164K->0K(153600K), 0.0009375 secs] 95293K->1129K(256000K), 0.0010800 secs] [Times: user=0.00 sys=0.00, real=0.00 secs] 
383.373: [GC (Allocation Failure) 383.373: [ParNew: 94164K->0K(153600K), 0.0009083 secs] 95293K->1129K(256000K), 0.0010176 secs] [Times: user=0.00 sys=0.00, real=0.00 secs] 
384.394: [GC (Allocation Failure) 384.394: [ParNew: 94164K->0K(153600K), 0.0009762 secs] 95293K->1129K(256000K), 0.0011175 secs] [Times: user=0.06 sys=0.00, real=0.00 secs] 
385.412: [GC (Allocation Failure) 385.412: [ParNew: 94164K->0K(153600K), 0.0009734 secs] 95293K->1129K(256000K), 0.0011076 secs] [Times: user=0.00 sys=0.00, real=0.00 secs] 
387.431: [GC (Allocation Failure) 387.431: [ParNew: 94164K->0K(153600K), 0.0009644 secs] 95293K->1129K(256000K), 0.0010844 secs] [Times: user=0.00 sys=0.00, real=0.00 secs] 
388.450: [GC (Allocation Failure) 388.450: [ParNew: 94164K->0K(153600K), 0.0009012 secs] 95293K->1129K(256000K), 0.0010330 secs] [Times: user=0.00 sys=0.00, real=0.00 secs] 
389.468: [GC (Allocation Failure) 389.468: [ParNew: 94164K->0K(153600K), 0.0009300 secs] 95293K->1129K(256000K), 0.0010607 secs] [Times: user=0.00 sys=0.00, real=0.00 secs] 
390.487: [GC (Allocation Failure) 390.487: [ParNew: 94164K->0K(153600K), 0.0010216 secs] 95293K->1129K(256000K), 0.0011633 secs] [Times: user=0.06 sys=0.00, real=0.00 secs] 
391.509: [GC (Allocation Failure) 391.509: [ParNew: 94164K->0K(153600K), 0.0009245 secs] 95293K->1129K(256000K), 0.0010520 secs] [Times: user=0.00 sys=0.00, real=0.00 secs] 
392.529: [GC (Allocation Failure) 392.529: [ParNew: 94164K->0K(153600K), 0.0008546 secs] 95293K->1129K(256000K), 0.0009699 secs] [Times: user=0.00 sys=0.00, real=0.00 secs] 
393.548: [GC (Allocation Failure) 393.548: [ParNew: 94164K->0K(153600K), 0.0009221 secs] 95293K->1129K(256000K), 0.0010690 secs] [Times: user=0.00 sys=0.00, real=0.00 secs] 
394.567: [GC (Allocation Failure) 394.567: [ParNew: 94164K->0K(153600K), 0.0009430 secs] 95293K->1129K(256000K), 0.0010915 secs] [Times: user=0.00 sys=0.00, real=0.00 secs] 
396.586: [GC (Allocation Failure) 396.586: [ParNew: 94164K->0K(153600K), 0.0008984 secs] 95293K->1129K(256000K), 0.0010101 secs] [Times: user=0.00 sys=0.00, real=0.00 secs] 
397.604: [GC (Allocation Failure) 397.604: [ParNew: 94164K->0K(153600K), 0.0009055 secs] 95293K->1129K(256000K), 0.0010437 secs] [Times: user=0.00 sys=0.00, real=0.00 secs] 
398.621: [GC (Allocation Failure) 398.621: [ParNew: 94164K->0K(153600K), 0.0003778 secs] 95293K->1129K(256000K), 0.0004322 secs] [Times: user=0.00 sys=0.00, real=0.00 secs] 
399.635: [GC (Allocation Failure) 399.635: [ParNew: 94164K->0K(153600K), 0.0009644 secs] 95293K->1129K(256000K), 0.0010749 secs] [Times: user=0.00 sys=0.00, real=0.00 secs] 
400.681: [GC (Allocation Failure) 400.681: [ParNew: 94164K->0K(153600K), 0.0003896 secs] 95293K->1129K(256000K), 0.0004575 secs] [Times: user=0.00 sys=0.00, real=0.00 secs] 
401.693: [GC (Allocation Failure) 401.693: [ParNew: 94164K->0K(153600K), 0.0005846 secs] 95293K->1129K(256000K), 0.0006742 secs] [Times: user=0.00 sys=0.00, real=0.00 secs] 
402.710: [GC (Allocation Failure) 402.710: [ParNew: 94164K->0K(153600K), 0.0009178 secs] 95293K->1129K(256000K), 0.0010275 secs] [Times: user=0.00 sys=0.00, real=0.00 secs] 
403.729: [GC (Allocation Failure) 403.729: [ParNew: 94164K->0K(153600K), 0.0011799 secs] 95293K->1129K(256000K), 0.0013117 secs] [Times: user=0.00 sys=0.00, real=0.00 secs] 
405.749: [GC (Allocation Failure) 405.749: [ParNew: 94164K->0K(153600K), 0.0009095 secs] 95293K->1129K(256000K), 0.0010334 secs] [Times: user=0.00 sys=0.00, real=0.00 secs] 
406.770: [GC (Allocation Failure) 406.770: [ParNew: 94164K->0K(153600K), 0.0011136 secs] 95293K->1129K(256000K), 0.0012265 secs] [Times: user=0.00 sys=0.00, real=0.00 secs] 
407.788: [GC (Allocation Failure) 407.789: [ParNew: 94164K->0K(153600K), 0.0009340 secs] 95293K->1129K(256000K), 0.0010504 secs] [Times: user=0.00 sys=0.00, real=0.00 secs] 
408.809: [GC (Allocation Failure) 408.809: [ParNew: 94164K->0K(153600K), 0.0009024 secs] 95293K->1129K(256000K), 0.0010417 secs] [Times: user=0.00 sys=0.00, real=0.00 secs] 
409.828: [GC (Allocation Failure) 409.828: [ParNew: 94164K->0K(153600K), 0.0010283 secs] 95293K->1129K(256000K), 0.0011404 secs] [Times: user=0.00 sys=0.00, real=0.00 secs] 
410.850: [GC (Allocation Failure) 410.850: [ParNew: 94164K->0K(153600K), 0.0009865 secs] 95293K->1129K(256000K), 0.0011215 secs] [Times: user=0.00 sys=0.00, real=0.00 secs] 
411.870: [GC (Allocation Failure) 411.870: [ParNew: 94164K->0K(153600K), 0.0011779 secs] 95293K->1129K(256000K), 0.0013461 secs] [Times: user=0.00 sys=0.00, real=0.00 secs] 
412.890: [GC (Allocation Failure) 412.890: [ParNew: 94164K->0K(153600K), 0.0008846 secs] 95293K->1129K(256000K), 0.0009940 secs] [Times: user=0.00 sys=0.00, real=0.00 secs] 
414.910: [GC (Allocation Failure) 414.910: [ParNew: 94164K->0K(153600K), 0.0009659 secs] 95293K->1129K(256000K), 0.0011282 secs] [Times: user=0.06 sys=0.00, real=0.00 secs] 
415.928: [GC (Allocation Failure) 415.928: [ParNew: 94164K->0K(153600K), 0.0008988 secs] 95293K->1129K(256000K), 0.0010161 secs] [Times: user=0.00 sys=0.00, real=0.00 secs] 
416.947: [GC (Allocation Failure) 416.947: [ParNew: 94164K->0K(153600K), 0.0009245 secs] 95293K->1129K(256000K), 0.0010311 secs] [Times: user=0.00 sys=0.00, real=0.00 secs] 
417.965: [GC (Allocation Failure) 417.965: [ParNew: 94164K->0K(153600K), 0.0009971 secs] 95293K->1129K(256000K), 0.0011522 secs] [Times: user=0.00 sys=0.00, real=0.00 secs] 
418.986: [GC (Allocation Failure) 418.986: [ParNew: 94164K->0K(153600K), 0.0009340 secs] 95293K->1129K(256000K), 0.0010705 secs] [Times: user=0.00 sys=0.00, real=0.00 secs] 
420.005: [GC (Allocation Failure) 420.005: [ParNew: 94164K->0K(153600K), 0.0010571 secs] 95293K->1129K(256000K), 0.0011917 secs] [Times: user=0.00 sys=0.00, real=0.00 secs] 
421.027: [GC (Allocation Failure) 421.027: [ParNew: 94164K->0K(153600K), 0.0011065 secs] 95293K->1129K(256000K), 0.0012387 secs] [Times: user=0.00 sys=0.00, real=0.00 secs] 
422.047: [GC (Allocation Failure) 422.047: [ParNew: 94164K->0K(153600K), 0.0009328 secs] 95293K->1129K(256000K), 0.0010536 secs] [Times: user=0.00 sys=0.00, real=0.00 secs] 
424.060: [GC (Allocation Failure) 424.060: [ParNew: 94164K->0K(153600K), 0.0010666 secs] 95293K->1129K(256000K), 0.0011751 secs] [Times: user=0.00 sys=0.00, real=0.00 secs] 
425.081: [GC (Allocation Failure) 425.081: [ParNew: 94164K->0K(153600K), 0.0003734 secs] 95293K->1129K(256000K), 0.0004259 secs] [Times: user=0.00 sys=0.00, real=0.00 secs] 
426.096: [GC (Allocation Failure) 426.096: [ParNew: 94164K->0K(153600K), 0.0009865 secs] 95293K->1129K(256000K), 0.0011246 secs] [Times: user=0.06 sys=0.00, real=0.00 secs] 
427.113: [GC (Allocation Failure) 427.113: [ParNew: 94164K->0K(153600K), 0.0003963 secs] 95293K->1129K(256000K), 0.0004583 secs] [Times: user=0.00 sys=0.00, real=0.00 secs] 
428.128: [GC (Allocation Failure) 428.128: [ParNew: 94164K->0K(153600K), 0.0008917 secs] 95293K->1129K(256000K), 0.0009995 secs] [Times: user=0.00 sys=0.00, real=0.00 secs] 
429.146: [GC (Allocation Failure) 429.146: [ParNew: 94164K->0K(153600K), 0.0004820 secs] 95293K->1129K(256000K), 0.0005530 secs] [Times: user=0.00 sys=0.00, real=0.00 secs] 
430.158: [GC (Allocation Failure) 430.158: [ParNew: 94164K->0K(153600K), 0.0004161 secs] 95293K->1129K(256000K), 0.0004847 secs] [Times: user=0.00 sys=0.00, real=0.00 secs] 
431.170: [GC (Allocation Failure) 431.170: [ParNew: 94164K->0K(153600K), 0.0005124 secs] 95293K->1129K(256000K), 0.0005795 secs] [Times: user=0.00 sys=0.00, real=0.00 secs] 
433.185: [GC (Allocation Failure) 433.185: [ParNew: 94164K->0K(153600K), 0.0009383 secs] 95293K->1129K(256000K), 0.0010591 secs] [Times: user=0.00 sys=0.00, real=0.00 secs] 
434.203: [GC (Allocation Failure) 434.203: [ParNew: 94164K->0K(153600K), 0.0005732 secs] 95293K->1129K(256000K), 0.0006379 secs] [Times: user=0.00 sys=0.00, real=0.00 secs] 
435.215: [GC (Allocation Failure) 435.215: [ParNew: 94164K->0K(153600K), 0.0004626 secs] 95293K->1129K(256000K), 0.0005349 secs] [Times: user=0.00 sys=0.00, real=0.00 secs] 
436.231: [GC (Allocation Failure) 436.232: [ParNew: 94164K->0K(153600K), 0.0008941 secs] 95293K->1129K(256000K), 0.0010512 secs] [Times: user=0.00 sys=0.00, real=0.00 secs] 
437.250: [GC (Allocation Failure) 437.250: [ParNew: 94164K->0K(153600K), 0.0006146 secs] 95293K->1129K(256000K), 0.0007196 secs] [Times: user=0.00 sys=0.00, real=0.00 secs] 
438.262: [GC (Allocation Failure) 438.262: [ParNew: 94164K->0K(153600K), 0.0006932 secs] 95293K->1129K(256000K), 0.0007855 secs] [Times: user=0.00 sys=0.00, real=0.00 secs] 
439.275: [GC (Allocation Failure) 439.275: [ParNew: 94164K->0K(153600K), 0.0005554 secs] 95293K->1129K(256000K), 0.0006379 secs] [Times: user=0.00 sys=0.00, real=0.00 secs] 
440.288: [GC (Allocation Failure) 440.288: [ParNew: 94164K->0K(153600K), 0.0006762 secs] 95293K->1129K(256000K), 0.0007615 secs] [Times: user=0.00 sys=0.00, real=0.00 secs] 
442.308: [GC (Allocation Failure) 442.308: [ParNew: 94164K->0K(153600K), 0.0005609 secs] 95293K->1129K(256000K), 0.0006415 secs] [Times: user=0.00 sys=0.00, real=0.00 secs] 
443.320: [GC (Allocation Failure) 443.321: [ParNew: 94164K->0K(153600K), 0.0010287 secs] 95293K->1129K(256000K), 0.0011424 secs] [Times: user=0.00 sys=0.00, real=0.00 secs] 
444.341: [GC (Allocation Failure) 444.341: [ParNew: 94164K->0K(153600K), 0.0012821 secs] 95293K->1129K(256000K), 0.0014124 secs] [Times: user=0.00 sys=0.00, real=0.00 secs] 
445.358: [GC (Allocation Failure) 445.358: [ParNew: 94164K->0K(153600K), 0.0004042 secs] 95293K->1129K(256000K), 0.0004622 secs] [Times: user=0.00 sys=0.00, real=0.00 secs] 
446.372: [GC (Allocation Failure) 446.372: [ParNew: 94164K->0K(153600K), 0.0009604 secs] 95293K->1129K(256000K), 0.0010986 secs] [Times: user=0.00 sys=0.00, real=0.00 secs] 
447.392: [GC (Allocation Failure) 447.392: [ParNew: 94164K->0K(153600K), 0.0008913 secs] 95293K->1129K(256000K), 0.0010066 secs] [Times: user=0.00 sys=0.00, real=0.00 secs] 
448.409: [GC (Allocation Failure) 448.409: [ParNew: 94164K->0K(153600K), 0.0006801 secs] 95293K->1129K(256000K), 0.0007812 secs] [Times: user=0.02 sys=0.00, real=0.00 secs] 
449.428: [GC (Allocation Failure) 449.428: [ParNew: 94164K->0K(153600K), 0.0009517 secs] 95293K->1129K(256000K), 0.0010808 secs] [Times: user=0.00 sys=0.00, real=0.00 secs] 
451.448: [GC (Allocation Failure) 451.448: [ParNew: 94164K->0K(153600K), 0.0005361 secs] 95293K->1129K(256000K), 0.0006324 secs] [Times: user=0.00 sys=0.00, real=0.00 secs] 
452.460: [GC (Allocation Failure) 452.460: [ParNew: 94164K->0K(153600K), 0.0007370 secs] 95293K->1129K(256000K), 0.0008384 secs] [Times: user=0.00 sys=0.00, real=0.00 secs] 
453.474: [GC (Allocation Failure) 453.474: [ParNew: 94164K->0K(153600K), 0.0009004 secs] 95293K->1129K(256000K), 0.0010291 secs] [Times: user=0.00 sys=0.00, real=0.00 secs] 
454.493: [GC (Allocation Failure) 454.493: [ParNew: 94164K->0K(153600K), 0.0008992 secs] 95293K->1129K(256000K), 0.0010350 secs] [Times: user=0.00 sys=0.00, real=0.00 secs] 
455.508: [GC (Allocation Failure) 455.508: [ParNew: 94164K->0K(153600K), 0.0004457 secs] 95293K->1129K(256000K), 0.0005037 secs] [Times: user=0.00 sys=0.00, real=0.00 secs] 
456.518: [GC (Allocation Failure) 456.519: [ParNew: 94164K->0K(153600K), 0.0004326 secs] 95293K->1129K(256000K), 0.0004922 secs] [Times: user=0.00 sys=0.00, real=0.00 secs] 
457.534: [GC (Allocation Failure) 457.534: [ParNew: 94164K->0K(153600K), 0.0009466 secs] 95293K->1129K(256000K), 0.0010737 secs] [Times: user=0.06 sys=0.00, real=0.00 secs] 
458.556: [GC (Allocation Failure) 458.556: [ParNew: 94164K->0K(153600K), 0.0009367 secs] 95293K->1129K(256000K), 0.0010626 secs] [Times: user=0.00 sys=0.00, real=0.00 secs] 
460.574: [GC (Allocation Failure) 460.574: [ParNew: 94164K->0K(153600K), 0.0003845 secs] 95293K->1129K(256000K), 0.0004504 secs] [Times: user=0.00 sys=0.00, real=0.00 secs] 
461.584: [GC (Allocation Failure) 461.585: [ParNew: 94164K->0K(153600K), 0.0003841 secs] 95293K->1129K(256000K), 0.0004555 secs] [Times: user=0.00 sys=0.00, real=0.00 secs] 
462.595: [GC (Allocation Failure) 462.595: [ParNew: 94164K->0K(153600K), 0.0005672 secs] 95293K->1129K(256000K), 0.0006399 secs] [Times: user=0.00 sys=0.00, real=0.00 secs] 
463.612: [GC (Allocation Failure) 463.612: [ParNew: 94164K->0K(153600K), 0.0006363 secs] 95293K->1129K(256000K), 0.0007267 secs] [Times: user=0.00 sys=0.00, real=0.00 secs] 
464.628: [GC (Allocation Failure) 464.628: [ParNew: 94164K->0K(153600K), 0.0009695 secs] 95293K->1129K(256000K), 0.0011108 secs] [Times: user=0.06 sys=0.00, real=0.00 secs] 
465.648: [GC (Allocation Failure) 465.648: [ParNew: 94164K->0K(153600K), 0.0010121 secs] 95293K->1129K(256000K), 0.0011467 secs] [Times: user=0.00 sys=0.00, real=0.00 secs] 
466.670: [GC (Allocation Failure) 466.670: [ParNew: 94164K->0K(153600K), 0.0009213 secs] 95293K->1129K(256000K), 0.0010567 secs] [Times: user=0.00 sys=0.00, real=0.00 secs] 
467.683: [GC (Allocation Failure) 467.683: [ParNew: 94164K->0K(153600K), 0.0007836 secs] 95293K->1129K(256000K), 0.0009040 secs] [Times: user=0.00 sys=0.00, real=0.00 secs] 
469.696: [GC (Allocation Failure) 469.696: [ParNew: 94164K->0K(153600K), 0.0003861 secs] 95293K->1129K(256000K), 0.0004429 secs] [Times: user=0.00 sys=0.00, real=0.00 secs] 
470.706: [GC (Allocation Failure) 470.706: [ParNew: 94164K->0K(153600K), 0.0004409 secs] 95293K->1129K(256000K), 0.0005195 secs] [Times: user=0.01 sys=0.00, real=0.00 secs] 
471.720: [GC (Allocation Failure) 471.720: [ParNew: 94164K->0K(153600K), 0.0009276 secs] 95293K->1129K(256000K), 0.0010374 secs] [Times: user=0.00 sys=0.00, real=0.00 secs] 
472.737: [GC (Allocation Failure) 472.737: [ParNew: 94164K->0K(153600K), 0.0006758 secs] 95293K->1129K(256000K), 0.0007429 secs] [Times: user=0.00 sys=0.00, real=0.00 secs] 
473.748: [GC (Allocation Failure) 473.748: [ParNew: 94164K->0K(153600K), 0.0005696 secs] 95293K->1129K(256000K), 0.0006403 secs] [Times: user=0.00 sys=0.00, real=0.00 secs] 
474.764: [GC (Allocation Failure) 474.764: [ParNew: 94164K->0K(153600K), 0.0009845 secs] 95293K->1129K(256000K), 0.0011151 secs] [Times: user=0.00 sys=0.00, real=0.00 secs] 
475.784: [GC (Allocation Failure) 475.784: [ParNew: 94164K->0K(153600K), 0.0009257 secs] 95293K->1129K(256000K), 0.0010461 secs] [Times: user=0.00 sys=0.00, real=0.00 secs] 
476.800: [GC (Allocation Failure) 476.800: [ParNew: 94164K->0K(153600K), 0.0003932 secs] 95293K->1129K(256000K), 0.0004567 secs] [Times: user=0.00 sys=0.00, real=0.00 secs] 
478.819: [GC (Allocation Failure) 478.819: [ParNew: 94164K->0K(153600K), 0.0010504 secs] 95293K->1129K(256000K), 0.0011961 secs] [Times: user=0.00 sys=0.00, real=0.00 secs] 
479.839: [GC (Allocation Failure) 479.839: [ParNew: 94164K->0K(153600K), 0.0009699 secs] 95293K->1129K(256000K), 0.0010851 secs] [Times: user=0.00 sys=0.00, real=0.00 secs] 
480.858: [GC (Allocation Failure) 480.859: [ParNew: 94164K->0K(153600K), 0.0010895 secs] 95293K->1129K(256000K), 0.0012284 secs] [Times: user=0.00 sys=0.00, real=0.00 secs] 
481.878: [GC (Allocation Failure) 481.878: [ParNew: 94164K->0K(153600K), 0.0008447 secs] 95293K->1129K(256000K), 0.0009675 secs] [Times: user=0.00 sys=0.00, real=0.00 secs] 
482.899: [GC (Allocation Failure) 482.899: [ParNew: 94164K->0K(153600K), 0.0010824 secs] 95293K->1129K(256000K), 0.0012020 secs] [Times: user=0.00 sys=0.00, real=0.00 secs] 
483.916: [GC (Allocation Failure) 483.916: [ParNew: 94164K->0K(153600K), 0.0008704 secs] 95293K->1129K(256000K), 0.0010034 secs] [Times: user=0.00 sys=0.00, real=0.00 secs] 
484.936: [GC (Allocation Failure) 484.936: [ParNew: 94164K->0K(153600K), 0.0009632 secs] 95293K->1129K(256000K), 0.0011088 secs] [Times: user=0.00 sys=0.00, real=0.00 secs] 
485.950: [GC (Allocation Failure) 485.950: [ParNew: 94164K->0K(153600K), 0.0005368 secs] 95293K->1129K(256000K), 0.0006150 secs] [Times: user=0.00 sys=0.00, real=0.00 secs] 
487.965: [GC (Allocation Failure) 487.965: [ParNew: 94164K->0K(153600K), 0.0008909 secs] 95293K->1129K(256000K), 0.0010101 secs] [Times: user=0.00 sys=0.00, real=0.00 secs] 
488.985: [GC (Allocation Failure) 488.985: [ParNew: 94164K->0K(153600K), 0.0005534 secs] 95293K->1129K(256000K), 0.0006324 secs] [Times: user=0.00 sys=0.00, real=0.00 secs] 
489.998: [GC (Allocation Failure) 489.998: [ParNew: 94164K->0K(153600K), 0.0009225 secs] 95293K->1129K(256000K), 0.0010409 secs] [Times: user=0.00 sys=0.00, real=0.00 secs] 
491.018: [GC (Allocation Failure) 491.018: [ParNew: 94164K->0K(153600K), 0.0009237 secs] 95293K->1129K(256000K), 0.0010374 secs] [Times: user=0.00 sys=0.00, real=0.00 secs] 
492.035: [GC (Allocation Failure) 492.035: [ParNew: 94164K->0K(153600K), 0.0004836 secs] 95293K->1129K(256000K), 0.0005499 secs] [Times: user=0.03 sys=0.00, real=0.00 secs] 
493.050: [GC (Allocation Failure) 493.050: [ParNew: 94164K->0K(153600K), 0.0012947 secs] 95293K->1129K(256000K), 0.0015276 secs] [Times: user=0.05 sys=0.00, real=0.00 secs] 
494.072: [GC (Allocation Failure) 494.072: [ParNew: 94164K->0K(153600K), 0.0010390 secs] 95293K->1129K(256000K), 0.0011657 secs] [Times: user=0.00 sys=0.00, real=0.00 secs] 
495.086: [GC (Allocation Failure) 495.086: [ParNew: 94164K->0K(153600K), 0.0004701 secs] 95293K->1129K(256000K), 0.0005368 secs] [Times: user=0.00 sys=0.00, real=0.00 secs] 
497.099: [GC (Allocation Failure) 497.100: [ParNew: 94164K->0K(153600K), 0.0010524 secs] 95293K->1129K(256000K), 0.0011949 secs] [Times: user=0.00 sys=0.00, real=0.00 secs] 
498.119: [GC (Allocation Failure) 498.119: [ParNew: 94164K->0K(153600K), 0.0008515 secs] 95293K->1129K(256000K), 0.0009801 secs] [Times: user=0.00 sys=0.00, real=0.00 secs] 
499.139: [GC (Allocation Failure) 499.139: [ParNew: 94164K->0K(153600K), 0.0010488 secs] 95293K->1129K(256000K), 0.0011807 secs] [Times: user=0.00 sys=0.00, real=0.00 secs] 
500.157: [GC (Allocation Failure) 500.157: [ParNew: 94164K->0K(153600K), 0.0004622 secs] 95293K->1129K(256000K), 0.0005459 secs] [Times: user=0.00 sys=0.00, real=0.00 secs] 
501.172: [GC (Allocation Failure) 501.172: [ParNew: 94164K->0K(153600K), 0.0006391 secs] 95293K->1129K(256000K), 0.0007393 secs] [Times: user=0.00 sys=0.00, real=0.00 secs] 
502.188: [GC (Allocation Failure) 502.188: [ParNew: 94164K->0K(153600K), 0.0009036 secs] 95293K->1129K(256000K), 0.0010532 secs] [Times: user=0.00 sys=0.00, real=0.00 secs] 
503.204: [GC (Allocation Failure) 503.204: [ParNew: 94164K->0K(153600K), 0.0003861 secs] 95293K->1129K(256000K), 0.0004449 secs] [Times: user=0.00 sys=0.00, real=0.00 secs] 
504.219: [GC (Allocation Failure) 504.219: [ParNew: 94164K->0K(153600K), 0.0007532 secs] 95293K->1129K(256000K), 0.0008325 secs] [Times: user=0.00 sys=0.00, real=0.00 secs] 
506.238: [GC (Allocation Failure) 506.239: [ParNew: 94164K->0K(153600K), 0.0005361 secs] 95293K->1129K(256000K), 0.0006122 secs] [Times: user=0.00 sys=0.00, real=0.00 secs] 
507.252: [GC (Allocation Failure) 507.252: [ParNew: 94164K->0K(153600K), 0.0010346 secs] 95293K->1129K(256000K), 0.0011542 secs] [Times: user=0.00 sys=0.00, real=0.00 secs] 
508.271: [GC (Allocation Failure) 508.271: [ParNew: 94164K->0K(153600K), 0.0011886 secs] 95293K->1129K(256000K), 0.0013255 secs] [Times: user=0.00 sys=0.00, real=0.00 secs] 
509.295: [GC (Allocation Failure) 509.296: [ParNew: 94164K->0K(153600K), 0.0009786 secs] 95293K->1129K(256000K), 0.0011199 secs] [Times: user=0.00 sys=0.00, real=0.00 secs] 
510.316: [GC (Allocation Failure) 510.316: [ParNew: 94164K->0K(153600K), 0.0009434 secs] 95293K->1129K(256000K), 0.0010887 secs] [Times: user=0.00 sys=0.03, real=0.00 secs] 
511.334: [GC (Allocation Failure) 511.334: [ParNew: 94164K->0K(153600K), 0.0008262 secs] 95293K->1129K(256000K), 0.0009150 secs] [Times: user=0.00 sys=0.00, real=0.00 secs] 
512.346: [GC (Allocation Failure) 512.346: [ParNew: 94164K->0K(153600K), 0.0003849 secs] 95293K->1129K(256000K), 0.0004468 secs] [Times: user=0.00 sys=0.00, real=0.00 secs] 
513.358: [GC (Allocation Failure) 513.358: [ParNew: 94164K->0K(153600K), 0.0005376 secs] 95293K->1129K(256000K), 0.0006012 secs] [Times: user=0.00 sys=0.00, real=0.00 secs] 
515.371: [GC (Allocation Failure) 515.371: [ParNew: 94164K->0K(153600K), 0.0012407 secs] 95293K->1129K(256000K), 0.0013950 secs] [Times: user=0.00 sys=0.00, real=0.00 secs] 
516.389: [GC (Allocation Failure) 516.389: [ParNew: 94164K->0K(153600K), 0.0004378 secs] 95293K->1129K(256000K), 0.0005108 secs] [Times: user=0.00 sys=0.00, real=0.00 secs] 
517.401: [GC (Allocation Failure) 517.401: [ParNew: 94164K->0K(153600K), 0.0010686 secs] 95293K->1129K(256000K), 0.0011901 secs] [Times: user=0.00 sys=0.00, real=0.00 secs] 
518.421: [GC (Allocation Failure) 518.421: [ParNew: 94164K->0K(153600K), 0.0008980 secs] 95293K->1129K(256000K), 0.0010003 secs] [Times: user=0.00 sys=0.00, real=0.00 secs] 
519.437: [GC (Allocation Failure) 519.437: [ParNew: 94164K->0K(153600K), 0.0009371 secs] 95293K->1129K(256000K), 0.0010457 secs] [Times: user=0.00 sys=0.00, real=0.00 secs] 
520.457: [GC (Allocation Failure) 520.457: [ParNew: 94164K->0K(153600K), 0.0011917 secs] 95293K->1129K(256000K), 0.0013449 secs] [Times: user=0.00 sys=0.00, real=0.00 secs] 
521.479: [GC (Allocation Failure) 521.479: [ParNew: 94164K->0K(153600K), 0.0011065 secs] 95293K->1129K(256000K), 0.0012482 secs] [Times: user=0.00 sys=0.00, real=0.00 secs] 
522.494: [GC (Allocation Failure) 522.494: [ParNew: 94164K->0K(153600K), 0.0005325 secs] 95293K->1129K(256000K), 0.0006118 secs] [Times: user=0.00 sys=0.00, real=0.00 secs] 
524.505: [GC (Allocation Failure) 524.505: [ParNew: 94164K->0K(153600K), 0.0009391 secs] 95293K->1129K(256000K), 0.0010697 secs] [Times: user=0.00 sys=0.00, real=0.00 secs] 
525.529: [GC (Allocation Failure) 525.529: [ParNew: 94164K->0K(153600K), 0.0010469 secs] 95293K->1129K(256000K), 0.0011996 secs] [Times: user=0.00 sys=0.00, real=0.00 secs] 
526.548: [GC (Allocation Failure) 526.548: [ParNew: 94164K->0K(153600K), 0.0006154 secs] 95293K->1129K(256000K), 0.0006999 secs] [Times: user=0.00 sys=0.00, real=0.00 secs] 
527.563: [GC (Allocation Failure) 527.563: [ParNew: 94164K->0K(153600K), 0.0011069 secs] 95293K->1129K(256000K), 0.0012450 secs] [Times: user=0.00 sys=0.00, real=0.00 secs] 
528.584: [GC (Allocation Failure) 528.584: [ParNew: 94164K->0K(153600K), 0.0010891 secs] 95293K->1129K(256000K), 0.0012284 secs] [Times: user=0.00 sys=0.00, real=0.00 secs] 
529.605: [GC (Allocation Failure) 529.605: [ParNew: 94164K->0K(153600K), 0.0009071 secs] 95293K->1129K(256000K), 0.0010476 secs] [Times: user=0.00 sys=0.00, real=0.00 secs] 
530.619: [GC (Allocation Failure) 530.619: [ParNew: 94164K->0K(153600K), 0.0007693 secs] 95293K->1129K(256000K), 0.0008507 secs] [Times: user=0.00 sys=0.00, real=0.00 secs] 
531.630: [GC (Allocation Failure) 531.630: [ParNew: 94164K->0K(153600K), 0.0004642 secs] 95293K->1129K(256000K), 0.0005329 secs] [Times: user=0.00 sys=0.00, real=0.00 secs] 
533.649: [GC (Allocation Failure) 533.649: [ParNew: 94164K->0K(153600K), 0.0014191 secs] 95293K->1129K(256000K), 0.0015719 secs] [Times: user=0.00 sys=0.00, real=0.00 secs] 
534.670: [GC (Allocation Failure) 534.671: [ParNew: 94164K->0K(153600K), 0.0009115 secs] 95293K->1129K(256000K), 0.0010397 secs] [Times: user=0.00 sys=0.00, real=0.00 secs] 
535.686: [GC (Allocation Failure) 535.686: [ParNew: 94164K->0K(153600K), 0.0004843 secs] 95293K->1129K(256000K), 0.0005692 secs] [Times: user=0.00 sys=0.00, real=0.00 secs] 
536.700: [GC (Allocation Failure) 536.700: [ParNew: 94164K->0K(153600K), 0.0009667 secs] 95293K->1129K(256000K), 0.0011116 secs] [Times: user=0.00 sys=0.00, real=0.00 secs] 
537.720: [GC (Allocation Failure) 537.721: [ParNew: 94164K->0K(153600K), 0.0008890 secs] 95293K->1129K(256000K), 0.0010180 secs] [Times: user=0.00 sys=0.00, real=0.00 secs] 
538.739: [GC (Allocation Failure) 538.739: [ParNew: 94164K->0K(153600K), 0.0009004 secs] 95293K->1129K(256000K), 0.0010169 secs] [Times: user=0.00 sys=0.00, real=0.00 secs] 
539.757: [GC (Allocation Failure) 539.757: [ParNew: 94164K->0K(153600K), 0.0008657 secs] 95293K->1129K(256000K), 0.0010101 secs] [Times: user=0.00 sys=0.00, real=0.00 secs] 
540.777: [GC (Allocation Failure) 540.777: [ParNew: 94164K->0K(153600K), 0.0010413 secs] 95293K->1129K(256000K), 0.0011957 secs] [Times: user=0.00 sys=0.00, real=0.00 secs] 
542.796: [GC (Allocation Failure) 542.796: [ParNew: 94164K->0K(153600K), 0.0009438 secs] 95293K->1129K(256000K), 0.0010540 secs] [Times: user=0.00 sys=0.00, real=0.00 secs] 
543.814: [GC (Allocation Failure) 543.814: [ParNew: 94164K->0K(153600K), 0.0005037 secs] 95293K->1129K(256000K), 0.0005807 secs] [Times: user=0.00 sys=0.00, real=0.00 secs] 
544.827: [GC (Allocation Failure) 544.827: [ParNew: 94164K->0K(153600K), 0.0009036 secs] 95293K->1129K(256000K), 0.0010378 secs] [Times: user=0.00 sys=0.00, real=0.00 secs] 
545.845: [GC (Allocation Failure) 545.845: [ParNew: 94164K->0K(153600K), 0.0005076 secs] 95293K->1129K(256000K), 0.0005807 secs] [Times: user=0.00 sys=0.00, real=0.00 secs] 
546.857: [GC (Allocation Failure) 546.857: [ParNew: 94164K->0K(153600K), 0.0005392 secs] 95293K->1129K(256000K), 0.0006209 secs] [Times: user=0.00 sys=0.00, real=0.00 secs] 
547.869: [GC (Allocation Failure) 547.869: [ParNew: 94164K->0K(153600K), 0.0004046 secs] 95293K->1129K(256000K), 0.0004658 secs] [Times: user=0.00 sys=0.00, real=0.00 secs] 
548.884: [GC (Allocation Failure) 548.884: [ParNew: 94164K->0K(153600K), 0.0008937 secs] 95293K->1129K(256000K), 0.0010109 secs] [Times: user=0.00 sys=0.00, real=0.00 secs] 
549.905: [GC (Allocation Failure) 549.905: [ParNew: 94164K->0K(153600K), 0.0005503 secs] 95293K->1129K(256000K), 0.0006403 secs] [Times: user=0.00 sys=0.00, real=0.00 secs] 
551.934: [GC (Allocation Failure) 551.934: [ParNew: 94164K->0K(153600K), 0.0009482 secs] 95293K->1129K(256000K), 0.0010662 secs] [Times: user=0.00 sys=0.00, real=0.00 secs] 
552.954: [GC (Allocation Failure) 552.954: [ParNew: 94164K->0K(153600K), 0.0008684 secs] 95293K->1129K(256000K), 0.0009833 secs] [Times: user=0.00 sys=0.00, real=0.00 secs] 
553.973: [GC (Allocation Failure) 553.973: [ParNew: 94164K->0K(153600K), 0.0005759 secs] 95293K->1129K(256000K), 0.0006568 secs] [Times: user=0.00 sys=0.00, real=0.00 secs] 
554.985: [GC (Allocation Failure) 554.985: [ParNew: 94164K->0K(153600K), 0.0004176 secs] 95293K->1129K(256000K), 0.0004875 secs] [Times: user=0.00 sys=0.00, real=0.00 secs] 
555.996: [GC (Allocation Failure) 555.996: [ParNew: 94164K->0K(153600K), 0.0003797 secs] 95293K->1129K(256000K), 0.0004362 secs] [Times: user=0.00 sys=0.00, real=0.00 secs] 
557.013: [GC (Allocation Failure) 557.013: [ParNew: 94164K->0K(153600K), 0.0009766 secs] 95293K->1129K(256000K), 0.0010990 secs] [Times: user=0.00 sys=0.00, real=0.00 secs] 
558.032: [GC (Allocation Failure) 558.032: [ParNew: 94164K->0K(153600K), 0.0009229 secs] 95293K->1129K(256000K), 0.0010413 secs] [Times: user=0.00 sys=0.00, real=0.00 secs] 
559.052: [GC (Allocation Failure) 559.053: [ParNew: 94164K->0K(153600K), 0.0009205 secs] 95293K->1129K(256000K), 0.0010516 secs] [Times: user=0.00 sys=0.00, real=0.00 secs] 
561.081: [GC (Allocation Failure) 561.081: [ParNew: 94164K->0K(153600K), 0.0003959 secs] 95293K->1129K(256000K), 0.0004508 secs] [Times: user=0.00 sys=0.00, real=0.00 secs] 
562.092: [GC (Allocation Failure) 562.092: [ParNew: 94164K->0K(153600K), 0.0003983 secs] 95293K->1129K(256000K), 0.0004567 secs] [Times: user=0.00 sys=0.00, real=0.00 secs] 
563.104: [GC (Allocation Failure) 563.104: [ParNew: 94164K->0K(153600K), 0.0009024 secs] 95293K->1129K(256000K), 0.0010228 secs] [Times: user=0.00 sys=0.00, real=0.00 secs] 
564.122: [GC (Allocation Failure) 564.122: [ParNew: 94164K->0K(153600K), 0.0003825 secs] 95293K->1129K(256000K), 0.0004393 secs] [Times: user=0.00 sys=0.00, real=0.00 secs] 
565.134: [GC (Allocation Failure) 565.134: [ParNew: 94164K->0K(153600K), 0.0008842 secs] 95293K->1129K(256000K), 0.0010019 secs] [Times: user=0.00 sys=0.00, real=0.00 secs] 
566.153: [GC (Allocation Failure) 566.153: [ParNew: 94164K->0K(153600K), 0.0007026 secs] 95293K->1129K(256000K), 0.0007792 secs] [Times: user=0.00 sys=0.00, real=0.00 secs] 
567.170: [GC (Allocation Failure) 567.170: [ParNew: 94164K->0K(153600K), 0.0008933 secs] 95293K->1129K(256000K), 0.0010169 secs] [Times: user=0.00 sys=0.00, real=0.00 secs] 
568.188: [GC (Allocation Failure) 568.188: [ParNew: 94164K->0K(153600K), 0.0008976 secs] 95293K->1129K(256000K), 0.0010196 secs] [Times: user=0.00 sys=0.00, real=0.00 secs] 
570.210: [GC (Allocation Failure) 570.210: [ParNew: 94164K->0K(153600K), 0.0013867 secs] 95293K->1129K(256000K), 0.0015249 secs] [Times: user=0.00 sys=0.00, real=0.00 secs] 
571.228: [GC (Allocation Failure) 571.228: [ParNew: 94164K->0K(153600K), 0.0004757 secs] 95293K->1129K(256000K), 0.0005534 secs] [Times: user=0.00 sys=0.00, real=0.00 secs] 
572.241: [GC (Allocation Failure) 572.241: [ParNew: 94164K->0K(153600K), 0.0004208 secs] 95293K->1129K(256000K), 0.0004950 secs] [Times: user=0.00 sys=0.00, real=0.00 secs] 
573.254: [GC (Allocation Failure) 573.254: [ParNew: 94164K->0K(153600K), 0.0009028 secs] 95293K->1129K(256000K), 0.0010319 secs] [Times: user=0.00 sys=0.00, real=0.00 secs] 
574.274: [GC (Allocation Failure) 574.274: [ParNew: 94164K->0K(153600K), 0.0012474 secs] 95293K->1129K(256000K), 0.0013844 secs] [Times: user=0.00 sys=0.00, real=0.00 secs] 
575.293: [GC (Allocation Failure) 575.293: [ParNew: 94164K->0K(153600K), 0.0008905 secs] 95293K->1129K(256000K), 0.0010176 secs] [Times: user=0.00 sys=0.00, real=0.00 secs] 
576.312: [GC (Allocation Failure) 576.313: [ParNew: 94164K->0K(153600K), 0.0009130 secs] 95293K->1129K(256000K), 0.0010251 secs] [Times: user=0.00 sys=0.00, real=0.00 secs] 
577.331: [GC (Allocation Failure) 577.331: [ParNew: 94164K->0K(153600K), 0.0009442 secs] 95293K->1129K(256000K), 0.0010666 secs] [Times: user=0.06 sys=0.00, real=0.00 secs] 
579.350: [GC (Allocation Failure) 579.350: [ParNew: 94164K->0K(153600K), 0.0009249 secs] 95293K->1129K(256000K), 0.0010670 secs] [Times: user=0.00 sys=0.00, real=0.00 secs] 
580.368: [GC (Allocation Failure) 580.368: [ParNew: 94164K->0K(153600K), 0.0003786 secs] 95293K->1129K(256000K), 0.0004382 secs] [Times: user=0.00 sys=0.00, real=0.00 secs] 
581.379: [GC (Allocation Failure) 581.379: [ParNew: 94164K->0K(153600K), 0.0004429 secs] 95293K->1129K(256000K), 0.0005171 secs] [Times: user=0.06 sys=0.00, real=0.00 secs] 
582.391: [GC (Allocation Failure) 582.391: [ParNew: 94164K->0K(153600K), 0.0004599 secs] 95293K->1129K(256000K), 0.0005313 secs] [Times: user=0.00 sys=0.00, real=0.00 secs] 
583.403: [GC (Allocation Failure) 583.403: [ParNew: 94164K->0K(153600K), 0.0005215 secs] 95293K->1129K(256000K), 0.0005917 secs] [Times: user=0.00 sys=0.00, real=0.00 secs] 
584.417: [GC (Allocation Failure) 584.417: [ParNew: 94164K->0K(153600K), 0.0009486 secs] 95293K->1129K(256000K), 0.0010733 secs] [Times: user=0.00 sys=0.00, real=0.00 secs] 
585.433: [GC (Allocation Failure) 585.433: [ParNew: 94164K->0K(153600K), 0.0007030 secs] 95293K->1129K(256000K), 0.0007899 secs] [Times: user=0.00 sys=0.00, real=0.00 secs] 
586.445: [GC (Allocation Failure) 586.445: [ParNew: 94164K->0K(153600K), 0.0004725 secs] 95293K->1129K(256000K), 0.0005479 secs] [Times: user=0.00 sys=0.00, real=0.00 secs] 
588.458: [GC (Allocation Failure) 588.458: [ParNew: 94164K->0K(153600K), 0.0011155 secs] 95293K->1129K(256000K), 0.0012805 secs] [Times: user=0.00 sys=0.00, real=0.00 secs] 
589.478: [GC (Allocation Failure) 589.478: [ParNew: 94164K->0K(153600K), 0.0009115 secs] 95293K->1129K(256000K), 0.0010591 secs] [Times: user=0.00 sys=0.00, real=0.00 secs] 
590.496: [GC (Allocation Failure) 590.496: [ParNew: 94164K->0K(153600K), 0.0005708 secs] 95293K->1129K(256000K), 0.0006529 secs] [Times: user=0.00 sys=0.00, real=0.00 secs] 
591.508: [GC (Allocation Failure) 591.508: [ParNew: 94164K->0K(153600K), 0.0004101 secs] 95293K->1129K(256000K), 0.0004816 secs] [Times: user=0.00 sys=0.00, real=0.00 secs] 
592.521: [GC (Allocation Failure) 592.521: [ParNew: 94164K->0K(153600K), 0.0009288 secs] 95293K->1129K(256000K), 0.0010690 secs] [Times: user=0.00 sys=0.00, real=0.00 secs] 
593.541: [GC (Allocation Failure) 593.541: [ParNew: 94164K->0K(153600K), 0.0008921 secs] 95293K->1129K(256000K), 0.0010232 secs] [Times: user=0.00 sys=0.00, real=0.00 secs] 
594.559: [GC (Allocation Failure) 594.559: [ParNew: 94164K->0K(153600K), 0.0009438 secs] 95293K->1129K(256000K), 0.0010697 secs] [Times: user=0.00 sys=0.00, real=0.00 secs] 
595.573: [GC (Allocation Failure) 595.573: [ParNew: 94164K->0K(153600K), 0.0005325 secs] 95293K->1129K(256000K), 0.0006178 secs] [Times: user=0.00 sys=0.00, real=0.00 secs] 
597.592: [GC (Allocation Failure) 597.592: [ParNew: 94164K->0K(153600K), 0.0008909 secs] 95293K->1129K(256000K), 0.0009983 secs] [Times: user=0.00 sys=0.00, real=0.00 secs] 
598.611: [GC (Allocation Failure) 598.611: [ParNew: 94164K->0K(153600K), 0.0009079 secs] 95293K->1129K(256000K), 0.0010244 secs] [Times: user=0.00 sys=0.00, real=0.00 secs] 
599.630: [GC (Allocation Failure) 599.630: [ParNew: 94164K->0K(153600K), 0.0009363 secs] 95293K->1129K(256000K), 0.0010709 secs] [Times: user=0.00 sys=0.00, real=0.00 secs] 
600.650: [GC (Allocation Failure) 600.650: [ParNew: 94164K->0K(153600K), 0.0010994 secs] 95293K->1129K(256000K), 0.0012411 secs] [Times: user=0.00 sys=0.00, real=0.00 secs] 
601.670: [GC (Allocation Failure) 601.671: [ParNew: 94164K->0K(153600K), 0.0009983 secs] 95293K->1129K(256000K), 0.0011211 secs] [Times: user=0.00 sys=0.00, real=0.00 secs] 
602.691: [GC (Allocation Failure) 602.691: [ParNew: 94164K->0K(153600K), 0.0011045 secs] 95293K->1129K(256000K), 0.0012269 secs] [Times: user=0.05 sys=0.00, real=0.00 secs] 
603.712: [GC (Allocation Failure) 603.712: [ParNew: 94164K->0K(153600K), 0.0010022 secs] 95293K->1129K(256000K), 0.0011282 secs] [Times: user=0.00 sys=0.00, real=0.00 secs] 
604.734: [GC (Allocation Failure) 604.734: [ParNew: 94164K->0K(153600K), 0.0015071 secs] 95293K->1129K(256000K), 0.0016674 secs] [Times: user=0.00 sys=0.00, real=0.00 secs] 
606.755: [GC (Allocation Failure) 606.756: [ParNew: 94164K->0K(153600K), 0.0005325 secs] 95293K->1129K(256000K), 0.0006265 secs] [Times: user=0.00 sys=0.00, real=0.00 secs] 
607.768: [GC (Allocation Failure) 607.768: [ParNew: 94164K->0K(153600K), 0.0006316 secs] 95293K->1129K(256000K), 0.0007232 secs] [Times: user=0.00 sys=0.00, real=0.00 secs] 
608.781: [GC (Allocation Failure) 608.781: [ParNew: 94164K->0K(153600K), 0.0003766 secs] 95293K->1129K(256000K), 0.0004417 secs] [Times: user=0.00 sys=0.00, real=0.00 secs] 
609.794: [GC (Allocation Failure) 609.794: [ParNew: 94164K->0K(153600K), 0.0010737 secs] 95293K->1129K(256000K), 0.0011949 secs] [Times: user=0.00 sys=0.00, real=0.00 secs] 
610.811: [GC (Allocation Failure) 610.811: [ParNew: 94164K->0K(153600K), 0.0004074 secs] 95293K->1129K(256000K), 0.0004903 secs] [Times: user=0.00 sys=0.00, real=0.00 secs] 
611.826: [GC (Allocation Failure) 611.826: [ParNew: 94164K->0K(153600K), 0.0010532 secs] 95293K->1129K(256000K), 0.0011937 secs] [Times: user=0.00 sys=0.00, real=0.00 secs] 
612.849: [GC (Allocation Failure) 612.849: [ParNew: 94164K->0K(153600K), 0.0009762 secs] 95293K->1129K(256000K), 0.0011033 secs] [Times: user=0.00 sys=0.00, real=0.00 secs] 
613.862: [GC (Allocation Failure) 613.862: [ParNew: 94164K->0K(153600K), 0.0003833 secs] 95293K->1129K(256000K), 0.0004476 secs] [Times: user=0.00 sys=0.00, real=0.00 secs] 
615.874: [GC (Allocation Failure) 615.874: [ParNew: 94164K->0K(153600K), 0.0009371 secs] 95293K->1129K(256000K), 0.0010465 secs] [Times: user=0.00 sys=0.00, real=0.00 secs] 
616.891: [GC (Allocation Failure) 616.891: [ParNew: 94164K->0K(153600K), 0.0003734 secs] 95293K->1129K(256000K), 0.0004275 secs] [Times: user=0.00 sys=0.00, real=0.00 secs] 
617.904: [GC (Allocation Failure) 617.905: [ParNew: 94164K->0K(153600K), 0.0009063 secs] 95293K->1129K(256000K), 0.0010397 secs] [Times: user=0.00 sys=0.00, real=0.00 secs] 
618.922: [GC (Allocation Failure) 618.923: [ParNew: 94164K->0K(153600K), 0.0009774 secs] 95293K->1129K(256000K), 0.0010879 secs] [Times: user=0.00 sys=0.00, real=0.00 secs] 
619.942: [GC (Allocation Failure) 619.942: [ParNew: 94164K->0K(153600K), 0.0008629 secs] 95293K->1129K(256000K), 0.0009762 secs] [Times: user=0.00 sys=0.00, real=0.00 secs] 
620.961: [GC (Allocation Failure) 620.961: [ParNew: 94164K->0K(153600K), 0.0011897 secs] 95293K->1129K(256000K), 0.0014037 secs] [Times: user=0.00 sys=0.00, real=0.00 secs] 
621.980: [GC (Allocation Failure) 621.981: [ParNew: 94164K->0K(153600K), 0.0008483 secs] 95293K->1129K(256000K), 0.0009841 secs] [Times: user=0.00 sys=0.00, real=0.00 secs] 
622.999: [GC (Allocation Failure) 622.999: [ParNew: 94164K->0K(153600K), 0.0009107 secs] 95293K->1129K(256000K), 0.0010469 secs] [Times: user=0.00 sys=0.00, real=0.00 secs] 
625.019: [GC (Allocation Failure) 625.019: [ParNew: 94164K->0K(153600K), 0.0011005 secs] 95293K->1129K(256000K), 0.0012237 secs] [Times: user=0.06 sys=0.00, real=0.00 secs] 
626.039: [GC (Allocation Failure) 626.039: [ParNew: 94164K->0K(153600K), 0.0003849 secs] 95293K->1129K(256000K), 0.0004579 secs] [Times: user=0.00 sys=0.00, real=0.00 secs] 
627.052: [GC (Allocation Failure) 627.052: [ParNew: 94164K->0K(153600K), 0.0009379 secs] 95293K->1129K(256000K), 0.0010753 secs] [Times: user=0.00 sys=0.00, real=0.00 secs] 
628.071: [GC (Allocation Failure) 628.071: [ParNew: 94164K->0K(153600K), 0.0009979 secs] 95293K->1129K(256000K), 0.0011108 secs] [Times: user=0.00 sys=0.00, real=0.00 secs] 
629.095: [GC (Allocation Failure) 629.095: [ParNew: 94164K->0K(153600K), 0.0009067 secs] 95293K->1129K(256000K), 0.0010358 secs] [Times: user=0.00 sys=0.00, real=0.00 secs] 
630.111: [GC (Allocation Failure) 630.111: [ParNew: 94164K->0K(153600K), 0.0007595 secs] 95293K->1129K(256000K), 0.0008408 secs] [Times: user=0.00 sys=0.00, real=0.00 secs] 
631.124: [GC (Allocation Failure) 631.124: [ParNew: 94164K->0K(153600K), 0.0004678 secs] 95293K->1129K(256000K), 0.0005349 secs] [Times: user=0.00 sys=0.00, real=0.00 secs] 
632.140: [GC (Allocation Failure) 632.140: [ParNew: 94164K->0K(153600K), 0.0008767 secs] 95293K->1129K(256000K), 0.0009865 secs] [Times: user=0.00 sys=0.00, real=0.00 secs] 
634.161: [GC (Allocation Failure) 634.161: [ParNew: 94164K->0K(153600K), 0.0009351 secs] 95293K->1129K(256000K), 0.0010686 secs] [Times: user=0.00 sys=0.00, real=0.00 secs] 
635.180: [GC (Allocation Failure) 635.180: [ParNew: 94164K->0K(153600K), 0.0009490 secs] 95293K->1129K(256000K), 0.0013054 secs] [Times: user=0.00 sys=0.00, real=0.00 secs] 
636.198: [GC (Allocation Failure) 636.198: [ParNew: 94164K->0K(153600K), 0.0003778 secs] 95293K->1129K(256000K), 0.0004366 secs] [Times: user=0.00 sys=0.00, real=0.00 secs] 
637.211: [GC (Allocation Failure) 637.211: [ParNew: 94164K->0K(153600K), 0.0010026 secs] 95293K->1129K(256000K), 0.0011447 secs] [Times: user=0.00 sys=0.00, real=0.00 secs] 
638.232: [GC (Allocation Failure) 638.232: [ParNew: 94164K->0K(153600K), 0.0009000 secs] 95293K->1129K(256000K), 0.0010058 secs] [Times: user=0.00 sys=0.00, real=0.00 secs] 
639.254: [GC (Allocation Failure) 639.254: [ParNew: 94164K->0K(153600K), 0.0008949 secs] 95293K->1129K(256000K), 0.0010184 secs] [Times: user=0.00 sys=0.00, real=0.00 secs] 
640.273: [GC (Allocation Failure) 640.274: [ParNew: 94164K->0K(153600K), 0.0010153 secs] 95293K->1129K(256000K), 0.0011400 secs] [Times: user=0.00 sys=0.00, real=0.00 secs] 
641.294: [GC (Allocation Failure) 641.294: [ParNew: 94164K->0K(153600K), 0.0009158 secs] 95293K->1129K(256000K), 0.0010342 secs] [Times: user=0.00 sys=0.00, real=0.00 secs] 
643.307: [GC (Allocation Failure) 643.307: [ParNew: 94164K->0K(153600K), 0.0008740 secs] 95293K->1129K(256000K), 0.0009936 secs] [Times: user=0.00 sys=0.00, real=0.00 secs] 
644.325: [GC (Allocation Failure) 644.326: [ParNew: 94164K->0K(153600K), 0.0008736 secs] 95293K->1129K(256000K), 0.0009794 secs] [Times: user=0.00 sys=0.00, real=0.00 secs] 
645.345: [GC (Allocation Failure) 645.345: [ParNew: 94164K->0K(153600K), 0.0009194 secs] 95293K->1129K(256000K), 0.0010259 secs] [Times: user=0.00 sys=0.00, real=0.00 secs] 
646.366: [GC (Allocation Failure) 646.366: [ParNew: 94164K->0K(153600K), 0.0009095 secs] 95293K->1129K(256000K), 0.0010145 secs] [Times: user=0.00 sys=0.00, real=0.00 secs] 
647.384: [GC (Allocation Failure) 647.384: [ParNew: 94164K->0K(153600K), 0.0003932 secs] 95293K->1129K(256000K), 0.0004595 secs] [Times: user=0.00 sys=0.00, real=0.00 secs] 
648.400: [GC (Allocation Failure) 648.401: [ParNew: 94164K->0K(153600K), 0.0014755 secs] 95293K->1129K(256000K), 0.0016350 secs] [Times: user=0.00 sys=0.00, real=0.00 secs] 
649.424: [GC (Allocation Failure) 649.425: [ParNew: 94164K->0K(153600K), 0.0008799 secs] 95293K->1129K(256000K), 0.0010157 secs] [Times: user=0.00 sys=0.00, real=0.00 secs] 
650.438: [GC (Allocation Failure) 650.438: [ParNew: 94164K->0K(153600K), 0.0003904 secs] 95293K->1129K(256000K), 0.0004449 secs] [Times: user=0.00 sys=0.00, real=0.00 secs] 
652.453: [GC (Allocation Failure) 652.453: [ParNew: 94164K->0K(153600K), 0.0004686 secs] 95293K->1129K(256000K), 0.0005286 secs] [Times: user=0.00 sys=0.00, real=0.00 secs] 
653.465: [GC (Allocation Failure) 653.465: [ParNew: 94164K->0K(153600K), 0.0004855 secs] 95293K->1129K(256000K), 0.0005633 secs] [Times: user=0.00 sys=0.00, real=0.00 secs] 
654.478: [GC (Allocation Failure) 654.478: [ParNew: 94164K->0K(153600K), 0.0008590 secs] 95293K->1129K(256000K), 0.0010042 secs] [Times: user=0.00 sys=0.00, real=0.00 secs] 
655.495: [GC (Allocation Failure) 655.495: [ParNew: 94164K->0K(153600K), 0.0005676 secs] 95293K->1129K(256000K), 0.0006533 secs] [Times: user=0.00 sys=0.00, real=0.00 secs] 
656.509: [GC (Allocation Failure) 656.509: [ParNew: 94164K->0K(153600K), 0.0008440 secs] 95293K->1129K(256000K), 0.0009754 secs] [Times: user=0.00 sys=0.00, real=0.00 secs] 
657.537: [GC (Allocation Failure) 657.537: [ParNew: 94164K->0K(153600K), 0.0004784 secs] 95293K->1129K(256000K), 0.0005562 secs] [Times: user=0.00 sys=0.00, real=0.00 secs] 
658.553: [GC (Allocation Failure) 658.553: [ParNew: 94164K->0K(153600K), 0.0009790 secs] 95293K->1129K(256000K), 0.0011151 secs] [Times: user=0.00 sys=0.00, real=0.00 secs] 
659.569: [GC (Allocation Failure) 659.569: [ParNew: 94164K->0K(153600K), 0.0006150 secs] 95293K->1129K(256000K), 0.0007026 secs] [Times: user=0.00 sys=0.00, real=0.00 secs] 
661.579: [GC (Allocation Failure) 661.579: [ParNew: 94164K->0K(153600K), 0.0005862 secs] 95293K->1129K(256000K), 0.0006718 secs] [Times: user=0.00 sys=0.00, real=0.00 secs] 
662.593: [GC (Allocation Failure) 662.593: [ParNew: 94164K->0K(153600K), 0.0009119 secs] 95293K->1129K(256000K), 0.0010429 secs] [Times: user=0.00 sys=0.00, real=0.00 secs] 
663.612: [GC (Allocation Failure) 663.612: [ParNew: 94164K->0K(153600K), 0.0008965 secs] 95293K->1129K(256000K), 0.0010117 secs] [Times: user=0.00 sys=0.00, real=0.00 secs] 
664.631: [GC (Allocation Failure) 664.631: [ParNew: 94164K->0K(153600K), 0.0008909 secs] 95293K->1129K(256000K), 0.0010204 secs] [Times: user=0.00 sys=0.00, real=0.00 secs] 
665.651: [GC (Allocation Failure) 665.651: [ParNew: 94164K->0K(153600K), 0.0010457 secs] 95293K->1129K(256000K), 0.0011755 secs] [Times: user=0.00 sys=0.00, real=0.00 secs] 
666.670: [GC (Allocation Failure) 666.670: [ParNew: 94164K->0K(153600K), 0.0008826 secs] 95293K->1129K(256000K), 0.0010176 secs] [Times: user=0.00 sys=0.00, real=0.00 secs] 
667.686: [GC (Allocation Failure) 667.686: [ParNew: 94164K->0K(153600K), 0.0005593 secs] 95293K->1129K(256000K), 0.0006371 secs] [Times: user=0.00 sys=0.00, real=0.00 secs] 
668.703: [GC (Allocation Failure) 668.703: [ParNew: 94164K->0K(153600K), 0.0008700 secs] 95293K->1129K(256000K), 0.0009876 secs] [Times: user=0.00 sys=0.00, real=0.00 secs] 
670.725: [GC (Allocation Failure) 670.725: [ParNew: 94164K->0K(153600K), 0.0004315 secs] 95293K->1129K(256000K), 0.0004875 secs] [Times: user=0.00 sys=0.00, real=0.00 secs] 
671.737: [GC (Allocation Failure) 671.737: [ParNew: 94164K->0K(153600K), 0.0010283 secs] 95293K->1129K(256000K), 0.0011542 secs] [Times: user=0.05 sys=0.00, real=0.00 secs] 
672.755: [GC (Allocation Failure) 672.755: [ParNew: 94164K->0K(153600K), 0.0009813 secs] 95293K->1129K(256000K), 0.0010729 secs] [Times: user=0.00 sys=0.00, real=0.00 secs] 
673.768: [GC (Allocation Failure) 673.768: [ParNew: 94164K->0K(153600K), 0.0005862 secs] 95293K->1129K(256000K), 0.0006616 secs] [Times: user=0.00 sys=0.00, real=0.00 secs] 
674.781: [GC (Allocation Failure) 674.781: [ParNew: 94164K->0K(153600K), 0.0005167 secs] 95293K->1129K(256000K), 0.0005897 secs] [Times: user=0.00 sys=0.00, real=0.00 secs] 
675.797: [GC (Allocation Failure) 675.797: [ParNew: 94164K->0K(153600K), 0.0009869 secs] 95293K->1129K(256000K), 0.0011266 secs] [Times: user=0.00 sys=0.00, real=0.00 secs] 
676.812: [GC (Allocation Failure) 676.812: [ParNew: 94164K->0K(153600K), 0.0003845 secs] 95293K->1129K(256000K), 0.0004330 secs] [Times: user=0.00 sys=0.00, real=0.00 secs] 
677.823: [GC (Allocation Failure) 677.823: [ParNew: 94164K->0K(153600K), 0.0003979 secs] 95293K->1129K(256000K), 0.0004670 secs] [Times: user=0.00 sys=0.00, real=0.00 secs] 
679.834: [GC (Allocation Failure) 679.834: [ParNew: 94164K->0K(153600K), 0.0014179 secs] 95293K->1129K(256000K), 0.0015876 secs] [Times: user=0.00 sys=0.00, real=0.00 secs] 
680.854: [GC (Allocation Failure) 680.855: [ParNew: 94164K->0K(153600K), 0.0009825 secs] 95293K->1129K(256000K), 0.0011029 secs] [Times: user=0.00 sys=0.00, real=0.00 secs] 
681.873: [GC (Allocation Failure) 681.873: [ParNew: 94164K->0K(153600K), 0.0009225 secs] 95293K->1129K(256000K), 0.0010386 secs] [Times: user=0.00 sys=0.00, real=0.00 secs] 
682.891: [GC (Allocation Failure) 682.892: [ParNew: 94164K->0K(153600K), 0.0011222 secs] 95293K->1129K(256000K), 0.0013086 secs] [Times: user=0.00 sys=0.00, real=0.00 secs] 
683.912: [GC (Allocation Failure) 683.912: [ParNew: 94164K->0K(153600K), 0.0009505 secs] 95293K->1129K(256000K), 0.0010994 secs] [Times: user=0.00 sys=0.00, real=0.00 secs] 
684.931: [GC (Allocation Failure) 684.931: [ParNew: 94164K->0K(153600K), 0.0009628 secs] 95293K->1129K(256000K), 0.0011033 secs] [Times: user=0.00 sys=0.00, real=0.00 secs] 
685.948: [GC (Allocation Failure) 685.948: [ParNew: 94164K->0K(153600K), 0.0009466 secs] 95293K->1129K(256000K), 0.0010954 secs] [Times: user=0.00 sys=0.00, real=0.00 secs] 
686.961: [GC (Allocation Failure) 686.962: [ParNew: 94164K->0K(153600K), 0.0004705 secs] 95293K->1129K(256000K), 0.0005428 secs] [Times: user=0.00 sys=0.00, real=0.00 secs] 
688.971: [GC (Allocation Failure) 688.972: [ParNew: 94164K->0K(153600K), 0.0010492 secs] 95293K->1129K(256000K), 0.0011838 secs] [Times: user=0.06 sys=0.00, real=0.00 secs] 
689.991: [GC (Allocation Failure) 689.991: [ParNew: 94164K->0K(153600K), 0.0008905 secs] 95293K->1129K(256000K), 0.0010382 secs] [Times: user=0.00 sys=0.00, real=0.00 secs] 
691.009: [GC (Allocation Failure) 691.009: [ParNew: 94164K->0K(153600K), 0.0009217 secs] 95293K->1129K(256000K), 0.0010536 secs] [Times: user=0.00 sys=0.00, real=0.00 secs] 
692.027: [GC (Allocation Failure) 692.027: [ParNew: 94164K->0K(153600K), 0.0011041 secs] 95293K->1129K(256000K), 0.0012174 secs] [Times: user=0.00 sys=0.00, real=0.00 secs] 
693.045: [GC (Allocation Failure) 693.045: [ParNew: 94164K->0K(153600K), 0.0009186 secs] 95293K->1129K(256000K), 0.0010382 secs] [Times: user=0.00 sys=0.00, real=0.00 secs] 
694.063: [GC (Allocation Failure) 694.064: [ParNew: 94164K->0K(153600K), 0.0009272 secs] 95293K->1129K(256000K), 0.0010784 secs] [Times: user=0.00 sys=0.00, real=0.00 secs] 
695.084: [GC (Allocation Failure) 695.084: [ParNew: 94164K->0K(153600K), 0.0012924 secs] 95293K->1129K(256000K), 0.0014388 secs] [Times: user=0.00 sys=0.00, real=0.00 secs] 
696.101: [GC (Allocation Failure) 696.101: [ParNew: 94164K->0K(153600K), 0.0007030 secs] 95293K->1129K(256000K), 0.0007930 secs] [Times: user=0.00 sys=0.00, real=0.00 secs] 
698.118: [GC (Allocation Failure) 698.118: [ParNew: 94164K->0K(153600K), 0.0003865 secs] 95293K->1129K(256000K), 0.0004528 secs] [Times: user=0.00 sys=0.00, real=0.00 secs] 
699.132: [GC (Allocation Failure) 699.132: [ParNew: 94164K->0K(153600K), 0.0003849 secs] 95293K->1129K(256000K), 0.0004405 secs] [Times: user=0.00 sys=0.00, real=0.00 secs] 
700.142: [GC (Allocation Failure) 700.143: [ParNew: 94164K->0K(153600K), 0.0004247 secs] 95293K->1129K(256000K), 0.0004832 secs] [Times: user=0.00 sys=0.00, real=0.00 secs] 
701.157: [GC (Allocation Failure) 701.157: [ParNew: 94164K->0K(153600K), 0.0009103 secs] 95293K->1129K(256000K), 0.0010480 secs] [Times: user=0.00 sys=0.00, real=0.00 secs] 
702.177: [GC (Allocation Failure) 702.177: [ParNew: 94164K->0K(153600K), 0.0009340 secs] 95293K->1129K(256000K), 0.0010717 secs] [Times: user=0.00 sys=0.00, real=0.00 secs] 
703.192: [GC (Allocation Failure) 703.192: [ParNew: 94164K->0K(153600K), 0.0005230 secs] 95293K->1129K(256000K), 0.0005984 secs] [Times: user=0.00 sys=0.00, real=0.00 secs] 
704.208: [GC (Allocation Failure) 704.208: [ParNew: 94164K->0K(153600K), 0.0013579 secs] 95293K->1129K(256000K), 0.0015079 secs] [Times: user=0.00 sys=0.00, real=0.00 secs] 
705.230: [GC (Allocation Failure) 705.230: [ParNew: 94164K->0K(153600K), 0.0008862 secs] 95293K->1129K(256000K), 0.0009888 secs] [Times: user=0.00 sys=0.00, real=0.00 secs] 
707.243: [GC (Allocation Failure) 707.243: [ParNew: 94164K->0K(153600K), 0.0009245 secs] 95293K->1129K(256000K), 0.0010788 secs] [Times: user=0.00 sys=0.00, real=0.00 secs] 
708.262: [GC (Allocation Failure) 708.263: [ParNew: 94164K->0K(153600K), 0.0006553 secs] 95293K->1129K(256000K), 0.0007472 secs] [Times: user=0.00 sys=0.00, real=0.00 secs] 
709.278: [GC (Allocation Failure) 709.278: [ParNew: 94164K->0K(153600K), 0.0010113 secs] 95293K->1129K(256000K), 0.0011570 secs] [Times: user=0.00 sys=0.00, real=0.00 secs] 
710.296: [GC (Allocation Failure) 710.296: [ParNew: 94164K->0K(153600K), 0.0004559 secs] 95293K->1129K(256000K), 0.0005286 secs] [Times: user=0.00 sys=0.00, real=0.00 secs] 
711.310: [GC (Allocation Failure) 711.310: [ParNew: 94164K->0K(153600K), 0.0009340 secs] 95293K->1129K(256000K), 0.0010382 secs] [Times: user=0.00 sys=0.00, real=0.00 secs] 
712.329: [GC (Allocation Failure) 712.329: [ParNew: 94164K->0K(153600K), 0.0011597 secs] 95293K->1129K(256000K), 0.0012900 secs] [Times: user=0.00 sys=0.00, real=0.00 secs] 
713.350: [GC (Allocation Failure) 713.350: [ParNew: 94164K->0K(153600K), 0.0009383 secs] 95293K->1129K(256000K), 0.0010725 secs] [Times: user=0.00 sys=0.00, real=0.00 secs] 
714.369: [GC (Allocation Failure) 714.369: [ParNew: 94164K->0K(153600K), 0.0010417 secs] 95293K->1129K(256000K), 0.0011724 secs] [Times: user=0.00 sys=0.00, real=0.00 secs] 
716.390: [GC (Allocation Failure) 716.390: [ParNew: 94164K->0K(153600K), 0.0008534 secs] 95293K->1129K(256000K), 0.0009655 secs] [Times: user=0.00 sys=0.00, real=0.00 secs] 
717.410: [GC (Allocation Failure) 717.410: [ParNew: 94164K->0K(153600K), 0.0009379 secs] 95293K->1129K(256000K), 0.0010749 secs] [Times: user=0.06 sys=0.00, real=0.00 secs] 
718.426: [GC (Allocation Failure) 718.426: [ParNew: 94164K->0K(153600K), 0.0004105 secs] 95293K->1129K(256000K), 0.0004780 secs] [Times: user=0.00 sys=0.00, real=0.00 secs] 
719.439: [GC (Allocation Failure) 719.439: [ParNew: 94164K->0K(153600K), 0.0008822 secs] 95293K->1129K(256000K), 0.0010307 secs] [Times: user=0.00 sys=0.00, real=0.00 secs] 
720.458: [GC (Allocation Failure) 720.459: [ParNew: 94164K->0K(153600K), 0.0009584 secs] 95293K->1129K(256000K), 0.0011132 secs] [Times: user=0.00 sys=0.00, real=0.00 secs] 
721.476: [GC (Allocation Failure) 721.476: [ParNew: 94164K->0K(153600K), 0.0005341 secs] 95293K->1129K(256000K), 0.0006237 secs] [Times: user=0.00 sys=0.00, real=0.00 secs] 
722.492: [GC (Allocation Failure) 722.492: [ParNew: 94164K->0K(153600K), 0.0011507 secs] 95293K->1129K(256000K), 0.0012959 secs] [Times: user=0.00 sys=0.00, real=0.00 secs] 
723.509: [GC (Allocation Failure) 723.509: [ParNew: 94164K->0K(153600K), 0.0003959 secs] 95293K->1129K(256000K), 0.0004686 secs] [Times: user=0.00 sys=0.00, real=0.00 secs] 
725.527: [GC (Allocation Failure) 725.527: [ParNew: 94164K->0K(153600K), 0.0005751 secs] 95293K->1129K(256000K), 0.0006584 secs] [Times: user=0.00 sys=0.00, real=0.00 secs] 
726.541: [GC (Allocation Failure) 726.541: [ParNew: 94164K->0K(153600K), 0.0009442 secs] 95293K->1129K(256000K), 0.0010796 secs] [Times: user=0.00 sys=0.00, real=0.00 secs] 
727.560: [GC (Allocation Failure) 727.560: [ParNew: 94164K->0K(153600K), 0.0009079 secs] 95293K->1129K(256000K), 0.0010362 secs] [Times: user=0.00 sys=0.00, real=0.00 secs] 
728.578: [GC (Allocation Failure) 728.578: [ParNew: 94164K->0K(153600K), 0.0008854 secs] 95293K->1129K(256000K), 0.0010082 secs] [Times: user=0.00 sys=0.00, real=0.00 secs] 
729.596: [GC (Allocation Failure) 729.597: [ParNew: 94164K->0K(153600K), 0.0008388 secs] 95293K->1129K(256000K), 0.0009691 secs] [Times: user=0.00 sys=0.00, real=0.00 secs] 
730.615: [GC (Allocation Failure) 730.615: [ParNew: 94164K->0K(153600K), 0.0009012 secs] 95293K->1129K(256000K), 0.0010267 secs] [Times: user=0.00 sys=0.00, real=0.00 secs] 
731.633: [GC (Allocation Failure) 731.633: [ParNew: 94164K->0K(153600K), 0.0009087 secs] 95293K->1129K(256000K), 0.0010350 secs] [Times: user=0.00 sys=0.00, real=0.00 secs] 
732.653: [GC (Allocation Failure) 732.653: [ParNew: 94164K->0K(153600K), 0.0010208 secs] 95293K->1129K(256000K), 0.0011503 secs] [Times: user=0.00 sys=0.00, real=0.00 secs] 
734.672: [GC (Allocation Failure) 734.672: [ParNew: 94164K->0K(153600K), 0.0009292 secs] 95293K->1129K(256000K), 0.0010421 secs] [Times: user=0.00 sys=0.00, real=0.00 secs] 
735.691: [GC (Allocation Failure) 735.691: [ParNew: 94164K->0K(153600K), 0.0009312 secs] 95293K->1129K(256000K), 0.0010417 secs] [Times: user=0.06 sys=0.00, real=0.00 secs] 
736.711: [GC (Allocation Failure) 736.711: [ParNew: 94164K->0K(153600K), 0.0010409 secs] 95293K->1129K(256000K), 0.0011905 secs] [Times: user=0.00 sys=0.00, real=0.00 secs] 
737.728: [GC (Allocation Failure) 737.728: [ParNew: 94164K->0K(153600K), 0.0004488 secs] 95293K->1129K(256000K), 0.0005159 secs] [Times: user=0.00 sys=0.00, real=0.00 secs] 
738.743: [GC (Allocation Failure) 738.743: [ParNew: 94164K->0K(153600K), 0.0006616 secs] 95293K->1129K(256000K), 0.0007366 secs] [Times: user=0.00 sys=0.00, real=0.00 secs] 
739.756: [GC (Allocation Failure) 739.756: [ParNew: 94164K->0K(153600K), 0.0006486 secs] 95293K->1129K(256000K), 0.0007911 secs] [Times: user=0.00 sys=0.00, real=0.00 secs] 
740.772: [GC (Allocation Failure) 740.772: [ParNew: 94164K->0K(153600K), 0.0004607 secs] 95293K->1129K(256000K), 0.0005361 secs] [Times: user=0.00 sys=0.00, real=0.00 secs] 
741.782: [GC (Allocation Failure) 741.783: [ParNew: 94164K->0K(153600K), 0.0003865 secs] 95293K->1129K(256000K), 0.0004670 secs] [Times: user=0.00 sys=0.00, real=0.00 secs] 
743.793: [GC (Allocation Failure) 743.793: [ParNew: 94164K->0K(153600K), 0.0010765 secs] 95293K->1129K(256000K), 0.0012241 secs] [Times: user=0.00 sys=0.00, real=0.00 secs] 
744.812: [GC (Allocation Failure) 744.812: [ParNew: 94164K->0K(153600K), 0.0006695 secs] 95293K->1129K(256000K), 0.0007697 secs] [Times: user=0.00 sys=0.00, real=0.00 secs] 
745.828: [GC (Allocation Failure) 745.828: [ParNew: 94164K->0K(153600K), 0.0009683 secs] 95293K->1129K(256000K), 0.0011037 secs] [Times: user=0.00 sys=0.00, real=0.00 secs] 
746.849: [GC (Allocation Failure) 746.849: [ParNew: 94164K->0K(153600K), 0.0009276 secs] 95293K->1129K(256000K), 0.0010749 secs] [Times: user=0.00 sys=0.00, real=0.00 secs] 
747.865: [GC (Allocation Failure) 747.865: [ParNew: 94164K->0K(153600K), 0.0004997 secs] 95293K->1129K(256000K), 0.0005684 secs] [Times: user=0.00 sys=0.00, real=0.00 secs] 
748.880: [GC (Allocation Failure) 748.880: [ParNew: 94164K->0K(153600K), 0.0010690 secs] 95293K->1129K(256000K), 0.0012099 secs] [Times: user=0.00 sys=0.00, real=0.00 secs] 
749.900: [GC (Allocation Failure) 749.901: [ParNew: 94164K->0K(153600K), 0.0010615 secs] 95293K->1129K(256000K), 0.0011921 secs] [Times: user=0.00 sys=0.00, real=0.00 secs] 
750.915: [GC (Allocation Failure) 750.915: [ParNew: 94164K->0K(153600K), 0.0008116 secs] 95293K->1129K(256000K), 0.0008996 secs] [Times: user=0.00 sys=0.00, real=0.00 secs] 
752.933: [GC (Allocation Failure) 752.933: [ParNew: 94164K->0K(153600K), 0.0011522 secs] 95293K->1129K(256000K), 0.0012679 secs] [Times: user=0.00 sys=0.00, real=0.00 secs] 
753.953: [GC (Allocation Failure) 753.953: [ParNew: 94164K->0K(153600K), 0.0010840 secs] 95293K->1129K(256000K), 0.0012146 secs] [Times: user=0.00 sys=0.00, real=0.00 secs] 
754.973: [GC (Allocation Failure) 754.973: [ParNew: 94164K->0K(153600K), 0.0009308 secs] 95293K->1129K(256000K), 0.0010678 secs] [Times: user=0.00 sys=0.00, real=0.00 secs] 
755.992: [GC (Allocation Failure) 755.992: [ParNew: 94164K->0K(153600K), 0.0009336 secs] 95293K->1129K(256000K), 0.0010488 secs] [Times: user=0.00 sys=0.00, real=0.00 secs] 
757.011: [GC (Allocation Failure) 757.011: [ParNew: 94164K->0K(153600K), 0.0008783 secs] 95293K->1129K(256000K), 0.0009971 secs] [Times: user=0.00 sys=0.00, real=0.00 secs] 
758.026: [GC (Allocation Failure) 758.026: [ParNew: 94164K->0K(153600K), 0.0006742 secs] 95293K->1129K(256000K), 0.0007559 secs] [Times: user=0.00 sys=0.00, real=0.00 secs] 
759.042: [GC (Allocation Failure) 759.042: [ParNew: 94164K->0K(153600K), 0.0009257 secs] 95293K->1129K(256000K), 0.0010532 secs] [Times: user=0.00 sys=0.00, real=0.00 secs] 
760.061: [GC (Allocation Failure) 760.062: [ParNew: 94164K->0K(153600K), 0.0009162 secs] 95293K->1129K(256000K), 0.0010413 secs] [Times: user=0.00 sys=0.00, real=0.00 secs] 
762.077: [GC (Allocation Failure) 762.077: [ParNew: 94164K->0K(153600K), 0.0004808 secs] 95293K->1129K(256000K), 0.0005637 secs] [Times: user=0.00 sys=0.00, real=0.00 secs] 
763.093: [GC (Allocation Failure) 763.093: [ParNew: 94164K->0K(153600K), 0.0008834 secs] 95293K->1129K(256000K), 0.0010094 secs] [Times: user=0.00 sys=0.00, real=0.00 secs] 
764.111: [GC (Allocation Failure) 764.111: [ParNew: 94164K->0K(153600K), 0.0009103 secs] 95293K->1129K(256000K), 0.0010180 secs] [Times: user=0.00 sys=0.00, real=0.00 secs] 
765.131: [GC (Allocation Failure) 765.131: [ParNew: 94164K->0K(153600K), 0.0009809 secs] 95293K->1129K(256000K), 0.0011309 secs] [Times: user=0.00 sys=0.00, real=0.00 secs] 
766.150: [GC (Allocation Failure) 766.150: [ParNew: 94164K->0K(153600K), 0.0010117 secs] 95293K->1129K(256000K), 0.0011270 secs] [Times: user=0.00 sys=0.00, real=0.00 secs] 
767.165: [GC (Allocation Failure) 767.165: [ParNew: 94164K->0K(153600K), 0.0004990 secs] 95293K->1129K(256000K), 0.0005625 secs] [Times: user=0.00 sys=0.00, real=0.00 secs] 
768.182: [GC (Allocation Failure) 768.182: [ParNew: 94164K->0K(153600K), 0.0009351 secs] 95293K->1129K(256000K), 0.0010690 secs] [Times: user=0.00 sys=0.00, real=0.00 secs] 
769.201: [GC (Allocation Failure) 769.201: [ParNew: 94164K->0K(153600K), 0.0009130 secs] 95293K->1129K(256000K), 0.0010520 secs] [Times: user=0.00 sys=0.00, real=0.00 secs] 
771.221: [GC (Allocation Failure) 771.221: [ParNew: 94164K->0K(153600K), 0.0008586 secs] 95293K->1129K(256000K), 0.0009869 secs] [Times: user=0.00 sys=0.00, real=0.00 secs] 
772.237: [GC (Allocation Failure) 772.237: [ParNew: 94164K->0K(153600K), 0.0003758 secs] 95293K->1129K(256000K), 0.0004334 secs] [Times: user=0.00 sys=0.00, real=0.00 secs] 
773.249: [GC (Allocation Failure) 773.249: [ParNew: 94164K->0K(153600K), 0.0010019 secs] 95293K->1129K(256000K), 0.0011313 secs] [Times: user=0.00 sys=0.00, real=0.00 secs] 
774.268: [GC (Allocation Failure) 774.268: [ParNew: 94164K->0K(153600K), 0.0009340 secs] 95293K->1129K(256000K), 0.0010701 secs] [Times: user=0.02 sys=0.00, real=0.00 secs] 
775.287: [GC (Allocation Failure) 775.288: [ParNew: 94164K->0K(153600K), 0.0008969 secs] 95293K->1129K(256000K), 0.0010046 secs] [Times: user=0.00 sys=0.00, real=0.00 secs] 
776.307: [GC (Allocation Failure) 776.307: [ParNew: 94164K->0K(153600K), 0.0009363 secs] 95293K->1129K(256000K), 0.0010666 secs] [Times: user=0.00 sys=0.00, real=0.00 secs] 
777.326: [GC (Allocation Failure) 777.326: [ParNew: 94164K->0K(153600K), 0.0009347 secs] 95293K->1129K(256000K), 0.0010551 secs] [Times: user=0.00 sys=0.00, real=0.00 secs] 
778.349: [GC (Allocation Failure) 778.349: [ParNew: 94164K->0K(153600K), 0.0005479 secs] 95293K->1129K(256000K), 0.0006458 secs] [Times: user=0.00 sys=0.00, real=0.00 secs] 
780.366: [GC (Allocation Failure) 780.366: [ParNew: 94164K->0K(153600K), 0.0010694 secs] 95293K->1129K(256000K), 0.0011933 secs] [Times: user=0.00 sys=0.00, real=0.00 secs] 
781.383: [GC (Allocation Failure) 781.383: [ParNew: 94164K->0K(153600K), 0.0006276 secs] 95293K->1129K(256000K), 0.0007161 secs] [Times: user=0.00 sys=0.00, real=0.00 secs] 
782.399: [GC (Allocation Failure) 782.399: [ParNew: 94164K->0K(153600K), 0.0010500 secs] 95293K->1129K(256000K), 0.0011787 secs] [Times: user=0.00 sys=0.00, real=0.00 secs] 
783.420: [GC (Allocation Failure) 783.420: [ParNew: 94164K->0K(153600K), 0.0009521 secs] 95293K->1129K(256000K), 0.0010776 secs] [Times: user=0.00 sys=0.00, real=0.00 secs] 
784.440: [GC (Allocation Failure) 784.440: [ParNew: 94164K->0K(153600K), 0.0009391 secs] 95293K->1129K(256000K), 0.0010615 secs] [Times: user=0.00 sys=0.00, real=0.00 secs] 
785.460: [GC (Allocation Failure) 785.460: [ParNew: 94164K->0K(153600K), 0.0010615 secs] 95293K->1129K(256000K), 0.0012130 secs] [Times: user=0.00 sys=0.00, real=0.00 secs] 
786.480: [GC (Allocation Failure) 786.480: [ParNew: 94164K->0K(153600K), 0.0009296 secs] 95293K->1129K(256000K), 0.0010397 secs] [Times: user=0.00 sys=0.00, real=0.00 secs] 
787.498: [GC (Allocation Failure) 787.498: [ParNew: 94164K->0K(153600K), 0.0009458 secs] 95293K->1129K(256000K), 0.0010737 secs] [Times: user=0.00 sys=0.00, real=0.00 secs] 
789.518: [GC (Allocation Failure) 789.518: [ParNew: 94164K->0K(153600K), 0.0008665 secs] 95293K->1129K(256000K), 0.0009876 secs] [Times: user=0.00 sys=0.00, real=0.00 secs] 
790.536: [GC (Allocation Failure) 790.536: [ParNew: 94164K->0K(153600K), 0.0009047 secs] 95293K->1129K(256000K), 0.0010247 secs] [Times: user=0.00 sys=0.00, real=0.00 secs] 
791.553: [GC (Allocation Failure) 791.553: [ParNew: 94164K->0K(153600K), 0.0004236 secs] 95293K->1129K(256000K), 0.0004934 secs] [Times: user=0.00 sys=0.00, real=0.00 secs] 
792.570: [GC (Allocation Failure) 792.570: [ParNew: 94164K->0K(153600K), 0.0008767 secs] 95293K->1129K(256000K), 0.0010046 secs] [Times: user=0.00 sys=0.00, real=0.00 secs] 
793.586: [GC (Allocation Failure) 793.586: [ParNew: 94164K->0K(153600K), 0.0005455 secs] 95293K->1129K(256000K), 0.0006257 secs] [Times: user=0.00 sys=0.00, real=0.00 secs] 
794.602: [GC (Allocation Failure) 794.602: [ParNew: 94164K->0K(153600K), 0.0008976 secs] 95293K->1129K(256000K), 0.0010244 secs] [Times: user=0.00 sys=0.00, real=0.00 secs] 
795.620: [GC (Allocation Failure) 795.620: [ParNew: 94164K->0K(153600K), 0.0005913 secs] 95293K->1129K(256000K), 0.0006758 secs] [Times: user=0.00 sys=0.00, real=0.00 secs] 
796.643: [GC (Allocation Failure) 796.643: [ParNew: 94164K->0K(153600K), 0.0005976 secs] 95293K->1129K(256000K), 0.0006778 secs] [Times: user=0.00 sys=0.00, real=0.00 secs] 
798.656: [GC (Allocation Failure) 798.656: [ParNew: 94164K->0K(153600K), 0.0004228 secs] 95293K->1129K(256000K), 0.0004922 secs] [Times: user=0.00 sys=0.00, real=0.00 secs] 
799.667: [GC (Allocation Failure) 799.667: [ParNew: 94164K->0K(153600K), 0.0009632 secs] 95293K->1129K(256000K), 0.0011270 secs] [Times: user=0.00 sys=0.00, real=0.00 secs] 
800.684: [GC (Allocation Failure) 800.684: [ParNew: 94164K->0K(153600K), 0.0005096 secs] 95293K->1129K(256000K), 0.0005838 secs] [Times: user=0.00 sys=0.00, real=0.00 secs] 
801.698: [GC (Allocation Failure) 801.698: [ParNew: 94164K->0K(153600K), 0.0007741 secs] 95293K->1129K(256000K), 0.0008534 secs] [Times: user=0.00 sys=0.00, real=0.00 secs] 
802.713: [GC (Allocation Failure) 802.713: [ParNew: 94164K->0K(153600K), 0.0006272 secs] 95293K->1129K(256000K), 0.0007275 secs] [Times: user=0.00 sys=0.00, real=0.00 secs] 
803.728: [GC (Allocation Failure) 803.728: [ParNew: 94164K->0K(153600K), 0.0009612 secs] 95293K->1129K(256000K), 0.0010926 secs] [Times: user=0.00 sys=0.00, real=0.00 secs] 
804.749: [GC (Allocation Failure) 804.749: [ParNew: 94164K->0K(153600K), 0.0010299 secs] 95293K->1129K(256000K), 0.0011522 secs] [Times: user=0.00 sys=0.00, real=0.00 secs] 
805.767: [GC (Allocation Failure) 805.767: [ParNew: 94164K->0K(153600K), 0.0006651 secs] 95293K->1129K(256000K), 0.0007433 secs] [Times: user=0.00 sys=0.00, real=0.00 secs] 
807.785: [GC (Allocation Failure) 807.785: [ParNew: 94164K->0K(153600K), 0.0009490 secs] 95293K->1129K(256000K), 0.0010875 secs] [Times: user=0.00 sys=0.00, real=0.00 secs] 
808.803: [GC (Allocation Failure) 808.804: [ParNew: 94164K->0K(153600K), 0.0003880 secs] 95293K->1129K(256000K), 0.0004575 secs] [Times: user=0.00 sys=0.00, real=0.00 secs] 
809.815: [GC (Allocation Failure) 809.815: [ParNew: 94164K->0K(153600K), 0.0003936 secs] 95293K->1129K(256000K), 0.0004575 secs] [Times: user=0.00 sys=0.00, real=0.00 secs] 
810.832: [GC (Allocation Failure) 810.832: [ParNew: 94164K->0K(153600K), 0.0012213 secs] 95293K->1129K(256000K), 0.0013567 secs] [Times: user=0.00 sys=0.00, real=0.00 secs] 
811.852: [GC (Allocation Failure) 811.852: [ParNew: 94164K->0K(153600K), 0.0006028 secs] 95293K->1129K(256000K), 0.0007030 secs] [Times: user=0.00 sys=0.00, real=0.00 secs] 
812.867: [GC (Allocation Failure) 812.867: [ParNew: 94164K->0K(153600K), 0.0009126 secs] 95293K->1129K(256000K), 0.0010508 secs] [Times: user=0.00 sys=0.00, real=0.00 secs] 
813.887: [GC (Allocation Failure) 813.887: [ParNew: 94164K->0K(153600K), 0.0009395 secs] 95293K->1129K(256000K), 0.0010504 secs] [Times: user=0.00 sys=0.00, real=0.00 secs] 
814.903: [GC (Allocation Failure) 814.903: [ParNew: 94164K->0K(153600K), 0.0003730 secs] 95293K->1129K(256000K), 0.0004362 secs] [Times: user=0.00 sys=0.00, real=0.00 secs] 
816.916: [GC (Allocation Failure) 816.916: [ParNew: 94164K->0K(153600K), 0.0009087 secs] 95293K->1129K(256000K), 0.0010441 secs] [Times: user=0.00 sys=0.00, real=0.00 secs] 
817.934: [GC (Allocation Failure) 817.934: [ParNew: 94164K->0K(153600K), 0.0012162 secs] 95293K->1129K(256000K), 0.0013508 secs] [Times: user=0.00 sys=0.00, real=0.00 secs] 
818.952: [GC (Allocation Failure) 818.952: [ParNew: 94164K->0K(153600K), 0.0004465 secs] 95293K->1129K(256000K), 0.0005159 secs] [Times: user=0.00 sys=0.00, real=0.00 secs] 
819.962: [GC (Allocation Failure) 819.962: [ParNew: 94164K->0K(153600K), 0.0004192 secs] 95293K->1129K(256000K), 0.0004737 secs] [Times: user=0.00 sys=0.00, real=0.00 secs] 
820.977: [GC (Allocation Failure) 820.977: [ParNew: 94164K->0K(153600K), 0.0008874 secs] 95293K->1129K(256000K), 0.0010188 secs] [Times: user=0.00 sys=0.00, real=0.00 secs] 
821.994: [GC (Allocation Failure) 821.994: [ParNew: 94164K->0K(153600K), 0.0004058 secs] 95293K->1129K(256000K), 0.0004899 secs] [Times: user=0.00 sys=0.00, real=0.00 secs] 
823.004: [GC (Allocation Failure) 823.004: [ParNew: 94164K->0K(153600K), 0.0004022 secs] 95293K->1129K(256000K), 0.0004690 secs] [Times: user=0.00 sys=0.00, real=0.00 secs] 
824.016: [GC (Allocation Failure) 824.016: [ParNew: 94164K->0K(153600K), 0.0004196 secs] 95293K->1129K(256000K), 0.0004721 secs] [Times: user=0.00 sys=0.00, real=0.00 secs] 
826.035: [GC (Allocation Failure) 826.035: [ParNew: 94164K->0K(153600K), 0.0008992 secs] 95293K->1129K(256000K), 0.0010172 secs] [Times: user=0.00 sys=0.00, real=0.00 secs] 
827.077: [GC (Allocation Failure) 827.077: [ParNew: 94164K->0K(153600K), 0.0003853 secs] 95293K->1129K(256000K), 0.0004532 secs] [Times: user=0.00 sys=0.00, real=0.00 secs] 
828.091: [GC (Allocation Failure) 828.091: [ParNew: 94164K->0K(153600K), 0.0009490 secs] 95293K->1129K(256000K), 0.0010765 secs] [Times: user=0.00 sys=0.00, real=0.00 secs] 
829.108: [GC (Allocation Failure) 829.108: [ParNew: 94164K->0K(153600K), 0.0003928 secs] 95293K->1129K(256000K), 0.0004674 secs] [Times: user=0.00 sys=0.00, real=0.00 secs] 
830.125: [GC (Allocation Failure) 830.125: [ParNew: 94164K->0K(153600K), 0.0010721 secs] 95293K->1129K(256000K), 0.0012016 secs] [Times: user=0.00 sys=0.00, real=0.00 secs] 
831.142: [GC (Allocation Failure) 831.142: [ParNew: 94164K->0K(153600K), 0.0009241 secs] 95293K->1129K(256000K), 0.0010488 secs] [Times: user=0.00 sys=0.00, real=0.00 secs] 
832.163: [GC (Allocation Failure) 832.163: [ParNew: 94164K->0K(153600K), 0.0009509 secs] 95293K->1129K(256000K), 0.0010769 secs] [Times: user=0.00 sys=0.00, real=0.00 secs] 
833.178: [GC (Allocation Failure) 833.178: [ParNew: 94164K->0K(153600K), 0.0004583 secs] 95293K->1129K(256000K), 0.0005242 secs] [Times: user=0.00 sys=0.00, real=0.00 secs] 
835.189: [GC (Allocation Failure) 835.189: [ParNew: 94164K->0K(153600K), 0.0006320 secs] 95293K->1129K(256000K), 0.0007125 secs] [Times: user=0.00 sys=0.00, real=0.00 secs] 
836.203: [GC (Allocation Failure) 836.203: [ParNew: 94164K->0K(153600K), 0.0008862 secs] 95293K->1129K(256000K), 0.0009916 secs] [Times: user=0.00 sys=0.00, real=0.00 secs] 
837.222: [GC (Allocation Failure) 837.222: [ParNew: 94164K->0K(153600K), 0.0009691 secs] 95293K->1129K(256000K), 0.0011132 secs] [Times: user=0.00 sys=0.00, real=0.00 secs] 
838.242: [GC (Allocation Failure) 838.242: [ParNew: 94164K->0K(153600K), 0.0009201 secs] 95293K->1129K(256000K), 0.0010378 secs] [Times: user=0.00 sys=0.00, real=0.00 secs] 
839.260: [GC (Allocation Failure) 839.260: [ParNew: 94164K->0K(153600K), 0.0008866 secs] 95293K->1129K(256000K), 0.0009904 secs] [Times: user=0.00 sys=0.00, real=0.00 secs] 
840.277: [GC (Allocation Failure) 840.277: [ParNew: 94164K->0K(153600K), 0.0003924 secs] 95293K->1129K(256000K), 0.0004595 secs] [Times: user=0.00 sys=0.00, real=0.00 secs] 
841.293: [GC (Allocation Failure) 841.293: [ParNew: 94164K->0K(153600K), 0.0009944 secs] 95293K->1129K(256000K), 0.0011329 secs] [Times: user=0.00 sys=0.00, real=0.00 secs] 
842.306: [GC (Allocation Failure) 842.306: [ParNew: 94164K->0K(153600K), 0.0004291 secs] 95293K->1129K(256000K), 0.0004958 secs] [Times: user=0.00 sys=0.00, real=0.00 secs] 
844.324: [GC (Allocation Failure) 844.324: [ParNew: 94164K->0K(153600K), 0.0008297 secs] 95293K->1129K(256000K), 0.0009446 secs] [Times: user=0.00 sys=0.00, real=0.00 secs] 
845.342: [GC (Allocation Failure) 845.342: [ParNew: 94164K->0K(153600K), 0.0009047 secs] 95293K->1129K(256000K), 0.0010295 secs] [Times: user=0.00 sys=0.00, real=0.00 secs] 
846.360: [GC (Allocation Failure) 846.360: [ParNew: 94164K->0K(153600K), 0.0009490 secs] 95293K->1129K(256000K), 0.0010690 secs] [Times: user=0.00 sys=0.00, real=0.00 secs] 
847.380: [GC (Allocation Failure) 847.380: [ParNew: 94164K->0K(153600K), 0.0009292 secs] 95293K->1129K(256000K), 0.0010488 secs] [Times: user=0.00 sys=0.00, real=0.00 secs] 
848.399: [GC (Allocation Failure) 848.399: [ParNew: 94164K->0K(153600K), 0.0006793 secs] 95293K->1129K(256000K), 0.0007705 secs] [Times: user=0.00 sys=0.00, real=0.00 secs] 
849.414: [GC (Allocation Failure) 849.415: [ParNew: 94164K->0K(153600K), 0.0005076 secs] 95293K->1129K(256000K), 0.0005795 secs] [Times: user=0.00 sys=0.00, real=0.00 secs] 
850.431: [GC (Allocation Failure) 850.431: [ParNew: 94164K->0K(153600K), 0.0009466 secs] 95293K->1129K(256000K), 0.0010559 secs] [Times: user=0.00 sys=0.00, real=0.00 secs] 
851.450: [GC (Allocation Failure) 851.450: [ParNew: 94164K->0K(153600K), 0.0005365 secs] 95293K->1129K(256000K), 0.0006221 secs] [Times: user=0.00 sys=0.00, real=0.00 secs] 
853.469: [GC (Allocation Failure) 853.469: [ParNew: 94164K->0K(153600K), 0.0009387 secs] 95293K->1129K(256000K), 0.0010603 secs] [Times: user=0.00 sys=0.00, real=0.00 secs] 
854.488: [GC (Allocation Failure) 854.488: [ParNew: 94164K->0K(153600K), 0.0010733 secs] 95293K->1129K(256000K), 0.0012087 secs] [Times: user=0.05 sys=0.00, real=0.00 secs] 
855.507: [GC (Allocation Failure) 855.507: [ParNew: 94164K->0K(153600K), 0.0009750 secs] 95293K->1129K(256000K), 0.0011100 secs] [Times: user=0.00 sys=0.00, real=0.00 secs] 
856.527: [GC (Allocation Failure) 856.527: [ParNew: 94164K->0K(153600K), 0.0009292 secs] 95293K->1129K(256000K), 0.0010555 secs] [Times: user=0.00 sys=0.00, real=0.00 secs] 
857.545: [GC (Allocation Failure) 857.545: [ParNew: 94164K->0K(153600K), 0.0009024 secs] 95293K->1129K(256000K), 0.0010472 secs] [Times: user=0.00 sys=0.00, real=0.00 secs] 
858.565: [GC (Allocation Failure) 858.565: [ParNew: 94164K->0K(153600K), 0.0009150 secs] 95293K->1129K(256000K), 0.0010374 secs] [Times: user=0.00 sys=0.00, real=0.00 secs] 
859.584: [GC (Allocation Failure) 859.584: [ParNew: 94164K->0K(153600K), 0.0008921 secs] 95293K->1129K(256000K), 0.0010003 secs] [Times: user=0.00 sys=0.00, real=0.00 secs] 
860.603: [GC (Allocation Failure) 860.603: [ParNew: 94164K->0K(153600K), 0.0010220 secs] 95293K->1129K(256000K), 0.0011783 secs] [Times: user=0.00 sys=0.00, real=0.00 secs] 
862.626: [GC (Allocation Failure) 862.626: [ParNew: 94164K->0K(153600K), 0.0009221 secs] 95293K->1129K(256000K), 0.0010366 secs] [Times: user=0.00 sys=0.00, real=0.00 secs] 
863.644: [GC (Allocation Failure) 863.644: [ParNew: 94164K->0K(153600K), 0.0009537 secs] 95293K->1129K(256000K), 0.0010962 secs] [Times: user=0.00 sys=0.00, real=0.00 secs] 
864.665: [GC (Allocation Failure) 864.665: [ParNew: 94164K->0K(153600K), 0.0009071 secs] 95293K->1129K(256000K), 0.0010516 secs] [Times: user=0.00 sys=0.00, real=0.00 secs] 
865.684: [GC (Allocation Failure) 865.684: [ParNew: 94164K->0K(153600K), 0.0004291 secs] 95293K->1129K(256000K), 0.0005037 secs] [Times: user=0.00 sys=0.00, real=0.00 secs] 
866.698: [GC (Allocation Failure) 866.698: [ParNew: 94164K->0K(153600K), 0.0009174 secs] 95293K->1129K(256000K), 0.0010208 secs] [Times: user=0.00 sys=0.00, real=0.00 secs] 
867.715: [GC (Allocation Failure) 867.715: [ParNew: 94164K->0K(153600K), 0.0008582 secs] 95293K->1129K(256000K), 0.0009774 secs] [Times: user=0.00 sys=0.00, real=0.00 secs] 
868.733: [GC (Allocation Failure) 868.733: [ParNew: 94164K->0K(153600K), 0.0009576 secs] 95293K->1129K(256000K), 0.0010895 secs] [Times: user=0.00 sys=0.00, real=0.00 secs] 
869.746: [GC (Allocation Failure) 869.746: [ParNew: 94164K->0K(153600K), 0.0003900 secs] 95293K->1129K(256000K), 0.0004551 secs] [Times: user=0.00 sys=0.00, real=0.00 secs] 
871.763: [GC (Allocation Failure) 871.763: [ParNew: 94164K->0K(153600K), 0.0008929 secs] 95293K->1129K(256000K), 0.0010220 secs] [Times: user=0.00 sys=0.00, real=0.00 secs] 
872.782: [GC (Allocation Failure) 872.782: [ParNew: 94164K->0K(153600K), 0.0010512 secs] 95293K->1129K(256000K), 0.0011850 secs] [Times: user=0.00 sys=0.00, real=0.00 secs] 
873.802: [GC (Allocation Failure) 873.802: [ParNew: 94164K->0K(153600K), 0.0005195 secs] 95293K->1129K(256000K), 0.0006091 secs] [Times: user=0.00 sys=0.00, real=0.00 secs] 
874.814: [GC (Allocation Failure) 874.814: [ParNew: 94164K->0K(153600K), 0.0005246 secs] 95293K->1129K(256000K), 0.0005909 secs] [Times: user=0.00 sys=0.00, real=0.00 secs] 
875.829: [GC (Allocation Failure) 875.830: [ParNew: 94164K->0K(153600K), 0.0008969 secs] 95293K->1129K(256000K), 0.0011992 secs] [Times: user=0.00 sys=0.00, real=0.00 secs] 
876.848: [GC (Allocation Failure) 876.849: [ParNew: 94164K->0K(153600K), 0.0012036 secs] 95293K->1129K(256000K), 0.0013824 secs] [Times: user=0.00 sys=0.00, real=0.00 secs] 
877.868: [GC (Allocation Failure) 877.868: [ParNew: 94164K->0K(153600K), 0.0008597 secs] 95293K->1129K(256000K), 0.0009951 secs] [Times: user=0.00 sys=0.00, real=0.00 secs] 
878.883: [GC (Allocation Failure) 878.883: [ParNew: 94164K->0K(153600K), 0.0004504 secs] 95293K->1129K(256000K), 0.0005128 secs] [Times: user=0.00 sys=0.00, real=0.00 secs] 
880.902: [GC (Allocation Failure) 880.902: [ParNew: 94164K->0K(153600K), 0.0009312 secs] 95293K->1129K(256000K), 0.0010820 secs] [Times: user=0.00 sys=0.00, real=0.00 secs] 
881.920: [GC (Allocation Failure) 881.920: [ParNew: 94164K->0K(153600K), 0.0004741 secs] 95293K->1129K(256000K), 0.0005372 secs] [Times: user=0.00 sys=0.00, real=0.00 secs] 
882.934: [GC (Allocation Failure) 882.934: [ParNew: 94164K->0K(153600K), 0.0009079 secs] 95293K->1129K(256000K), 0.0010137 secs] [Times: user=0.00 sys=0.00, real=0.00 secs] 
883.953: [GC (Allocation Failure) 883.953: [ParNew: 94164K->0K(153600K), 0.0008996 secs] 95293K->1129K(256000K), 0.0010113 secs] [Times: user=0.00 sys=0.00, real=0.00 secs] 
884.972: [GC (Allocation Failure) 884.972: [ParNew: 94164K->0K(153600K), 0.0009805 secs] 95293K->1129K(256000K), 0.0011167 secs] [Times: user=0.06 sys=0.00, real=0.00 secs] 
885.994: [GC (Allocation Failure) 885.994: [ParNew: 94164K->0K(153600K), 0.0009063 secs] 95293K->1129K(256000K), 0.0010437 secs] [Times: user=0.00 sys=0.00, real=0.00 secs] 
887.013: [GC (Allocation Failure) 887.013: [ParNew: 94164K->0K(153600K), 0.0008901 secs] 95293K->1129K(256000K), 0.0010437 secs] [Times: user=0.00 sys=0.00, real=0.00 secs] 
888.027: [GC (Allocation Failure) 888.027: [ParNew: 94164K->0K(153600K), 0.0004859 secs] 95293K->1129K(256000K), 0.0005526 secs] [Times: user=0.00 sys=0.00, real=0.00 secs] 
890.045: [GC (Allocation Failure) 890.045: [ParNew: 94164K->0K(153600K), 0.0004571 secs] 95293K->1129K(256000K), 0.0005317 secs] [Times: user=0.00 sys=0.00, real=0.00 secs] 
891.059: [GC (Allocation Failure) 891.059: [ParNew: 94164K->0K(153600K), 0.0009146 secs] 95293K->1129K(256000K), 0.0010271 secs] [Times: user=0.00 sys=0.00, real=0.00 secs] 
892.079: [GC (Allocation Failure) 892.079: [ParNew: 94164K->0K(153600K), 0.0009284 secs] 95293K->1129K(256000K), 0.0010540 secs] [Times: user=0.00 sys=0.00, real=0.00 secs] 
893.095: [GC (Allocation Failure) 893.096: [ParNew: 94164K->0K(153600K), 0.0004465 secs] 95293K->1129K(256000K), 0.0005136 secs] [Times: user=0.00 sys=0.00, real=0.00 secs] 
894.107: [GC (Allocation Failure) 894.107: [ParNew: 94164K->0K(153600K), 0.0004776 secs] 95293K->1129K(256000K), 0.0005550 secs] [Times: user=0.00 sys=0.00, real=0.00 secs] 
895.123: [GC (Allocation Failure) 895.123: [ParNew: 94164K->0K(153600K), 0.0009012 secs] 95293K->1129K(256000K), 0.0010125 secs] [Times: user=0.00 sys=0.00, real=0.00 secs] 
896.139: [GC (Allocation Failure) 896.139: [ParNew: 94164K->0K(153600K), 0.0005530 secs] 95293K->1129K(256000K), 0.0006340 secs] [Times: user=0.00 sys=0.00, real=0.00 secs] 
897.151: [GC (Allocation Failure) 897.151: [ParNew: 94164K->0K(153600K), 0.0003896 secs] 95293K->1129K(256000K), 0.0004563 secs] [Times: user=0.00 sys=0.00, real=0.00 secs] 
899.168: [GC (Allocation Failure) 899.168: [ParNew: 94164K->0K(153600K), 0.0012371 secs] 95293K->1129K(256000K), 0.0013666 secs] [Times: user=0.00 sys=0.00, real=0.00 secs] 
900.187: [GC (Allocation Failure) 900.187: [ParNew: 94164K->0K(153600K), 0.0003853 secs] 95293K->1129K(256000K), 0.0004618 secs] [Times: user=0.00 sys=0.00, real=0.00 secs] 
901.199: [GC (Allocation Failure) 901.199: [ParNew: 94164K->0K(153600K), 0.0009482 secs] 95293K->1129K(256000K), 0.0010915 secs] [Times: user=0.00 sys=0.00, real=0.00 secs] 
902.217: [GC (Allocation Failure) 902.217: [ParNew: 94164K->0K(153600K), 0.0009655 secs] 95293K->1129K(256000K), 0.0010986 secs] [Times: user=0.00 sys=0.00, real=0.00 secs] 
903.233: [GC (Allocation Failure) 903.233: [ParNew: 94164K->0K(153600K), 0.0004780 secs] 95293K->1129K(256000K), 0.0005467 secs] [Times: user=0.00 sys=0.00, real=0.00 secs] 
904.248: [GC (Allocation Failure) 904.248: [ParNew: 94164K->0K(153600K), 0.0009324 secs] 95293K->1129K(256000K), 0.0010429 secs] [Times: user=0.00 sys=0.00, real=0.00 secs] 
905.267: [GC (Allocation Failure) 905.267: [ParNew: 94164K->0K(153600K), 0.0009004 secs] 95293K->1129K(256000K), 0.0010334 secs] [Times: user=0.00 sys=0.00, real=0.00 secs] 
906.285: [GC (Allocation Failure) 906.285: [ParNew: 94164K->0K(153600K), 0.0009186 secs] 95293K->1129K(256000K), 0.0010378 secs] [Times: user=0.00 sys=0.00, real=0.00 secs] 
908.304: [GC (Allocation Failure) 908.304: [ParNew: 94164K->0K(153600K), 0.0006695 secs] 95293K->1129K(256000K), 0.0007626 secs] [Times: user=0.00 sys=0.00, real=0.00 secs] 
909.318: [GC (Allocation Failure) 909.318: [ParNew: 94164K->0K(153600K), 0.0009122 secs] 95293K->1129K(256000K), 0.0010472 secs] [Times: user=0.00 sys=0.00, real=0.00 secs] 
910.335: [GC (Allocation Failure) 910.335: [ParNew: 94164K->0K(153600K), 0.0004326 secs] 95293K->1129K(256000K), 0.0004958 secs] [Times: user=0.00 sys=0.00, real=0.00 secs] 
911.347: [GC (Allocation Failure) 911.347: [ParNew: 94164K->0K(153600K), 0.0008838 secs] 95293K->1129K(256000K), 0.0010176 secs] [Times: user=0.00 sys=0.02, real=0.00 secs] 
912.366: [GC (Allocation Failure) 912.366: [ParNew: 94164K->0K(153600K), 0.0010145 secs] 95293K->1129K(256000K), 0.0011570 secs] [Times: user=0.00 sys=0.00, real=0.00 secs] 
913.383: [GC (Allocation Failure) 913.383: [ParNew: 94164K->0K(153600K), 0.0004078 secs] 95293K->1129K(256000K), 0.0004772 secs] [Times: user=0.00 sys=0.00, real=0.00 secs] 
914.400: [GC (Allocation Failure) 914.400: [ParNew: 94164K->0K(153600K), 0.0009620 secs] 95293K->1129K(256000K), 0.0010749 secs] [Times: user=0.00 sys=0.00, real=0.00 secs] 
915.418: [GC (Allocation Failure) 915.418: [ParNew: 94164K->0K(153600K), 0.0008621 secs] 95293K->1129K(256000K), 0.0009797 secs] [Times: user=0.00 sys=0.00, real=0.00 secs] 
917.440: [GC (Allocation Failure) 917.440: [ParNew: 94164K->0K(153600K), 0.0009059 secs] 95293K->1129K(256000K), 0.0010409 secs] [Times: user=0.06 sys=0.00, real=0.00 secs] 
918.458: [GC (Allocation Failure) 918.458: [ParNew: 94164K->0K(153600K), 0.0010354 secs] 95293K->1129K(256000K), 0.0011830 secs] [Times: user=0.00 sys=0.00, real=0.00 secs] 
919.476: [GC (Allocation Failure) 919.476: [ParNew: 94164K->0K(153600K), 0.0004697 secs] 95293K->1129K(256000K), 0.0005325 secs] [Times: user=0.00 sys=0.00, real=0.00 secs] 
920.487: [GC (Allocation Failure) 920.487: [ParNew: 94164K->0K(153600K), 0.0003778 secs] 95293K->1129K(256000K), 0.0004370 secs] [Times: user=0.06 sys=0.00, real=0.00 secs] 
921.507: [GC (Allocation Failure) 921.507: [ParNew: 94164K->0K(153600K), 0.0009478 secs] 95293K->1129K(256000K), 0.0010836 secs] [Times: user=0.00 sys=0.00, real=0.00 secs] 
922.528: [GC (Allocation Failure) 922.528: [ParNew: 94164K->0K(153600K), 0.0009059 secs] 95293K->1129K(256000K), 0.0010330 secs] [Times: user=0.00 sys=0.00, real=0.00 secs] 
923.547: [GC (Allocation Failure) 923.547: [ParNew: 94164K->0K(153600K), 0.0009122 secs] 95293K->1129K(256000K), 0.0010524 secs] [Times: user=0.00 sys=0.00, real=0.00 secs] 
924.565: [GC (Allocation Failure) 924.566: [ParNew: 94164K->0K(153600K), 0.0009170 secs] 95293K->1129K(256000K), 0.0010480 secs] [Times: user=0.02 sys=0.00, real=0.00 secs] 
926.585: [GC (Allocation Failure) 926.585: [ParNew: 94164K->0K(153600K), 0.0008783 secs] 95293K->1129K(256000K), 0.0010026 secs] [Times: user=0.00 sys=0.00, real=0.00 secs] 
927.603: [GC (Allocation Failure) 927.603: [ParNew: 94164K->0K(153600K), 0.0004828 secs] 95293K->1129K(256000K), 0.0005601 secs] [Times: user=0.00 sys=0.00, real=0.00 secs] 
928.615: [GC (Allocation Failure) 928.615: [ParNew: 94164K->0K(153600K), 0.0009872 secs] 95293K->1129K(256000K), 0.0011396 secs] [Times: user=0.00 sys=0.00, real=0.00 secs] 
929.634: [GC (Allocation Failure) 929.634: [ParNew: 94164K->0K(153600K), 0.0009119 secs] 95293K->1129K(256000K), 0.0010366 secs] [Times: user=0.00 sys=0.00, real=0.00 secs] 
930.649: [GC (Allocation Failure) 930.649: [ParNew: 94164K->0K(153600K), 0.0004240 secs] 95293K->1129K(256000K), 0.0004970 secs] [Times: user=0.00 sys=0.00, real=0.00 secs] 
931.671: [GC (Allocation Failure) 931.672: [ParNew: 94164K->0K(153600K), 0.0005767 secs] 95293K->1129K(256000K), 0.0006797 secs] [Times: user=0.00 sys=0.00, real=0.00 secs] 
932.688: [GC (Allocation Failure) 932.689: [ParNew: 94164K->0K(153600K), 0.0009545 secs] 95293K->1129K(256000K), 0.0010765 secs] [Times: user=0.00 sys=0.00, real=0.00 secs] 
933.708: [GC (Allocation Failure) 933.708: [ParNew: 94164K->0K(153600K), 0.0009142 secs] 95293K->1129K(256000K), 0.0010551 secs] [Times: user=0.00 sys=0.00, real=0.00 secs] 
935.727: [GC (Allocation Failure) 935.727: [ParNew: 94164K->0K(153600K), 0.0008882 secs] 95293K->1129K(256000K), 0.0010295 secs] [Times: user=0.00 sys=0.00, real=0.00 secs] 
936.749: [GC (Allocation Failure) 936.749: [ParNew: 94164K->0K(153600K), 0.0009742 secs] 95293K->1129K(256000K), 0.0011179 secs] [Times: user=0.00 sys=0.00, real=0.00 secs] 
937.767: [GC (Allocation Failure) 937.768: [ParNew: 94164K->0K(153600K), 0.0009347 secs] 95293K->1129K(256000K), 0.0010784 secs] [Times: user=0.00 sys=0.00, real=0.00 secs] 
938.784: [GC (Allocation Failure) 938.784: [ParNew: 94164K->0K(153600K), 0.0009269 secs] 95293K->1129K(256000K), 0.0010496 secs] [Times: user=0.02 sys=0.00, real=0.00 secs] 
939.803: [GC (Allocation Failure) 939.803: [ParNew: 94164K->0K(153600K), 0.0010240 secs] 95293K->1129K(256000K), 0.0011633 secs] [Times: user=0.00 sys=0.00, real=0.00 secs] 
940.823: [GC (Allocation Failure) 940.823: [ParNew: 94164K->0K(153600K), 0.0005345 secs] 95293K->1129K(256000K), 0.0006237 secs] [Times: user=0.00 sys=0.00, real=0.00 secs] 
941.840: [GC (Allocation Failure) 941.840: [ParNew: 94164K->0K(153600K), 0.0008736 secs] 95293K->1129K(256000K), 0.0010062 secs] [Times: user=0.00 sys=0.00, real=0.00 secs] 
942.853: [GC (Allocation Failure) 942.853: [ParNew: 94164K->0K(153600K), 0.0005282 secs] 95293K->1129K(256000K), 0.0006213 secs] [Times: user=0.00 sys=0.00, real=0.00 secs] 
944.871: [GC (Allocation Failure) 944.871: [ParNew: 94164K->0K(153600K), 0.0008586 secs] 95293K->1129K(256000K), 0.0009853 secs] [Times: user=0.00 sys=0.00, real=0.00 secs] 
945.890: [GC (Allocation Failure) 945.890: [ParNew: 94164K->0K(153600K), 0.0010046 secs] 95293K->1129K(256000K), 0.0011262 secs] [Times: user=0.00 sys=0.00, real=0.00 secs] 
946.909: [GC (Allocation Failure) 946.909: [ParNew: 94164K->0K(153600K), 0.0008909 secs] 95293K->1129K(256000K), 0.0010094 secs] [Times: user=0.00 sys=0.00, real=0.00 secs] 
947.927: [GC (Allocation Failure) 947.927: [ParNew: 94164K->0K(153600K), 0.0008570 secs] 95293K->1129K(256000K), 0.0009916 secs] [Times: user=0.00 sys=0.00, real=0.00 secs] 
948.945: [GC (Allocation Failure) 948.945: [ParNew: 94164K->0K(153600K), 0.0009280 secs] 95293K->1129K(256000K), 0.0010725 secs] [Times: user=0.00 sys=0.00, real=0.00 secs] 
949.964: [GC (Allocation Failure) 949.964: [ParNew: 94164K->0K(153600K), 0.0008724 secs] 95293K->1129K(256000K), 0.0009853 secs] [Times: user=0.00 sys=0.00, real=0.00 secs] 
950.982: [GC (Allocation Failure) 950.982: [ParNew: 94164K->0K(153600K), 0.0008854 secs] 95293K->1129K(256000K), 0.0010263 secs] [Times: user=0.00 sys=0.00, real=0.00 secs] 
952.001: [GC (Allocation Failure) 952.001: [ParNew: 94164K->0K(153600K), 0.0008720 secs] 95293K->1129K(256000K), 0.0010271 secs] [Times: user=0.00 sys=0.00, real=0.00 secs] 
954.019: [GC (Allocation Failure) 954.019: [ParNew: 94164K->0K(153600K), 0.0008799 secs] 95293K->1129K(256000K), 0.0009955 secs] [Times: user=0.06 sys=0.00, real=0.00 secs] 
955.039: [GC (Allocation Failure) 955.039: [ParNew: 94164K->0K(153600K), 0.0008866 secs] 95293K->1129K(256000K), 0.0010153 secs] [Times: user=0.00 sys=0.00, real=0.00 secs] 
956.057: [GC (Allocation Failure) 956.057: [ParNew: 94164K->0K(153600K), 0.0009071 secs] 95293K->1129K(256000K), 0.0010472 secs] [Times: user=0.00 sys=0.00, real=0.00 secs] 
957.077: [GC (Allocation Failure) 957.077: [ParNew: 94164K->0K(153600K), 0.0009201 secs] 95293K->1129K(256000K), 0.0010461 secs] [Times: user=0.00 sys=0.00, real=0.00 secs] 
958.093: [GC (Allocation Failure) 958.093: [ParNew: 94164K->0K(153600K), 0.0006040 secs] 95293K->1129K(256000K), 0.0006876 secs] [Times: user=0.00 sys=0.00, real=0.00 secs] 
959.104: [GC (Allocation Failure) 959.104: [ParNew: 94164K->0K(153600K), 0.0003876 secs] 95293K->1129K(256000K), 0.0004441 secs] [Times: user=0.00 sys=0.00, real=0.00 secs] 
960.115: [GC (Allocation Failure) 960.115: [ParNew: 94164K->0K(153600K), 0.0003801 secs] 95293K->1129K(256000K), 0.0004362 secs] [Times: user=0.00 sys=0.00, real=0.00 secs] 
961.136: [GC (Allocation Failure) 961.136: [ParNew: 94164K->0K(153600K), 0.0011905 secs] 95293K->1129K(256000K), 0.0013295 secs] [Times: user=0.00 sys=0.00, real=0.00 secs] 
963.156: [GC (Allocation Failure) 963.156: [ParNew: 94164K->0K(153600K), 0.0004828 secs] 95293K->1129K(256000K), 0.0005424 secs] [Times: user=0.00 sys=0.00, real=0.00 secs] 
964.168: [GC (Allocation Failure) 964.168: [ParNew: 94164K->0K(153600K), 0.0006193 secs] 95293K->1129K(256000K), 0.0007062 secs] [Times: user=0.00 sys=0.00, real=0.00 secs] 
965.181: [GC (Allocation Failure) 965.181: [ParNew: 94164K->0K(153600K), 0.0008870 secs] 95293K->1129K(256000K), 0.0010070 secs] [Times: user=0.00 sys=0.00, real=0.00 secs] 
966.200: [GC (Allocation Failure) 966.200: [ParNew: 94164K->0K(153600K), 0.0009059 secs] 95293K->1129K(256000K), 0.0010528 secs] [Times: user=0.00 sys=0.00, real=0.00 secs] 
967.215: [GC (Allocation Failure) 967.215: [ParNew: 94164K->0K(153600K), 0.0004559 secs] 95293K->1129K(256000K), 0.0005207 secs] [Times: user=0.00 sys=0.00, real=0.00 secs] 
968.230: [GC (Allocation Failure) 968.230: [ParNew: 94164K->0K(153600K), 0.0009470 secs] 95293K->1129K(256000K), 0.0010844 secs] [Times: user=0.00 sys=0.00, real=0.00 secs] 
969.248: [GC (Allocation Failure) 969.248: [ParNew: 94164K->0K(153600K), 0.0009632 secs] 95293K->1129K(256000K), 0.0010911 secs] [Times: user=0.00 sys=0.00, real=0.00 secs] 
970.267: [GC (Allocation Failure) 970.267: [ParNew: 94164K->0K(153600K), 0.0009490 secs] 95293K->1129K(256000K), 0.0011128 secs] [Times: user=0.00 sys=0.00, real=0.00 secs] 
972.287: [GC (Allocation Failure) 972.287: [ParNew: 94164K->0K(153600K), 0.0009975 secs] 95293K->1129K(256000K), 0.0011597 secs] [Times: user=0.00 sys=0.00, real=0.00 secs] 
973.306: [GC (Allocation Failure) 973.306: [ParNew: 94164K->0K(153600K), 0.0008676 secs] 95293K->1129K(256000K), 0.0010169 secs] [Times: user=0.00 sys=0.00, real=0.00 secs] 
974.326: [GC (Allocation Failure) 974.326: [ParNew: 94164K->0K(153600K), 0.0008937 secs] 95293K->1129K(256000K), 0.0010149 secs] [Times: user=0.00 sys=0.00, real=0.00 secs] 
975.343: [GC (Allocation Failure) 975.343: [ParNew: 94164K->0K(153600K), 0.0006201 secs] 95293K->1129K(256000K), 0.0007216 secs] [Times: user=0.00 sys=0.00, real=0.00 secs] 
976.358: [GC (Allocation Failure) 976.358: [ParNew: 94164K->0K(153600K), 0.0008862 secs] 95293K->1129K(256000K), 0.0010007 secs] [Times: user=0.00 sys=0.00, real=0.00 secs] 
977.377: [GC (Allocation Failure) 977.377: [ParNew: 94164K->0K(153600K), 0.0008905 secs] 95293K->1129K(256000K), 0.0010240 secs] [Times: user=0.00 sys=0.00, real=0.00 secs] 
978.396: [GC (Allocation Failure) 978.396: [ParNew: 94164K->0K(153600K), 0.0010386 secs] 95293K->1129K(256000K), 0.0011799 secs] [Times: user=0.00 sys=0.00, real=0.00 secs] 
979.415: [GC (Allocation Failure) 979.415: [ParNew: 94164K->0K(153600K), 0.0009020 secs] 95293K->1129K(256000K), 0.0010172 secs] [Times: user=0.00 sys=0.00, real=0.00 secs] 
981.427: [GC (Allocation Failure) 981.428: [ParNew: 94164K->0K(153600K), 0.0009513 secs] 95293K->1129K(256000K), 0.0010611 secs] [Times: user=0.00 sys=0.00, real=0.00 secs] 
982.447: [GC (Allocation Failure) 982.447: [ParNew: 94164K->0K(153600K), 0.0010603 secs] 95293K->1129K(256000K), 0.0012051 secs] [Times: user=0.00 sys=0.00, real=0.00 secs] 
983.470: [GC (Allocation Failure) 983.470: [ParNew: 94164K->0K(153600K), 0.0008665 secs] 95293K->1129K(256000K), 0.0009758 secs] [Times: user=0.00 sys=0.00, real=0.00 secs] 
984.491: [GC (Allocation Failure) 984.491: [ParNew: 94164K->0K(153600K), 0.0008759 secs] 95293K->1129K(256000K), 0.0009809 secs] [Times: user=0.00 sys=0.00, real=0.00 secs] 
985.505: [GC (Allocation Failure) 985.505: [ParNew: 94164K->0K(153600K), 0.0004026 secs] 95293K->1129K(256000K), 0.0004697 secs] [Times: user=0.00 sys=0.00, real=0.00 secs] 
986.515: [GC (Allocation Failure) 986.515: [ParNew: 94164K->0K(153600K), 0.0004713 secs] 95293K->1129K(256000K), 0.0005321 secs] [Times: user=0.00 sys=0.00, real=0.00 secs] 
987.525: [GC (Allocation Failure) 987.525: [ParNew: 94164K->0K(153600K), 0.0005526 secs] 95293K->1129K(256000K), 0.0006217 secs] [Times: user=0.00 sys=0.00, real=0.00 secs] 
988.541: [GC (Allocation Failure) 988.541: [ParNew: 94164K->0K(153600K), 0.0009194 secs] 95293K->1129K(256000K), 0.0010780 secs] [Times: user=0.00 sys=0.00, real=0.00 secs] 
990.554: [GC (Allocation Failure) 990.555: [ParNew: 94164K->0K(153600K), 0.0003995 secs] 95293K->1129K(256000K), 0.0004634 secs] [Times: user=0.00 sys=0.00, real=0.00 secs] 
991.566: [GC (Allocation Failure) 991.566: [ParNew: 94164K->0K(153600K), 0.0004050 secs] 95293K->1129K(256000K), 0.0005234 secs] [Times: user=0.00 sys=0.00, real=0.00 secs] 
992.578: [GC (Allocation Failure) 992.578: [ParNew: 94164K->0K(153600K), 0.0009446 secs] 95293K->1129K(256000K), 0.0010808 secs] [Times: user=0.00 sys=0.00, real=0.00 secs] 
993.597: [GC (Allocation Failure) 993.597: [ParNew: 94164K->0K(153600K), 0.0009344 secs] 95293K->1129K(256000K), 0.0010642 secs] [Times: user=0.06 sys=0.00, real=0.00 secs] 
994.615: [GC (Allocation Failure) 994.615: [ParNew: 94164K->0K(153600K), 0.0009363 secs] 95293K->1129K(256000K), 0.0010741 secs] [Times: user=0.00 sys=0.00, real=0.00 secs] 
995.635: [GC (Allocation Failure) 995.635: [ParNew: 94164K->0K(153600K), 0.0008842 secs] 95293K->1129K(256000K), 0.0010015 secs] [Times: user=0.00 sys=0.00, real=0.00 secs] 
996.654: [GC (Allocation Failure) 996.654: [ParNew: 94164K->0K(153600K), 0.0009494 secs] 95293K->1129K(256000K), 0.0010903 secs] [Times: user=0.00 sys=0.00, real=0.00 secs] 
997.674: [GC (Allocation Failure) 997.674: [ParNew: 94164K->0K(153600K), 0.0008850 secs] 95293K->1129K(256000K), 0.0009908 secs] [Times: user=0.00 sys=0.00, real=0.00 secs] 
999.694: [GC (Allocation Failure) 999.694: [ParNew: 94164K->0K(153600K), 0.0008680 secs] 95293K->1129K(256000K), 0.0009821 secs] [Times: user=0.00 sys=0.00, real=0.00 secs] 
1000.714: [GC (Allocation Failure) 1000.714: [ParNew: 94164K->0K(153600K), 0.0008957 secs] 95293K->1129K(256000K), 0.0010172 secs] [Times: user=0.00 sys=0.00, real=0.00 secs] 
1001.732: [GC (Allocation Failure) 1001.732: [ParNew: 94164K->0K(153600K), 0.0009316 secs] 95293K->1129K(256000K), 0.0010488 secs] [Times: user=0.00 sys=0.00, real=0.00 secs] 
1002.751: [GC (Allocation Failure) 1002.751: [ParNew: 94164K->0K(153600K), 0.0010709 secs] 95293K->1129K(256000K), 0.0012063 secs] [Times: user=0.00 sys=0.00, real=0.00 secs] 
1003.770: [GC (Allocation Failure) 1003.770: [ParNew: 94164K->0K(153600K), 0.0008570 secs] 95293K->1129K(256000K), 0.0009786 secs] [Times: user=0.00 sys=0.00, real=0.00 secs] 
1004.790: [GC (Allocation Failure) 1004.790: [ParNew: 94164K->0K(153600K), 0.0011369 secs] 95293K->1129K(256000K), 0.0012853 secs] [Times: user=0.00 sys=0.00, real=0.00 secs] 
1005.808: [GC (Allocation Failure) 1005.808: [ParNew: 94164K->0K(153600K), 0.0005076 secs] 95293K->1129K(256000K), 0.0005751 secs] [Times: user=0.00 sys=0.00, real=0.00 secs] 
1006.819: [GC (Allocation Failure) 1006.819: [ParNew: 94164K->0K(153600K), 0.0005132 secs] 95293K->1129K(256000K), 0.0005826 secs] [Times: user=0.00 sys=0.00, real=0.00 secs] 
1008.832: [GC (Allocation Failure) 1008.832: [ParNew: 94164K->0K(153600K), 0.0005783 secs] 95293K->1129K(256000K), 0.0006655 secs] [Times: user=0.00 sys=0.00, real=0.00 secs] 
1009.845: [GC (Allocation Failure) 1009.845: [ParNew: 94164K->0K(153600K), 0.0005341 secs] 95293K->1129K(256000K), 0.0006107 secs] [Times: user=0.00 sys=0.00, real=0.00 secs] 
1010.857: [GC (Allocation Failure) 1010.857: [ParNew: 94164K->0K(153600K), 0.0004911 secs] 95293K->1129K(256000K), 0.0005534 secs] [Times: user=0.00 sys=0.00, real=0.00 secs] 
1011.870: [GC (Allocation Failure) 1011.870: [ParNew: 94164K->0K(153600K), 0.0008507 secs] 95293K->1129K(256000K), 0.0009738 secs] [Times: user=0.00 sys=0.00, real=0.00 secs] 
1012.889: [GC (Allocation Failure) 1012.889: [ParNew: 94164K->0K(153600K), 0.0008921 secs] 95293K->1129K(256000K), 0.0010050 secs] [Times: user=0.00 sys=0.00, real=0.00 secs] 
1013.907: [GC (Allocation Failure) 1013.907: [ParNew: 94164K->0K(153600K), 0.0008811 secs] 95293K->1129K(256000K), 0.0010090 secs] [Times: user=0.00 sys=0.00, real=0.00 secs] 
1014.925: [GC (Allocation Failure) 1014.926: [ParNew: 94164K->0K(153600K), 0.0009671 secs] 95293K->1129K(256000K), 0.0011108 secs] [Times: user=0.00 sys=0.00, real=0.00 secs] 
1015.940: [GC (Allocation Failure) 1015.940: [ParNew: 94164K->0K(153600K), 0.0005850 secs] 95293K->1129K(256000K), 0.0006683 secs] [Times: user=0.00 sys=0.00, real=0.00 secs] 
1017.959: [GC (Allocation Failure) 1017.959: [ParNew: 94164K->0K(153600K), 0.0009095 secs] 95293K->1129K(256000K), 0.0010461 secs] [Times: user=0.00 sys=0.00, real=0.00 secs] 
1018.976: [GC (Allocation Failure) 1018.976: [ParNew: 94164K->0K(153600K), 0.0004532 secs] 95293K->1129K(256000K), 0.0005104 secs] [Times: user=0.00 sys=0.00, real=0.00 secs] 
1019.987: [GC (Allocation Failure) 1019.987: [ParNew: 94164K->0K(153600K), 0.0005755 secs] 95293K->1129K(256000K), 0.0006584 secs] [Times: user=0.00 sys=0.00, real=0.00 secs] 
1020.999: [GC (Allocation Failure) 1020.999: [ParNew: 94164K->0K(153600K), 0.0004488 secs] 95293K->1129K(256000K), 0.0005187 secs] [Times: user=0.00 sys=0.00, real=0.00 secs] 
1022.012: [GC (Allocation Failure) 1022.012: [ParNew: 94164K->0K(153600K), 0.0009288 secs] 95293K->1129K(256000K), 0.0010555 secs] [Times: user=0.00 sys=0.00, real=0.00 secs] 
1023.032: [GC (Allocation Failure) 1023.032: [ParNew: 94164K->0K(153600K), 0.0009959 secs] 95293K->1129K(256000K), 0.0011313 secs] [Times: user=0.00 sys=0.00, real=0.00 secs] 
1024.052: [GC (Allocation Failure) 1024.052: [ParNew: 94164K->0K(153600K), 0.0009142 secs] 95293K->1129K(256000K), 0.0010472 secs] [Times: user=0.00 sys=0.00, real=0.00 secs] 
1025.071: [GC (Allocation Failure) 1025.072: [ParNew: 94164K->0K(153600K), 0.0009040 secs] 95293K->1129K(256000K), 0.0010007 secs] [Times: user=0.00 sys=0.00, real=0.00 secs] 
1027.091: [GC (Allocation Failure) 1027.091: [ParNew: 94164K->0K(153600K), 0.0009640 secs] 95293K->1129K(256000K), 0.0010757 secs] [Times: user=0.00 sys=0.00, real=0.00 secs] 
1028.109: [GC (Allocation Failure) 1028.109: [ParNew: 94164K->0K(153600K), 0.0008874 secs] 95293K->1129K(256000K), 0.0010169 secs] [Times: user=0.00 sys=0.00, real=0.00 secs] 
1029.127: [GC (Allocation Failure) 1029.127: [ParNew: 94164K->0K(153600K), 0.0008759 secs] 95293K->1129K(256000K), 0.0009888 secs] [Times: user=0.00 sys=0.00, real=0.00 secs] 
1030.146: [GC (Allocation Failure) 1030.147: [ParNew: 94164K->0K(153600K), 0.0009525 secs] 95293K->1129K(256000K), 0.0010974 secs] [Times: user=0.00 sys=0.00, real=0.00 secs] 
1031.168: [GC (Allocation Failure) 1031.168: [ParNew: 94164K->0K(153600K), 0.0009308 secs] 95293K->1129K(256000K), 0.0010445 secs] [Times: user=0.00 sys=0.00, real=0.00 secs] 
1032.213: [GC (Allocation Failure) 1032.213: [ParNew: 94164K->0K(153600K), 0.0004950 secs] 95293K->1129K(256000K), 0.0005815 secs] [Times: user=0.00 sys=0.00, real=0.00 secs] 
1033.230: [GC (Allocation Failure) 1033.230: [ParNew: 94164K->0K(153600K), 0.0009166 secs] 95293K->1129K(256000K), 0.0010307 secs] [Times: user=0.00 sys=0.00, real=0.00 secs] 
1034.248: [GC (Allocation Failure) 1034.248: [ParNew: 94164K->0K(153600K), 0.0009497 secs] 95293K->1129K(256000K), 0.0010717 secs] [Times: user=0.00 sys=0.00, real=0.00 secs] 
1036.267: [GC (Allocation Failure) 1036.267: [ParNew: 94164K->0K(153600K), 0.0009869 secs] 95293K->1129K(256000K), 0.0011404 secs] [Times: user=0.00 sys=0.00, real=0.00 secs] 
1037.286: [GC (Allocation Failure) 1037.286: [ParNew: 94164K->0K(153600K), 0.0009770 secs] 95293K->1129K(256000K), 0.0011203 secs] [Times: user=0.00 sys=0.00, real=0.00 secs] 
1038.304: [GC (Allocation Failure) 1038.304: [ParNew: 94164K->0K(153600K), 0.0006545 secs] 95293K->1129K(256000K), 0.0007449 secs] [Times: user=0.00 sys=0.00, real=0.00 secs] 
1039.318: [GC (Allocation Failure) 1039.318: [ParNew: 94164K->0K(153600K), 0.0009012 secs] 95293K->1129K(256000K), 0.0010220 secs] [Times: user=0.00 sys=0.00, real=0.00 secs] 
1040.337: [GC (Allocation Failure) 1040.337: [ParNew: 94164K->0K(153600K), 0.0009095 secs] 95293K->1129K(256000K), 0.0010615 secs] [Times: user=0.00 sys=0.00, real=0.00 secs] 
1041.355: [GC (Allocation Failure) 1041.355: [ParNew: 94164K->0K(153600K), 0.0009604 secs] 95293K->1129K(256000K), 0.0011151 secs] [Times: user=0.00 sys=0.00, real=0.00 secs] 
1042.373: [GC (Allocation Failure) 1042.373: [ParNew: 94164K->0K(153600K), 0.0009296 secs] 95293K->1129K(256000K), 0.0010405 secs] [Times: user=0.00 sys=0.00, real=0.00 secs] 
1043.392: [GC (Allocation Failure) 1043.393: [ParNew: 94164K->0K(153600K), 0.0009734 secs] 95293K->1129K(256000K), 0.0010986 secs] [Times: user=0.00 sys=0.00, real=0.00 secs] 
1045.412: [GC (Allocation Failure) 1045.412: [ParNew: 94164K->0K(153600K), 0.0009553 secs] 95293K->1129K(256000K), 0.0010986 secs] [Times: user=0.00 sys=0.00, real=0.00 secs] 
1046.430: [GC (Allocation Failure) 1046.430: [ParNew: 94164K->0K(153600K), 0.0008688 secs] 95293K->1129K(256000K), 0.0009829 secs] [Times: user=0.00 sys=0.00, real=0.00 secs] 
1047.449: [GC (Allocation Failure) 1047.449: [ParNew: 94164K->0K(153600K), 0.0009703 secs] 95293K->1129K(256000K), 0.0010922 secs] [Times: user=0.00 sys=0.00, real=0.00 secs] 
1048.469: [GC (Allocation Failure) 1048.469: [ParNew: 94164K->0K(153600K), 0.0009683 secs] 95293K->1129K(256000K), 0.0010934 secs] [Times: user=0.00 sys=0.00, real=0.00 secs] 
1049.488: [GC (Allocation Failure) 1049.488: [ParNew: 94164K->0K(153600K), 0.0010086 secs] 95293K->1129K(256000K), 0.0011444 secs] [Times: user=0.00 sys=0.00, real=0.00 secs] 
1050.508: [GC (Allocation Failure) 1050.508: [ParNew: 94164K->0K(153600K), 0.0009403 secs] 95293K->1129K(256000K), 0.0010792 secs] [Times: user=0.00 sys=0.00, real=0.00 secs] 
1051.530: [GC (Allocation Failure) 1051.530: [ParNew: 94164K->0K(153600K), 0.0005057 secs] 95293K->1129K(256000K), 0.0005838 secs] [Times: user=0.00 sys=0.00, real=0.00 secs] 
1052.541: [GC (Allocation Failure) 1052.541: [ParNew: 94164K->0K(153600K), 0.0003746 secs] 95293K->1129K(256000K), 0.0004303 secs] [Times: user=0.00 sys=0.00, real=0.00 secs] 
1054.552: [GC (Allocation Failure) 1054.552: [ParNew: 94164K->0K(153600K), 0.0009691 secs] 95293K->1129K(256000K), 0.0010946 secs] [Times: user=0.00 sys=0.00, real=0.00 secs] 
1055.571: [GC (Allocation Failure) 1055.571: [ParNew: 94164K->0K(153600K), 0.0009257 secs] 95293K->1129K(256000K), 0.0010654 secs] [Times: user=0.00 sys=0.00, real=0.00 secs] 
1056.589: [GC (Allocation Failure) 1056.589: [ParNew: 94164K->0K(153600K), 0.0009363 secs] 95293K->1129K(256000K), 0.0010480 secs] [Times: user=0.00 sys=0.00, real=0.00 secs] 
1057.608: [GC (Allocation Failure) 1057.608: [ParNew: 94164K->0K(153600K), 0.0008842 secs] 95293K->1129K(256000K), 0.0010547 secs] [Times: user=0.00 sys=0.00, real=0.00 secs] 
1058.627: [GC (Allocation Failure) 1058.627: [ParNew: 94164K->0K(153600K), 0.0009580 secs] 95293K->1129K(256000K), 0.0010851 secs] [Times: user=0.00 sys=0.00, real=0.00 secs] 
1059.646: [GC (Allocation Failure) 1059.646: [ParNew: 94164K->0K(153600K), 0.0009265 secs] 95293K->1129K(256000K), 0.0010603 secs] [Times: user=0.00 sys=0.00, real=0.00 secs] 
1060.664: [GC (Allocation Failure) 1060.664: [ParNew: 94164K->0K(153600K), 0.0009561 secs] 95293K->1129K(256000K), 0.0011199 secs] [Times: user=0.00 sys=0.00, real=0.00 secs] 
1061.683: [GC (Allocation Failure) 1061.683: [ParNew: 94164K->0K(153600K), 0.0008969 secs] 95293K->1129K(256000K), 0.0010307 secs] [Times: user=0.00 sys=0.00, real=0.00 secs] 
1063.702: [GC (Allocation Failure) 1063.702: [ParNew: 94164K->0K(153600K), 0.0009296 secs] 95293K->1129K(256000K), 0.0010678 secs] [Times: user=0.00 sys=0.00, real=0.00 secs] 
1064.722: [GC (Allocation Failure) 1064.722: [ParNew: 94164K->0K(153600K), 0.0009284 secs] 95293K->1129K(256000K), 0.0010709 secs] [Times: user=0.06 sys=0.00, real=0.00 secs] 
1065.741: [GC (Allocation Failure) 1065.741: [ParNew: 94164K->0K(153600K), 0.0008969 secs] 95293K->1129K(256000K), 0.0010255 secs] [Times: user=0.00 sys=0.00, real=0.00 secs] 
1066.759: [GC (Allocation Failure) 1066.759: [ParNew: 94164K->0K(153600K), 0.0008992 secs] 95293K->1129K(256000K), 0.0010472 secs] [Times: user=0.00 sys=0.00, real=0.00 secs] 
1067.777: [GC (Allocation Failure) 1067.777: [ParNew: 94164K->0K(153600K), 0.0009320 secs] 95293K->1129K(256000K), 0.0010694 secs] [Times: user=0.00 sys=0.00, real=0.00 secs] 
1068.796: [GC (Allocation Failure) 1068.796: [ParNew: 94164K->0K(153600K), 0.0010192 secs] 95293K->1129K(256000K), 0.0011451 secs] [Times: user=0.00 sys=0.00, real=0.00 secs] 
1069.817: [GC (Allocation Failure) 1069.817: [ParNew: 94164K->0K(153600K), 0.0011297 secs] 95293K->1129K(256000K), 0.0012778 secs] [Times: user=0.00 sys=0.00, real=0.00 secs] 
1070.838: [GC (Allocation Failure) 1070.838: [ParNew: 94164K->0K(153600K), 0.0008909 secs] 95293K->1129K(256000K), 0.0010082 secs] [Times: user=0.00 sys=0.00, real=0.00 secs] 
1072.851: [GC (Allocation Failure) 1072.851: [ParNew: 94164K->0K(153600K), 0.0008400 secs] 95293K->1129K(256000K), 0.0009505 secs] [Times: user=0.00 sys=0.00, real=0.00 secs] 
1073.869: [GC (Allocation Failure) 1073.870: [ParNew: 94164K->0K(153600K), 0.0009608 secs] 95293K->1129K(256000K), 0.0010887 secs] [Times: user=0.00 sys=0.00, real=0.00 secs] 
1074.889: [GC (Allocation Failure) 1074.889: [ParNew: 94164K->0K(153600K), 0.0009505 secs] 95293K->1129K(256000K), 0.0010662 secs] [Times: user=0.00 sys=0.00, real=0.00 secs] 
1075.908: [GC (Allocation Failure) 1075.908: [ParNew: 94164K->0K(153600K), 0.0009379 secs] 95293K->1129K(256000K), 0.0010930 secs] [Times: user=0.00 sys=0.00, real=0.00 secs] 
1076.926: [GC (Allocation Failure) 1076.926: [ParNew: 94164K->0K(153600K), 0.0009884 secs] 95293K->1129K(256000K), 0.0011199 secs] [Times: user=0.00 sys=0.00, real=0.00 secs] 
1077.944: [GC (Allocation Failure) 1077.944: [ParNew: 94164K->0K(153600K), 0.0009284 secs] 95293K->1129K(256000K), 0.0010674 secs] [Times: user=0.00 sys=0.00, real=0.00 secs] 
1078.964: [GC (Allocation Failure) 1078.964: [ParNew: 94164K->0K(153600K), 0.0008988 secs] 95293K->1129K(256000K), 0.0010236 secs] [Times: user=0.00 sys=0.00, real=0.00 secs] 
1079.984: [GC (Allocation Failure) 1079.984: [ParNew: 94164K->0K(153600K), 0.0008905 secs] 95293K->1129K(256000K), 0.0010145 secs] [Times: user=0.00 sys=0.00, real=0.00 secs] 
1082.003: [GC (Allocation Failure) 1082.003: [ParNew: 94164K->0K(153600K), 0.0010019 secs] 95293K->1129K(256000K), 0.0011451 secs] [Times: user=0.06 sys=0.00, real=0.00 secs] 
1083.021: [GC (Allocation Failure) 1083.021: [ParNew: 94164K->0K(153600K), 0.0004007 secs] 95293K->1129K(256000K), 0.0004804 secs] [Times: user=0.00 sys=0.00, real=0.00 secs] 
1084.032: [GC (Allocation Failure) 1084.032: [ParNew: 94164K->0K(153600K), 0.0004911 secs] 95293K->1129K(256000K), 0.0005609 secs] [Times: user=0.00 sys=0.00, real=0.00 secs] 
1085.045: [GC (Allocation Failure) 1085.045: [ParNew: 94164K->0K(153600K), 0.0010224 secs] 95293K->1129K(256000K), 0.0011511 secs] [Times: user=0.00 sys=0.00, real=0.00 secs] 
1086.064: [GC (Allocation Failure) 1086.064: [ParNew: 94164K->0K(153600K), 0.0008988 secs] 95293K->1129K(256000K), 0.0010299 secs] [Times: user=0.00 sys=0.00, real=0.00 secs] 
1087.083: [GC (Allocation Failure) 1087.083: [ParNew: 94164K->0K(153600K), 0.0009261 secs] 95293K->1129K(256000K), 0.0010547 secs] [Times: user=0.00 sys=0.00, real=0.00 secs] 
1088.104: [GC (Allocation Failure) 1088.104: [ParNew: 94164K->0K(153600K), 0.0009403 secs] 95293K->1129K(256000K), 0.0011076 secs] [Times: user=0.00 sys=0.00, real=0.00 secs] 
1089.123: [GC (Allocation Failure) 1089.123: [ParNew: 94164K->0K(153600K), 0.0009308 secs] 95293K->1129K(256000K), 0.0013496 secs] [Times: user=0.00 sys=0.00, real=0.00 secs] 
1091.143: [GC (Allocation Failure) 1091.143: [ParNew: 94164K->0K(153600K), 0.0012059 secs] 95293K->1129K(256000K), 0.0013555 secs] [Times: user=0.05 sys=0.00, real=0.00 secs] 
1092.161: [GC (Allocation Failure) 1092.161: [ParNew: 94164K->0K(153600K), 0.0010011 secs] 95293K->1129K(256000K), 0.0011447 secs] [Times: user=0.00 sys=0.00, real=0.00 secs] 
1093.183: [GC (Allocation Failure) 1093.183: [ParNew: 94164K->0K(153600K), 0.0008925 secs] 95293K->1129K(256000K), 0.0010086 secs] [Times: user=0.00 sys=0.00, real=0.00 secs] 
1094.201: [GC (Allocation Failure) 1094.201: [ParNew: 94164K->0K(153600K), 0.0008637 secs] 95293K->1129K(256000K), 0.0009738 secs] [Times: user=0.00 sys=0.00, real=0.00 secs] 
1095.221: [GC (Allocation Failure) 1095.221: [ParNew: 94164K->0K(153600K), 0.0009426 secs] 95293K->1129K(256000K), 0.0010804 secs] [Times: user=0.00 sys=0.00, real=0.00 secs] 
1096.243: [GC (Allocation Failure) 1096.243: [ParNew: 94164K->0K(153600K), 0.0009434 secs] 95293K->1129K(256000K), 0.0010682 secs] [Times: user=0.00 sys=0.00, real=0.00 secs] 
1097.264: [GC (Allocation Failure) 1097.264: [ParNew: 94164K->0K(153600K), 0.0009213 secs] 95293K->1129K(256000K), 0.0010358 secs] [Times: user=0.00 sys=0.00, real=0.00 secs] 
1098.288: [GC (Allocation Failure) 1098.288: [ParNew: 94164K->0K(153600K), 0.0009454 secs] 95293K->1129K(256000K), 0.0011005 secs] [Times: user=0.00 sys=0.00, real=0.00 secs] 
1100.307: [GC (Allocation Failure) 1100.307: [ParNew: 94164K->0K(153600K), 0.0008929 secs] 95293K->1129K(256000K), 0.0010082 secs] [Times: user=0.00 sys=0.00, real=0.00 secs] 
1101.327: [GC (Allocation Failure) 1101.327: [ParNew: 94164K->0K(153600K), 0.0003813 secs] 95293K->1129K(256000K), 0.0004425 secs] [Times: user=0.00 sys=0.00, real=0.00 secs] 
1102.340: [GC (Allocation Failure) 1102.340: [ParNew: 94164K->0K(153600K), 0.0008870 secs] 95293K->1129K(256000K), 0.0010169 secs] [Times: user=0.00 sys=0.00, real=0.00 secs] 
1103.364: [GC (Allocation Failure) 1103.364: [ParNew: 94164K->0K(153600K), 0.0008791 secs] 95293K->1129K(256000K), 0.0009861 secs] [Times: user=0.00 sys=0.00, real=0.00 secs] 
1104.383: [GC (Allocation Failure) 1104.383: [ParNew: 94164K->0K(153600K), 0.0009565 secs] 95293K->1129K(256000K), 0.0010678 secs] [Times: user=0.00 sys=0.00, real=0.00 secs] 
1105.402: [GC (Allocation Failure) 1105.402: [ParNew: 94164K->0K(153600K), 0.0009351 secs] 95293K->1129K(256000K), 0.0010583 secs] [Times: user=0.00 sys=0.00, real=0.00 secs] 
1106.422: [GC (Allocation Failure) 1106.422: [ParNew: 94164K->0K(153600K), 0.0010729 secs] 95293K->1129K(256000K), 0.0012209 secs] [Times: user=0.00 sys=0.00, real=0.00 secs] 
1107.443: [GC (Allocation Failure) 1107.443: [ParNew: 94164K->0K(153600K), 0.0009122 secs] 95293K->1129K(256000K), 0.0010228 secs] [Times: user=0.00 sys=0.00, real=0.00 secs] 
1109.457: [GC (Allocation Failure) 1109.457: [ParNew: 94164K->0K(153600K), 0.0008846 secs] 95293K->1129K(256000K), 0.0010204 secs] [Times: user=0.06 sys=0.00, real=0.00 secs] 
1110.476: [GC (Allocation Failure) 1110.476: [ParNew: 94164K->0K(153600K), 0.0011783 secs] 95293K->1129K(256000K), 0.0013334 secs] [Times: user=0.00 sys=0.00, real=0.00 secs] 
1111.506: [GC (Allocation Failure) 1111.506: [ParNew: 94164K->0K(153600K), 0.0010030 secs] 95293K->1129K(256000K), 0.0012308 secs] [Times: user=0.00 sys=0.00, real=0.00 secs] 
1112.534: [GC (Allocation Failure) 1112.534: [ParNew: 94164K->0K(153600K), 0.0003868 secs] 95293K->1129K(256000K), 0.0004524 secs] [Times: user=0.00 sys=0.00, real=0.00 secs] 
1113.545: [GC (Allocation Failure) 1113.545: [ParNew: 94164K->0K(153600K), 0.0004536 secs] 95293K->1129K(256000K), 0.0005084 secs] [Times: user=0.00 sys=0.00, real=0.00 secs] 
1114.557: [GC (Allocation Failure) 1114.558: [ParNew: 94164K->0K(153600K), 0.0004050 secs] 95293K->1129K(256000K), 0.0004788 secs] [Times: user=0.00 sys=0.00, real=0.00 secs] 
1115.574: [GC (Allocation Failure) 1115.574: [ParNew: 94164K->0K(153600K), 0.0010042 secs] 95293K->1129K(256000K), 0.0011562 secs] [Times: user=0.00 sys=0.00, real=0.00 secs] 
1116.593: [GC (Allocation Failure) 1116.593: [ParNew: 94164K->0K(153600K), 0.0008866 secs] 95293K->1129K(256000K), 0.0010094 secs] [Times: user=0.00 sys=0.00, real=0.00 secs] 
1118.612: [GC (Allocation Failure) 1118.612: [ParNew: 94164K->0K(153600K), 0.0004595 secs] 95293K->1129K(256000K), 0.0005226 secs] [Times: user=0.00 sys=0.00, real=0.00 secs] 
1119.624: [GC (Allocation Failure) 1119.624: [ParNew: 94164K->0K(153600K), 0.0009569 secs] 95293K->1129K(256000K), 0.0010851 secs] [Times: user=0.00 sys=0.00, real=0.00 secs] 
1120.644: [GC (Allocation Failure) 1120.644: [ParNew: 94164K->0K(153600K), 0.0009091 secs] 95293K->1129K(256000K), 0.0010338 secs] [Times: user=0.06 sys=0.00, real=0.00 secs] 
1121.669: [GC (Allocation Failure) 1121.669: [ParNew: 94164K->0K(153600K), 0.0005246 secs] 95293K->1129K(256000K), 0.0006075 secs] [Times: user=0.00 sys=0.00, real=0.00 secs] 
1122.682: [GC (Allocation Failure) 1122.682: [ParNew: 94164K->0K(153600K), 0.0004626 secs] 95293K->1129K(256000K), 0.0005286 secs] [Times: user=0.00 sys=0.00, real=0.00 secs] 
1123.696: [GC (Allocation Failure) 1123.696: [ParNew: 94164K->0K(153600K), 0.0008554 secs] 95293K->1129K(256000K), 0.0010015 secs] [Times: user=0.00 sys=0.00, real=0.00 secs] 
1124.715: [GC (Allocation Failure) 1124.715: [ParNew: 94164K->0K(153600K), 0.0008894 secs] 95293K->1129K(256000K), 0.0010129 secs] [Times: user=0.00 sys=0.00, real=0.00 secs] 
1125.734: [GC (Allocation Failure) 1125.734: [ParNew: 94164K->0K(153600K), 0.0010342 secs] 95293K->1129K(256000K), 0.0011669 secs] [Times: user=0.00 sys=0.00, real=0.00 secs] 
1127.754: [GC (Allocation Failure) 1127.754: [ParNew: 94164K->0K(153600K), 0.0010536 secs] 95293K->1129K(256000K), 0.0011866 secs] [Times: user=0.00 sys=0.00, real=0.00 secs] 
1128.773: [GC (Allocation Failure) 1128.773: [ParNew: 94164K->0K(153600K), 0.0009079 secs] 95293K->1129K(256000K), 0.0010374 secs] [Times: user=0.00 sys=0.00, real=0.00 secs] 
1129.792: [GC (Allocation Failure) 1129.792: [ParNew: 94164K->0K(153600K), 0.0009565 secs] 95293K->1129K(256000K), 0.0010725 secs] [Times: user=0.00 sys=0.00, real=0.00 secs] 
1130.813: [GC (Allocation Failure) 1130.813: [ParNew: 94164K->0K(153600K), 0.0010350 secs] 95293K->1129K(256000K), 0.0011728 secs] [Times: user=0.00 sys=0.00, real=0.00 secs] 
1131.833: [GC (Allocation Failure) 1131.834: [ParNew: 94164K->0K(153600K), 0.0005333 secs] 95293K->1129K(256000K), 0.0006075 secs] [Times: user=0.00 sys=0.00, real=0.00 secs] 
1132.844: [GC (Allocation Failure) 1132.844: [ParNew: 94164K->0K(153600K), 0.0004074 secs] 95293K->1129K(256000K), 0.0004650 secs] [Times: user=0.00 sys=0.00, real=0.00 secs] 
1133.883: [GC (Allocation Failure) 1133.883: [ParNew: 94164K->0K(153600K), 0.0005534 secs] 95293K->1129K(256000K), 0.0006201 secs] [Times: user=0.00 sys=0.00, real=0.00 secs] 
1134.901: [GC (Allocation Failure) 1134.902: [ParNew: 94164K->0K(153600K), 0.0010851 secs] 95293K->1129K(256000K), 0.0012221 secs] [Times: user=0.00 sys=0.00, real=0.00 secs] 
1136.920: [GC (Allocation Failure) 1136.920: [ParNew: 94164K->0K(153600K), 0.0010113 secs] 95293K->1129K(256000K), 0.0011499 secs] [Times: user=0.00 sys=0.00, real=0.00 secs] 
1137.945: [GC (Allocation Failure) 1137.945: [ParNew: 94164K->0K(153600K), 0.0009411 secs] 95293K->1129K(256000K), 0.0010962 secs] [Times: user=0.00 sys=0.00, real=0.00 secs] 
1138.966: [GC (Allocation Failure) 1138.966: [ParNew: 94164K->0K(153600K), 0.0008633 secs] 95293K->1129K(256000K), 0.0009786 secs] [Times: user=0.00 sys=0.00, real=0.00 secs] 
1139.984: [GC (Allocation Failure) 1139.984: [ParNew: 94164K->0K(153600K), 0.0008921 secs] 95293K->1129K(256000K), 0.0010097 secs] [Times: user=0.00 sys=0.00, real=0.00 secs] 
1141.005: [GC (Allocation Failure) 1141.005: [ParNew: 94164K->0K(153600K), 0.0008913 secs] 95293K->1129K(256000K), 0.0010465 secs] [Times: user=0.00 sys=0.00, real=0.00 secs] 
1142.026: [GC (Allocation Failure) 1142.026: [ParNew: 94164K->0K(153600K), 0.0008692 secs] 95293K->1129K(256000K), 0.0009955 secs] [Times: user=0.00 sys=0.00, real=0.00 secs] 
1143.047: [GC (Allocation Failure) 1143.047: [ParNew: 94164K->0K(153600K), 0.0010303 secs] 95293K->1129K(256000K), 0.0011597 secs] [Times: user=0.00 sys=0.00, real=0.00 secs] 
1144.065: [GC (Allocation Failure) 1144.065: [ParNew: 94164K->0K(153600K), 0.0008471 secs] 95293K->1129K(256000K), 0.0009557 secs] [Times: user=0.00 sys=0.00, real=0.00 secs] 
1146.077: [GC (Allocation Failure) 1146.077: [ParNew: 94164K->0K(153600K), 0.0009284 secs] 95293K->1129K(256000K), 0.0010721 secs] [Times: user=0.00 sys=0.00, real=0.00 secs] 
1147.096: [GC (Allocation Failure) 1147.096: [ParNew: 94164K->0K(153600K), 0.0008846 secs] 95293K->1129K(256000K), 0.0010125 secs] [Times: user=0.02 sys=0.03, real=0.00 secs] 
1148.115: [GC (Allocation Failure) 1148.115: [ParNew: 94164K->0K(153600K), 0.0009245 secs] 95293K->1129K(256000K), 0.0010650 secs] [Times: user=0.00 sys=0.00, real=0.00 secs] 
1149.132: [GC (Allocation Failure) 1149.132: [ParNew: 94164K->0K(153600K), 0.0008653 secs] 95293K->1129K(256000K), 0.0009695 secs] [Times: user=0.00 sys=0.00, real=0.00 secs] 
1150.153: [GC (Allocation Failure) 1150.153: [ParNew: 94164K->0K(153600K), 0.0009513 secs] 95293K->1129K(256000K), 0.0011112 secs] [Times: user=0.00 sys=0.00, real=0.00 secs] 
1151.172: [GC (Allocation Failure) 1151.172: [ParNew: 94164K->0K(153600K), 0.0009059 secs] 95293K->1129K(256000K), 0.0010567 secs] [Times: user=0.00 sys=0.00, real=0.00 secs] 
1152.208: [GC (Allocation Failure) 1152.208: [ParNew: 94164K->0K(153600K), 0.0003805 secs] 95293K->1129K(256000K), 0.0004595 secs] [Times: user=0.00 sys=0.00, real=0.00 secs] 
1153.221: [GC (Allocation Failure) 1153.221: [ParNew: 94164K->0K(153600K), 0.0005613 secs] 95293K->1129K(256000K), 0.0006442 secs] [Times: user=0.00 sys=0.00, real=0.00 secs] 
1155.239: [GC (Allocation Failure) 1155.239: [ParNew: 94164K->0K(153600K), 0.0004540 secs] 95293K->1129K(256000K), 0.0005246 secs] [Times: user=0.00 sys=0.00, real=0.00 secs] 
1156.252: [GC (Allocation Failure) 1156.252: [ParNew: 94164K->0K(153600K), 0.0008972 secs] 95293K->1129K(256000K), 0.0010228 secs] [Times: user=0.00 sys=0.00, real=0.00 secs] 
1157.271: [GC (Allocation Failure) 1157.271: [ParNew: 94164K->0K(153600K), 0.0007982 secs] 95293K->1129K(256000K), 0.0009245 secs] [Times: user=0.00 sys=0.00, real=0.00 secs] 
1158.286: [GC (Allocation Failure) 1158.286: [ParNew: 94164K->0K(153600K), 0.0011779 secs] 95293K->1129K(256000K), 0.0013188 secs] [Times: user=0.00 sys=0.00, real=0.00 secs] 
1159.306: [GC (Allocation Failure) 1159.306: [ParNew: 94164K->0K(153600K), 0.0009225 secs] 95293K->1129K(256000K), 0.0010472 secs] [Times: user=0.00 sys=0.00, real=0.00 secs] 
1160.324: [GC (Allocation Failure) 1160.324: [ParNew: 94164K->0K(153600K), 0.0009849 secs] 95293K->1129K(256000K), 0.0011037 secs] [Times: user=0.00 sys=0.00, real=0.00 secs] 
1161.343: [GC (Allocation Failure) 1161.343: [ParNew: 94164K->0K(153600K), 0.0009367 secs] 95293K->1129K(256000K), 0.0010642 secs] [Times: user=0.00 sys=0.00, real=0.00 secs] 
1162.356: [GC (Allocation Failure) 1162.356: [ParNew: 94164K->0K(153600K), 0.0003841 secs] 95293K->1129K(256000K), 0.0004457 secs] [Times: user=0.00 sys=0.00, real=0.00 secs] 
1164.372: [GC (Allocation Failure) 1164.372: [ParNew: 94164K->0K(153600K), 0.0008819 secs] 95293K->1129K(256000K), 0.0010003 secs] [Times: user=0.00 sys=0.00, real=0.00 secs] 
1165.391: [GC (Allocation Failure) 1165.391: [ParNew: 94164K->0K(153600K), 0.0009584 secs] 95293K->1129K(256000K), 0.0010741 secs] [Times: user=0.00 sys=0.00, real=0.00 secs] 
1166.411: [GC (Allocation Failure) 1166.411: [ParNew: 94164K->0K(153600K), 0.0009328 secs] 95293K->1129K(256000K), 0.0010950 secs] [Times: user=0.00 sys=0.00, real=0.00 secs] 
1167.430: [GC (Allocation Failure) 1167.430: [ParNew: 94164K->0K(153600K), 0.0009130 secs] 95293K->1129K(256000K), 0.0010421 secs] [Times: user=0.00 sys=0.00, real=0.00 secs] 
1168.448: [GC (Allocation Failure) 1168.448: [ParNew: 94164K->0K(153600K), 0.0009430 secs] 95293K->1129K(256000K), 0.0010583 secs] [Times: user=0.00 sys=0.00, real=0.00 secs] 
1169.466: [GC (Allocation Failure) 1169.466: [ParNew: 94164K->0K(153600K), 0.0009170 secs] 95293K->1129K(256000K), 0.0010338 secs] [Times: user=0.00 sys=0.00, real=0.00 secs] 
1170.488: [GC (Allocation Failure) 1170.488: [ParNew: 94164K->0K(153600K), 0.0009596 secs] 95293K->1129K(256000K), 0.0011219 secs] [Times: user=0.05 sys=0.00, real=0.00 secs] 
1171.505: [GC (Allocation Failure) 1171.505: [ParNew: 94164K->0K(153600K), 0.0004978 secs] 95293K->1129K(256000K), 0.0005771 secs] [Times: user=0.00 sys=0.00, real=0.00 secs] 
1173.519: [GC (Allocation Failure) 1173.520: [ParNew: 94164K->0K(153600K), 0.0010046 secs] 95293K->1129K(256000K), 0.0011578 secs] [Times: user=0.00 sys=0.00, real=0.00 secs] 
1174.539: [GC (Allocation Failure) 1174.539: [ParNew: 94164K->0K(153600K), 0.0008897 secs] 95293K->1129K(256000K), 0.0009991 secs] [Times: user=0.00 sys=0.00, real=0.00 secs] 
1175.557: [GC (Allocation Failure) 1175.557: [ParNew: 94164K->0K(153600K), 0.0003900 secs] 95293K->1129K(256000K), 0.0004520 secs] [Times: user=0.00 sys=0.00, real=0.00 secs] 
1176.568: [GC (Allocation Failure) 1176.569: [ParNew: 94164K->0K(153600K), 0.0003884 secs] 95293K->1129K(256000K), 0.0004536 secs] [Times: user=0.00 sys=0.00, real=0.00 secs] 
1177.583: [GC (Allocation Failure) 1177.583: [ParNew: 94164K->0K(153600K), 0.0009308 secs] 95293K->1129K(256000K), 0.0010338 secs] [Times: user=0.00 sys=0.00, real=0.00 secs] 
1178.601: [GC (Allocation Failure) 1178.601: [ParNew: 94164K->0K(153600K), 0.0004887 secs] 95293K->1129K(256000K), 0.0005558 secs] [Times: user=0.00 sys=0.00, real=0.00 secs] 
1179.617: [GC (Allocation Failure) 1179.617: [ParNew: 94164K->0K(153600K), 0.0008834 secs] 95293K->1129K(256000K), 0.0010090 secs] [Times: user=0.00 sys=0.00, real=0.00 secs] 
1180.636: [GC (Allocation Failure) 1180.636: [ParNew: 94164K->0K(153600K), 0.0008807 secs] 95293K->1129K(256000K), 0.0009936 secs] [Times: user=0.00 sys=0.00, real=0.00 secs] 
1182.656: [GC (Allocation Failure) 1182.656: [ParNew: 94164K->0K(153600K), 0.0008921 secs] 95293K->1129K(256000K), 0.0010184 secs] [Times: user=0.00 sys=0.00, real=0.00 secs] 
1183.676: [GC (Allocation Failure) 1183.676: [ParNew: 94164K->0K(153600K), 0.0010137 secs] 95293K->1129K(256000K), 0.0011732 secs] [Times: user=0.00 sys=0.00, real=0.00 secs] 
1184.696: [GC (Allocation Failure) 1184.697: [ParNew: 94164K->0K(153600K), 0.0008925 secs] 95293K->1129K(256000K), 0.0010240 secs] [Times: user=0.00 sys=0.00, real=0.00 secs] 
1185.716: [GC (Allocation Failure) 1185.716: [ParNew: 94164K->0K(153600K), 0.0008613 secs] 95293K->1129K(256000K), 0.0009967 secs] [Times: user=0.00 sys=0.00, real=0.00 secs] 
1186.739: [GC (Allocation Failure) 1186.739: [ParNew: 94164K->0K(153600K), 0.0014467 secs] 95293K->1129K(256000K), 0.0015951 secs] [Times: user=0.00 sys=0.00, real=0.00 secs] 
1187.757: [GC (Allocation Failure) 1187.758: [ParNew: 94164K->0K(153600K), 0.0006426 secs] 95293K->1129K(256000K), 0.0007390 secs] [Times: user=0.00 sys=0.00, real=0.00 secs] 
1188.774: [GC (Allocation Failure) 1188.774: [ParNew: 94164K->0K(153600K), 0.0009892 secs] 95293K->1129K(256000K), 0.0011404 secs] [Times: user=0.00 sys=0.00, real=0.00 secs] 
1189.786: [GC (Allocation Failure) 1189.786: [ParNew: 94164K->0K(153600K), 0.0003853 secs] 95293K->1129K(256000K), 0.0004461 secs] [Times: user=0.00 sys=0.00, real=0.00 secs] 
1191.798: [GC (Allocation Failure) 1191.798: [ParNew: 94164K->0K(153600K), 0.0009229 secs] 95293K->1129K(256000K), 0.0010540 secs] [Times: user=0.00 sys=0.00, real=0.00 secs] 
1192.821: [GC (Allocation Failure) 1192.821: [ParNew: 94164K->0K(153600K), 0.0007721 secs] 95293K->1129K(256000K), 0.0008795 secs] [Times: user=0.00 sys=0.00, real=0.00 secs] 
1193.835: [GC (Allocation Failure) 1193.835: [ParNew: 94164K->0K(153600K), 0.0009395 secs] 95293K->1129K(256000K), 0.0010721 secs] [Times: user=0.00 sys=0.00, real=0.00 secs] 
1194.851: [GC (Allocation Failure) 1194.851: [ParNew: 94164K->0K(153600K), 0.0005597 secs] 95293K->1129K(256000K), 0.0006541 secs] [Times: user=0.00 sys=0.00, real=0.00 secs] 
1195.863: [GC (Allocation Failure) 1195.863: [ParNew: 94164K->0K(153600K), 0.0005345 secs] 95293K->1129K(256000K), 0.0006150 secs] [Times: user=0.00 sys=0.00, real=0.00 secs] 
1196.879: [GC (Allocation Failure) 1196.879: [ParNew: 94164K->0K(153600K), 0.0008913 secs] 95293K->1129K(256000K), 0.0010015 secs] [Times: user=0.06 sys=0.00, real=0.00 secs] 
1197.893: [GC (Allocation Failure) 1197.893: [ParNew: 94164K->0K(153600K), 0.0003892 secs] 95293K->1129K(256000K), 0.0004528 secs] [Times: user=0.00 sys=0.00, real=0.00 secs] 
1198.910: [GC (Allocation Failure) 1198.910: [ParNew: 94164K->0K(153600K), 0.0011759 secs] 95293K->1129K(256000K), 0.0013117 secs] [Times: user=0.01 sys=0.00, real=0.00 secs] 
1200.924: [GC (Allocation Failure) 1200.924: [ParNew: 94164K->0K(153600K), 0.0008799 secs] 95293K->1129K(256000K), 0.0010030 secs] [Times: user=0.00 sys=0.00, real=0.00 secs] 
1201.944: [GC (Allocation Failure) 1201.944: [ParNew: 94164K->0K(153600K), 0.0018328 secs] 95293K->1129K(256000K), 0.0019903 secs] [Times: user=0.00 sys=0.00, real=0.00 secs] 
1202.969: [GC (Allocation Failure) 1202.969: [ParNew: 94164K->0K(153600K), 0.0009174 secs] 95293K->1129K(256000K), 0.0010405 secs] [Times: user=0.00 sys=0.00, real=0.00 secs] 
1203.989: [GC (Allocation Failure) 1203.989: [ParNew: 94164K->0K(153600K), 0.0010547 secs] 95293K->1129K(256000K), 0.0012012 secs] [Times: user=0.00 sys=0.00, real=0.00 secs] 
1205.010: [GC (Allocation Failure) 1205.010: [ParNew: 94164K->0K(153600K), 0.0008870 secs] 95293K->1129K(256000K), 0.0010169 secs] [Times: user=0.00 sys=0.00, real=0.00 secs] 
1206.029: [GC (Allocation Failure) 1206.029: [ParNew: 94164K->0K(153600K), 0.0009501 secs] 95293K->1129K(256000K), 0.0010761 secs] [Times: user=0.00 sys=0.00, real=0.00 secs] 
1207.043: [GC (Allocation Failure) 1207.043: [ParNew: 94164K->0K(153600K), 0.0003884 secs] 95293K->1129K(256000K), 0.0004472 secs] [Times: user=0.00 sys=0.00, real=0.00 secs] 
1208.061: [GC (Allocation Failure) 1208.061: [ParNew: 94164K->0K(153600K), 0.0008191 secs] 95293K->1129K(256000K), 0.0009351 secs] [Times: user=0.00 sys=0.00, real=0.00 secs] 
1210.080: [GC (Allocation Failure) 1210.080: [ParNew: 94164K->0K(153600K), 0.0012557 secs] 95293K->1129K(256000K), 0.0014274 secs] [Times: user=0.00 sys=0.00, real=0.00 secs] 
1211.100: [GC (Allocation Failure) 1211.100: [ParNew: 94164K->0K(153600K), 0.0004911 secs] 95293K->1129K(256000K), 0.0005582 secs] [Times: user=0.00 sys=0.00, real=0.00 secs] 
1212.112: [GC (Allocation Failure) 1212.112: [ParNew: 94164K->0K(153600K), 0.0004070 secs] 95293K->1129K(256000K), 0.0004792 secs] [Times: user=0.00 sys=0.00, real=0.00 secs] 
1213.124: [GC (Allocation Failure) 1213.124: [ParNew: 94164K->0K(153600K), 0.0009044 secs] 95293K->1129K(256000K), 0.0010275 secs] [Times: user=0.00 sys=0.00, real=0.00 secs] 
1214.142: [GC (Allocation Failure) 1214.142: [ParNew: 94164K->0K(153600K), 0.0008669 secs] 95293K->1129K(256000K), 0.0010046 secs] [Times: user=0.00 sys=0.00, real=0.00 secs] 
1215.161: [GC (Allocation Failure) 1215.161: [ParNew: 94164K->0K(153600K), 0.0008988 secs] 95293K->1129K(256000K), 0.0010615 secs] [Times: user=0.00 sys=0.00, real=0.00 secs] 
1216.181: [GC (Allocation Failure) 1216.181: [ParNew: 94164K->0K(153600K), 0.0011096 secs] 95293K->1129K(256000K), 0.0012541 secs] [Times: user=0.00 sys=0.00, real=0.00 secs] 
1217.200: [GC (Allocation Failure) 1217.200: [ParNew: 94164K->0K(153600K), 0.0008961 secs] 95293K->1129K(256000K), 0.0010153 secs] [Times: user=0.00 sys=0.00, real=0.00 secs] 
1219.219: [GC (Allocation Failure) 1219.220: [ParNew: 94164K->0K(153600K), 0.0009201 secs] 95293K->1129K(256000K), 0.0010405 secs] [Times: user=0.00 sys=0.00, real=0.00 secs] 
1220.240: [GC (Allocation Failure) 1220.240: [ParNew: 94164K->0K(153600K), 0.0009403 secs] 95293K->1129K(256000K), 0.0010847 secs] [Times: user=0.00 sys=0.00, real=0.00 secs] 
1221.258: [GC (Allocation Failure) 1221.258: [ParNew: 94164K->0K(153600K), 0.0008976 secs] 95293K->1129K(256000K), 0.0010232 secs] [Times: user=0.00 sys=0.00, real=0.00 secs] 
1222.277: [GC (Allocation Failure) 1222.277: [ParNew: 94164K->0K(153600K), 0.0008763 secs] 95293K->1129K(256000K), 0.0009908 secs] [Times: user=0.00 sys=0.00, real=0.00 secs] 
1223.296: [GC (Allocation Failure) 1223.296: [ParNew: 94164K->0K(153600K), 0.0009067 secs] 95293K->1129K(256000K), 0.0010409 secs] [Times: user=0.00 sys=0.00, real=0.00 secs] 
1224.315: [GC (Allocation Failure) 1224.315: [ParNew: 94164K->0K(153600K), 0.0009130 secs] 95293K->1129K(256000K), 0.0010540 secs] [Times: user=0.00 sys=0.00, real=0.00 secs] 
1225.336: [GC (Allocation Failure) 1225.336: [ParNew: 94164K->0K(153600K), 0.0010476 secs] 95293K->1129K(256000K), 0.0011957 secs] [Times: user=0.00 sys=0.00, real=0.00 secs] 
1226.357: [GC (Allocation Failure) 1226.358: [ParNew: 94164K->0K(153600K), 0.0010232 secs] 95293K->1129K(256000K), 0.0011866 secs] [Times: user=0.00 sys=0.00, real=0.00 secs] 
1228.379: [GC (Allocation Failure) 1228.379: [ParNew: 94164K->0K(153600K), 0.0003987 secs] 95293K->1129K(256000K), 0.0004693 secs] [Times: user=0.00 sys=0.00, real=0.00 secs] 
1229.391: [GC (Allocation Failure) 1229.391: [ParNew: 94164K->0K(153600K), 0.0011692 secs] 95293K->1129K(256000K), 0.0013157 secs] [Times: user=0.00 sys=0.00, real=0.00 secs] 
1230.414: [GC (Allocation Failure) 1230.414: [ParNew: 94164K->0K(153600K), 0.0009119 secs] 95293K->1129K(256000K), 0.0010413 secs] [Times: user=0.00 sys=0.00, real=0.00 secs] 
1231.435: [GC (Allocation Failure) 1231.435: [ParNew: 94164K->0K(153600K), 0.0008795 secs] 95293K->1129K(256000K), 0.0009857 secs] [Times: user=0.00 sys=0.00, real=0.00 secs] 
1232.454: [GC (Allocation Failure) 1232.454: [ParNew: 94164K->0K(153600K), 0.0009513 secs] 95293K->1129K(256000K), 0.0010844 secs] [Times: user=0.00 sys=0.00, real=0.00 secs] 
1233.473: [GC (Allocation Failure) 1233.473: [ParNew: 94164K->0K(153600K), 0.0009265 secs] 95293K->1129K(256000K), 0.0010796 secs] [Times: user=0.00 sys=0.00, real=0.00 secs] 
1234.493: [GC (Allocation Failure) 1234.493: [ParNew: 94164K->0K(153600K), 0.0009415 secs] 95293K->1129K(256000K), 0.0010804 secs] [Times: user=0.00 sys=0.00, real=0.00 secs] 
1235.514: [GC (Allocation Failure) 1235.514: [ParNew: 94164K->0K(153600K), 0.0005633 secs] 95293K->1129K(256000K), 0.0006640 secs] [Times: user=0.00 sys=0.00, real=0.00 secs] 
1237.525: [GC (Allocation Failure) 1237.525: [ParNew: 94164K->0K(153600K), 0.0004520 secs] 95293K->1129K(256000K), 0.0005242 secs] [Times: user=0.00 sys=0.00, real=0.00 secs] 
1238.537: [GC (Allocation Failure) 1238.537: [ParNew: 94164K->0K(153600K), 0.0003793 secs] 95293K->1129K(256000K), 0.0004386 secs] [Times: user=0.00 sys=0.00, real=0.00 secs] 
1239.551: [GC (Allocation Failure) 1239.551: [ParNew: 94164K->0K(153600K), 0.0013090 secs] 95293K->1129K(256000K), 0.0014850 secs] [Times: user=0.00 sys=0.00, real=0.00 secs] 
1240.574: [GC (Allocation Failure) 1240.574: [ParNew: 94164K->0K(153600K), 0.0008945 secs] 95293K->1129K(256000K), 0.0010374 secs] [Times: user=0.00 sys=0.00, real=0.00 secs] 
1241.597: [GC (Allocation Failure) 1241.597: [ParNew: 94164K->0K(153600K), 0.0008941 secs] 95293K->1129K(256000K), 0.0010342 secs] [Times: user=0.06 sys=0.00, real=0.00 secs] 
1242.623: [GC (Allocation Failure) 1242.623: [ParNew: 94164K->0K(153600K), 0.0009347 secs] 95293K->1129K(256000K), 0.0010674 secs] [Times: user=0.00 sys=0.00, real=0.00 secs] 
1243.642: [GC (Allocation Failure) 1243.643: [ParNew: 94164K->0K(153600K), 0.0010247 secs] 95293K->1129K(256000K), 0.0012722 secs] [Times: user=0.00 sys=0.00, real=0.00 secs] 
1244.665: [GC (Allocation Failure) 1244.666: [ParNew: 94164K->0K(153600K), 0.0009892 secs] 95293K->1129K(256000K), 0.0011294 secs] [Times: user=0.00 sys=0.00, real=0.00 secs] 
1246.687: [GC (Allocation Failure) 1246.688: [ParNew: 94164K->0K(153600K), 0.0013295 secs] 95293K->1129K(256000K), 0.0015166 secs] [Times: user=0.00 sys=0.00, real=0.00 secs] 
1247.708: [GC (Allocation Failure) 1247.708: [ParNew: 94164K->0K(153600K), 0.0011270 secs] 95293K->1129K(256000K), 0.0012928 secs] [Times: user=0.00 sys=0.00, real=0.00 secs] 
1248.730: [GC (Allocation Failure) 1248.730: [ParNew: 94164K->0K(153600K), 0.0008795 secs] 95293K->1129K(256000K), 0.0010094 secs] [Times: user=0.00 sys=0.00, real=0.00 secs] 
1249.753: [GC (Allocation Failure) 1249.753: [ParNew: 94164K->0K(153600K), 0.0009407 secs] 95293K->1129K(256000K), 0.0010713 secs] [Times: user=0.06 sys=0.00, real=0.00 secs] 
1250.768: [GC (Allocation Failure) 1250.768: [ParNew: 94164K->0K(153600K), 0.0004875 secs] 95293K->1129K(256000K), 0.0005597 secs] [Times: user=0.00 sys=0.00, real=0.00 secs] 
1251.789: [GC (Allocation Failure) 1251.789: [ParNew: 94164K->0K(153600K), 0.0009024 secs] 95293K->1129K(256000K), 0.0010275 secs] [Times: user=0.00 sys=0.00, real=0.00 secs] 
1252.810: [GC (Allocation Failure) 1252.810: [ParNew: 94164K->0K(153600K), 0.0008949 secs] 95293K->1129K(256000K), 0.0010575 secs] [Times: user=0.00 sys=0.00, real=0.00 secs] 
1253.828: [GC (Allocation Failure) 1253.828: [ParNew: 94164K->0K(153600K), 0.0006758 secs] 95293K->1129K(256000K), 0.0007686 secs] [Times: user=0.00 sys=0.00, real=0.00 secs] 
1255.846: [GC (Allocation Failure) 1255.846: [ParNew: 94164K->0K(153600K), 0.0008763 secs] 95293K->1129K(256000K), 0.0009963 secs] [Times: user=0.00 sys=0.00, real=0.00 secs] 
1256.860: [GC (Allocation Failure) 1256.860: [ParNew: 94164K->0K(153600K), 0.0005787 secs] 95293K->1129K(256000K), 0.0006671 secs] [Times: user=0.00 sys=0.00, real=0.00 secs] 
1257.873: [GC (Allocation Failure) 1257.873: [ParNew: 94164K->0K(153600K), 0.0004820 secs] 95293K->1129K(256000K), 0.0005428 secs] [Times: user=0.00 sys=0.00, real=0.00 secs] 
1258.885: [GC (Allocation Failure) 1258.885: [ParNew: 94164K->0K(153600K), 0.0009434 secs] 95293K->1129K(256000K), 0.0010544 secs] [Times: user=0.00 sys=0.00, real=0.00 secs] 
1259.909: [GC (Allocation Failure) 1259.909: [ParNew: 94164K->0K(153600K), 0.0010753 secs] 95293K->1129K(256000K), 0.0011870 secs] [Times: user=0.00 sys=0.00, real=0.00 secs] 
1260.930: [GC (Allocation Failure) 1260.930: [ParNew: 94164K->0K(153600K), 0.0006099 secs] 95293K->1129K(256000K), 0.0006979 secs] [Times: user=0.00 sys=0.00, real=0.00 secs] 
1261.955: [GC (Allocation Failure) 1261.955: [ParNew: 94164K->0K(153600K), 0.0004133 secs] 95293K->1129K(256000K), 0.0004879 secs] [Times: user=0.00 sys=0.00, real=0.00 secs] 
1262.976: [GC (Allocation Failure) 1262.976: [ParNew: 94164K->0K(153600K), 0.0009328 secs] 95293K->1129K(256000K), 0.0010847 secs] [Times: user=0.00 sys=0.00, real=0.00 secs] 
1264.998: [GC (Allocation Failure) 1264.998: [ParNew: 94164K->0K(153600K), 0.0009079 secs] 95293K->1129K(256000K), 0.0010232 secs] [Times: user=0.00 sys=0.00, real=0.00 secs] 
1266.017: [GC (Allocation Failure) 1266.017: [ParNew: 94164K->0K(153600K), 0.0009454 secs] 95293K->1129K(256000K), 0.0010745 secs] [Times: user=0.00 sys=0.00, real=0.00 secs] 
1267.038: [GC (Allocation Failure) 1267.038: [ParNew: 94164K->0K(153600K), 0.0009379 secs] 95293K->1129K(256000K), 0.0010903 secs] [Times: user=0.00 sys=0.00, real=0.00 secs] 
1268.058: [GC (Allocation Failure) 1268.058: [ParNew: 94164K->0K(153600K), 0.0008495 secs] 95293K->1129K(256000K), 0.0009892 secs] [Times: user=0.00 sys=0.00, real=0.00 secs] 
1269.074: [GC (Allocation Failure) 1269.074: [ParNew: 94164K->0K(153600K), 0.0005467 secs] 95293K->1129K(256000K), 0.0006347 secs] [Times: user=0.00 sys=0.00, real=0.00 secs] 
1270.085: [GC (Allocation Failure) 1270.085: [ParNew: 94164K->0K(153600K), 0.0005230 secs] 95293K->1129K(256000K), 0.0005846 secs] [Times: user=0.00 sys=0.00, real=0.00 secs] 
1271.103: [GC (Allocation Failure) 1271.103: [ParNew: 94164K->0K(153600K), 0.0009344 secs] 95293K->1129K(256000K), 0.0010721 secs] [Times: user=0.00 sys=0.00, real=0.00 secs] 
1272.115: [GC (Allocation Failure) 1272.115: [ParNew: 94164K->0K(153600K), 0.0003663 secs] 95293K->1129K(256000K), 0.0004228 secs] [Times: user=0.00 sys=0.00, real=0.00 secs] 
1274.132: [GC (Allocation Failure) 1274.132: [ParNew: 94164K->0K(153600K), 0.0009182 secs] 95293K->1129K(256000K), 0.0010500 secs] [Times: user=0.00 sys=0.00, real=0.00 secs] 
1275.153: [GC (Allocation Failure) 1275.153: [ParNew: 94164K->0K(153600K), 0.0008645 secs] 95293K->1129K(256000K), 0.0009809 secs] [Times: user=0.00 sys=0.00, real=0.00 secs] 
1276.173: [GC (Allocation Failure) 1276.173: [ParNew: 94164K->0K(153600K), 0.0012391 secs] 95293K->1129K(256000K), 0.0013721 secs] [Times: user=0.00 sys=0.00, real=0.00 secs] 
1277.193: [GC (Allocation Failure) 1277.193: [ParNew: 94164K->0K(153600K), 0.0009008 secs] 95293K->1129K(256000K), 0.0010382 secs] [Times: user=0.00 sys=0.00, real=0.00 secs] 
1278.214: [GC (Allocation Failure) 1278.215: [ParNew: 94164K->0K(153600K), 0.0009257 secs] 95293K->1129K(256000K), 0.0010342 secs] [Times: user=0.00 sys=0.00, real=0.00 secs] 
1279.233: [GC (Allocation Failure) 1279.233: [ParNew: 94164K->0K(153600K), 0.0008933 secs] 95293K->1129K(256000K), 0.0010105 secs] [Times: user=0.00 sys=0.00, real=0.00 secs] 
1280.255: [GC (Allocation Failure) 1280.255: [ParNew: 94164K->0K(153600K), 0.0008751 secs] 95293K->1129K(256000K), 0.0010058 secs] [Times: user=0.00 sys=0.00, real=0.00 secs] 
1281.276: [GC (Allocation Failure) 1281.276: [ParNew: 94164K->0K(153600K), 0.0008657 secs] 95293K->1129K(256000K), 0.0009774 secs] [Times: user=0.00 sys=0.00, real=0.00 secs] 
1283.295: [GC (Allocation Failure) 1283.295: [ParNew: 94164K->0K(153600K), 0.0003742 secs] 95293K->1129K(256000K), 0.0004370 secs] [Times: user=0.00 sys=0.00, real=0.00 secs] 
1284.308: [GC (Allocation Failure) 1284.308: [ParNew: 94164K->0K(153600K), 0.0009036 secs] 95293K->1129K(256000K), 0.0010145 secs] [Times: user=0.00 sys=0.00, real=0.00 secs] 
1285.327: [GC (Allocation Failure) 1285.328: [ParNew: 94164K->0K(153600K), 0.0009186 secs] 95293K->1129K(256000K), 0.0010394 secs] [Times: user=0.00 sys=0.00, real=0.00 secs] 
1286.346: [GC (Allocation Failure) 1286.346: [ParNew: 94164K->0K(153600K), 0.0012241 secs] 95293K->1129K(256000K), 0.0014274 secs] [Times: user=0.00 sys=0.00, real=0.00 secs] 
1287.366: [GC (Allocation Failure) 1287.366: [ParNew: 94164K->0K(153600K), 0.0009312 secs] 95293K->1129K(256000K), 0.0010729 secs] [Times: user=0.00 sys=0.00, real=0.00 secs] 
1288.387: [GC (Allocation Failure) 1288.388: [ParNew: 94164K->0K(153600K), 0.0008708 secs] 95293K->1129K(256000K), 0.0009908 secs] [Times: user=0.00 sys=0.00, real=0.00 secs] 
1289.410: [GC (Allocation Failure) 1289.410: [ParNew: 94164K->0K(153600K), 0.0009722 secs] 95293K->1129K(256000K), 0.0011120 secs] [Times: user=0.05 sys=0.00, real=0.00 secs] 
1290.431: [GC (Allocation Failure) 1290.431: [ParNew: 94164K->0K(153600K), 0.0009288 secs] 95293K->1129K(256000K), 0.0010536 secs] [Times: user=0.00 sys=0.00, real=0.00 secs] 
1292.453: [GC (Allocation Failure) 1292.453: [ParNew: 94164K->0K(153600K), 0.0009004 secs] 95293K->1129K(256000K), 0.0010421 secs] [Times: user=0.00 sys=0.00, real=0.00 secs] 
1293.471: [GC (Allocation Failure) 1293.471: [ParNew: 94164K->0K(153600K), 0.0010844 secs] 95293K->1129K(256000K), 0.0012300 secs] [Times: user=0.06 sys=0.00, real=0.00 secs] 
1294.492: [GC (Allocation Failure) 1294.492: [ParNew: 94164K->0K(153600K), 0.0009450 secs] 95293K->1129K(256000K), 0.0010717 secs] [Times: user=0.00 sys=0.00, real=0.00 secs] 
1295.511: [GC (Allocation Failure) 1295.511: [ParNew: 94164K->0K(153600K), 0.0007567 secs] 95293K->1129K(256000K), 0.0009636 secs] [Times: user=0.00 sys=0.00, real=0.00 secs] 
1296.529: [GC (Allocation Failure) 1296.529: [ParNew: 94164K->0K(153600K), 0.0009387 secs] 95293K->1129K(256000K), 0.0010622 secs] [Times: user=0.00 sys=0.00, real=0.00 secs] 
1297.544: [GC (Allocation Failure) 1297.544: [ParNew: 94164K->0K(153600K), 0.0004003 secs] 95293K->1129K(256000K), 0.0004741 secs] [Times: user=0.00 sys=0.00, real=0.00 secs] 
1298.561: [GC (Allocation Failure) 1298.561: [ParNew: 94164K->0K(153600K), 0.0008866 secs] 95293K->1129K(256000K), 0.0010054 secs] [Times: user=0.00 sys=0.00, real=0.00 secs] 
1299.584: [GC (Allocation Failure) 1299.584: [ParNew: 94164K->0K(153600K), 0.0009249 secs] 95293K->1129K(256000K), 0.0010808 secs] [Times: user=0.00 sys=0.00, real=0.00 secs] 
1301.597: [GC (Allocation Failure) 1301.597: [ParNew: 94164K->0K(153600K), 0.0011333 secs] 95293K->1129K(256000K), 0.0012892 secs] [Times: user=0.06 sys=0.00, real=0.00 secs] 
1302.616: [GC (Allocation Failure) 1302.616: [ParNew: 94164K->0K(153600K), 0.0008775 secs] 95293K->1129K(256000K), 0.0009896 secs] [Times: user=0.00 sys=0.00, real=0.00 secs] 
1303.637: [GC (Allocation Failure) 1303.637: [ParNew: 94164K->0K(153600K), 0.0009312 secs] 95293K->1129K(256000K), 0.0010544 secs] [Times: user=0.00 sys=0.00, real=0.00 secs] 
1304.656: [GC (Allocation Failure) 1304.656: [ParNew: 94164K->0K(153600K), 0.0011183 secs] 95293K->1129K(256000K), 0.0012600 secs] [Times: user=0.00 sys=0.00, real=0.00 secs] 
1305.677: [GC (Allocation Failure) 1305.677: [ParNew: 94164K->0K(153600K), 0.0009505 secs] 95293K->1129K(256000K), 0.0010966 secs] [Times: user=0.00 sys=0.00, real=0.00 secs] 
1306.719: [GC (Allocation Failure) 1306.719: [ParNew: 94164K->0K(153600K), 0.0007638 secs] 95293K->1129K(256000K), 0.0008250 secs] [Times: user=0.00 sys=0.00, real=0.00 secs] 
1307.731: [GC (Allocation Failure) 1307.731: [ParNew: 94164K->0K(153600K), 0.0003786 secs] 95293K->1129K(256000K), 0.0004354 secs] [Times: user=0.00 sys=0.00, real=0.00 secs] 
1308.744: [GC (Allocation Failure) 1308.744: [ParNew: 94164K->0K(153600K), 0.0006268 secs] 95293K->1129K(256000K), 0.0007141 secs] [Times: user=0.00 sys=0.00, real=0.00 secs] 
1310.764: [GC (Allocation Failure) 1310.764: [ParNew: 94164K->0K(153600K), 0.0010694 secs] 95293K->1129K(256000K), 0.0011597 secs] [Times: user=0.00 sys=0.00, real=0.00 secs] 
1311.780: [GC (Allocation Failure) 1311.780: [ParNew: 94164K->0K(153600K), 0.0008238 secs] 95293K->1129K(256000K), 0.0009237 secs] [Times: user=0.00 sys=0.00, real=0.00 secs] 
1312.800: [GC (Allocation Failure) 1312.800: [ParNew: 94164K->0K(153600K), 0.0009020 secs] 95293K->1129K(256000K), 0.0010342 secs] [Times: user=0.06 sys=0.00, real=0.00 secs] 
1313.819: [GC (Allocation Failure) 1313.820: [ParNew: 94164K->0K(153600K), 0.0009312 secs] 95293K->1129K(256000K), 0.0010776 secs] [Times: user=0.00 sys=0.00, real=0.00 secs] 
1314.842: [GC (Allocation Failure) 1314.842: [ParNew: 94164K->0K(153600K), 0.0006016 secs] 95293K->1129K(256000K), 0.0006837 secs] [Times: user=0.00 sys=0.00, real=0.00 secs] 
1315.857: [GC (Allocation Failure) 1315.857: [ParNew: 94164K->0K(153600K), 0.0006628 secs] 95293K->1129K(256000K), 0.0007445 secs] [Times: user=0.00 sys=0.00, real=0.00 secs] 
1316.874: [GC (Allocation Failure) 1316.874: [ParNew: 94164K->0K(153600K), 0.0004141 secs] 95293K->1129K(256000K), 0.0004788 secs] [Times: user=0.00 sys=0.00, real=0.00 secs] 
1317.885: [GC (Allocation Failure) 1317.885: [ParNew: 94164K->0K(153600K), 0.0003734 secs] 95293K->1129K(256000K), 0.0004255 secs] [Times: user=0.00 sys=0.00, real=0.00 secs] 
1319.897: [GC (Allocation Failure) 1319.897: [ParNew: 94164K->0K(153600K), 0.0004634 secs] 95293K->1129K(256000K), 0.0005337 secs] [Times: user=0.00 sys=0.00, real=0.00 secs] 
1320.912: [GC (Allocation Failure) 1320.912: [ParNew: 94164K->0K(153600K), 0.0012020 secs] 95293K->1129K(256000K), 0.0013315 secs] [Times: user=0.00 sys=0.00, real=0.00 secs] 
1321.932: [GC (Allocation Failure) 1321.932: [ParNew: 94164K->0K(153600K), 0.0009363 secs] 95293K->1129K(256000K), 0.0010611 secs] [Times: user=0.00 sys=0.00, real=0.00 secs] 
1322.953: [GC (Allocation Failure) 1322.953: [ParNew: 94164K->0K(153600K), 0.0009012 secs] 95293K->1129K(256000K), 0.0010413 secs] [Times: user=0.00 sys=0.00, real=0.00 secs] 
1323.974: [GC (Allocation Failure) 1323.974: [ParNew: 94164K->0K(153600K), 0.0010449 secs] 95293K->1129K(256000K), 0.0011953 secs] [Times: user=0.00 sys=0.00, real=0.00 secs] 
1324.990: [GC (Allocation Failure) 1324.990: [ParNew: 94164K->0K(153600K), 0.0004172 secs] 95293K->1129K(256000K), 0.0004982 secs] [Times: user=0.00 sys=0.00, real=0.00 secs] 
1326.009: [GC (Allocation Failure) 1326.009: [ParNew: 94164K->0K(153600K), 0.0010378 secs] 95293K->1129K(256000K), 0.0011665 secs] [Times: user=0.00 sys=0.00, real=0.00 secs] 
1327.031: [GC (Allocation Failure) 1327.031: [ParNew: 94164K->0K(153600K), 0.0008965 secs] 95293K->1129K(256000K), 0.0010153 secs] [Times: user=0.00 sys=0.00, real=0.00 secs] 
1329.050: [GC (Allocation Failure) 1329.050: [ParNew: 94164K->0K(153600K), 0.0004097 secs] 95293K->1129K(256000K), 0.0004753 secs] [Times: user=0.00 sys=0.00, real=0.00 secs] 
1330.062: [GC (Allocation Failure) 1330.062: [ParNew: 94164K->0K(153600K), 0.0008826 secs] 95293K->1129K(256000K), 0.0010141 secs] [Times: user=0.00 sys=0.00, real=0.00 secs] 
1331.081: [GC (Allocation Failure) 1331.081: [ParNew: 94164K->0K(153600K), 0.0009032 secs] 95293K->1129K(256000K), 0.0010232 secs] [Times: user=0.00 sys=0.00, real=0.00 secs] 
1332.099: [GC (Allocation Failure) 1332.100: [ParNew: 94164K->0K(153600K), 0.0003951 secs] 95293K->1129K(256000K), 0.0004682 secs] [Times: user=0.00 sys=0.00, real=0.00 secs] 
1333.110: [GC (Allocation Failure) 1333.110: [ParNew: 94164K->0K(153600K), 0.0004465 secs] 95293K->1129K(256000K), 0.0005143 secs] [Times: user=0.00 sys=0.00, real=0.00 secs] 
1334.120: [GC (Allocation Failure) 1334.120: [ParNew: 94164K->0K(153600K), 0.0003900 secs] 95293K->1129K(256000K), 0.0004524 secs] [Times: user=0.00 sys=0.00, real=0.00 secs] 
1335.131: [GC (Allocation Failure) 1335.131: [ParNew: 94164K->0K(153600K), 0.0003845 secs] 95293K->1129K(256000K), 0.0004468 secs] [Times: user=0.00 sys=0.00, real=0.00 secs] 
1336.142: [GC (Allocation Failure) 1336.142: [ParNew: 94164K->0K(153600K), 0.0008061 secs] 95293K->1129K(256000K), 0.0008953 secs] [Times: user=0.00 sys=0.00, real=0.00 secs] 
1338.154: [GC (Allocation Failure) 1338.154: [ParNew: 94164K->0K(153600K), 0.0004571 secs] 95293K->1129K(256000K), 0.0005258 secs] [Times: user=0.00 sys=0.00, real=0.00 secs] 
1339.168: [GC (Allocation Failure) 1339.168: [ParNew: 94164K->0K(153600K), 0.0009130 secs] 95293K->1129K(256000K), 0.0010563 secs] [Times: user=0.00 sys=0.00, real=0.00 secs] 
1340.186: [GC (Allocation Failure) 1340.187: [ParNew: 94164K->0K(153600K), 0.0009178 secs] 95293K->1129K(256000K), 0.0010524 secs] [Times: user=0.00 sys=0.00, real=0.00 secs] 
1341.207: [GC (Allocation Failure) 1341.207: [ParNew: 94164K->0K(153600K), 0.0009640 secs] 95293K->1129K(256000K), 0.0010832 secs] [Times: user=0.00 sys=0.00, real=0.00 secs] 
1342.226: [GC (Allocation Failure) 1342.226: [ParNew: 94164K->0K(153600K), 0.0013780 secs] 95293K->1129K(256000K), 0.0015395 secs] [Times: user=0.00 sys=0.00, real=0.00 secs] 
1343.246: [GC (Allocation Failure) 1343.246: [ParNew: 94164K->0K(153600K), 0.0009679 secs] 95293K->1129K(256000K), 0.0011096 secs] [Times: user=0.00 sys=0.00, real=0.00 secs] 
1344.262: [GC (Allocation Failure) 1344.262: [ParNew: 94164K->0K(153600K), 0.0004812 secs] 95293K->1129K(256000K), 0.0005554 secs] [Times: user=0.00 sys=0.00, real=0.00 secs] 
1345.273: [GC (Allocation Failure) 1345.273: [ParNew: 94164K->0K(153600K), 0.0004618 secs] 95293K->1129K(256000K), 0.0005297 secs] [Times: user=0.00 sys=0.00, real=0.00 secs] 
1347.292: [GC (Allocation Failure) 1347.292: [ParNew: 94164K->0K(153600K), 0.0009505 secs] 95293K->1129K(256000K), 0.0010662 secs] [Times: user=0.00 sys=0.00, real=0.00 secs] 
1348.312: [GC (Allocation Failure) 1348.312: [ParNew: 94164K->0K(153600K), 0.0009379 secs] 95293K->1129K(256000K), 0.0010713 secs] [Times: user=0.00 sys=0.00, real=0.00 secs] 
1349.333: [GC (Allocation Failure) 1349.333: [ParNew: 94164K->0K(153600K), 0.0009284 secs] 95293K->1129K(256000K), 0.0010626 secs] [Times: user=0.00 sys=0.00, real=0.00 secs] 
1350.353: [GC (Allocation Failure) 1350.353: [ParNew: 94164K->0K(153600K), 0.0009174 secs] 95293K->1129K(256000K), 0.0010200 secs] [Times: user=0.00 sys=0.00, real=0.00 secs] 
1351.368: [GC (Allocation Failure) 1351.368: [ParNew: 94164K->0K(153600K), 0.0004338 secs] 95293K->1129K(256000K), 0.0005005 secs] [Times: user=0.00 sys=0.00, real=0.00 secs] 
1352.379: [GC (Allocation Failure) 1352.379: [ParNew: 94164K->0K(153600K), 0.0005554 secs] 95293K->1129K(256000K), 0.0006328 secs] [Times: user=0.00 sys=0.00, real=0.00 secs] 
1353.397: [GC (Allocation Failure) 1353.397: [ParNew: 94164K->0K(153600K), 0.0008787 secs] 95293K->1129K(256000K), 0.0010220 secs] [Times: user=0.00 sys=0.00, real=0.00 secs] 
1354.418: [GC (Allocation Failure) 1354.418: [ParNew: 94164K->0K(153600K), 0.0010903 secs] 95293K->1129K(256000K), 0.0012541 secs] [Times: user=0.00 sys=0.00, real=0.00 secs] 
1356.438: [GC (Allocation Failure) 1356.438: [ParNew: 94164K->0K(153600K), 0.0003971 secs] 95293K->1129K(256000K), 0.0004567 secs] [Times: user=0.00 sys=0.00, real=0.00 secs] 
1357.453: [GC (Allocation Failure) 1357.453: [ParNew: 94164K->0K(153600K), 0.0009786 secs] 95293K->1129K(256000K), 0.0011049 secs] [Times: user=0.00 sys=0.00, real=0.00 secs] 
1358.470: [GC (Allocation Failure) 1358.470: [ParNew: 94164K->0K(153600K), 0.0004074 secs] 95293K->1129K(256000K), 0.0004670 secs] [Times: user=0.00 sys=0.00, real=0.00 secs] 
1359.481: [GC (Allocation Failure) 1359.481: [ParNew: 94164K->0K(153600K), 0.0004093 secs] 95293K->1129K(256000K), 0.0004713 secs] [Times: user=0.00 sys=0.00, real=0.00 secs] 
1360.492: [GC (Allocation Failure) 1360.492: [ParNew: 94164K->0K(153600K), 0.0006336 secs] 95293K->1129K(256000K), 0.0007168 secs] [Times: user=0.00 sys=0.00, real=0.00 secs] 
1361.506: [GC (Allocation Failure) 1361.506: [ParNew: 94164K->0K(153600K), 0.0003825 secs] 95293K->1129K(256000K), 0.0004508 secs] [Times: user=0.00 sys=0.00, real=0.00 secs] 
1362.525: [GC (Allocation Failure) 1362.525: [ParNew: 94164K->0K(153600K), 0.0010165 secs] 95293K->1129K(256000K), 0.0011451 secs] [Times: user=0.00 sys=0.00, real=0.00 secs] 
1363.543: [GC (Allocation Failure) 1363.543: [ParNew: 94164K->0K(153600K), 0.0003940 secs] 95293K->1129K(256000K), 0.0004571 secs] [Times: user=0.00 sys=0.00, real=0.00 secs] 
1365.556: [GC (Allocation Failure) 1365.556: [ParNew: 94164K->0K(153600K), 0.0004251 secs] 95293K->1129K(256000K), 0.0004883 secs] [Times: user=0.00 sys=0.00, real=0.00 secs] 
1366.568: [GC (Allocation Failure) 1366.568: [ParNew: 94164K->0K(153600K), 0.0004366 secs] 95293K->1129K(256000K), 0.0004990 secs] [Times: user=0.00 sys=0.00, real=0.00 secs] 
1367.579: [GC (Allocation Failure) 1367.579: [ParNew: 94164K->0K(153600K), 0.0004066 secs] 95293K->1129K(256000K), 0.0004788 secs] [Times: user=0.00 sys=0.00, real=0.00 secs] 
1368.593: [GC (Allocation Failure) 1368.593: [ParNew: 94164K->0K(153600K), 0.0010346 secs] 95293K->1129K(256000K), 0.0011463 secs] [Times: user=0.00 sys=0.00, real=0.00 secs] 
1369.612: [GC (Allocation Failure) 1369.612: [ParNew: 94164K->0K(153600K), 0.0010836 secs] 95293K->1129K(256000K), 0.0012182 secs] [Times: user=0.05 sys=0.00, real=0.00 secs] 
1370.628: [GC (Allocation Failure) 1370.628: [ParNew: 94164K->0K(153600K), 0.0007168 secs] 95293K->1129K(256000K), 0.0008076 secs] [Times: user=0.05 sys=0.00, real=0.00 secs] 
1371.647: [GC (Allocation Failure) 1371.647: [ParNew: 94164K->0K(153600K), 0.0009292 secs] 95293K->1129K(256000K), 0.0010634 secs] [Times: user=0.00 sys=0.00, real=0.00 secs] 
1372.659: [GC (Allocation Failure) 1372.659: [ParNew: 94164K->0K(153600K), 0.0004188 secs] 95293K->1129K(256000K), 0.0004784 secs] [Times: user=0.00 sys=0.00, real=0.00 secs] 
1374.678: [GC (Allocation Failure) 1374.678: [ParNew: 94164K->0K(153600K), 0.0007007 secs] 95293K->1129K(256000K), 0.0008037 secs] [Times: user=0.00 sys=0.00, real=0.00 secs] 
1375.692: [GC (Allocation Failure) 1375.692: [ParNew: 94164K->0K(153600K), 0.0008463 secs] 95293K->1129K(256000K), 0.0009636 secs] [Times: user=0.00 sys=0.00, real=0.00 secs] 
1376.710: [GC (Allocation Failure) 1376.710: [ParNew: 94164K->0K(153600K), 0.0009044 secs] 95293K->1129K(256000K), 0.0010315 secs] [Times: user=0.00 sys=0.00, real=0.00 secs] 
1377.730: [GC (Allocation Failure) 1377.730: [ParNew: 94164K->0K(153600K), 0.0009442 secs] 95293K->1129K(256000K), 0.0010690 secs] [Times: user=0.00 sys=0.00, real=0.00 secs] 
1378.750: [GC (Allocation Failure) 1378.750: [ParNew: 94164K->0K(153600K), 0.0009446 secs] 95293K->1129K(256000K), 0.0010879 secs] [Times: user=0.00 sys=0.00, real=0.00 secs] 
1379.768: [GC (Allocation Failure) 1379.768: [ParNew: 94164K->0K(153600K), 0.0008826 secs] 95293K->1129K(256000K), 0.0010176 secs] [Times: user=0.00 sys=0.00, real=0.00 secs] 
1380.788: [GC (Allocation Failure) 1380.788: [ParNew: 94164K->0K(153600K), 0.0009497 secs] 95293K->1129K(256000K), 0.0011025 secs] [Times: user=0.00 sys=0.00, real=0.00 secs] 
1381.808: [GC (Allocation Failure) 1381.808: [ParNew: 94164K->0K(153600K), 0.0011870 secs] 95293K->1129K(256000K), 0.0013350 secs] [Times: user=0.00 sys=0.00, real=0.00 secs] 
1383.829: [GC (Allocation Failure) 1383.829: [ParNew: 94164K->0K(153600K), 0.0005649 secs] 95293K->1129K(256000K), 0.0006415 secs] [Times: user=0.00 sys=0.00, real=0.00 secs] 
1384.842: [GC (Allocation Failure) 1384.842: [ParNew: 94164K->0K(153600K), 0.0008728 secs] 95293K->1129K(256000K), 0.0009837 secs] [Times: user=0.00 sys=0.00, real=0.00 secs] 
1385.862: [GC (Allocation Failure) 1385.863: [ParNew: 94164K->0K(153600K), 0.0009549 secs] 95293K->1129K(256000K), 0.0011187 secs] [Times: user=0.06 sys=0.00, real=0.00 secs] 
1386.879: [GC (Allocation Failure) 1386.879: [ParNew: 94164K->0K(153600K), 0.0003612 secs] 95293K->1129K(256000K), 0.0004188 secs] [Times: user=0.00 sys=0.00, real=0.00 secs] 
1387.890: [GC (Allocation Failure) 1387.890: [ParNew: 94164K->0K(153600K), 0.0004338 secs] 95293K->1129K(256000K), 0.0004974 secs] [Times: user=0.00 sys=0.00, real=0.00 secs] 
1388.902: [GC (Allocation Failure) 1388.902: [ParNew: 94164K->0K(153600K), 0.0003916 secs] 95293K->1129K(256000K), 0.0004579 secs] [Times: user=0.00 sys=0.00, real=0.00 secs] 
1389.913: [GC (Allocation Failure) 1389.913: [ParNew: 94164K->0K(153600K), 0.0004626 secs] 95293K->1129K(256000K), 0.0005234 secs] [Times: user=0.00 sys=0.00, real=0.00 secs] 
1390.925: [GC (Allocation Failure) 1390.925: [ParNew: 94164K->0K(153600K), 0.0005704 secs] 95293K->1129K(256000K), 0.0006446 secs] [Times: user=0.00 sys=0.00, real=0.00 secs] 
1392.936: [GC (Allocation Failure) 1392.936: [ParNew: 94164K->0K(153600K), 0.0004804 secs] 95293K->1129K(256000K), 0.0005455 secs] [Times: user=0.00 sys=0.00, real=0.00 secs] 
1393.947: [GC (Allocation Failure) 1393.947: [ParNew: 94164K->0K(153600K), 0.0003951 secs] 95293K->1129K(256000K), 0.0004654 secs] [Times: user=0.00 sys=0.00, real=0.00 secs] 
1394.959: [GC (Allocation Failure) 1394.959: [ParNew: 94164K->0K(153600K), 0.0009446 secs] 95293K->1129K(256000K), 0.0010705 secs] [Times: user=0.00 sys=0.00, real=0.00 secs] 
1395.979: [GC (Allocation Failure) 1395.979: [ParNew: 94164K->0K(153600K), 0.0010520 secs] 95293K->1129K(256000K), 0.0011826 secs] [Times: user=0.00 sys=0.00, real=0.00 secs] 
1396.996: [GC (Allocation Failure) 1396.997: [ParNew: 94164K->0K(153600K), 0.0008732 secs] 95293K->1129K(256000K), 0.0009880 secs] [Times: user=0.00 sys=0.00, real=0.00 secs] 
1398.015: [GC (Allocation Failure) 1398.015: [ParNew: 94164K->0K(153600K), 0.0010082 secs] 95293K->1129K(256000K), 0.0011459 secs] [Times: user=0.00 sys=0.00, real=0.00 secs] 
1399.033: [GC (Allocation Failure) 1399.033: [ParNew: 94164K->0K(153600K), 0.0009347 secs] 95293K->1129K(256000K), 0.0010694 secs] [Times: user=0.00 sys=0.00, real=0.00 secs] 
1400.052: [GC (Allocation Failure) 1400.052: [ParNew: 94164K->0K(153600K), 0.0009063 secs] 95293K->1129K(256000K), 0.0010409 secs] [Times: user=0.00 sys=0.00, real=0.00 secs] 
1402.069: [GC (Allocation Failure) 1402.069: [ParNew: 94164K->0K(153600K), 0.0009892 secs] 95293K->1129K(256000K), 0.0011057 secs] [Times: user=0.00 sys=0.00, real=0.00 secs] 
1403.087: [GC (Allocation Failure) 1403.087: [ParNew: 94164K->0K(153600K), 0.0004196 secs] 95293K->1129K(256000K), 0.0004847 secs] [Times: user=0.00 sys=0.00, real=0.00 secs] 
1404.098: [GC (Allocation Failure) 1404.098: [ParNew: 94164K->0K(153600K), 0.0005104 secs] 95293K->1129K(256000K), 0.0005661 secs] [Times: user=0.00 sys=0.00, real=0.00 secs] 
1405.110: [GC (Allocation Failure) 1405.110: [ParNew: 94164K->0K(153600K), 0.0009032 secs] 95293K->1129K(256000K), 0.0010417 secs] [Times: user=0.00 sys=0.00, real=0.00 secs] 
1406.129: [GC (Allocation Failure) 1406.129: [ParNew: 94164K->0K(153600K), 0.0008751 secs] 95293K->1129K(256000K), 0.0010315 secs] [Times: user=0.02 sys=0.00, real=0.00 secs] 
1407.149: [GC (Allocation Failure) 1407.149: [ParNew: 94164K->0K(153600K), 0.0009355 secs] 95293K->1129K(256000K), 0.0010721 secs] [Times: user=0.00 sys=0.00, real=0.00 secs] 
1408.167: [GC (Allocation Failure) 1408.167: [ParNew: 94164K->0K(153600K), 0.0003880 secs] 95293K->1129K(256000K), 0.0004516 secs] [Times: user=0.00 sys=0.00, real=0.00 secs] 
1409.184: [GC (Allocation Failure) 1409.184: [ParNew: 94164K->0K(153600K), 0.0009497 secs] 95293K->1129K(256000K), 0.0010812 secs] [Times: user=0.00 sys=0.00, real=0.00 secs] 
1411.204: [GC (Allocation Failure) 1411.205: [ParNew: 94164K->0K(153600K), 0.0009786 secs] 95293K->1129K(256000K), 0.0011159 secs] [Times: user=0.00 sys=0.00, real=0.00 secs] 
1412.225: [GC (Allocation Failure) 1412.225: [ParNew: 94164K->0K(153600K), 0.0003900 secs] 95293K->1129K(256000K), 0.0004678 secs] [Times: user=0.00 sys=0.00, real=0.00 secs] 
1413.238: [GC (Allocation Failure) 1413.238: [ParNew: 94164K->0K(153600K), 0.0003880 secs] 95293K->1129K(256000K), 0.0004520 secs] [Times: user=0.06 sys=0.00, real=0.00 secs] 
1414.263: [GC (Allocation Failure) 1414.263: [ParNew: 94164K->0K(153600K), 0.0004030 secs] 95293K->1129K(256000K), 0.0004709 secs] [Times: user=0.00 sys=0.00, real=0.00 secs] 
1415.278: [GC (Allocation Failure) 1415.278: [ParNew: 94164K->0K(153600K), 0.0008751 secs] 95293K->1129K(256000K), 0.0010247 secs] [Times: user=0.00 sys=0.00, real=0.00 secs] 
1416.293: [GC (Allocation Failure) 1416.293: [ParNew: 94164K->0K(153600K), 0.0005341 secs] 95293K->1129K(256000K), 0.0006229 secs] [Times: user=0.00 sys=0.00, real=0.00 secs] 
1417.305: [GC (Allocation Failure) 1417.305: [ParNew: 94164K->0K(153600K), 0.0003924 secs] 95293K->1129K(256000K), 0.0004618 secs] [Times: user=0.00 sys=0.00, real=0.00 secs] 
1418.322: [GC (Allocation Failure) 1418.322: [ParNew: 94164K->0K(153600K), 0.0009103 secs] 95293K->1129K(256000K), 0.0010176 secs] [Times: user=0.00 sys=0.00, real=0.00 secs] 
1420.334: [GC (Allocation Failure) 1420.334: [ParNew: 94164K->0K(153600K), 0.0008744 secs] 95293K->1129K(256000K), 0.0009884 secs] [Times: user=0.00 sys=0.00, real=0.00 secs] 
1421.355: [GC (Allocation Failure) 1421.355: [ParNew: 94164K->0K(153600K), 0.0009024 secs] 95293K->1129K(256000K), 0.0010437 secs] [Times: user=0.00 sys=0.00, real=0.00 secs] 
1422.382: [GC (Allocation Failure) 1422.382: [ParNew: 94164K->0K(153600K), 0.0003959 secs] 95293K->1129K(256000K), 0.0004599 secs] [Times: user=0.00 sys=0.00, real=0.00 secs] 
1423.397: [GC (Allocation Failure) 1423.397: [ParNew: 94164K->0K(153600K), 0.0009130 secs] 95293K->1129K(256000K), 0.0010682 secs] [Times: user=0.00 sys=0.00, real=0.00 secs] 
1424.416: [GC (Allocation Failure) 1424.416: [ParNew: 94164K->0K(153600K), 0.0009351 secs] 95293K->1129K(256000K), 0.0011100 secs] [Times: user=0.00 sys=0.00, real=0.00 secs] 
1425.431: [GC (Allocation Failure) 1425.431: [ParNew: 94164K->0K(153600K), 0.0003943 secs] 95293K->1129K(256000K), 0.0004662 secs] [Times: user=0.00 sys=0.00, real=0.00 secs] 
1426.447: [GC (Allocation Failure) 1426.447: [ParNew: 94164K->0K(153600K), 0.0010540 secs] 95293K->1129K(256000K), 0.0011913 secs] [Times: user=0.00 sys=0.00, real=0.00 secs] 
1427.467: [GC (Allocation Failure) 1427.468: [ParNew: 94164K->0K(153600K), 0.0010954 secs] 95293K->1129K(256000K), 0.0012217 secs] [Times: user=0.00 sys=0.00, real=0.00 secs] 
1429.487: [GC (Allocation Failure) 1429.487: [ParNew: 94164K->0K(153600K), 0.0008882 secs] 95293K->1129K(256000K), 0.0010105 secs] [Times: user=0.06 sys=0.00, real=0.00 secs] 
1430.506: [GC (Allocation Failure) 1430.506: [ParNew: 94164K->0K(153600K), 0.0008629 secs] 95293K->1129K(256000K), 0.0009940 secs] [Times: user=0.00 sys=0.00, real=0.00 secs] 
1431.524: [GC (Allocation Failure) 1431.524: [ParNew: 94164K->0K(153600K), 0.0005293 secs] 95293K->1129K(256000K), 0.0005953 secs] [Times: user=0.00 sys=0.00, real=0.00 secs] 
1432.536: [GC (Allocation Failure) 1432.536: [ParNew: 94164K->0K(153600K), 0.0008945 secs] 95293K->1129K(256000K), 0.0010169 secs] [Times: user=0.00 sys=0.00, real=0.00 secs] 
1433.555: [GC (Allocation Failure) 1433.555: [ParNew: 94164K->0K(153600K), 0.0008696 secs] 95293K->1129K(256000K), 0.0010090 secs] [Times: user=0.00 sys=0.00, real=0.00 secs] 
1434.571: [GC (Allocation Failure) 1434.571: [ParNew: 94164K->0K(153600K), 0.0003718 secs] 95293K->1129K(256000K), 0.0004330 secs] [Times: user=0.00 sys=0.00, real=0.00 secs] 
1435.586: [GC (Allocation Failure) 1435.587: [ParNew: 94164K->0K(153600K), 0.0009411 secs] 95293K->1129K(256000K), 0.0010587 secs] [Times: user=0.00 sys=0.00, real=0.00 secs] 
1436.601: [GC (Allocation Failure) 1436.601: [ParNew: 94164K->0K(153600K), 0.0006553 secs] 95293K->1129K(256000K), 0.0007417 secs] [Times: user=0.00 sys=0.00, real=0.00 secs] 
1438.618: [GC (Allocation Failure) 1438.618: [ParNew: 94164K->0K(153600K), 0.0009300 secs] 95293K->1129K(256000K), 0.0010619 secs] [Times: user=0.00 sys=0.00, real=0.00 secs] 
1439.637: [GC (Allocation Failure) 1439.637: [ParNew: 94164K->0K(153600K), 0.0009186 secs] 95293K->1129K(256000K), 0.0010536 secs] [Times: user=0.00 sys=0.00, real=0.00 secs] 
1440.656: [GC (Allocation Failure) 1440.656: [ParNew: 94164K->0K(153600K), 0.0008586 secs] 95293K->1129K(256000K), 0.0009829 secs] [Times: user=0.00 sys=0.00, real=0.00 secs] 
1441.676: [GC (Allocation Failure) 1441.676: [ParNew: 94164K->0K(153600K), 0.0009687 secs] 95293K->1129K(256000K), 0.0011290 secs] [Times: user=0.00 sys=0.00, real=0.00 secs] 
1442.694: [GC (Allocation Failure) 1442.694: [ParNew: 94164K->0K(153600K), 0.0003778 secs] 95293K->1129K(256000K), 0.0004461 secs] [Times: user=0.00 sys=0.00, real=0.00 secs] 
1443.705: [GC (Allocation Failure) 1443.705: [ParNew: 94164K->0K(153600K), 0.0004883 secs] 95293K->1129K(256000K), 0.0005562 secs] [Times: user=0.00 sys=0.00, real=0.00 secs] 
1444.717: [GC (Allocation Failure) 1444.717: [ParNew: 94164K->0K(153600K), 0.0004788 secs] 95293K->1129K(256000K), 0.0005408 secs] [Times: user=0.00 sys=0.00, real=0.00 secs] 
1445.734: [GC (Allocation Failure) 1445.734: [ParNew: 94164K->0K(153600K), 0.0009071 secs] 95293K->1129K(256000K), 0.0010149 secs] [Times: user=0.00 sys=0.00, real=0.00 secs] 
1447.753: [GC (Allocation Failure) 1447.753: [ParNew: 94164K->0K(153600K), 0.0009063 secs] 95293K->1129K(256000K), 0.0010145 secs] [Times: user=0.06 sys=0.00, real=0.00 secs] 
1448.771: [GC (Allocation Failure) 1448.771: [ParNew: 94164K->0K(153600K), 0.0004429 secs] 95293K->1129K(256000K), 0.0005147 secs] [Times: user=0.00 sys=0.00, real=0.00 secs] 
1449.784: [GC (Allocation Failure) 1449.784: [ParNew: 94164K->0K(153600K), 0.0009553 secs] 95293K->1129K(256000K), 0.0010615 secs] [Times: user=0.00 sys=0.00, real=0.00 secs] 
1450.803: [GC (Allocation Failure) 1450.803: [ParNew: 94164K->0K(153600K), 0.0008783 secs] 95293K->1129K(256000K), 0.0009963 secs] [Times: user=0.00 sys=0.00, real=0.00 secs] 
1451.822: [GC (Allocation Failure) 1451.822: [ParNew: 94164K->0K(153600K), 0.0009557 secs] 95293K->1129K(256000K), 0.0010836 secs] [Times: user=0.00 sys=0.00, real=0.00 secs] 
1452.841: [GC (Allocation Failure) 1452.841: [ParNew: 94164K->0K(153600K), 0.0010157 secs] 95293K->1129K(256000K), 0.0011459 secs] [Times: user=0.00 sys=0.00, real=0.00 secs] 
1453.860: [GC (Allocation Failure) 1453.860: [ParNew: 94164K->0K(153600K), 0.0008984 secs] 95293K->1129K(256000K), 0.0010090 secs] [Times: user=0.00 sys=0.00, real=0.00 secs] 
1454.878: [GC (Allocation Failure) 1454.878: [ParNew: 94164K->0K(153600K), 0.0010342 secs] 95293K->1129K(256000K), 0.0011913 secs] [Times: user=0.00 sys=0.01, real=0.00 secs] 
1456.893: [GC (Allocation Failure) 1456.893: [ParNew: 94164K->0K(153600K), 0.0004484 secs] 95293K->1129K(256000K), 0.0005124 secs] [Times: user=0.00 sys=0.00, real=0.00 secs] 
1457.905: [GC (Allocation Failure) 1457.905: [ParNew: 94164K->0K(153600K), 0.0009130 secs] 95293K->1129K(256000K), 0.0010291 secs] [Times: user=0.00 sys=0.00, real=0.00 secs] 
1458.925: [GC (Allocation Failure) 1458.925: [ParNew: 94164K->0K(153600K), 0.0011696 secs] 95293K->1129K(256000K), 0.0013488 secs] [Times: user=0.00 sys=0.00, real=0.00 secs] 
1459.943: [GC (Allocation Failure) 1459.943: [ParNew: 94164K->0K(153600K), 0.0005961 secs] 95293K->1129K(256000K), 0.0006904 secs] [Times: user=0.00 sys=0.00, real=0.00 secs] 
1460.956: [GC (Allocation Failure) 1460.956: [ParNew: 94164K->0K(153600K), 0.0006059 secs] 95293K->1129K(256000K), 0.0006912 secs] [Times: user=0.00 sys=0.00, real=0.00 secs] 
1461.968: [GC (Allocation Failure) 1461.969: [ParNew: 94164K->0K(153600K), 0.0006442 secs] 95293K->1129K(256000K), 0.0007275 secs] [Times: user=0.00 sys=0.00, real=0.00 secs] 
1462.981: [GC (Allocation Failure) 1462.981: [ParNew: 94164K->0K(153600K), 0.0006786 secs] 95293K->1129K(256000K), 0.0007761 secs] [Times: user=0.00 sys=0.00, real=0.00 secs] 
1463.995: [GC (Allocation Failure) 1463.995: [ParNew: 94164K->0K(153600K), 0.0008787 secs] 95293K->1129K(256000K), 0.0010046 secs] [Times: user=0.00 sys=0.00, real=0.00 secs] 
1466.014: [GC (Allocation Failure) 1466.014: [ParNew: 94164K->0K(153600K), 0.0009505 secs] 95293K->1129K(256000K), 0.0010603 secs] [Times: user=0.00 sys=0.00, real=0.00 secs] 
1467.033: [GC (Allocation Failure) 1467.033: [ParNew: 94164K->0K(153600K), 0.0009687 secs] 95293K->1129K(256000K), 0.0010911 secs] [Times: user=0.00 sys=0.00, real=0.00 secs] 
1468.051: [GC (Allocation Failure) 1468.051: [ParNew: 94164K->0K(153600K), 0.0009162 secs] 95293K->1129K(256000K), 0.0010472 secs] [Times: user=0.02 sys=0.00, real=0.00 secs] 
1469.070: [GC (Allocation Failure) 1469.070: [ParNew: 94164K->0K(153600K), 0.0009379 secs] 95293K->1129K(256000K), 0.0010883 secs] [Times: user=0.00 sys=0.00, real=0.00 secs] 
1470.088: [GC (Allocation Failure) 1470.088: [ParNew: 94164K->0K(153600K), 0.0008897 secs] 95293K->1129K(256000K), 0.0010101 secs] [Times: user=0.00 sys=0.00, real=0.00 secs] 
1471.102: [GC (Allocation Failure) 1471.102: [ParNew: 94164K->0K(153600K), 0.0003865 secs] 95293K->1129K(256000K), 0.0004445 secs] [Times: user=0.00 sys=0.00, real=0.00 secs] 
1472.114: [GC (Allocation Failure) 1472.114: [ParNew: 94164K->0K(153600K), 0.0008041 secs] 95293K->1129K(256000K), 0.0008874 secs] [Times: user=0.00 sys=0.00, real=0.00 secs] 
1473.132: [GC (Allocation Failure) 1473.132: [ParNew: 94164K->0K(153600K), 0.0009446 secs] 95293K->1129K(256000K), 0.0010772 secs] [Times: user=0.00 sys=0.00, real=0.00 secs] 
1475.153: [GC (Allocation Failure) 1475.153: [ParNew: 94164K->0K(153600K), 0.0008842 secs] 95293K->1129K(256000K), 0.0010121 secs] [Times: user=0.00 sys=0.00, real=0.00 secs] 
1476.171: [GC (Allocation Failure) 1476.171: [ParNew: 94164K->0K(153600K), 0.0004342 secs] 95293K->1129K(256000K), 0.0004970 secs] [Times: user=0.00 sys=0.00, real=0.00 secs] 
1477.184: [GC (Allocation Failure) 1477.185: [ParNew: 94164K->0K(153600K), 0.0008408 secs] 95293K->1129K(256000K), 0.0009620 secs] [Times: user=0.00 sys=0.00, real=0.00 secs] 
1478.203: [GC (Allocation Failure) 1478.203: [ParNew: 94164K->0K(153600K), 0.0010097 secs] 95293K->1129K(256000K), 0.0011278 secs] [Times: user=0.00 sys=0.00, real=0.00 secs] 
1479.222: [GC (Allocation Failure) 1479.222: [ParNew: 94164K->0K(153600K), 0.0009012 secs] 95293K->1129K(256000K), 0.0010184 secs] [Times: user=0.06 sys=0.00, real=0.00 secs] 
1480.239: [GC (Allocation Failure) 1480.240: [ParNew: 94164K->0K(153600K), 0.0005605 secs] 95293K->1129K(256000K), 0.0006438 secs] [Times: user=0.00 sys=0.00, real=0.00 secs] 
1481.256: [GC (Allocation Failure) 1481.256: [ParNew: 94164K->0K(153600K), 0.0009730 secs] 95293K->1129K(256000K), 0.0010962 secs] [Times: user=0.00 sys=0.00, real=0.00 secs] 
1482.275: [GC (Allocation Failure) 1482.276: [ParNew: 94164K->0K(153600K), 0.0009541 secs] 95293K->1129K(256000K), 0.0010922 secs] [Times: user=0.00 sys=0.00, real=0.00 secs] 
1484.287: [GC (Allocation Failure) 1484.287: [ParNew: 94164K->0K(153600K), 0.0003687 secs] 95293K->1129K(256000K), 0.0004247 secs] [Times: user=0.00 sys=0.00, real=0.00 secs] 
1485.299: [GC (Allocation Failure) 1485.299: [ParNew: 94164K->0K(153600K), 0.0009778 secs] 95293K->1129K(256000K), 0.0011195 secs] [Times: user=0.00 sys=0.00, real=0.00 secs] 
1486.319: [GC (Allocation Failure) 1486.319: [ParNew: 94164K->0K(153600K), 0.0009130 secs] 95293K->1129K(256000K), 0.0010236 secs] [Times: user=0.00 sys=0.00, real=0.00 secs] 
1487.336: [GC (Allocation Failure) 1487.336: [ParNew: 94164K->0K(153600K), 0.0003991 secs] 95293K->1129K(256000K), 0.0004721 secs] [Times: user=0.00 sys=0.00, real=0.00 secs] 
1488.352: [GC (Allocation Failure) 1488.352: [ParNew: 94164K->0K(153600K), 0.0009647 secs] 95293K->1129K(256000K), 0.0011226 secs] [Times: user=0.00 sys=0.00, real=0.00 secs] 
1489.374: [GC (Allocation Failure) 1489.374: [ParNew: 94164K->0K(153600K), 0.0011069 secs] 95293K->1129K(256000K), 0.0012533 secs] [Times: user=0.00 sys=0.00, real=0.00 secs] 
1490.399: [GC (Allocation Failure) 1490.399: [ParNew: 94164K->0K(153600K), 0.0009059 secs] 95293K->1129K(256000K), 0.0010457 secs] [Times: user=0.00 sys=0.00, real=0.00 secs] 
1491.413: [GC (Allocation Failure) 1491.413: [ParNew: 94164K->0K(153600K), 0.0003809 secs] 95293K->1129K(256000K), 0.0004401 secs] [Times: user=0.00 sys=0.00, real=0.00 secs] 
1493.430: [GC (Allocation Failure) 1493.430: [ParNew: 94164K->0K(153600K), 0.0009711 secs] 95293K->1129K(256000K), 0.0011088 secs] [Times: user=0.00 sys=0.00, real=0.00 secs] 
1494.451: [GC (Allocation Failure) 1494.451: [ParNew: 94164K->0K(153600K), 0.0008826 secs] 95293K->1129K(256000K), 0.0010082 secs] [Times: user=0.00 sys=0.00, real=0.00 secs] 
1495.469: [GC (Allocation Failure) 1495.469: [ParNew: 94164K->0K(153600K), 0.0004326 secs] 95293K->1129K(256000K), 0.0004899 secs] [Times: user=0.00 sys=0.00, real=0.00 secs] 
1496.482: [GC (Allocation Failure) 1496.482: [ParNew: 94164K->0K(153600K), 0.0009486 secs] 95293K->1129K(256000K), 0.0010713 secs] [Times: user=0.00 sys=0.00, real=0.00 secs] 
1497.499: [GC (Allocation Failure) 1497.499: [ParNew: 94164K->0K(153600K), 0.0003955 secs] 95293K->1129K(256000K), 0.0004721 secs] [Times: user=0.00 sys=0.00, real=0.00 secs] 
1498.512: [GC (Allocation Failure) 1498.512: [ParNew: 94164K->0K(153600K), 0.0005218 secs] 95293K->1129K(256000K), 0.0005996 secs] [Times: user=0.00 sys=0.00, real=0.00 secs] 
1499.524: [GC (Allocation Failure) 1499.524: [ParNew: 94164K->0K(153600K), 0.0003793 secs] 95293K->1129K(256000K), 0.0004342 secs] [Times: user=0.00 sys=0.00, real=0.00 secs] 
1500.538: [GC (Allocation Failure) 1500.538: [ParNew: 94164K->0K(153600K), 0.0013113 secs] 95293K->1129K(256000K), 0.0014526 secs] [Times: user=0.00 sys=0.00, real=0.00 secs] 
1502.551: [GC (Allocation Failure) 1502.551: [ParNew: 94164K->0K(153600K), 0.0005858 secs] 95293K->1129K(256000K), 0.0006628 secs] [Times: user=0.00 sys=0.00, real=0.00 secs] 
1503.571: [GC (Allocation Failure) 1503.571: [ParNew: 94164K->0K(153600K), 0.0009367 secs] 95293K->1129K(256000K), 0.0010630 secs] [Times: user=0.00 sys=0.00, real=0.00 secs] 
1504.594: [GC (Allocation Failure) 1504.594: [ParNew: 94164K->0K(153600K), 0.0009217 secs] 95293K->1129K(256000K), 0.0011029 secs] [Times: user=0.00 sys=0.00, real=0.00 secs] 
1505.619: [GC (Allocation Failure) 1505.619: [ParNew: 94164K->0K(153600K), 0.0008909 secs] 95293K->1129K(256000K), 0.0010350 secs] [Times: user=0.00 sys=0.00, real=0.00 secs] 
1506.641: [GC (Allocation Failure) 1506.641: [ParNew: 94164K->0K(153600K), 0.0008953 secs] 95293K->1129K(256000K), 0.0010169 secs] [Times: user=0.00 sys=0.00, real=0.00 secs] 
1507.659: [GC (Allocation Failure) 1507.659: [ParNew: 94164K->0K(153600K), 0.0008672 secs] 95293K->1129K(256000K), 0.0009932 secs] [Times: user=0.00 sys=0.00, real=0.00 secs] 
1508.678: [GC (Allocation Failure) 1508.678: [ParNew: 94164K->0K(153600K), 0.0008965 secs] 95293K->1129K(256000K), 0.0010374 secs] [Times: user=0.00 sys=0.00, real=0.00 secs] 
1509.697: [GC (Allocation Failure) 1509.697: [ParNew: 94164K->0K(153600K), 0.0008917 secs] 95293K->1129K(256000K), 0.0010038 secs] [Times: user=0.00 sys=0.00, real=0.00 secs] 
1511.716: [GC (Allocation Failure) 1511.716: [ParNew: 94164K->0K(153600K), 0.0008988 secs] 95293K->1129K(256000K), 0.0010267 secs] [Times: user=0.00 sys=0.00, real=0.00 secs] 
1512.734: [GC (Allocation Failure) 1512.734: [ParNew: 94164K->0K(153600K), 0.0009047 secs] 95293K->1129K(256000K), 0.0010169 secs] [Times: user=0.00 sys=0.00, real=0.00 secs] 
1513.754: [GC (Allocation Failure) 1513.754: [ParNew: 94164K->0K(153600K), 0.0008744 secs] 95293K->1129K(256000K), 0.0010228 secs] [Times: user=0.00 sys=0.02, real=0.00 secs] 
1514.774: [GC (Allocation Failure) 1514.774: [ParNew: 94164K->0K(153600K), 0.0008672 secs] 95293K->1129K(256000K), 0.0009869 secs] [Times: user=0.00 sys=0.00, real=0.00 secs] 
1515.790: [GC (Allocation Failure) 1515.790: [ParNew: 94164K->0K(153600K), 0.0004161 secs] 95293K->1129K(256000K), 0.0004784 secs] [Times: user=0.00 sys=0.00, real=0.00 secs] 
1516.808: [GC (Allocation Failure) 1516.808: [ParNew: 94164K->0K(153600K), 0.0009237 secs] 95293K->1129K(256000K), 0.0010362 secs] [Times: user=0.00 sys=0.00, real=0.00 secs] 
1517.828: [GC (Allocation Failure) 1517.828: [ParNew: 94164K->0K(153600K), 0.0009947 secs] 95293K->1129K(256000K), 0.0011072 secs] [Times: user=0.00 sys=0.00, real=0.00 secs] 
1518.842: [GC (Allocation Failure) 1518.842: [ParNew: 94164K->0K(153600K), 0.0003912 secs] 95293K->1129K(256000K), 0.0004559 secs] [Times: user=0.00 sys=0.00, real=0.00 secs] 
1520.861: [GC (Allocation Failure) 1520.861: [ParNew: 94164K->0K(153600K), 0.0009138 secs] 95293K->1129K(256000K), 0.0010476 secs] [Times: user=0.00 sys=0.00, real=0.00 secs] 
1521.880: [GC (Allocation Failure) 1521.880: [ParNew: 94164K->0K(153600K), 0.0009497 secs] 95293K->1129K(256000K), 0.0010741 secs] [Times: user=0.00 sys=0.00, real=0.00 secs] 
1522.902: [GC (Allocation Failure) 1522.902: [ParNew: 94164K->0K(153600K), 0.0009071 secs] 95293K->1129K(256000K), 0.0010338 secs] [Times: user=0.00 sys=0.00, real=0.00 secs] 
1523.920: [GC (Allocation Failure) 1523.920: [ParNew: 94164K->0K(153600K), 0.0009336 secs] 95293K->1129K(256000K), 0.0010378 secs] [Times: user=0.00 sys=0.00, real=0.00 secs] 
1524.939: [GC (Allocation Failure) 1524.939: [ParNew: 94164K->0K(153600K), 0.0010867 secs] 95293K->1129K(256000K), 0.0012032 secs] [Times: user=0.00 sys=0.00, real=0.00 secs] 
1525.954: [GC (Allocation Failure) 1525.954: [ParNew: 94164K->0K(153600K), 0.0003892 secs] 95293K->1129K(256000K), 0.0004611 secs] [Times: user=0.00 sys=0.00, real=0.00 secs] 
1526.975: [GC (Allocation Failure) 1526.975: [ParNew: 94164K->0K(153600K), 0.0010240 secs] 95293K->1129K(256000K), 0.0011649 secs] [Times: user=0.00 sys=0.00, real=0.00 secs] 
1527.991: [GC (Allocation Failure) 1527.991: [ParNew: 94164K->0K(153600K), 0.0004942 secs] 95293K->1129K(256000K), 0.0005826 secs] [Times: user=0.00 sys=0.00, real=0.00 secs] 
1530.009: [GC (Allocation Failure) 1530.009: [ParNew: 94164K->0K(153600K), 0.0009399 secs] 95293K->1129K(256000K), 0.0010662 secs] [Times: user=0.00 sys=0.00, real=0.00 secs] 
1531.028: [GC (Allocation Failure) 1531.028: [ParNew: 94164K->0K(153600K), 0.0008708 secs] 95293K->1129K(256000K), 0.0009841 secs] [Times: user=0.00 sys=0.00, real=0.00 secs] 
1532.047: [GC (Allocation Failure) 1532.047: [ParNew: 94164K->0K(153600K), 0.0009778 secs] 95293K->1129K(256000K), 0.0010986 secs] [Times: user=0.00 sys=0.00, real=0.00 secs] 
1533.065: [GC (Allocation Failure) 1533.065: [ParNew: 94164K->0K(153600K), 0.0005909 secs] 95293K->1129K(256000K), 0.0006853 secs] [Times: user=0.00 sys=0.00, real=0.00 secs] 
1534.081: [GC (Allocation Failure) 1534.082: [ParNew: 94164K->0K(153600K), 0.0008976 secs] 95293K->1129K(256000K), 0.0010054 secs] [Times: user=0.06 sys=0.00, real=0.00 secs] 
1535.097: [GC (Allocation Failure) 1535.097: [ParNew: 94164K->0K(153600K), 0.0003916 secs] 95293K->1129K(256000K), 0.0004587 secs] [Times: user=0.00 sys=0.00, real=0.00 secs] 
1536.112: [GC (Allocation Failure) 1536.112: [ParNew: 94164K->0K(153600K), 0.0009446 secs] 95293K->1129K(256000K), 0.0010784 secs] [Times: user=0.00 sys=0.00, real=0.00 secs] 
1537.132: [GC (Allocation Failure) 1537.132: [ParNew: 94164K->0K(153600K), 0.0010970 secs] 95293K->1129K(256000K), 0.0012647 secs] [Times: user=0.00 sys=0.00, real=0.00 secs] 
1539.157: [GC (Allocation Failure) 1539.157: [ParNew: 94164K->0K(153600K), 0.0005487 secs] 95293K->1129K(256000K), 0.0006233 secs] [Times: user=0.00 sys=0.00, real=0.00 secs] 
1540.170: [GC (Allocation Failure) 1540.170: [ParNew: 94164K->0K(153600K), 0.0009276 secs] 95293K->1129K(256000K), 0.0010354 secs] [Times: user=0.00 sys=0.00, real=0.00 secs] 
1541.190: [GC (Allocation Failure) 1541.190: [ParNew: 94164K->0K(153600K), 0.0008976 secs] 95293K->1129K(256000K), 0.0010157 secs] [Times: user=0.06 sys=0.00, real=0.00 secs] 
1542.209: [GC (Allocation Failure) 1542.209: [ParNew: 94164K->0K(153600K), 0.0003999 secs] 95293K->1129K(256000K), 0.0004729 secs] [Times: user=0.00 sys=0.00, real=0.00 secs] 
1543.220: [GC (Allocation Failure) 1543.220: [ParNew: 94164K->0K(153600K), 0.0005329 secs] 95293K->1129K(256000K), 0.0006111 secs] [Times: user=0.00 sys=0.00, real=0.00 secs] 
1544.236: [GC (Allocation Failure) 1544.236: [ParNew: 94164K->0K(153600K), 0.0003975 secs] 95293K->1129K(256000K), 0.0004650 secs] [Times: user=0.00 sys=0.00, real=0.00 secs] 
1545.253: [GC (Allocation Failure) 1545.253: [ParNew: 94164K->0K(153600K), 0.0004386 secs] 95293K->1129K(256000K), 0.0005242 secs] [Times: user=0.00 sys=0.00, real=0.00 secs] 
1546.263: [GC (Allocation Failure) 1546.263: [ParNew: 94164K->0K(153600K), 0.0004583 secs] 95293K->1129K(256000K), 0.0005234 secs] [Times: user=0.00 sys=0.00, real=0.00 secs] 
1548.283: [GC (Allocation Failure) 1548.283: [ParNew: 94164K->0K(153600K), 0.0009036 secs] 95293K->1129K(256000K), 0.0010137 secs] [Times: user=0.00 sys=0.00, real=0.00 secs] 
1549.305: [GC (Allocation Failure) 1549.305: [ParNew: 94164K->0K(153600K), 0.0003991 secs] 95293K->1129K(256000K), 0.0004551 secs] [Times: user=0.00 sys=0.00, real=0.00 secs] 
1550.318: [GC (Allocation Failure) 1550.318: [ParNew: 94164K->0K(153600K), 0.0003805 secs] 95293K->1129K(256000K), 0.0004386 secs] [Times: user=0.00 sys=0.00, real=0.00 secs] 
1551.333: [GC (Allocation Failure) 1551.333: [ParNew: 94164K->0K(153600K), 0.0010776 secs] 95293K->1129K(256000K), 0.0012316 secs] [Times: user=0.00 sys=0.00, real=0.00 secs] 
1552.353: [GC (Allocation Failure) 1552.353: [ParNew: 94164K->0K(153600K), 0.0008203 secs] 95293K->1129K(256000K), 0.0009344 secs] [Times: user=0.00 sys=0.00, real=0.00 secs] 
1553.372: [GC (Allocation Failure) 1553.372: [ParNew: 94164K->0K(153600K), 0.0009604 secs] 95293K->1129K(256000K), 0.0010800 secs] [Times: user=0.00 sys=0.00, real=0.00 secs] 
1554.389: [GC (Allocation Failure) 1554.389: [ParNew: 94164K->0K(153600K), 0.0005049 secs] 95293K->1129K(256000K), 0.0005858 secs] [Times: user=0.00 sys=0.00, real=0.00 secs] 
1555.405: [GC (Allocation Failure) 1555.405: [ParNew: 94164K->0K(153600K), 0.0004804 secs] 95293K->1129K(256000K), 0.0005487 secs] [Times: user=0.00 sys=0.00, real=0.00 secs] 
1557.423: [GC (Allocation Failure) 1557.423: [ParNew: 94164K->0K(153600K), 0.0005708 secs] 95293K->1129K(256000K), 0.0006553 secs] [Times: user=0.00 sys=0.00, real=0.00 secs] 
1558.439: [GC (Allocation Failure) 1558.439: [ParNew: 94164K->0K(153600K), 0.0010607 secs] 95293K->1129K(256000K), 0.0011771 secs] [Times: user=0.00 sys=0.00, real=0.00 secs] 
1559.462: [GC (Allocation Failure) 1559.463: [ParNew: 94164K->0K(153600K), 0.0010338 secs] 95293K->1129K(256000K), 0.0011874 secs] [Times: user=0.00 sys=0.00, real=0.00 secs] 
1560.485: [GC (Allocation Failure) 1560.485: [ParNew: 94164K->0K(153600K), 0.0008783 secs] 95293K->1129K(256000K), 0.0009963 secs] [Times: user=0.00 sys=0.00, real=0.00 secs] 
1561.508: [GC (Allocation Failure) 1561.508: [ParNew: 94164K->0K(153600K), 0.0009154 secs] 95293K->1129K(256000K), 0.0010725 secs] [Times: user=0.00 sys=0.00, real=0.00 secs] 
1562.534: [GC (Allocation Failure) 1562.534: [ParNew: 94164K->0K(153600K), 0.0009012 secs] 95293K->1129K(256000K), 0.0010409 secs] [Times: user=0.00 sys=0.00, real=0.00 secs] 
1563.550: [GC (Allocation Failure) 1563.550: [ParNew: 94164K->0K(153600K), 0.0007626 secs] 95293K->1129K(256000K), 0.0008822 secs] [Times: user=0.00 sys=0.00, real=0.00 secs] 
1564.571: [GC (Allocation Failure) 1564.571: [ParNew: 94164K->0K(153600K), 0.0010137 secs] 95293K->1129K(256000K), 0.0011534 secs] [Times: user=0.00 sys=0.00, real=0.00 secs] 
1566.584: [GC (Allocation Failure) 1566.584: [ParNew: 94164K->0K(153600K), 0.0008945 secs] 95293K->1129K(256000K), 0.0010346 secs] [Times: user=0.00 sys=0.00, real=0.00 secs] 
1567.606: [GC (Allocation Failure) 1567.606: [ParNew: 94164K->0K(153600K), 0.0011637 secs] 95293K->1129K(256000K), 0.0012916 secs] [Times: user=0.00 sys=0.00, real=0.00 secs] 
1568.635: [GC (Allocation Failure) 1568.635: [ParNew: 94164K->0K(153600K), 0.0004437 secs] 95293K->1129K(256000K), 0.0005290 secs] [Times: user=0.00 sys=0.00, real=0.00 secs] 
1569.646: [GC (Allocation Failure) 1569.647: [ParNew: 94164K->0K(153600K), 0.0004934 secs] 95293K->1129K(256000K), 0.0005708 secs] [Times: user=0.00 sys=0.00, real=0.00 secs] 
1570.663: [GC (Allocation Failure) 1570.663: [ParNew: 94164K->0K(153600K), 0.0014613 secs] 95293K->1129K(256000K), 0.0016173 secs] [Times: user=0.00 sys=0.00, real=0.00 secs] 
1571.682: [GC (Allocation Failure) 1571.682: [ParNew: 94164K->0K(153600K), 0.0005822 secs] 95293K->1129K(256000K), 0.0006758 secs] [Times: user=0.00 sys=0.00, real=0.00 secs] 
1572.704: [GC (Allocation Failure) 1572.704: [ParNew: 94164K->0K(153600K), 0.0009067 secs] 95293K->1129K(256000K), 0.0010429 secs] [Times: user=0.00 sys=0.00, real=0.00 secs] 
1573.727: [GC (Allocation Failure) 1573.727: [ParNew: 94164K->0K(153600K), 0.0009746 secs] 95293K->1129K(256000K), 0.0011163 secs] [Times: user=0.00 sys=0.00, real=0.00 secs] 
1575.740: [GC (Allocation Failure) 1575.740: [ParNew: 94164K->0K(153600K), 0.0008822 secs] 95293K->1129K(256000K), 0.0010105 secs] [Times: user=0.00 sys=0.00, real=0.00 secs] 
1576.757: [GC (Allocation Failure) 1576.757: [ParNew: 94164K->0K(153600K), 0.0004382 secs] 95293K->1129K(256000K), 0.0005270 secs] [Times: user=0.00 sys=0.00, real=0.00 secs] 
1577.774: [GC (Allocation Failure) 1577.774: [ParNew: 94164K->0K(153600K), 0.0005601 secs] 95293K->1129K(256000K), 0.0006430 secs] [Times: user=0.00 sys=0.00, real=0.00 secs] 
1578.800: [GC (Allocation Failure) 1578.800: [ParNew: 94164K->0K(153600K), 0.0010571 secs] 95293K->1129K(256000K), 0.0011937 secs] [Times: user=0.00 sys=0.00, real=0.00 secs] 
1579.816: [GC (Allocation Failure) 1579.816: [ParNew: 94164K->0K(153600K), 0.0008720 secs] 95293K->1129K(256000K), 0.0009888 secs] [Times: user=0.06 sys=0.00, real=0.00 secs] 
1580.831: [GC (Allocation Failure) 1580.831: [ParNew: 94164K->0K(153600K), 0.0003774 secs] 95293K->1129K(256000K), 0.0004346 secs] [Times: user=0.00 sys=0.00, real=0.00 secs] 
1581.849: [GC (Allocation Failure) 1581.849: [ParNew: 94164K->0K(153600K), 0.0009122 secs] 95293K->1129K(256000K), 0.0010480 secs] [Times: user=0.00 sys=0.00, real=0.00 secs] 
1582.868: [GC (Allocation Failure) 1582.868: [ParNew: 94164K->0K(153600K), 0.0008886 secs] 95293K->1129K(256000K), 0.0010208 secs] [Times: user=0.00 sys=0.00, real=0.00 secs] 
1584.883: [GC (Allocation Failure) 1584.883: [ParNew: 94164K->0K(153600K), 0.0006857 secs] 95293K->1129K(256000K), 0.0007709 secs] [Times: user=0.00 sys=0.00, real=0.00 secs] 
1585.897: [GC (Allocation Failure) 1585.898: [ParNew: 94164K->0K(153600K), 0.0005029 secs] 95293K->1129K(256000K), 0.0005830 secs] [Times: user=0.00 sys=0.00, real=0.00 secs] 
1586.910: [GC (Allocation Failure) 1586.910: [ParNew: 94164K->0K(153600K), 0.0004105 secs] 95293K->1129K(256000K), 0.0004761 secs] [Times: user=0.00 sys=0.01, real=0.00 secs] 
1587.924: [GC (Allocation Failure) 1587.924: [ParNew: 94164K->0K(153600K), 0.0003928 secs] 95293K->1129K(256000K), 0.0004603 secs] [Times: user=0.00 sys=0.00, real=0.00 secs] 
1588.937: [GC (Allocation Failure) 1588.937: [ParNew: 94164K->0K(153600K), 0.0004476 secs] 95293K->1129K(256000K), 0.0005057 secs] [Times: user=0.00 sys=0.00, real=0.00 secs] 
1589.953: [GC (Allocation Failure) 1589.953: [ParNew: 94164K->0K(153600K), 0.0008653 secs] 95293K->1129K(256000K), 0.0009861 secs] [Times: user=0.00 sys=0.00, real=0.00 secs] 
1590.976: [GC (Allocation Failure) 1590.976: [ParNew: 94164K->0K(153600K), 0.0003884 secs] 95293K->1129K(256000K), 0.0004678 secs] [Times: user=0.00 sys=0.00, real=0.00 secs] 
1591.994: [GC (Allocation Failure) 1591.994: [ParNew: 94164K->0K(153600K), 0.0005088 secs] 95293K->1129K(256000K), 0.0005913 secs] [Times: user=0.00 sys=0.00, real=0.00 secs] 
1594.013: [GC (Allocation Failure) 1594.013: [ParNew: 94164K->0K(153600K), 0.0003967 secs] 95293K->1129K(256000K), 0.0004686 secs] [Times: user=0.00 sys=0.00, real=0.00 secs] 
1595.024: [GC (Allocation Failure) 1595.024: [ParNew: 94164K->0K(153600K), 0.0006020 secs] 95293K->1129K(256000K), 0.0006805 secs] [Times: user=0.00 sys=0.00, real=0.00 secs] 
1596.037: [GC (Allocation Failure) 1596.037: [ParNew: 94164K->0K(153600K), 0.0006209 secs] 95293K->1129K(256000K), 0.0007011 secs] [Times: user=0.00 sys=0.00, real=0.00 secs] 
1597.053: [GC (Allocation Failure) 1597.053: [ParNew: 94164K->0K(153600K), 0.0008961 secs] 95293K->1129K(256000K), 0.0010409 secs] [Times: user=0.00 sys=0.00, real=0.00 secs] 
1598.070: [GC (Allocation Failure) 1598.070: [ParNew: 94164K->0K(153600K), 0.0004054 secs] 95293K->1129K(256000K), 0.0004745 secs] [Times: user=0.00 sys=0.00, real=0.00 secs] 
1599.089: [GC (Allocation Failure) 1599.089: [ParNew: 94164K->0K(153600K), 0.0009486 secs] 95293K->1129K(256000K), 0.0011100 secs] [Times: user=0.00 sys=0.00, real=0.00 secs] 
1600.110: [GC (Allocation Failure) 1600.110: [ParNew: 94164K->0K(153600K), 0.0012059 secs] 95293K->1129K(256000K), 0.0013555 secs] [Times: user=0.00 sys=0.00, real=0.00 secs] 
1601.131: [GC (Allocation Failure) 1601.131: [ParNew: 94164K->0K(153600K), 0.0009142 secs] 95293K->1129K(256000K), 0.0010508 secs] [Times: user=0.00 sys=0.00, real=0.00 secs] 
1603.153: [GC (Allocation Failure) 1603.153: [ParNew: 94164K->0K(153600K), 0.0003865 secs] 95293K->1129K(256000K), 0.0004512 secs] [Times: user=0.00 sys=0.00, real=0.00 secs] 
1604.164: [GC (Allocation Failure) 1604.164: [ParNew: 94164K->0K(153600K), 0.0004461 secs] 95293K->1129K(256000K), 0.0005108 secs] [Times: user=0.00 sys=0.00, real=0.00 secs] 
1605.177: [GC (Allocation Failure) 1605.177: [ParNew: 94164K->0K(153600K), 0.0005420 secs] 95293K->1129K(256000K), 0.0006383 secs] [Times: user=0.00 sys=0.00, real=0.00 secs] 
1606.191: [GC (Allocation Failure) 1606.191: [ParNew: 94164K->0K(153600K), 0.0008301 secs] 95293K->1129K(256000K), 0.0009340 secs] [Times: user=0.00 sys=0.00, real=0.00 secs] 
1607.213: [GC (Allocation Failure) 1607.213: [ParNew: 94164K->0K(153600K), 0.0006936 secs] 95293K->1129K(256000K), 0.0008100 secs] [Times: user=0.00 sys=0.00, real=0.00 secs] 
1608.225: [GC (Allocation Failure) 1608.225: [ParNew: 94164K->0K(153600K), 0.0004050 secs] 95293K->1129K(256000K), 0.0004654 secs] [Times: user=0.00 sys=0.00, real=0.00 secs] 
1609.236: [GC (Allocation Failure) 1609.236: [ParNew: 94164K->0K(153600K), 0.0006063 secs] 95293K->1129K(256000K), 0.0007093 secs] [Times: user=0.00 sys=0.00, real=0.00 secs] 
1610.258: [GC (Allocation Failure) 1610.258: [ParNew: 94164K->0K(153600K), 0.0008661 secs] 95293K->1129K(256000K), 0.0009916 secs] [Times: user=0.00 sys=0.00, real=0.00 secs] 
1612.271: [GC (Allocation Failure) 1612.271: [ParNew: 94164K->0K(153600K), 0.0003734 secs] 95293K->1129K(256000K), 0.0004315 secs] [Times: user=0.00 sys=0.00, real=0.00 secs] 
1613.282: [GC (Allocation Failure) 1613.282: [ParNew: 94164K->0K(153600K), 0.0008672 secs] 95293K->1129K(256000K), 0.0009762 secs] [Times: user=0.00 sys=0.00, real=0.00 secs] 
1614.304: [GC (Allocation Failure) 1614.304: [ParNew: 94164K->0K(153600K), 0.0009119 secs] 95293K->1129K(256000K), 0.0010188 secs] [Times: user=0.00 sys=0.00, real=0.00 secs] 
1615.324: [GC (Allocation Failure) 1615.324: [ParNew: 94164K->0K(153600K), 0.0005815 secs] 95293K->1129K(256000K), 0.0006738 secs] [Times: user=0.00 sys=0.00, real=0.00 secs] 
1616.340: [GC (Allocation Failure) 1616.340: [ParNew: 94164K->0K(153600K), 0.0009722 secs] 95293K->1129K(256000K), 0.0011001 secs] [Times: user=0.00 sys=0.00, real=0.00 secs] 
1617.360: [GC (Allocation Failure) 1617.360: [ParNew: 94164K->0K(153600K), 0.0008554 secs] 95293K->1129K(256000K), 0.0009750 secs] [Times: user=0.00 sys=0.00, real=0.00 secs] 
1618.379: [GC (Allocation Failure) 1618.379: [ParNew: 94164K->0K(153600K), 0.0008005 secs] 95293K->1129K(256000K), 0.0009130 secs] [Times: user=0.00 sys=0.02, real=0.00 secs] 
1619.399: [GC (Allocation Failure) 1619.399: [ParNew: 94164K->0K(153600K), 0.0009363 secs] 95293K->1129K(256000K), 0.0010425 secs] [Times: user=0.00 sys=0.00, real=0.00 secs] 
1621.420: [GC (Allocation Failure) 1621.420: [ParNew: 94164K->0K(153600K), 0.0009324 secs] 95293K->1129K(256000K), 0.0010721 secs] [Times: user=0.00 sys=0.00, real=0.00 secs] 
1622.440: [GC (Allocation Failure) 1622.440: [ParNew: 94164K->0K(153600K), 0.0008913 secs] 95293K->1129K(256000K), 0.0010022 secs] [Times: user=0.00 sys=0.02, real=0.00 secs] 
1623.458: [GC (Allocation Failure) 1623.458: [ParNew: 94164K->0K(153600K), 0.0011294 secs] 95293K->1129K(256000K), 0.0012604 secs] [Times: user=0.00 sys=0.00, real=0.00 secs] 
1624.479: [GC (Allocation Failure) 1624.479: [ParNew: 94164K->0K(153600K), 0.0009087 secs] 95293K->1129K(256000K), 0.0010255 secs] [Times: user=0.00 sys=0.00, real=0.00 secs] 
1625.496: [GC (Allocation Failure) 1625.496: [ParNew: 94164K->0K(153600K), 0.0003932 secs] 95293K->1129K(256000K), 0.0004543 secs] [Times: user=0.00 sys=0.00, real=0.00 secs] 
1626.512: [GC (Allocation Failure) 1626.512: [ParNew: 94164K->0K(153600K), 0.0008905 secs] 95293K->1129K(256000K), 0.0010397 secs] [Times: user=0.00 sys=0.00, real=0.00 secs] 
1627.531: [GC (Allocation Failure) 1627.531: [ParNew: 94164K->0K(153600K), 0.0011424 secs] 95293K->1129K(256000K), 0.0012963 secs] [Times: user=0.00 sys=0.00, real=0.00 secs] 
1628.553: [GC (Allocation Failure) 1628.553: [ParNew: 94164K->0K(153600K), 0.0010524 secs] 95293K->1129K(256000K), 0.0011949 secs] [Times: user=0.00 sys=0.00, real=0.00 secs] 
1630.575: [GC (Allocation Failure) 1630.575: [ParNew: 94164K->0K(153600K), 0.0009000 secs] 95293K->1129K(256000K), 0.0010330 secs] [Times: user=0.00 sys=0.00, real=0.00 secs] 
1631.596: [GC (Allocation Failure) 1631.596: [ParNew: 94164K->0K(153600K), 0.0006237 secs] 95293K->1129K(256000K), 0.0007137 secs] [Times: user=0.00 sys=0.00, real=0.00 secs] 
1632.610: [GC (Allocation Failure) 1632.610: [ParNew: 94164K->0K(153600K), 0.0009158 secs] 95293K->1129K(256000K), 0.0010429 secs] [Times: user=0.00 sys=0.00, real=0.00 secs] 
1633.633: [GC (Allocation Failure) 1633.633: [ParNew: 94164K->0K(153600K), 0.0009501 secs] 95293K->1129K(256000K), 0.0010930 secs] [Times: user=0.00 sys=0.00, real=0.00 secs] 
1634.656: [GC (Allocation Failure) 1634.656: [ParNew: 94164K->0K(153600K), 0.0009928 secs] 95293K->1129K(256000K), 0.0011238 secs] [Times: user=0.00 sys=0.00, real=0.00 secs] 
1635.675: [GC (Allocation Failure) 1635.675: [ParNew: 94164K->0K(153600K), 0.0009746 secs] 95293K->1129K(256000K), 0.0010792 secs] [Times: user=0.03 sys=0.00, real=0.00 secs] 
1636.697: [GC (Allocation Failure) 1636.697: [ParNew: 94164K->0K(153600K), 0.0009576 secs] 95293K->1129K(256000K), 0.0010871 secs] [Times: user=0.00 sys=0.00, real=0.00 secs] 
1637.719: [GC (Allocation Failure) 1637.719: [ParNew: 94164K->0K(153600K), 0.0010899 secs] 95293K->1129K(256000K), 0.0013271 secs] [Times: user=0.00 sys=0.00, real=0.00 secs] 
1639.739: [GC (Allocation Failure) 1639.739: [ParNew: 94164K->0K(153600K), 0.0009126 secs] 95293K->1129K(256000K), 0.0010457 secs] [Times: user=0.00 sys=0.00, real=0.00 secs] 
1640.757: [GC (Allocation Failure) 1640.757: [ParNew: 94164K->0K(153600K), 0.0003817 secs] 95293K->1129K(256000K), 0.0004366 secs] [Times: user=0.00 sys=0.00, real=0.00 secs] 
1641.771: [GC (Allocation Failure) 1641.771: [ParNew: 94164K->0K(153600K), 0.0005325 secs] 95293K->1129K(256000K), 0.0005984 secs] [Times: user=0.00 sys=0.00, real=0.00 secs] 
1642.781: [GC (Allocation Failure) 1642.781: [ParNew: 94164K->0K(153600K), 0.0003943 secs] 95293K->1129K(256000K), 0.0004516 secs] [Times: user=0.00 sys=0.00, real=0.00 secs] 
1643.794: [GC (Allocation Failure) 1643.794: [ParNew: 94164K->0K(153600K), 0.0003971 secs] 95293K->1129K(256000K), 0.0004733 secs] [Times: user=0.00 sys=0.00, real=0.00 secs] 
1644.806: [GC (Allocation Failure) 1644.806: [ParNew: 94164K->0K(153600K), 0.0003821 secs] 95293K->1129K(256000K), 0.0004413 secs] [Times: user=0.00 sys=0.00, real=0.00 secs] 
1645.830: [GC (Allocation Failure) 1645.830: [ParNew: 94164K->0K(153600K), 0.0004492 secs] 95293K->1129K(256000K), 0.0005317 secs] [Times: user=0.00 sys=0.00, real=0.00 secs] 
1646.845: [GC (Allocation Failure) 1646.846: [ParNew: 94164K->0K(153600K), 0.0011333 secs] 95293K->1129K(256000K), 0.0012916 secs] [Times: user=0.00 sys=0.00, real=0.00 secs] 
1648.867: [GC (Allocation Failure) 1648.867: [ParNew: 94164K->0K(153600K), 0.0004078 secs] 95293K->1129K(256000K), 0.0004851 secs] [Times: user=0.00 sys=0.00, real=0.00 secs] 
1649.879: [GC (Allocation Failure) 1649.879: [ParNew: 94164K->0K(153600K), 0.0005518 secs] 95293K->1129K(256000K), 0.0006324 secs] [Times: user=0.00 sys=0.00, real=0.00 secs] 
1650.894: [GC (Allocation Failure) 1650.894: [ParNew: 94164K->0K(153600K), 0.0009509 secs] 95293K->1129K(256000K), 0.0010855 secs] [Times: user=0.00 sys=0.00, real=0.00 secs] 
1651.913: [GC (Allocation Failure) 1651.914: [ParNew: 94164K->0K(153600K), 0.0005380 secs] 95293K->1129K(256000K), 0.0006280 secs] [Times: user=0.00 sys=0.00, real=0.00 secs] 
1652.929: [GC (Allocation Failure) 1652.929: [ParNew: 94164K->0K(153600K), 0.0008779 secs] 95293K->1129K(256000K), 0.0010153 secs] [Times: user=0.00 sys=0.00, real=0.00 secs] 
1653.954: [GC (Allocation Failure) 1653.954: [ParNew: 94164K->0K(153600K), 0.0004101 secs] 95293K->1129K(256000K), 0.0004784 secs] [Times: user=0.00 sys=0.00, real=0.00 secs] 
1654.967: [GC (Allocation Failure) 1654.967: [ParNew: 94164K->0K(153600K), 0.0004413 secs] 95293K->1129K(256000K), 0.0004986 secs] [Times: user=0.00 sys=0.00, real=0.00 secs] 
1655.979: [GC (Allocation Failure) 1655.979: [ParNew: 94164K->0K(153600K), 0.0005688 secs] 95293K->1129K(256000K), 0.0006557 secs] [Times: user=0.00 sys=0.00, real=0.00 secs] 
1657.992: [GC (Allocation Failure) 1657.992: [ParNew: 94164K->0K(153600K), 0.0009122 secs] 95293K->1129K(256000K), 0.0010484 secs] [Times: user=0.00 sys=0.00, real=0.00 secs] 
1659.010: [GC (Allocation Failure) 1659.010: [ParNew: 94164K->0K(153600K), 0.0005428 secs] 95293K->1129K(256000K), 0.0006174 secs] [Times: user=0.00 sys=0.00, real=0.00 secs] 
1660.023: [GC (Allocation Failure) 1660.023: [ParNew: 94164K->0K(153600K), 0.0003837 secs] 95293K->1129K(256000K), 0.0004453 secs] [Times: user=0.00 sys=0.00, real=0.00 secs] 
1661.036: [GC (Allocation Failure) 1661.036: [ParNew: 94164K->0K(153600K), 0.0004097 secs] 95293K->1129K(256000K), 0.0004820 secs] [Times: user=0.00 sys=0.00, real=0.00 secs] 
1662.081: [GC (Allocation Failure) 1662.081: [ParNew: 94164K->0K(153600K), 0.0009229 secs] 95293K->1129K(256000K), 0.0010366 secs] [Times: user=0.00 sys=0.00, real=0.00 secs] 
1663.123: [GC (Allocation Failure) 1663.123: [ParNew: 94164K->0K(153600K), 0.0007097 secs] 95293K->1129K(256000K), 0.0008108 secs] [Times: user=0.00 sys=0.00, real=0.00 secs] 
1664.136: [GC (Allocation Failure) 1664.136: [ParNew: 94164K->0K(153600K), 0.0003659 secs] 95293K->1129K(256000K), 0.0004275 secs] [Times: user=0.00 sys=0.00, real=0.00 secs] 
1665.148: [GC (Allocation Failure) 1665.148: [ParNew: 94164K->0K(153600K), 0.0005601 secs] 95293K->1129K(256000K), 0.0006470 secs] [Times: user=0.00 sys=0.00, real=0.00 secs] 
1667.166: [GC (Allocation Failure) 1667.166: [ParNew: 94164K->0K(153600K), 0.0003845 secs] 95293K->1129K(256000K), 0.0004607 secs] [Times: user=0.00 sys=0.00, real=0.00 secs] 
1668.177: [GC (Allocation Failure) 1668.177: [ParNew: 94164K->0K(153600K), 0.0004780 secs] 95293K->1129K(256000K), 0.0005550 secs] [Times: user=0.00 sys=0.00, real=0.00 secs] 
1669.194: [GC (Allocation Failure) 1669.194: [ParNew: 94164K->0K(153600K), 0.0008522 secs] 95293K->1129K(256000K), 0.0009687 secs] [Times: user=0.00 sys=0.00, real=0.00 secs] 
1670.215: [GC (Allocation Failure) 1670.215: [ParNew: 94164K->0K(153600K), 0.0009174 secs] 95293K->1129K(256000K), 0.0010480 secs] [Times: user=0.00 sys=0.00, real=0.00 secs] 
1671.235: [GC (Allocation Failure) 1671.235: [ParNew: 94164K->0K(153600K), 0.0008732 secs] 95293K->1129K(256000K), 0.0009888 secs] [Times: user=0.00 sys=0.00, real=0.00 secs] 
1672.254: [GC (Allocation Failure) 1672.255: [ParNew: 94164K->0K(153600K), 0.0010394 secs] 95293K->1129K(256000K), 0.0011601 secs] [Times: user=0.00 sys=0.00, real=0.00 secs] 
1673.278: [GC (Allocation Failure) 1673.278: [ParNew: 94164K->0K(153600K), 0.0003995 secs] 95293K->1129K(256000K), 0.0004721 secs] [Times: user=0.00 sys=0.00, real=0.00 secs] 
1674.291: [GC (Allocation Failure) 1674.291: [ParNew: 94164K->0K(153600K), 0.0003762 secs] 95293K->1129K(256000K), 0.0004429 secs] [Times: user=0.00 sys=0.00, real=0.00 secs] 
1676.308: [GC (Allocation Failure) 1676.308: [ParNew: 94164K->0K(153600K), 0.0005471 secs] 95293K->1129K(256000K), 0.0006379 secs] [Times: user=0.00 sys=0.00, real=0.00 secs] 
1677.322: [GC (Allocation Failure) 1677.322: [ParNew: 94164K->0K(153600K), 0.0010591 secs] 95293K->1129K(256000K), 0.0011886 secs] [Times: user=0.00 sys=0.00, real=0.00 secs] 
1678.341: [GC (Allocation Failure) 1678.341: [ParNew: 94164K->0K(153600K), 0.0009438 secs] 95293K->1129K(256000K), 0.0010761 secs] [Times: user=0.00 sys=0.00, real=0.00 secs] 
1679.360: [GC (Allocation Failure) 1679.360: [ParNew: 94164K->0K(153600K), 0.0008700 secs] 95293K->1129K(256000K), 0.0009916 secs] [Times: user=0.00 sys=0.00, real=0.00 secs] 
1680.383: [GC (Allocation Failure) 1680.383: [ParNew: 94164K->0K(153600K), 0.0008842 secs] 95293K->1129K(256000K), 0.0009991 secs] [Times: user=0.00 sys=0.00, real=0.00 secs] 
1681.402: [GC (Allocation Failure) 1681.402: [ParNew: 94164K->0K(153600K), 0.0009494 secs] 95293K->1129K(256000K), 0.0010540 secs] [Times: user=0.00 sys=0.00, real=0.00 secs] 
1682.421: [GC (Allocation Failure) 1682.421: [ParNew: 94164K->0K(153600K), 0.0009044 secs] 95293K->1129K(256000K), 0.0010236 secs] [Times: user=0.00 sys=0.00, real=0.00 secs] 
1683.440: [GC (Allocation Failure) 1683.440: [ParNew: 94164K->0K(153600K), 0.0009119 secs] 95293K->1129K(256000K), 0.0010315 secs] [Times: user=0.00 sys=0.00, real=0.00 secs] 
1685.459: [GC (Allocation Failure) 1685.460: [ParNew: 94164K->0K(153600K), 0.0009221 secs] 95293K->1129K(256000K), 0.0010394 secs] [Times: user=0.00 sys=0.00, real=0.00 secs] 
1686.479: [GC (Allocation Failure) 1686.479: [ParNew: 94164K->0K(153600K), 0.0009122 secs] 95293K->1129K(256000K), 0.0010291 secs] [Times: user=0.00 sys=0.00, real=0.00 secs] 
1687.498: [GC (Allocation Failure) 1687.498: [ParNew: 94164K->0K(153600K), 0.0009032 secs] 95293K->1129K(256000K), 0.0010161 secs] [Times: user=0.00 sys=0.00, real=0.00 secs] 
1688.520: [GC (Allocation Failure) 1688.520: [ParNew: 94164K->0K(153600K), 0.0009047 secs] 95293K->1129K(256000K), 0.0010611 secs] [Times: user=0.00 sys=0.00, real=0.00 secs] 
1689.541: [GC (Allocation Failure) 1689.541: [ParNew: 94164K->0K(153600K), 0.0009020 secs] 95293K->1129K(256000K), 0.0010121 secs] [Times: user=0.00 sys=0.00, real=0.00 secs] 
1690.560: [GC (Allocation Failure) 1690.560: [ParNew: 94164K->0K(153600K), 0.0008822 secs] 95293K->1129K(256000K), 0.0009999 secs] [Times: user=0.00 sys=0.00, real=0.00 secs] 
1691.577: [GC (Allocation Failure) 1691.577: [ParNew: 94164K->0K(153600K), 0.0004607 secs] 95293K->1129K(256000K), 0.0005230 secs] [Times: user=0.00 sys=0.00, real=0.00 secs] 
1692.594: [GC (Allocation Failure) 1692.594: [ParNew: 94164K->0K(153600K), 0.0010654 secs] 95293K->1129K(256000K), 0.0012276 secs] [Times: user=0.00 sys=0.00, real=0.00 secs] 
1694.615: [GC (Allocation Failure) 1694.615: [ParNew: 94164K->0K(153600K), 0.0009320 secs] 95293K->1129K(256000K), 0.0010488 secs] [Times: user=0.00 sys=0.00, real=0.00 secs] 
1695.633: [GC (Allocation Failure) 1695.633: [ParNew: 94164K->0K(153600K), 0.0011191 secs] 95293K->1129K(256000K), 0.0012584 secs] [Times: user=0.00 sys=0.00, real=0.00 secs] 
1696.653: [GC (Allocation Failure) 1696.653: [ParNew: 94164K->0K(153600K), 0.0009103 secs] 95293K->1129K(256000K), 0.0010267 secs] [Times: user=0.00 sys=0.00, real=0.00 secs] 
1697.673: [GC (Allocation Failure) 1697.673: [ParNew: 94164K->0K(153600K), 0.0009955 secs] 95293K->1129K(256000K), 0.0011108 secs] [Times: user=0.00 sys=0.00, real=0.00 secs] 
1698.692: [GC (Allocation Failure) 1698.693: [ParNew: 94164K->0K(153600K), 0.0009126 secs] 95293K->1129K(256000K), 0.0010267 secs] [Times: user=0.00 sys=0.00, real=0.00 secs] 
1699.713: [GC (Allocation Failure) 1699.713: [ParNew: 94164K->0K(153600K), 0.0009308 secs] 95293K->1129K(256000K), 0.0010453 secs] [Times: user=0.00 sys=0.00, real=0.00 secs] 
1700.734: [GC (Allocation Failure) 1700.734: [ParNew: 94164K->0K(153600K), 0.0008558 secs] 95293K->1129K(256000K), 0.0009719 secs] [Times: user=0.00 sys=0.00, real=0.00 secs] 
1701.755: [GC (Allocation Failure) 1701.755: [ParNew: 94164K->0K(153600K), 0.0010026 secs] 95293K->1129K(256000K), 0.0011191 secs] [Times: user=0.00 sys=0.00, real=0.00 secs] 
1703.773: [GC (Allocation Failure) 1703.773: [ParNew: 94164K->0K(153600K), 0.0008578 secs] 95293K->1129K(256000K), 0.0009884 secs] [Times: user=0.00 sys=0.00, real=0.00 secs] 
1704.792: [GC (Allocation Failure) 1704.792: [ParNew: 94164K->0K(153600K), 0.0009229 secs] 95293K->1129K(256000K), 0.0010508 secs] [Times: user=0.00 sys=0.00, real=0.00 secs] 
1705.810: [GC (Allocation Failure) 1705.811: [ParNew: 94164K->0K(153600K), 0.0004705 secs] 95293K->1129K(256000K), 0.0005455 secs] [Times: user=0.00 sys=0.00, real=0.00 secs] 
1706.824: [GC (Allocation Failure) 1706.824: [ParNew: 94164K->0K(153600K), 0.0008996 secs] 95293K->1129K(256000K), 0.0010180 secs] [Times: user=0.00 sys=0.00, real=0.00 secs] 
1707.840: [GC (Allocation Failure) 1707.840: [ParNew: 94164K->0K(153600K), 0.0003892 secs] 95293K->1129K(256000K), 0.0004563 secs] [Times: user=0.00 sys=0.00, real=0.00 secs] 
1708.858: [GC (Allocation Failure) 1708.858: [ParNew: 94164K->0K(153600K), 0.0010765 secs] 95293K->1129K(256000K), 0.0012336 secs] [Times: user=0.00 sys=0.00, real=0.00 secs] 
1709.877: [GC (Allocation Failure) 1709.877: [ParNew: 94164K->0K(153600K), 0.0009778 secs] 95293K->1129K(256000K), 0.0011222 secs] [Times: user=0.00 sys=0.00, real=0.00 secs] 
1710.895: [GC (Allocation Failure) 1710.895: [ParNew: 94164K->0K(153600K), 0.0003809 secs] 95293K->1129K(256000K), 0.0004453 secs] [Times: user=0.00 sys=0.00, real=0.00 secs] 
1712.906: [GC (Allocation Failure) 1712.906: [ParNew: 94164K->0K(153600K), 0.0011554 secs] 95293K->1129K(256000K), 0.0013145 secs] [Times: user=0.00 sys=0.00, real=0.00 secs] 
1713.927: [GC (Allocation Failure) 1713.927: [ParNew: 94164K->0K(153600K), 0.0010050 secs] 95293K->1129K(256000K), 0.0011507 secs] [Times: user=0.00 sys=0.00, real=0.00 secs] 
1714.949: [GC (Allocation Failure) 1714.950: [ParNew: 94164K->0K(153600K), 0.0009012 secs] 95293K->1129K(256000K), 0.0010240 secs] [Times: user=0.00 sys=0.00, real=0.00 secs] 
1715.970: [GC (Allocation Failure) 1715.970: [ParNew: 94164K->0K(153600K), 0.0012134 secs] 95293K->1129K(256000K), 0.0013571 secs] [Times: user=0.00 sys=0.00, real=0.00 secs] 
1716.988: [GC (Allocation Failure) 1716.988: [ParNew: 94164K->0K(153600K), 0.0006426 secs] 95293K->1129K(256000K), 0.0007362 secs] [Times: user=0.06 sys=0.00, real=0.00 secs] 
1718.005: [GC (Allocation Failure) 1718.005: [ParNew: 94164K->0K(153600K), 0.0009087 secs] 95293K->1129K(256000K), 0.0010619 secs] [Times: user=0.00 sys=0.00, real=0.00 secs] 
1719.024: [GC (Allocation Failure) 1719.024: [ParNew: 94164K->0K(153600K), 0.0006336 secs] 95293K->1129K(256000K), 0.0007429 secs] [Times: user=0.00 sys=0.00, real=0.00 secs] 
1720.036: [GC (Allocation Failure) 1720.037: [ParNew: 94164K->0K(153600K), 0.0005199 secs] 95293K->1129K(256000K), 0.0006146 secs] [Times: user=0.00 sys=0.00, real=0.00 secs] 
1722.048: [GC (Allocation Failure) 1722.048: [ParNew: 94164K->0K(153600K), 0.0009880 secs] 95293K->1129K(256000K), 0.0011191 secs] [Times: user=0.00 sys=0.00, real=0.00 secs] 
1723.066: [GC (Allocation Failure) 1723.066: [ParNew: 94164K->0K(153600K), 0.0009186 secs] 95293K->1129K(256000K), 0.0010622 secs] [Times: user=0.00 sys=0.00, real=0.00 secs] 
1724.087: [GC (Allocation Failure) 1724.087: [ParNew: 94164K->0K(153600K), 0.0009438 secs] 95293K->1129K(256000K), 0.0010721 secs] [Times: user=0.00 sys=0.00, real=0.00 secs] 
1725.103: [GC (Allocation Failure) 1725.103: [ParNew: 94164K->0K(153600K), 0.0003805 secs] 95293K->1129K(256000K), 0.0004461 secs] [Times: user=0.00 sys=0.00, real=0.00 secs] 
1726.117: [GC (Allocation Failure) 1726.117: [ParNew: 94164K->0K(153600K), 0.0009363 secs] 95293K->1129K(256000K), 0.0010603 secs] [Times: user=0.00 sys=0.00, real=0.00 secs] 
1727.140: [GC (Allocation Failure) 1727.140: [ParNew: 94164K->0K(153600K), 0.0019852 secs] 95293K->1129K(256000K), 0.0021655 secs] [Times: user=0.00 sys=0.00, real=0.00 secs] 
1728.155: [GC (Allocation Failure) 1728.156: [ParNew: 94164K->0K(153600K), 0.0003549 secs] 95293K->1129K(256000K), 0.0004093 secs] [Times: user=0.00 sys=0.00, real=0.00 secs] 
1729.168: [GC (Allocation Failure) 1729.168: [ParNew: 94164K->0K(153600K), 0.0005447 secs] 95293K->1129K(256000K), 0.0006154 secs] [Times: user=0.00 sys=0.00, real=0.00 secs] 
1731.185: [GC (Allocation Failure) 1731.185: [ParNew: 94164K->0K(153600K), 0.0004287 secs] 95293K->1129K(256000K), 0.0004942 secs] [Times: user=0.00 sys=0.00, real=0.00 secs] 
1732.196: [GC (Allocation Failure) 1732.196: [ParNew: 94164K->0K(153600K), 0.0009557 secs] 95293K->1129K(256000K), 0.0010934 secs] [Times: user=0.00 sys=0.00, real=0.00 secs] 
1733.214: [GC (Allocation Failure) 1733.214: [ParNew: 94164K->0K(153600K), 0.0009399 secs] 95293K->1129K(256000K), 0.0010646 secs] [Times: user=0.00 sys=0.00, real=0.00 secs] 
1734.234: [GC (Allocation Failure) 1734.234: [ParNew: 94164K->0K(153600K), 0.0008976 secs] 95293K->1129K(256000K), 0.0010121 secs] [Times: user=0.00 sys=0.00, real=0.00 secs] 
1735.252: [GC (Allocation Failure) 1735.252: [ParNew: 94164K->0K(153600K), 0.0009205 secs] 95293K->1129K(256000K), 0.0010421 secs] [Times: user=0.00 sys=0.00, real=0.00 secs] 
1736.266: [GC (Allocation Failure) 1736.266: [ParNew: 94164K->0K(153600K), 0.0003722 secs] 95293K->1129K(256000K), 0.0004315 secs] [Times: user=0.00 sys=0.00, real=0.00 secs] 
1737.277: [GC (Allocation Failure) 1737.277: [ParNew: 94164K->0K(153600K), 0.0005242 secs] 95293K->1129K(256000K), 0.0005925 secs] [Times: user=0.00 sys=0.00, real=0.00 secs] 
1738.289: [GC (Allocation Failure) 1738.289: [ParNew: 94164K->0K(153600K), 0.0003750 secs] 95293K->1129K(256000K), 0.0004437 secs] [Times: user=0.00 sys=0.00, real=0.00 secs] 
1740.300: [GC (Allocation Failure) 1740.300: [ParNew: 94164K->0K(153600K), 0.0010386 secs] 95293K->1129K(256000K), 0.0011854 secs] [Times: user=0.06 sys=0.00, real=0.00 secs] 
1741.318: [GC (Allocation Failure) 1741.319: [ParNew: 94164K->0K(153600K), 0.0008767 secs] 95293K->1129K(256000K), 0.0009999 secs] [Times: user=0.00 sys=0.00, real=0.00 secs] 
1742.338: [GC (Allocation Failure) 1742.338: [ParNew: 94164K->0K(153600K), 0.0009091 secs] 95293K->1129K(256000K), 0.0010204 secs] [Times: user=0.00 sys=0.00, real=0.00 secs] 
1743.357: [GC (Allocation Failure) 1743.357: [ParNew: 94164K->0K(153600K), 0.0008590 secs] 95293K->1129K(256000K), 0.0009711 secs] [Times: user=0.00 sys=0.00, real=0.00 secs] 
1744.375: [GC (Allocation Failure) 1744.375: [ParNew: 94164K->0K(153600K), 0.0009513 secs] 95293K->1129K(256000K), 0.0010970 secs] [Times: user=0.00 sys=0.00, real=0.00 secs] 
1745.397: [GC (Allocation Failure) 1745.397: [ParNew: 94164K->0K(153600K), 0.0008909 secs] 95293K->1129K(256000K), 0.0010287 secs] [Times: user=0.00 sys=0.00, real=0.00 secs] 
1746.416: [GC (Allocation Failure) 1746.416: [ParNew: 94164K->0K(153600K), 0.0009462 secs] 95293K->1129K(256000K), 0.0010907 secs] [Times: user=0.00 sys=0.00, real=0.00 secs] 
1747.435: [GC (Allocation Failure) 1747.435: [ParNew: 94164K->0K(153600K), 0.0008803 secs] 95293K->1129K(256000K), 0.0009936 secs] [Times: user=0.00 sys=0.00, real=0.00 secs] 
1749.453: [GC (Allocation Failure) 1749.453: [ParNew: 94164K->0K(153600K), 0.0004346 secs] 95293K->1129K(256000K), 0.0004966 secs] [Times: user=0.00 sys=0.00, real=0.00 secs] 
1750.464: [GC (Allocation Failure) 1750.464: [ParNew: 94164K->0K(153600K), 0.0003750 secs] 95293K->1129K(256000K), 0.0004390 secs] [Times: user=0.00 sys=0.00, real=0.00 secs] 
1751.476: [GC (Allocation Failure) 1751.476: [ParNew: 94164K->0K(153600K), 0.0004611 secs] 95293K->1129K(256000K), 0.0005333 secs] [Times: user=0.00 sys=0.00, real=0.00 secs] 
1752.491: [GC (Allocation Failure) 1752.491: [ParNew: 94164K->0K(153600K), 0.0010930 secs] 95293K->1129K(256000K), 0.0012186 secs] [Times: user=0.00 sys=0.00, real=0.00 secs] 
1753.511: [GC (Allocation Failure) 1753.511: [ParNew: 94164K->0K(153600K), 0.0009829 secs] 95293K->1129K(256000K), 0.0011061 secs] [Times: user=0.00 sys=0.00, real=0.00 secs] 
1754.530: [GC (Allocation Failure) 1754.530: [ParNew: 94164K->0K(153600K), 0.0009296 secs] 95293K->1129K(256000K), 0.0010330 secs] [Times: user=0.00 sys=0.00, real=0.00 secs] 
1755.552: [GC (Allocation Failure) 1755.552: [ParNew: 94164K->0K(153600K), 0.0009040 secs] 95293K->1129K(256000K), 0.0010386 secs] [Times: user=0.00 sys=0.00, real=0.00 secs] 
1756.574: [GC (Allocation Failure) 1756.574: [ParNew: 94164K->0K(153600K), 0.0010307 secs] 95293K->1129K(256000K), 0.0011534 secs] [Times: user=0.00 sys=0.00, real=0.00 secs] 
1758.594: [GC (Allocation Failure) 1758.594: [ParNew: 94164K->0K(153600K), 0.0009119 secs] 95293K->1129K(256000K), 0.0010421 secs] [Times: user=0.00 sys=0.00, real=0.00 secs] 
1759.617: [GC (Allocation Failure) 1759.617: [ParNew: 94164K->0K(153600K), 0.0009434 secs] 95293K->1129K(256000K), 0.0010824 secs] [Times: user=0.00 sys=0.00, real=0.00 secs] 
1760.637: [GC (Allocation Failure) 1760.637: [ParNew: 94164K->0K(153600K), 0.0008965 secs] 95293K->1129K(256000K), 0.0010090 secs] [Times: user=0.00 sys=0.00, real=0.00 secs] 
1761.657: [GC (Allocation Failure) 1761.657: [ParNew: 94164K->0K(153600K), 0.0009000 secs] 95293K->1129K(256000K), 0.0010192 secs] [Times: user=0.00 sys=0.00, real=0.00 secs] 
1762.676: [GC (Allocation Failure) 1762.676: [ParNew: 94164K->0K(153600K), 0.0009545 secs] 95293K->1129K(256000K), 0.0011061 secs] [Times: user=0.00 sys=0.00, real=0.00 secs] 
1763.692: [GC (Allocation Failure) 1763.692: [ParNew: 94164K->0K(153600K), 0.0003671 secs] 95293K->1129K(256000K), 0.0004299 secs] [Times: user=0.00 sys=0.00, real=0.00 secs] 
1764.707: [GC (Allocation Failure) 1764.707: [ParNew: 94164K->0K(153600K), 0.0009928 secs] 95293K->1129K(256000K), 0.0011495 secs] [Times: user=0.02 sys=0.00, real=0.00 secs] 
1765.726: [GC (Allocation Failure) 1765.726: [ParNew: 94164K->0K(153600K), 0.0008787 secs] 95293K->1129K(256000K), 0.0010078 secs] [Times: user=0.00 sys=0.00, real=0.00 secs] 
1767.740: [GC (Allocation Failure) 1767.740: [ParNew: 94164K->0K(153600K), 0.0004393 secs] 95293K->1129K(256000K), 0.0004938 secs] [Times: user=0.00 sys=0.00, real=0.00 secs] 
1768.755: [GC (Allocation Failure) 1768.755: [ParNew: 94164K->0K(153600K), 0.0003679 secs] 95293K->1129K(256000K), 0.0004232 secs] [Times: user=0.00 sys=0.00, real=0.00 secs] 
1769.767: [GC (Allocation Failure) 1769.767: [ParNew: 94164K->0K(153600K), 0.0005807 secs] 95293K->1129K(256000K), 0.0006576 secs] [Times: user=0.00 sys=0.00, real=0.00 secs] 
1770.780: [GC (Allocation Failure) 1770.780: [ParNew: 94164K->0K(153600K), 0.0004259 secs] 95293K->1129K(256000K), 0.0004895 secs] [Times: user=0.00 sys=0.00, real=0.00 secs] 
1771.797: [GC (Allocation Failure) 1771.797: [ParNew: 94164K->0K(153600K), 0.0011013 secs] 95293K->1129K(256000K), 0.0012324 secs] [Times: user=0.00 sys=0.00, real=0.00 secs] 
1772.821: [GC (Allocation Failure) 1772.821: [ParNew: 94164K->0K(153600K), 0.0009028 secs] 95293K->1129K(256000K), 0.0010390 secs] [Times: user=0.00 sys=0.00, real=0.00 secs] 
1773.840: [GC (Allocation Failure) 1773.840: [ParNew: 94164K->0K(153600K), 0.0008641 secs] 95293K->1129K(256000K), 0.0009837 secs] [Times: user=0.00 sys=0.00, real=0.00 secs] 
1774.859: [GC (Allocation Failure) 1774.859: [ParNew: 94164K->0K(153600K), 0.0009730 secs] 95293K->1129K(256000K), 0.0010990 secs] [Times: user=0.00 sys=0.00, real=0.00 secs] 
1776.878: [GC (Allocation Failure) 1776.879: [ParNew: 94164K->0K(153600K), 0.0009912 secs] 95293K->1129K(256000K), 0.0011250 secs] [Times: user=0.06 sys=0.00, real=0.00 secs] 
1777.897: [GC (Allocation Failure) 1777.897: [ParNew: 94164K->0K(153600K), 0.0009008 secs] 95293K->1129K(256000K), 0.0010236 secs] [Times: user=0.00 sys=0.00, real=0.00 secs] 
1778.915: [GC (Allocation Failure) 1778.916: [ParNew: 94164K->0K(153600K), 0.0009269 secs] 95293K->1129K(256000K), 0.0010433 secs] [Times: user=0.00 sys=0.00, real=0.00 secs] 
1779.934: [GC (Allocation Failure) 1779.935: [ParNew: 94164K->0K(153600K), 0.0010188 secs] 95293K->1129K(256000K), 0.0011286 secs] [Times: user=0.00 sys=0.00, real=0.00 secs] 
1780.956: [GC (Allocation Failure) 1780.956: [ParNew: 94164K->0K(153600K), 0.0010216 secs] 95293K->1129K(256000K), 0.0011424 secs] [Times: user=0.06 sys=0.00, real=0.00 secs] 
1781.978: [GC (Allocation Failure) 1781.978: [ParNew: 94164K->0K(153600K), 0.0009624 secs] 95293K->1129K(256000K), 0.0010994 secs] [Times: user=0.00 sys=0.00, real=0.00 secs] 
1782.992: [GC (Allocation Failure) 1782.992: [ParNew: 94164K->0K(153600K), 0.0005590 secs] 95293K->1129K(256000K), 0.0006265 secs] [Times: user=0.00 sys=0.00, real=0.00 secs] 
1784.016: [GC (Allocation Failure) 1784.016: [ParNew: 94164K->0K(153600K), 0.0004034 secs] 95293K->1129K(256000K), 0.0004753 secs] [Times: user=0.00 sys=0.00, real=0.00 secs] 
1786.028: [GC (Allocation Failure) 1786.028: [ParNew: 94164K->0K(153600K), 0.0003726 secs] 95293K->1129K(256000K), 0.0004390 secs] [Times: user=0.00 sys=0.00, real=0.00 secs] 
1787.040: [GC (Allocation Failure) 1787.040: [ParNew: 94164K->0K(153600K), 0.0008933 secs] 95293K->1129K(256000K), 0.0010161 secs] [Times: user=0.00 sys=0.00, real=0.00 secs] 
1788.059: [GC (Allocation Failure) 1788.059: [ParNew: 94164K->0K(153600K), 0.0005021 secs] 95293K->1129K(256000K), 0.0006142 secs] [Times: user=0.00 sys=0.00, real=0.00 secs] 
1789.071: [GC (Allocation Failure) 1789.071: [ParNew: 94164K->0K(153600K), 0.0003888 secs] 95293K->1129K(256000K), 0.0004496 secs] [Times: user=0.00 sys=0.00, real=0.00 secs] 
1790.084: [GC (Allocation Failure) 1790.084: [ParNew: 94164K->0K(153600K), 0.0003872 secs] 95293K->1129K(256000K), 0.0004607 secs] [Times: user=0.00 sys=0.00, real=0.00 secs] 
1791.106: [GC (Allocation Failure) 1791.106: [ParNew: 94164K->0K(153600K), 0.0010488 secs] 95293K->1129K(256000K), 0.0011976 secs] [Times: user=0.00 sys=0.00, real=0.00 secs] 
1792.122: [GC (Allocation Failure) 1792.122: [ParNew: 94164K->0K(153600K), 0.0005668 secs] 95293K->1129K(256000K), 0.0006525 secs] [Times: user=0.00 sys=0.00, real=0.00 secs] 
1793.139: [GC (Allocation Failure) 1793.139: [ParNew: 94164K->0K(153600K), 0.0008941 secs] 95293K->1129K(256000K), 0.0010030 secs] [Times: user=0.00 sys=0.00, real=0.00 secs] 
1795.159: [GC (Allocation Failure) 1795.159: [ParNew: 94164K->0K(153600K), 0.0005416 secs] 95293K->1129K(256000K), 0.0006190 secs] [Times: user=0.00 sys=0.00, real=0.00 secs] 
1796.173: [GC (Allocation Failure) 1796.173: [ParNew: 94164K->0K(153600K), 0.0009659 secs] 95293K->1129K(256000K), 0.0010765 secs] [Times: user=0.00 sys=0.00, real=0.00 secs] 
1797.194: [GC (Allocation Failure) 1797.194: [ParNew: 94164K->0K(153600K), 0.0010962 secs] 95293K->1129K(256000K), 0.0012774 secs] [Times: user=0.00 sys=0.00, real=0.00 secs] 
1798.213: [GC (Allocation Failure) 1798.213: [ParNew: 94164K->0K(153600K), 0.0003924 secs] 95293K->1129K(256000K), 0.0004626 secs] [Times: user=0.00 sys=0.00, real=0.00 secs] 
1799.232: [GC (Allocation Failure) 1799.232: [ParNew: 94164K->0K(153600K), 0.0009225 secs] 95293K->1129K(256000K), 0.0010745 secs] [Times: user=0.00 sys=0.00, real=0.00 secs] 
1800.249: [GC (Allocation Failure) 1800.249: [ParNew: 94164K->0K(153600K), 0.0004776 secs] 95293K->1129K(256000K), 0.0005515 secs] [Times: user=0.00 sys=0.00, real=0.00 secs] 
1801.265: [GC (Allocation Failure) 1801.265: [ParNew: 94164K->0K(153600K), 0.0007958 secs] 95293K->1129K(256000K), 0.0009166 secs] [Times: user=0.00 sys=0.00, real=0.00 secs] 
1802.281: [GC (Allocation Failure) 1802.281: [ParNew: 94164K->0K(153600K), 0.0006967 secs] 95293K->1129K(256000K), 0.0007891 secs] [Times: user=0.00 sys=0.00, real=0.00 secs] 
1804.297: [GC (Allocation Failure) 1804.297: [ParNew: 94164K->0K(153600K), 0.0003809 secs] 95293K->1129K(256000K), 0.0004536 secs] [Times: user=0.00 sys=0.00, real=0.00 secs] 
1805.311: [GC (Allocation Failure) 1805.311: [ParNew: 94164K->0K(153600K), 0.0009809 secs] 95293K->1129K(256000K), 0.0011763 secs] [Times: user=0.00 sys=0.00, real=0.00 secs] 
1806.337: [GC (Allocation Failure) 1806.337: [ParNew: 94164K->0K(153600K), 0.0004216 secs] 95293K->1129K(256000K), 0.0005601 secs] [Times: user=0.00 sys=0.00, real=0.00 secs] 
1807.352: [GC (Allocation Failure) 1807.352: [ParNew: 94164K->0K(153600K), 0.0010567 secs] 95293K->1129K(256000K), 0.0011957 secs] [Times: user=0.00 sys=0.00, real=0.00 secs] 
1808.370: [GC (Allocation Failure) 1808.370: [ParNew: 94164K->0K(153600K), 0.0004204 secs] 95293K->1129K(256000K), 0.0004907 secs] [Times: user=0.00 sys=0.00, real=0.00 secs] 
1809.384: [GC (Allocation Failure) 1809.385: [ParNew: 94164K->0K(153600K), 0.0008740 secs] 95293K->1129K(256000K), 0.0009841 secs] [Times: user=0.00 sys=0.00, real=0.00 secs] 
1810.399: [GC (Allocation Failure) 1810.399: [ParNew: 94164K->0K(153600K), 0.0003703 secs] 95293K->1129K(256000K), 0.0004322 secs] [Times: user=0.00 sys=0.00, real=0.00 secs] 
1811.415: [GC (Allocation Failure) 1811.415: [ParNew: 94164K->0K(153600K), 0.0009419 secs] 95293K->1129K(256000K), 0.0010626 secs] [Times: user=0.00 sys=0.00, real=0.00 secs] 
1813.435: [GC (Allocation Failure) 1813.435: [ParNew: 94164K->0K(153600K), 0.0003699 secs] 95293K->1129K(256000K), 0.0004247 secs] [Times: user=0.00 sys=0.00, real=0.00 secs] 
1814.447: [GC (Allocation Failure) 1814.447: [ParNew: 94164K->0K(153600K), 0.0008799 secs] 95293K->1129K(256000K), 0.0009908 secs] [Times: user=0.00 sys=0.00, real=0.00 secs] 
1815.466: [GC (Allocation Failure) 1815.466: [ParNew: 94164K->0K(153600K), 0.0008696 secs] 95293K->1129K(256000K), 0.0009837 secs] [Times: user=0.00 sys=0.00, real=0.00 secs] 
1816.484: [GC (Allocation Failure) 1816.484: [ParNew: 94164K->0K(153600K), 0.0006257 secs] 95293K->1129K(256000K), 0.0007259 secs] [Times: user=0.00 sys=0.00, real=0.00 secs] 
1817.499: [GC (Allocation Failure) 1817.499: [ParNew: 94164K->0K(153600K), 0.0009134 secs] 95293K->1129K(256000K), 0.0010303 secs] [Times: user=0.00 sys=0.00, real=0.00 secs] 
1818.517: [GC (Allocation Failure) 1818.517: [ParNew: 94164K->0K(153600K), 0.0009363 secs] 95293K->1129K(256000K), 0.0010626 secs] [Times: user=0.00 sys=0.00, real=0.00 secs] 
1819.533: [GC (Allocation Failure) 1819.533: [ParNew: 94164K->0K(153600K), 0.0003711 secs] 95293K->1129K(256000K), 0.0004291 secs] [Times: user=0.00 sys=0.00, real=0.00 secs] 
1820.544: [GC (Allocation Failure) 1820.544: [ParNew: 94164K->0K(153600K), 0.0003699 secs] 95293K->1129K(256000K), 0.0004255 secs] [Times: user=0.00 sys=0.00, real=0.00 secs] 
1822.562: [GC (Allocation Failure) 1822.562: [ParNew: 94164K->0K(153600K), 0.0004788 secs] 95293K->1129K(256000K), 0.0005550 secs] [Times: user=0.00 sys=0.00, real=0.00 secs] 
1823.572: [GC (Allocation Failure) 1823.572: [ParNew: 94164K->0K(153600K), 0.0004101 secs] 95293K->1129K(256000K), 0.0004792 secs] [Times: user=0.00 sys=0.00, real=0.00 secs] 
1824.586: [GC (Allocation Failure) 1824.586: [ParNew: 94164K->0K(153600K), 0.0008720 secs] 95293K->1129K(256000K), 0.0009865 secs] [Times: user=0.00 sys=0.00, real=0.00 secs] 
1825.606: [GC (Allocation Failure) 1825.606: [ParNew: 94164K->0K(153600K), 0.0008724 secs] 95293K->1129K(256000K), 0.0009892 secs] [Times: user=0.00 sys=0.00, real=0.00 secs] 
1826.624: [GC (Allocation Failure) 1826.624: [ParNew: 94164K->0K(153600K), 0.0003746 secs] 95293K->1129K(256000K), 0.0004350 secs] [Times: user=0.00 sys=0.00, real=0.00 secs] 
1827.641: [GC (Allocation Failure) 1827.641: [ParNew: 94164K->0K(153600K), 0.0008744 secs] 95293K->1129K(256000K), 0.0009967 secs] [Times: user=0.00 sys=0.00, real=0.00 secs] 
1828.659: [GC (Allocation Failure) 1828.659: [ParNew: 94164K->0K(153600K), 0.0009363 secs] 95293K->1129K(256000K), 0.0010761 secs] [Times: user=0.00 sys=0.00, real=0.00 secs] 
1829.673: [GC (Allocation Failure) 1829.673: [ParNew: 94164K->0K(153600K), 0.0003912 secs] 95293K->1129K(256000K), 0.0004599 secs] [Times: user=0.00 sys=0.00, real=0.00 secs] 
1831.685: [GC (Allocation Failure) 1831.685: [ParNew: 94164K->0K(153600K), 0.0004745 secs] 95293K->1129K(256000K), 0.0005499 secs] [Times: user=0.00 sys=0.00, real=0.00 secs] 
1832.699: [GC (Allocation Failure) 1832.699: [ParNew: 94164K->0K(153600K), 0.0008708 secs] 95293K->1129K(256000K), 0.0009888 secs] [Times: user=0.00 sys=0.00, real=0.00 secs] 
1833.717: [GC (Allocation Failure) 1833.717: [ParNew: 94164K->0K(153600K), 0.0008779 secs] 95293K->1129K(256000K), 0.0010090 secs] [Times: user=0.00 sys=0.00, real=0.00 secs] 
1834.735: [GC (Allocation Failure) 1834.736: [ParNew: 94164K->0K(153600K), 0.0008803 secs] 95293K->1129K(256000K), 0.0009928 secs] [Times: user=0.00 sys=0.00, real=0.00 secs] 
1835.753: [GC (Allocation Failure) 1835.754: [ParNew: 94164K->0K(153600K), 0.0008886 secs] 95293K->1129K(256000K), 0.0010350 secs] [Times: user=0.00 sys=0.00, real=0.00 secs] 
1836.772: [GC (Allocation Failure) 1836.773: [ParNew: 94164K->0K(153600K), 0.0009695 secs] 95293K->1129K(256000K), 0.0010946 secs] [Times: user=0.00 sys=0.00, real=0.00 secs] 
1837.791: [GC (Allocation Failure) 1837.791: [ParNew: 94164K->0K(153600K), 0.0008744 secs] 95293K->1129K(256000K), 0.0009928 secs] [Times: user=0.00 sys=0.00, real=0.00 secs] 
1838.810: [GC (Allocation Failure) 1838.810: [ParNew: 94164K->0K(153600K), 0.0008822 secs] 95293K->1129K(256000K), 0.0009865 secs] [Times: user=0.00 sys=0.00, real=0.00 secs] 
1840.826: [GC (Allocation Failure) 1840.826: [ParNew: 94164K->0K(153600K), 0.0004634 secs] 95293K->1129K(256000K), 0.0005404 secs] [Times: user=0.00 sys=0.00, real=0.00 secs] 
1841.837: [GC (Allocation Failure) 1841.837: [ParNew: 94164K->0K(153600K), 0.0003746 secs] 95293K->1129K(256000K), 0.0004334 secs] [Times: user=0.00 sys=0.00, real=0.00 secs] 
1842.853: [GC (Allocation Failure) 1842.853: [ParNew: 94164K->0K(153600K), 0.0008795 secs] 95293K->1129K(256000K), 0.0009924 secs] [Times: user=0.00 sys=0.00, real=0.00 secs] 
1843.872: [GC (Allocation Failure) 1843.873: [ParNew: 94164K->0K(153600K), 0.0009059 secs] 95293K->1129K(256000K), 0.0010299 secs] [Times: user=0.00 sys=0.00, real=0.00 secs] 
1844.892: [GC (Allocation Failure) 1844.892: [ParNew: 94164K->0K(153600K), 0.0009217 secs] 95293K->1129K(256000K), 0.0010386 secs] [Times: user=0.00 sys=0.00, real=0.00 secs] 
1845.909: [GC (Allocation Failure) 1845.909: [ParNew: 94164K->0K(153600K), 0.0008546 secs] 95293K->1129K(256000K), 0.0009711 secs] [Times: user=0.01 sys=0.00, real=0.00 secs] 
1846.928: [GC (Allocation Failure) 1846.928: [ParNew: 94164K->0K(153600K), 0.0009158 secs] 95293K->1129K(256000K), 0.0010540 secs] [Times: user=0.00 sys=0.00, real=0.00 secs] 
1847.942: [GC (Allocation Failure) 1847.942: [ParNew: 94164K->0K(153600K), 0.0003683 secs] 95293K->1129K(256000K), 0.0004291 secs] [Times: user=0.00 sys=0.00, real=0.00 secs] 
1849.961: [GC (Allocation Failure) 1849.962: [ParNew: 94164K->0K(153600K), 0.0011203 secs] 95293K->1129K(256000K), 0.0012588 secs] [Times: user=0.00 sys=0.00, real=0.00 secs] 
1850.981: [GC (Allocation Failure) 1850.982: [ParNew: 94164K->0K(153600K), 0.0005171 secs] 95293K->1129K(256000K), 0.0005858 secs] [Times: user=0.00 sys=0.00, real=0.00 secs] 
1851.992: [GC (Allocation Failure) 1851.992: [ParNew: 94164K->0K(153600K), 0.0006375 secs] 95293K->1129K(256000K), 0.0007172 secs] [Times: user=0.00 sys=0.00, real=0.00 secs] 
1853.006: [GC (Allocation Failure) 1853.006: [ParNew: 94164K->0K(153600K), 0.0004780 secs] 95293K->1129K(256000K), 0.0005530 secs] [Times: user=0.00 sys=0.00, real=0.00 secs] 
1854.017: [GC (Allocation Failure) 1854.017: [ParNew: 94164K->0K(153600K), 0.0006940 secs] 95293K->1129K(256000K), 0.0007808 secs] [Times: user=0.00 sys=0.00, real=0.00 secs] 
1855.032: [GC (Allocation Failure) 1855.032: [ParNew: 94164K->0K(153600K), 0.0010804 secs] 95293K->1129K(256000K), 0.0012158 secs] [Times: user=0.00 sys=0.00, real=0.00 secs] 
1856.047: [GC (Allocation Failure) 1856.047: [ParNew: 94164K->0K(153600K), 0.0005941 secs] 95293K->1129K(256000K), 0.0006722 secs] [Times: user=0.00 sys=0.00, real=0.00 secs] 
1857.063: [GC (Allocation Failure) 1857.063: [ParNew: 94164K->0K(153600K), 0.0008953 secs] 95293K->1129K(256000K), 0.0010161 secs] [Times: user=0.00 sys=0.00, real=0.00 secs] 
1859.077: [GC (Allocation Failure) 1859.077: [ParNew: 94164K->0K(153600K), 0.0008562 secs] 95293K->1129K(256000K), 0.0009904 secs] [Times: user=0.00 sys=0.00, real=0.00 secs] 
1860.095: [GC (Allocation Failure) 1860.096: [ParNew: 94164K->0K(153600K), 0.0005961 secs] 95293K->1129K(256000K), 0.0006691 secs] [Times: user=0.00 sys=0.00, real=0.00 secs] 
1861.109: [GC (Allocation Failure) 1861.109: [ParNew: 94164K->0K(153600K), 0.0003616 secs] 95293K->1129K(256000K), 0.0004165 secs] [Times: user=0.00 sys=0.00, real=0.00 secs] 
1862.121: [GC (Allocation Failure) 1862.121: [ParNew: 94164K->0K(153600K), 0.0008057 secs] 95293K->1129K(256000K), 0.0009071 secs] [Times: user=0.00 sys=0.00, real=0.00 secs] 
1863.137: [GC (Allocation Failure) 1863.137: [ParNew: 94164K->0K(153600K), 0.0010954 secs] 95293K->1129K(256000K), 0.0012387 secs] [Times: user=0.00 sys=0.00, real=0.00 secs] 
1864.161: [GC (Allocation Failure) 1864.161: [ParNew: 94164K->0K(153600K), 0.0007678 secs] 95293K->1129K(256000K), 0.0009213 secs] [Times: user=0.00 sys=0.00, real=0.00 secs] 
1865.178: [GC (Allocation Failure) 1865.178: [ParNew: 94164K->0K(153600K), 0.0009687 secs] 95293K->1129K(256000K), 0.0011294 secs] [Times: user=0.00 sys=0.00, real=0.00 secs] 
1866.198: [GC (Allocation Failure) 1866.198: [ParNew: 94164K->0K(153600K), 0.0008665 secs] 95293K->1129K(256000K), 0.0009786 secs] [Times: user=0.00 sys=0.00, real=0.00 secs] 
1868.241: [GC (Allocation Failure) 1868.241: [ParNew: 94164K->0K(153600K), 0.0006466 secs] 95293K->1129K(256000K), 0.0007465 secs] [Times: user=0.00 sys=0.00, real=0.00 secs] 
1869.256: [GC (Allocation Failure) 1869.256: [ParNew: 94164K->0K(153600K), 0.0009371 secs] 95293K->1129K(256000K), 0.0010630 secs] [Times: user=0.00 sys=0.00, real=0.00 secs] 
1870.275: [GC (Allocation Failure) 1870.275: [ParNew: 94164K->0K(153600K), 0.0009197 secs] 95293K->1129K(256000K), 0.0010259 secs] [Times: user=0.00 sys=0.00, real=0.00 secs] 
1871.294: [GC (Allocation Failure) 1871.294: [ParNew: 94164K->0K(153600K), 0.0009020 secs] 95293K->1129K(256000K), 0.0010062 secs] [Times: user=0.00 sys=0.00, real=0.00 secs] 
1872.313: [GC (Allocation Failure) 1872.313: [ParNew: 94164K->0K(153600K), 0.0009419 secs] 95293K->1129K(256000K), 0.0010855 secs] [Times: user=0.00 sys=0.00, real=0.00 secs] 
1873.328: [GC (Allocation Failure) 1873.328: [ParNew: 94164K->0K(153600K), 0.0003782 secs] 95293K->1129K(256000K), 0.0004401 secs] [Times: user=0.00 sys=0.00, real=0.00 secs] 
1874.343: [GC (Allocation Failure) 1874.343: [ParNew: 94164K->0K(153600K), 0.0009276 secs] 95293K->1129K(256000K), 0.0010713 secs] [Times: user=0.00 sys=0.00, real=0.00 secs] 
1875.357: [GC (Allocation Failure) 1875.357: [ParNew: 94164K->0K(153600K), 0.0005408 secs] 95293K->1129K(256000K), 0.0006075 secs] [Times: user=0.00 sys=0.00, real=0.00 secs] 
1877.375: [GC (Allocation Failure) 1877.375: [ParNew: 94164K->0K(153600K), 0.0004532 secs] 95293K->1129K(256000K), 0.0005234 secs] [Times: user=0.00 sys=0.00, real=0.00 secs] 
1878.386: [GC (Allocation Failure) 1878.386: [ParNew: 94164K->0K(153600K), 0.0004200 secs] 95293K->1129K(256000K), 0.0004757 secs] [Times: user=0.00 sys=0.00, real=0.00 secs] 
1879.399: [GC (Allocation Failure) 1879.399: [ParNew: 94164K->0K(153600K), 0.0008759 secs] 95293K->1129K(256000K), 0.0009849 secs] [Times: user=0.00 sys=0.00, real=0.00 secs] 
1880.418: [GC (Allocation Failure) 1880.418: [ParNew: 94164K->0K(153600K), 0.0009876 secs] 95293K->1129K(256000K), 0.0011313 secs] [Times: user=0.00 sys=0.00, real=0.00 secs] 
1881.438: [GC (Allocation Failure) 1881.438: [ParNew: 94164K->0K(153600K), 0.0008471 secs] 95293K->1129K(256000K), 0.0009565 secs] [Times: user=0.00 sys=0.00, real=0.00 secs] 
1882.456: [GC (Allocation Failure) 1882.456: [ParNew: 94164K->0K(153600K), 0.0009051 secs] 95293K->1129K(256000K), 0.0010386 secs] [Times: user=0.00 sys=0.00, real=0.00 secs] 
1883.470: [GC (Allocation Failure) 1883.471: [ParNew: 94164K->0K(153600K), 0.0004990 secs] 95293K->1129K(256000K), 0.0005684 secs] [Times: user=0.00 sys=0.00, real=0.00 secs] 
1884.481: [GC (Allocation Failure) 1884.481: [ParNew: 94164K->0K(153600K), 0.0005025 secs] 95293K->1129K(256000K), 0.0005759 secs] [Times: user=0.00 sys=0.00, real=0.00 secs] 
1886.493: [GC (Allocation Failure) 1886.493: [ParNew: 94164K->0K(153600K), 0.0009004 secs] 95293K->1129K(256000K), 0.0010070 secs] [Times: user=0.00 sys=0.00, real=0.00 secs] 
1887.511: [GC (Allocation Failure) 1887.511: [ParNew: 94164K->0K(153600K), 0.0009466 secs] 95293K->1129K(256000K), 0.0010634 secs] [Times: user=0.00 sys=0.00, real=0.00 secs] 
1888.530: [GC (Allocation Failure) 1888.530: [ParNew: 94164K->0K(153600K), 0.0008597 secs] 95293K->1129K(256000K), 0.0009853 secs] [Times: user=0.00 sys=0.00, real=0.00 secs] 
1889.549: [GC (Allocation Failure) 1889.549: [ParNew: 94164K->0K(153600K), 0.0008921 secs] 95293K->1129K(256000K), 0.0010011 secs] [Times: user=0.00 sys=0.00, real=0.00 secs] 
1890.569: [GC (Allocation Failure) 1890.569: [ParNew: 94164K->0K(153600K), 0.0009265 secs] 95293K->1129K(256000K), 0.0010551 secs] [Times: user=0.00 sys=0.00, real=0.00 secs] 
1891.584: [GC (Allocation Failure) 1891.584: [ParNew: 94164K->0K(153600K), 0.0003695 secs] 95293K->1129K(256000K), 0.0004303 secs] [Times: user=0.00 sys=0.00, real=0.00 secs] 
1892.600: [GC (Allocation Failure) 1892.601: [ParNew: 94164K->0K(153600K), 0.0013386 secs] 95293K->1129K(256000K), 0.0014969 secs] [Times: user=0.00 sys=0.00, real=0.00 secs] 
1893.623: [GC (Allocation Failure) 1893.623: [ParNew: 94164K->0K(153600K), 0.0009379 secs] 95293K->1129K(256000K), 0.0010646 secs] [Times: user=0.00 sys=0.00, real=0.00 secs] 
1895.643: [GC (Allocation Failure) 1895.643: [ParNew: 94164K->0K(153600K), 0.0010358 secs] 95293K->1129K(256000K), 0.0011905 secs] [Times: user=0.00 sys=0.00, real=0.00 secs] 
1896.671: [GC (Allocation Failure) 1896.671: [ParNew: 94164K->0K(153600K), 0.0009395 secs] 95293K->1129K(256000K), 0.0010516 secs] [Times: user=0.00 sys=0.00, real=0.00 secs] 
1897.691: [GC (Allocation Failure) 1897.691: [ParNew: 94164K->0K(153600K), 0.0009126 secs] 95293K->1129K(256000K), 0.0010469 secs] [Times: user=0.06 sys=0.00, real=0.00 secs] 
1898.711: [GC (Allocation Failure) 1898.711: [ParNew: 94164K->0K(153600K), 0.0009292 secs] 95293K->1129K(256000K), 0.0010394 secs] [Times: user=0.00 sys=0.00, real=0.00 secs] 
1899.731: [GC (Allocation Failure) 1899.731: [ParNew: 94164K->0K(153600K), 0.0009099 secs] 95293K->1129K(256000K), 0.0010571 secs] [Times: user=0.00 sys=0.00, real=0.00 secs] 
1900.750: [GC (Allocation Failure) 1900.750: [ParNew: 94164K->0K(153600K), 0.0009569 secs] 95293K->1129K(256000K), 0.0010674 secs] [Times: user=0.00 sys=0.00, real=0.00 secs] 
1901.774: [GC (Allocation Failure) 1901.774: [ParNew: 94164K->0K(153600K), 0.0009036 secs] 95293K->1129K(256000K), 0.0010457 secs] [Times: user=0.00 sys=0.00, real=0.00 secs] 
1902.795: [GC (Allocation Failure) 1902.795: [ParNew: 94164K->0K(153600K), 0.0009782 secs] 95293K->1129K(256000K), 0.0011092 secs] [Times: user=0.00 sys=0.00, real=0.00 secs] 
1904.815: [GC (Allocation Failure) 1904.815: [ParNew: 94164K->0K(153600K), 0.0008676 secs] 95293K->1129K(256000K), 0.0009841 secs] [Times: user=0.00 sys=0.00, real=0.00 secs] 
1905.832: [GC (Allocation Failure) 1905.832: [ParNew: 94164K->0K(153600K), 0.0008724 secs] 95293K->1129K(256000K), 0.0009896 secs] [Times: user=0.06 sys=0.00, real=0.00 secs] 
1906.849: [GC (Allocation Failure) 1906.849: [ParNew: 94164K->0K(153600K), 0.0010279 secs] 95293K->1129K(256000K), 0.0011858 secs] [Times: user=0.00 sys=0.00, real=0.00 secs] 
1907.869: [GC (Allocation Failure) 1907.869: [ParNew: 94164K->0K(153600K), 0.0009478 secs] 95293K->1129K(256000K), 0.0010974 secs] [Times: user=0.00 sys=0.00, real=0.00 secs] 
1908.886: [GC (Allocation Failure) 1908.886: [ParNew: 94164K->0K(153600K), 0.0003774 secs] 95293K->1129K(256000K), 0.0004476 secs] [Times: user=0.00 sys=0.00, real=0.00 secs] 
1909.902: [GC (Allocation Failure) 1909.902: [ParNew: 94164K->0K(153600K), 0.0008850 secs] 95293K->1129K(256000K), 0.0010097 secs] [Times: user=0.00 sys=0.00, real=0.00 secs] 
1910.921: [GC (Allocation Failure) 1910.921: [ParNew: 94164K->0K(153600K), 0.0009261 secs] 95293K->1129K(256000K), 0.0010401 secs] [Times: user=0.00 sys=0.00, real=0.00 secs] 
1911.940: [GC (Allocation Failure) 1911.941: [ParNew: 94164K->0K(153600K), 0.0009486 secs] 95293K->1129K(256000K), 0.0010709 secs] [Times: user=0.06 sys=0.00, real=0.00 secs] 
1913.961: [GC (Allocation Failure) 1913.961: [ParNew: 94164K->0K(153600K), 0.0009284 secs] 95293K->1129K(256000K), 0.0010496 secs] [Times: user=0.00 sys=0.00, real=0.00 secs] 
1914.980: [GC (Allocation Failure) 1914.980: [ParNew: 94164K->0K(153600K), 0.0008811 secs] 95293K->1129K(256000K), 0.0009880 secs] [Times: user=0.00 sys=0.00, real=0.00 secs] 
1915.998: [GC (Allocation Failure) 1915.998: [ParNew: 94164K->0K(153600K), 0.0009016 secs] 95293K->1129K(256000K), 0.0010097 secs] [Times: user=0.00 sys=0.00, real=0.00 secs] 
1917.021: [GC (Allocation Failure) 1917.021: [ParNew: 94164K->0K(153600K), 0.0011412 secs] 95293K->1129K(256000K), 0.0012912 secs] [Times: user=0.00 sys=0.00, real=0.00 secs] 
1918.040: [GC (Allocation Failure) 1918.040: [ParNew: 94164K->0K(153600K), 0.0008605 secs] 95293K->1129K(256000K), 0.0009782 secs] [Times: user=0.00 sys=0.00, real=0.00 secs] 
1919.053: [GC (Allocation Failure) 1919.053: [ParNew: 94164K->0K(153600K), 0.0005057 secs] 95293K->1129K(256000K), 0.0005830 secs] [Times: user=0.00 sys=0.00, real=0.00 secs] 
1920.069: [GC (Allocation Failure) 1920.069: [ParNew: 94164K->0K(153600K), 0.0009055 secs] 95293K->1129K(256000K), 0.0010180 secs] [Times: user=0.00 sys=0.00, real=0.00 secs] 
1921.088: [GC (Allocation Failure) 1921.088: [ParNew: 94164K->0K(153600K), 0.0009024 secs] 95293K->1129K(256000K), 0.0010244 secs] [Times: user=0.00 sys=0.00, real=0.00 secs] 
1923.106: [GC (Allocation Failure) 1923.106: [ParNew: 94164K->0K(153600K), 0.0003786 secs] 95293K->1129K(256000K), 0.0004504 secs] [Times: user=0.00 sys=0.00, real=0.00 secs] 
1924.118: [GC (Allocation Failure) 1924.118: [ParNew: 94164K->0K(153600K), 0.0008992 secs] 95293K->1129K(256000K), 0.0010161 secs] [Times: user=0.00 sys=0.00, real=0.00 secs] 
1925.135: [GC (Allocation Failure) 1925.135: [ParNew: 94164K->0K(153600K), 0.0006580 secs] 95293K->1129K(256000K), 0.0007476 secs] [Times: user=0.00 sys=0.00, real=0.00 secs] 
1926.150: [GC (Allocation Failure) 1926.151: [ParNew: 94164K->0K(153600K), 0.0008716 secs] 95293K->1129K(256000K), 0.0009975 secs] [Times: user=0.00 sys=0.00, real=0.00 secs] 
1927.169: [GC (Allocation Failure) 1927.169: [ParNew: 94164K->0K(153600K), 0.0009691 secs] 95293K->1129K(256000K), 0.0010942 secs] [Times: user=0.00 sys=0.00, real=0.00 secs] 
1928.188: [GC (Allocation Failure) 1928.188: [ParNew: 94164K->0K(153600K), 0.0009012 secs] 95293K->1129K(256000K), 0.0010263 secs] [Times: user=0.00 sys=0.00, real=0.00 secs] 
1929.210: [GC (Allocation Failure) 1929.210: [ParNew: 94164K->0K(153600K), 0.0009442 secs] 95293K->1129K(256000K), 0.0010587 secs] [Times: user=0.00 sys=0.00, real=0.00 secs] 
1930.229: [GC (Allocation Failure) 1930.229: [ParNew: 94164K->0K(153600K), 0.0005349 secs] 95293K->1129K(256000K), 0.0006237 secs] [Times: user=0.00 sys=0.00, real=0.00 secs] 
1932.240: [GC (Allocation Failure) 1932.240: [ParNew: 94164K->0K(153600K), 0.0004429 secs] 95293K->1129K(256000K), 0.0005037 secs] [Times: user=0.00 sys=0.00, real=0.00 secs] 
1933.252: [GC (Allocation Failure) 1933.252: [ParNew: 94164K->0K(153600K), 0.0008850 secs] 95293K->1129K(256000K), 0.0010169 secs] [Times: user=0.00 sys=0.00, real=0.00 secs] 
1934.272: [GC (Allocation Failure) 1934.272: [ParNew: 94164K->0K(153600K), 0.0005972 secs] 95293K->1129K(256000K), 0.0006924 secs] [Times: user=0.00 sys=0.00, real=0.00 secs] 
1935.287: [GC (Allocation Failure) 1935.287: [ParNew: 94164K->0K(153600K), 0.0009790 secs] 95293K->1129K(256000K), 0.0011337 secs] [Times: user=0.00 sys=0.00, real=0.00 secs] 
1936.304: [GC (Allocation Failure) 1936.304: [ParNew: 94164K->0K(153600K), 0.0007618 secs] 95293K->1129K(256000K), 0.0008747 secs] [Times: user=0.00 sys=0.00, real=0.00 secs] 
1937.320: [GC (Allocation Failure) 1937.321: [ParNew: 94164K->0K(153600K), 0.0011428 secs] 95293K->1129K(256000K), 0.0012667 secs] [Times: user=0.00 sys=0.00, real=0.00 secs] 
1938.337: [GC (Allocation Failure) 1938.337: [ParNew: 94164K->0K(153600K), 0.0005459 secs] 95293K->1129K(256000K), 0.0006707 secs] [Times: user=0.00 sys=0.00, real=0.00 secs] 
1939.354: [GC (Allocation Failure) 1939.354: [ParNew: 94164K->0K(153600K), 0.0008815 secs] 95293K->1129K(256000K), 0.0010105 secs] [Times: user=0.00 sys=0.00, real=0.00 secs] 
1941.375: [GC (Allocation Failure) 1941.375: [ParNew: 94164K->0K(153600K), 0.0008672 secs] 95293K->1129K(256000K), 0.0009916 secs] [Times: user=0.00 sys=0.00, real=0.00 secs] 
1942.395: [GC (Allocation Failure) 1942.395: [ParNew: 94164K->0K(153600K), 0.0009588 secs] 95293K->1129K(256000K), 0.0011132 secs] [Times: user=0.00 sys=0.00, real=0.00 secs] 
1943.415: [GC (Allocation Failure) 1943.415: [ParNew: 94164K->0K(153600K), 0.0008696 secs] 95293K->1129K(256000K), 0.0009801 secs] [Times: user=0.00 sys=0.00, real=0.00 secs] 
1944.435: [GC (Allocation Failure) 1944.435: [ParNew: 94164K->0K(153600K), 0.0009197 secs] 95293K->1129K(256000K), 0.0010544 secs] [Times: user=0.00 sys=0.00, real=0.00 secs] 
1945.453: [GC (Allocation Failure) 1945.453: [ParNew: 94164K->0K(153600K), 0.0009162 secs] 95293K->1129K(256000K), 0.0010465 secs] [Times: user=0.00 sys=0.00, real=0.00 secs] 
1946.472: [GC (Allocation Failure) 1946.472: [ParNew: 94164K->0K(153600K), 0.0009304 secs] 95293K->1129K(256000K), 0.0010571 secs] [Times: user=0.06 sys=0.00, real=0.00 secs] 
1947.491: [GC (Allocation Failure) 1947.491: [ParNew: 94164K->0K(153600K), 0.0009355 secs] 95293K->1129K(256000K), 0.0010611 secs] [Times: user=0.00 sys=0.00, real=0.00 secs] 
1948.511: [GC (Allocation Failure) 1948.511: [ParNew: 94164K->0K(153600K), 0.0008799 secs] 95293K->1129K(256000K), 0.0010133 secs] [Times: user=0.00 sys=0.00, real=0.00 secs] 
1950.531: [GC (Allocation Failure) 1950.531: [ParNew: 94164K->0K(153600K), 0.0003616 secs] 95293K->1129K(256000K), 0.0004180 secs] [Times: user=0.00 sys=0.00, real=0.00 secs] 
1951.543: [GC (Allocation Failure) 1951.543: [ParNew: 94164K->0K(153600K), 0.0005207 secs] 95293K->1129K(256000K), 0.0005972 secs] [Times: user=0.00 sys=0.00, real=0.00 secs] 
1952.557: [GC (Allocation Failure) 1952.557: [ParNew: 94164K->0K(153600K), 0.0009513 secs] 95293K->1129K(256000K), 0.0010800 secs] [Times: user=0.00 sys=0.00, real=0.00 secs] 
1953.575: [GC (Allocation Failure) 1953.575: [ParNew: 94164K->0K(153600K), 0.0005151 secs] 95293K->1129K(256000K), 0.0005968 secs] [Times: user=0.00 sys=0.00, real=0.00 secs] 
1954.590: [GC (Allocation Failure) 1954.590: [ParNew: 94164K->0K(153600K), 0.0009028 secs] 95293K->1129K(256000K), 0.0010157 secs] [Times: user=0.00 sys=0.00, real=0.00 secs] 
1955.605: [GC (Allocation Failure) 1955.605: [ParNew: 94164K->0K(153600K), 0.0005463 secs] 95293K->1129K(256000K), 0.0006249 secs] [Times: user=0.00 sys=0.00, real=0.00 secs] 
1956.622: [GC (Allocation Failure) 1956.622: [ParNew: 94164K->0K(153600K), 0.0009813 secs] 95293K->1129K(256000K), 0.0011037 secs] [Times: user=0.00 sys=0.00, real=0.00 secs] 
1957.641: [GC (Allocation Failure) 1957.641: [ParNew: 94164K->0K(153600K), 0.0007915 secs] 95293K->1129K(256000K), 0.0009154 secs] [Times: user=0.00 sys=0.00, real=0.00 secs] 
1959.660: [GC (Allocation Failure) 1959.660: [ParNew: 94164K->0K(153600K), 0.0005846 secs] 95293K->1129K(256000K), 0.0006600 secs] [Times: user=0.00 sys=0.00, real=0.00 secs] 
1960.677: [GC (Allocation Failure) 1960.678: [ParNew: 94164K->0K(153600K), 0.0008451 secs] 95293K->1129K(256000K), 0.0009509 secs] [Times: user=0.00 sys=0.00, real=0.00 secs] 
1961.697: [GC (Allocation Failure) 1961.697: [ParNew: 94164K->0K(153600K), 0.0010903 secs] 95293K->1129K(256000K), 0.0012541 secs] [Times: user=0.00 sys=0.00, real=0.00 secs] 
1962.717: [GC (Allocation Failure) 1962.717: [ParNew: 94164K->0K(153600K), 0.0008558 secs] 95293K->1129K(256000K), 0.0009691 secs] [Times: user=0.00 sys=0.00, real=0.00 secs] 
1963.737: [GC (Allocation Failure) 1963.737: [ParNew: 94164K->0K(153600K), 0.0010784 secs] 95293K->1129K(256000K), 0.0012146 secs] [Times: user=0.02 sys=0.03, real=0.00 secs] 
1964.756: [GC (Allocation Failure) 1964.756: [ParNew: 94164K->0K(153600K), 0.0008937 secs] 95293K->1129K(256000K), 0.0010453 secs] [Times: user=0.00 sys=0.00, real=0.00 secs] 
1965.775: [GC (Allocation Failure) 1965.775: [ParNew: 94164K->0K(153600K), 0.0008858 secs] 95293K->1129K(256000K), 0.0010086 secs] [Times: user=0.00 sys=0.00, real=0.00 secs] 
1966.794: [GC (Allocation Failure) 1966.794: [ParNew: 94164K->0K(153600K), 0.0008732 secs] 95293K->1129K(256000K), 0.0009963 secs] [Times: user=0.00 sys=0.00, real=0.00 secs] 
1968.813: [GC (Allocation Failure) 1968.813: [ParNew: 94164K->0K(153600K), 0.0003636 secs] 95293K->1129K(256000K), 0.0004243 secs] [Times: user=0.00 sys=0.00, real=0.00 secs] 
1969.823: [GC (Allocation Failure) 1969.823: [ParNew: 94164K->0K(153600K), 0.0003884 secs] 95293K->1129K(256000K), 0.0004587 secs] [Times: user=0.00 sys=0.00, real=0.00 secs] 
1970.835: [GC (Allocation Failure) 1970.835: [ParNew: 94164K->0K(153600K), 0.0004078 secs] 95293K->1129K(256000K), 0.0004840 secs] [Times: user=0.00 sys=0.00, real=0.00 secs] 
1971.846: [GC (Allocation Failure) 1971.846: [ParNew: 94164K->0K(153600K), 0.0003971 secs] 95293K->1129K(256000K), 0.0004670 secs] [Times: user=0.00 sys=0.00, real=0.00 secs] 
1972.869: [GC (Allocation Failure) 1972.869: [ParNew: 94164K->0K(153600K), 0.0004674 secs] 95293K->1129K(256000K), 0.0005511 secs] [Times: user=0.00 sys=0.00, real=0.00 secs] 
1973.898: [GC (Allocation Failure) 1973.898: [ParNew: 94164K->0K(153600K), 0.0005392 secs] 95293K->1129K(256000K), 0.0006399 secs] [Times: user=0.00 sys=0.00, real=0.00 secs] 
1974.915: [GC (Allocation Failure) 1974.915: [ParNew: 94164K->0K(153600K), 0.0005159 secs] 95293K->1129K(256000K), 0.0006040 secs] [Times: user=0.00 sys=0.00, real=0.00 secs] 
1975.931: [GC (Allocation Failure) 1975.932: [ParNew: 94164K->0K(153600K), 0.0008972 secs] 95293K->1129K(256000K), 0.0010251 secs] [Times: user=0.00 sys=0.00, real=0.00 secs] 
1977.951: [GC (Allocation Failure) 1977.952: [ParNew: 94164K->0K(153600K), 0.0009241 secs] 95293K->1129K(256000K), 0.0010469 secs] [Times: user=0.00 sys=0.00, real=0.00 secs] 
1978.970: [GC (Allocation Failure) 1978.970: [ParNew: 94164K->0K(153600K), 0.0009269 secs] 95293K->1129K(256000K), 0.0010630 secs] [Times: user=0.00 sys=0.00, real=0.00 secs] 
1979.988: [GC (Allocation Failure) 1979.988: [ParNew: 94164K->0K(153600K), 0.0008992 secs] 95293K->1129K(256000K), 0.0010196 secs] [Times: user=0.00 sys=0.00, real=0.00 secs] 
1981.007: [GC (Allocation Failure) 1981.008: [ParNew: 94164K->0K(153600K), 0.0008933 secs] 95293K->1129K(256000K), 0.0010180 secs] [Times: user=0.00 sys=0.00, real=0.00 secs] 
1982.029: [GC (Allocation Failure) 1982.029: [ParNew: 94164K->0K(153600K), 0.0009880 secs] 95293K->1129K(256000K), 0.0011230 secs] [Times: user=0.00 sys=0.00, real=0.00 secs] 
1983.049: [GC (Allocation Failure) 1983.049: [ParNew: 94164K->0K(153600K), 0.0009426 secs] 95293K->1129K(256000K), 0.0010840 secs] [Times: user=0.00 sys=0.00, real=0.00 secs] 
1984.061: [GC (Allocation Failure) 1984.061: [ParNew: 94164K->0K(153600K), 0.0003750 secs] 95293K->1129K(256000K), 0.0004315 secs] [Times: user=0.00 sys=0.00, real=0.00 secs] 
1985.072: [GC (Allocation Failure) 1985.072: [ParNew: 94164K->0K(153600K), 0.0004322 secs] 95293K->1129K(256000K), 0.0004970 secs] [Times: user=0.00 sys=0.00, real=0.00 secs] 
1987.088: [GC (Allocation Failure) 1987.088: [ParNew: 94164K->0K(153600K), 0.0003687 secs] 95293K->1129K(256000K), 0.0004220 secs] [Times: user=0.00 sys=0.00, real=0.00 secs] 
1988.101: [GC (Allocation Failure) 1988.101: [ParNew: 94164K->0K(153600K), 0.0004622 secs] 95293K->1129K(256000K), 0.0005388 secs] [Times: user=0.00 sys=0.00, real=0.00 secs] 
1989.122: [GC (Allocation Failure) 1989.122: [ParNew: 94164K->0K(153600K), 0.0003924 secs] 95293K->1129K(256000K), 0.0004678 secs] [Times: user=0.00 sys=0.00, real=0.00 secs] 
1990.133: [GC (Allocation Failure) 1990.133: [ParNew: 94164K->0K(153600K), 0.0003750 secs] 95293K->1129K(256000K), 0.0004390 secs] [Times: user=0.00 sys=0.00, real=0.00 secs] 
1991.144: [GC (Allocation Failure) 1991.144: [ParNew: 94164K->0K(153600K), 0.0005582 secs] 95293K->1129K(256000K), 0.0006320 secs] [Times: user=0.00 sys=0.00, real=0.00 secs] 
1992.166: [GC (Allocation Failure) 1992.166: [ParNew: 94164K->0K(153600K), 0.0008854 secs] 95293K->1129K(256000K), 0.0010283 secs] [Times: user=0.00 sys=0.00, real=0.00 secs] 
1993.185: [GC (Allocation Failure) 1993.185: [ParNew: 94164K->0K(153600K), 0.0008929 secs] 95293K->1129K(256000K), 0.0010236 secs] [Times: user=0.00 sys=0.00, real=0.00 secs] 
1994.200: [GC (Allocation Failure) 1994.200: [ParNew: 94164K->0K(153600K), 0.0004015 secs] 95293K->1129K(256000K), 0.0004654 secs] [Times: user=0.00 sys=0.00, real=0.00 secs] 
1996.212: [GC (Allocation Failure) 1996.212: [ParNew: 94164K->0K(153600K), 0.0009695 secs] 95293K->1129K(256000K), 0.0011140 secs] [Times: user=0.00 sys=0.00, real=0.00 secs] 
1997.232: [GC (Allocation Failure) 1997.232: [ParNew: 94164K->0K(153600K), 0.0008428 secs] 95293K->1129K(256000K), 0.0009399 secs] [Times: user=0.00 sys=0.00, real=0.00 secs] 
1998.243: [GC (Allocation Failure) 1998.243: [ParNew: 94164K->0K(153600K), 0.0003987 secs] 95293K->1129K(256000K), 0.0004638 secs] [Times: user=0.00 sys=0.00, real=0.00 secs] 
1999.257: [GC (Allocation Failure) 1999.257: [ParNew: 94164K->0K(153600K), 0.0009197 secs] 95293K->1129K(256000K), 0.0010792 secs] [Times: user=0.00 sys=0.00, real=0.00 secs] 
2000.276: [GC (Allocation Failure) 2000.276: [ParNew: 94164K->0K(153600K), 0.0005424 secs] 95293K->1129K(256000K), 0.0006229 secs] [Times: user=0.00 sys=0.00, real=0.00 secs] 
2001.292: [GC (Allocation Failure) 2001.292: [ParNew: 94164K->0K(153600K), 0.0008767 secs] 95293K->1129K(256000K), 0.0010303 secs] [Times: user=0.00 sys=0.00, real=0.00 secs] 
2002.316: [GC (Allocation Failure) 2002.316: [ParNew: 94164K->0K(153600K), 0.0004828 secs] 95293K->1129K(256000K), 0.0005645 secs] [Times: user=0.00 sys=0.01, real=0.00 secs] 
2003.339: [GC (Allocation Failure) 2003.339: [ParNew: 94164K->0K(153600K), 0.0008775 secs] 95293K->1129K(256000K), 0.0009869 secs] [Times: user=0.00 sys=0.00, real=0.00 secs] 
2005.357: [GC (Allocation Failure) 2005.357: [ParNew: 94164K->0K(153600K), 0.0004066 secs] 95293K->1129K(256000K), 0.0004836 secs] [Times: user=0.00 sys=0.00, real=0.00 secs] 
2006.368: [GC (Allocation Failure) 2006.368: [ParNew: 94164K->0K(153600K), 0.0007658 secs] 95293K->1129K(256000K), 0.0008672 secs] [Times: user=0.00 sys=0.00, real=0.00 secs] 
2007.385: [GC (Allocation Failure) 2007.385: [ParNew: 94164K->0K(153600K), 0.0009979 secs] 95293K->1129K(256000K), 0.0011270 secs] [Times: user=0.00 sys=0.00, real=0.00 secs] 
2008.405: [GC (Allocation Failure) 2008.405: [ParNew: 94164K->0K(153600K), 0.0008779 secs] 95293K->1129K(256000K), 0.0010011 secs] [Times: user=0.00 sys=0.00, real=0.00 secs] 
2009.425: [GC (Allocation Failure) 2009.425: [ParNew: 94164K->0K(153600K), 0.0010086 secs] 95293K->1129K(256000K), 0.0011834 secs] [Times: user=0.03 sys=0.00, real=0.00 secs] 
2010.444: [GC (Allocation Failure) 2010.445: [ParNew: 94164K->0K(153600K), 0.0010220 secs] 95293K->1129K(256000K), 0.0011692 secs] [Times: user=0.00 sys=0.00, real=0.00 secs] 
2011.459: [GC (Allocation Failure) 2011.459: [ParNew: 94164K->0K(153600K), 0.0003663 secs] 95293K->1129K(256000K), 0.0004299 secs] [Times: user=0.00 sys=0.00, real=0.00 secs] 
2012.470: [GC (Allocation Failure) 2012.470: [ParNew: 94164K->0K(153600K), 0.0003695 secs] 95293K->1129K(256000K), 0.0004287 secs] [Times: user=0.00 sys=0.00, real=0.00 secs] 
2014.483: [GC (Allocation Failure) 2014.483: [ParNew: 94164K->0K(153600K), 0.0010026 secs] 95293K->1129K(256000K), 0.0011317 secs] [Times: user=0.00 sys=0.00, real=0.00 secs] 
2015.502: [GC (Allocation Failure) 2015.502: [ParNew: 94164K->0K(153600K), 0.0007583 secs] 95293K->1129K(256000K), 0.0009095 secs] [Times: user=0.00 sys=0.00, real=0.00 secs] 
2016.516: [GC (Allocation Failure) 2016.516: [ParNew: 94164K->0K(153600K), 0.0003825 secs] 95293K->1129K(256000K), 0.0004551 secs] [Times: user=0.00 sys=0.00, real=0.00 secs] 
2017.529: [GC (Allocation Failure) 2017.530: [ParNew: 94164K->0K(153600K), 0.0008980 secs] 95293K->1129K(256000K), 0.0010169 secs] [Times: user=0.00 sys=0.00, real=0.00 secs] 
2018.549: [GC (Allocation Failure) 2018.549: [ParNew: 94164K->0K(153600K), 0.0009095 secs] 95293K->1129K(256000K), 0.0010484 secs] [Times: user=0.00 sys=0.00, real=0.00 secs] 
2019.603: [GC (Allocation Failure) 2019.603: [ParNew: 94164K->0K(153600K), 0.0004397 secs] 95293K->1129K(256000K), 0.0005061 secs] [Times: user=0.00 sys=0.00, real=0.00 secs] 
2020.621: [GC (Allocation Failure) 2020.621: [ParNew: 94164K->0K(153600K), 0.0008676 secs] 95293K->1129K(256000K), 0.0009904 secs] [Times: user=0.00 sys=0.00, real=0.00 secs] 
2021.641: [GC (Allocation Failure) 2021.641: [ParNew: 94164K->0K(153600K), 0.0009351 secs] 95293K->1129K(256000K), 0.0010634 secs] [Times: user=0.00 sys=0.00, real=0.00 secs] 
2023.659: [GC (Allocation Failure) 2023.659: [ParNew: 94164K->0K(153600K), 0.0003541 secs] 95293K->1129K(256000K), 0.0004105 secs] [Times: user=0.00 sys=0.00, real=0.00 secs] 
2024.671: [GC (Allocation Failure) 2024.671: [ParNew: 94164K->0K(153600K), 0.0010090 secs] 95293K->1129K(256000K), 0.0011357 secs] [Times: user=0.00 sys=0.00, real=0.00 secs] 
2025.694: [GC (Allocation Failure) 2025.694: [ParNew: 94164K->0K(153600K), 0.0008688 secs] 95293K->1129K(256000K), 0.0009778 secs] [Times: user=0.00 sys=0.00, real=0.00 secs] 
2026.713: [GC (Allocation Failure) 2026.713: [ParNew: 94164K->0K(153600K), 0.0010674 secs] 95293K->1129K(256000K), 0.0012182 secs] [Times: user=0.00 sys=0.00, real=0.00 secs] 
2027.731: [GC (Allocation Failure) 2027.731: [ParNew: 94164K->0K(153600K), 0.0006450 secs] 95293K->1129K(256000K), 0.0007370 secs] [Times: user=0.00 sys=0.00, real=0.00 secs] 
2028.744: [GC (Allocation Failure) 2028.744: [ParNew: 94164K->0K(153600K), 0.0003825 secs] 95293K->1129K(256000K), 0.0004429 secs] [Times: user=0.00 sys=0.00, real=0.00 secs] 
2029.759: [GC (Allocation Failure) 2029.759: [ParNew: 94164K->0K(153600K), 0.0010674 secs] 95293K->1129K(256000K), 0.0011874 secs] [Times: user=0.00 sys=0.00, real=0.00 secs] 
2030.774: [GC (Allocation Failure) 2030.774: [ParNew: 94164K->0K(153600K), 0.0004180 secs] 95293K->1129K(256000K), 0.0005013 secs] [Times: user=0.00 sys=0.00, real=0.00 secs] 
2032.793: [GC (Allocation Failure) 2032.793: [ParNew: 94164K->0K(153600K), 0.0004038 secs] 95293K->1129K(256000K), 0.0004693 secs] [Times: user=0.00 sys=0.00, real=0.00 secs] 
2033.809: [GC (Allocation Failure) 2033.809: [ParNew: 94164K->0K(153600K), 0.0008838 secs] 95293K->1129K(256000K), 0.0010038 secs] [Times: user=0.00 sys=0.00, real=0.00 secs] 
2034.829: [GC (Allocation Failure) 2034.829: [ParNew: 94164K->0K(153600K), 0.0008787 secs] 95293K->1129K(256000K), 0.0010200 secs] [Times: user=0.00 sys=0.00, real=0.00 secs] 
2035.847: [GC (Allocation Failure) 2035.847: [ParNew: 94164K->0K(153600K), 0.0012134 secs] 95293K->1129K(256000K), 0.0014594 secs] [Times: user=0.02 sys=0.00, real=0.00 secs] 
2036.867: [GC (Allocation Failure) 2036.867: [ParNew: 94164K->0K(153600K), 0.0009091 secs] 95293K->1129K(256000K), 0.0010287 secs] [Times: user=0.00 sys=0.00, real=0.00 secs] 
2037.887: [GC (Allocation Failure) 2037.887: [ParNew: 94164K->0K(153600K), 0.0009012 secs] 95293K->1129K(256000K), 0.0010224 secs] [Times: user=0.00 sys=0.00, real=0.00 secs] 
2038.906: [GC (Allocation Failure) 2038.906: [ParNew: 94164K->0K(153600K), 0.0009387 secs] 95293K->1129K(256000K), 0.0010851 secs] [Times: user=0.00 sys=0.00, real=0.00 secs] 
2039.925: [GC (Allocation Failure) 2039.925: [ParNew: 94164K->0K(153600K), 0.0009020 secs] 95293K->1129K(256000K), 0.0010540 secs] [Times: user=0.00 sys=0.00, real=0.00 secs] 
2041.943: [GC (Allocation Failure) 2041.943: [ParNew: 94164K->0K(153600K), 0.0011100 secs] 95293K->1129K(256000K), 0.0012592 secs] [Times: user=0.00 sys=0.00, real=0.00 secs] 
2042.962: [GC (Allocation Failure) 2042.962: [ParNew: 94164K->0K(153600K), 0.0003947 secs] 95293K->1129K(256000K), 0.0004611 secs] [Times: user=0.00 sys=0.00, real=0.00 secs] 
2043.982: [GC (Allocation Failure) 2043.982: [ParNew: 94164K->0K(153600K), 0.0010366 secs] 95293K->1129K(256000K), 0.0011755 secs] [Times: user=0.00 sys=0.00, real=0.00 secs] 
2045.003: [GC (Allocation Failure) 2045.004: [ParNew: 94164K->0K(153600K), 0.0009367 secs] 95293K->1129K(256000K), 0.0010780 secs] [Times: user=0.00 sys=0.00, real=0.00 secs] 
2046.024: [GC (Allocation Failure) 2046.024: [ParNew: 94164K->0K(153600K), 0.0009359 secs] 95293K->1129K(256000K), 0.0010421 secs] [Times: user=0.00 sys=0.00, real=0.00 secs] 
2047.038: [GC (Allocation Failure) 2047.038: [ParNew: 94164K->0K(153600K), 0.0003817 secs] 95293K->1129K(256000K), 0.0004551 secs] [Times: user=0.00 sys=0.00, real=0.00 secs] 
2048.054: [GC (Allocation Failure) 2048.054: [ParNew: 94164K->0K(153600K), 0.0012675 secs] 95293K->1129K(256000K), 0.0013930 secs] [Times: user=0.00 sys=0.00, real=0.00 secs] 
2049.076: [GC (Allocation Failure) 2049.076: [ParNew: 94164K->0K(153600K), 0.0008886 secs] 95293K->1129K(256000K), 0.0010236 secs] [Times: user=0.00 sys=0.00, real=0.00 secs] 
2051.090: [GC (Allocation Failure) 2051.090: [ParNew: 94164K->0K(153600K), 0.0005242 secs] 95293K->1129K(256000K), 0.0006016 secs] [Times: user=0.00 sys=0.00, real=0.00 secs] 
2052.101: [GC (Allocation Failure) 2052.101: [ParNew: 94164K->0K(153600K), 0.0003620 secs] 95293K->1129K(256000K), 0.0004168 secs] [Times: user=0.00 sys=0.00, real=0.00 secs] 
2053.114: [GC (Allocation Failure) 2053.115: [ParNew: 94164K->0K(153600K), 0.0011582 secs] 95293K->1129K(256000K), 0.0013267 secs] [Times: user=0.00 sys=0.00, real=0.00 secs] 
2054.136: [GC (Allocation Failure) 2054.136: [ParNew: 94164K->0K(153600K), 0.0015312 secs] 95293K->1129K(256000K), 0.0016942 secs] [Times: user=0.00 sys=0.00, real=0.00 secs] 
2055.156: [GC (Allocation Failure) 2055.156: [ParNew: 94164K->0K(153600K), 0.0008811 secs] 95293K->1129K(256000K), 0.0009936 secs] [Times: user=0.00 sys=0.00, real=0.00 secs] 
2056.175: [GC (Allocation Failure) 2056.175: [ParNew: 94164K->0K(153600K), 0.0008992 secs] 95293K->1129K(256000K), 0.0010180 secs] [Times: user=0.05 sys=0.02, real=0.00 secs] 
2057.194: [GC (Allocation Failure) 2057.194: [ParNew: 94164K->0K(153600K), 0.0008858 secs] 95293K->1129K(256000K), 0.0009995 secs] [Times: user=0.00 sys=0.00, real=0.00 secs] 
2058.214: [GC (Allocation Failure) 2058.214: [ParNew: 94164K->0K(153600K), 0.0009375 secs] 95293K->1129K(256000K), 0.0010587 secs] [Times: user=0.00 sys=0.00, real=0.00 secs] 
2060.234: [GC (Allocation Failure) 2060.234: [ParNew: 94164K->0K(153600K), 0.0008779 secs] 95293K->1129K(256000K), 0.0009959 secs] [Times: user=0.00 sys=0.00, real=0.00 secs] 
2061.252: [GC (Allocation Failure) 2061.252: [ParNew: 94164K->0K(153600K), 0.0009284 secs] 95293K->1129K(256000K), 0.0010528 secs] [Times: user=0.00 sys=0.00, real=0.00 secs] 
2062.270: [GC (Allocation Failure) 2062.270: [ParNew: 94164K->0K(153600K), 0.0006308 secs] 95293K->1129K(256000K), 0.0007097 secs] [Times: user=0.00 sys=0.00, real=0.00 secs] 
2063.287: [GC (Allocation Failure) 2063.287: [ParNew: 94164K->0K(153600K), 0.0010595 secs] 95293K->1129K(256000K), 0.0011526 secs] [Times: user=0.00 sys=0.00, real=0.00 secs] 
2064.302: [GC (Allocation Failure) 2064.302: [ParNew: 94164K->0K(153600K), 0.0009742 secs] 95293K->1129K(256000K), 0.0011175 secs] [Times: user=0.00 sys=0.00, real=0.00 secs] 
2065.321: [GC (Allocation Failure) 2065.321: [ParNew: 94164K->0K(153600K), 0.0008447 secs] 95293K->1129K(256000K), 0.0009904 secs] [Times: user=0.00 sys=0.00, real=0.00 secs] 
2066.338: [GC (Allocation Failure) 2066.338: [ParNew: 94164K->0K(153600K), 0.0009095 secs] 95293K->1129K(256000K), 0.0010678 secs] [Times: user=0.00 sys=0.00, real=0.00 secs] 
2067.356: [GC (Allocation Failure) 2067.356: [ParNew: 94164K->0K(153600K), 0.0008866 secs] 95293K->1129K(256000K), 0.0010161 secs] [Times: user=0.00 sys=0.00, real=0.00 secs] 
2069.369: [GC (Allocation Failure) 2069.369: [ParNew: 94164K->0K(153600K), 0.0008578 secs] 95293K->1129K(256000K), 0.0009908 secs] [Times: user=0.00 sys=0.00, real=0.00 secs] 
2070.388: [GC (Allocation Failure) 2070.388: [ParNew: 94164K->0K(153600K), 0.0010374 secs] 95293K->1129K(256000K), 0.0011586 secs] [Times: user=0.00 sys=0.00, real=0.00 secs] 
2071.408: [GC (Allocation Failure) 2071.408: [ParNew: 94164K->0K(153600K), 0.0009091 secs] 95293K->1129K(256000K), 0.0010378 secs] [Times: user=0.00 sys=0.00, real=0.00 secs] 
2072.424: [GC (Allocation Failure) 2072.424: [ParNew: 94164K->0K(153600K), 0.0005657 secs] 95293K->1129K(256000K), 0.0006486 secs] [Times: user=0.00 sys=0.00, real=0.00 secs] 
2073.441: [GC (Allocation Failure) 2073.441: [ParNew: 94164K->0K(153600K), 0.0007579 secs] 95293K->1129K(256000K), 0.0008534 secs] [Times: user=0.06 sys=0.00, real=0.00 secs] 
2074.460: [GC (Allocation Failure) 2074.460: [ParNew: 94164K->0K(153600K), 0.0010161 secs] 95293K->1129K(256000K), 0.0011522 secs] [Times: user=0.00 sys=0.00, real=0.00 secs] 
2075.483: [GC (Allocation Failure) 2075.483: [ParNew: 94164K->0K(153600K), 0.0005704 secs] 95293K->1129K(256000K), 0.0006576 secs] [Times: user=0.00 sys=0.00, real=0.00 secs] 
2076.502: [GC (Allocation Failure) 2076.502: [ParNew: 94164K->0K(153600K), 0.0007078 secs] 95293K->1129K(256000K), 0.0007847 secs] [Times: user=0.00 sys=0.00, real=0.00 secs] 
2078.521: [GC (Allocation Failure) 2078.521: [ParNew: 94164K->0K(153600K), 0.0004322 secs] 95293K->1129K(256000K), 0.0004895 secs] [Times: user=0.00 sys=0.00, real=0.00 secs] 
2079.533: [GC (Allocation Failure) 2079.534: [ParNew: 94164K->0K(153600K), 0.0008819 secs] 95293K->1129K(256000K), 0.0009983 secs] [Times: user=0.00 sys=0.00, real=0.00 secs] 
2080.551: [GC (Allocation Failure) 2080.551: [ParNew: 94164K->0K(153600K), 0.0008211 secs] 95293K->1129K(256000K), 0.0009363 secs] [Times: user=0.00 sys=0.00, real=0.00 secs] 
2081.563: [GC (Allocation Failure) 2081.563: [ParNew: 94164K->0K(153600K), 0.0004188 secs] 95293K->1129K(256000K), 0.0004749 secs] [Times: user=0.00 sys=0.00, real=0.00 secs] 
2082.577: [GC (Allocation Failure) 2082.578: [ParNew: 94164K->0K(153600K), 0.0009647 secs] 95293K->1129K(256000K), 0.0010990 secs] [Times: user=0.00 sys=0.00, real=0.00 secs] 
2083.596: [GC (Allocation Failure) 2083.596: [ParNew: 94164K->0K(153600K), 0.0009201 secs] 95293K->1129K(256000K), 0.0010484 secs] [Times: user=0.00 sys=0.00, real=0.00 secs] 
2084.619: [GC (Allocation Failure) 2084.619: [ParNew: 94164K->0K(153600K), 0.0010966 secs] 95293K->1129K(256000K), 0.0012126 secs] [Times: user=0.00 sys=0.00, real=0.00 secs] 
2085.635: [GC (Allocation Failure) 2085.635: [ParNew: 94164K->0K(153600K), 0.0005795 secs] 95293K->1129K(256000K), 0.0006671 secs] [Times: user=0.00 sys=0.00, real=0.00 secs] 
2087.648: [GC (Allocation Failure) 2087.648: [ParNew: 94164K->0K(153600K), 0.0003955 secs] 95293K->1129K(256000K), 0.0004693 secs] [Times: user=0.00 sys=0.00, real=0.00 secs] 
2088.658: [GC (Allocation Failure) 2088.658: [ParNew: 94164K->0K(153600K), 0.0003849 secs] 95293K->1129K(256000K), 0.0004555 secs] [Times: user=0.00 sys=0.00, real=0.00 secs] 
2089.669: [GC (Allocation Failure) 2089.669: [ParNew: 94164K->0K(153600K), 0.0003947 secs] 95293K->1129K(256000K), 0.0004670 secs] [Times: user=0.00 sys=0.00, real=0.00 secs] 
2090.682: [GC (Allocation Failure) 2090.682: [ParNew: 94164K->0K(153600K), 0.0010042 secs] 95293K->1129K(256000K), 0.0011175 secs] [Times: user=0.00 sys=0.00, real=0.00 secs] 
2091.698: [GC (Allocation Failure) 2091.698: [ParNew: 94164K->0K(153600K), 0.0004129 secs] 95293K->1129K(256000K), 0.0004895 secs] [Times: user=0.00 sys=0.00, real=0.00 secs] 
2092.714: [GC (Allocation Failure) 2092.714: [ParNew: 94164K->0K(153600K), 0.0009190 secs] 95293K->1129K(256000K), 0.0010571 secs] [Times: user=0.00 sys=0.00, real=0.00 secs] 
2093.733: [GC (Allocation Failure) 2093.734: [ParNew: 94164K->0K(153600K), 0.0009557 secs] 95293K->1129K(256000K), 0.0010836 secs] [Times: user=0.00 sys=0.00, real=0.00 secs] 
2094.753: [GC (Allocation Failure) 2094.753: [ParNew: 94164K->0K(153600K), 0.0009434 secs] 95293K->1129K(256000K), 0.0010682 secs] [Times: user=0.00 sys=0.00, real=0.00 secs] 
2096.771: [GC (Allocation Failure) 2096.772: [ParNew: 94164K->0K(153600K), 0.0009359 secs] 95293K->1129K(256000K), 0.0010666 secs] [Times: user=0.00 sys=0.00, real=0.00 secs] 
2097.792: [GC (Allocation Failure) 2097.792: [ParNew: 94164K->0K(153600K), 0.0010942 secs] 95293K->1129K(256000K), 0.0012119 secs] [Times: user=0.00 sys=0.00, real=0.00 secs] 
2098.814: [GC (Allocation Failure) 2098.814: [ParNew: 94164K->0K(153600K), 0.0008515 secs] 95293K->1129K(256000K), 0.0009655 secs] [Times: user=0.00 sys=0.00, real=0.00 secs] 
2099.830: [GC (Allocation Failure) 2099.830: [ParNew: 94164K->0K(153600K), 0.0004263 secs] 95293K->1129K(256000K), 0.0004986 secs] [Times: user=0.00 sys=0.00, real=0.00 secs] 
2100.841: [GC (Allocation Failure) 2100.841: [ParNew: 94164K->0K(153600K), 0.0004405 secs] 95293K->1129K(256000K), 0.0004926 secs] [Times: user=0.00 sys=0.00, real=0.00 secs] 
2101.854: [GC (Allocation Failure) 2101.854: [ParNew: 94164K->0K(153600K), 0.0007847 secs] 95293K->1129K(256000K), 0.0009146 secs] [Times: user=0.00 sys=0.00, real=0.00 secs] 
2102.873: [GC (Allocation Failure) 2102.873: [ParNew: 94164K->0K(153600K), 0.0009541 secs] 95293K->1129K(256000K), 0.0010883 secs] [Times: user=0.00 sys=0.00, real=0.00 secs] 
2103.893: [GC (Allocation Failure) 2103.893: [ParNew: 94164K->0K(153600K), 0.0009426 secs] 95293K->1129K(256000K), 0.0010753 secs] [Times: user=0.00 sys=0.00, real=0.00 secs] 
2105.913: [GC (Allocation Failure) 2105.913: [ParNew: 94164K->0K(153600K), 0.0009000 secs] 95293K->1129K(256000K), 0.0010607 secs] [Times: user=0.00 sys=0.00, real=0.00 secs] 
2106.932: [GC (Allocation Failure) 2106.932: [ParNew: 94164K->0K(153600K), 0.0009071 secs] 95293K->1129K(256000K), 0.0010188 secs] [Times: user=0.00 sys=0.00, real=0.00 secs] 
2107.951: [GC (Allocation Failure) 2107.951: [ParNew: 94164K->0K(153600K), 0.0009249 secs] 95293K->1129K(256000K), 0.0010330 secs] [Times: user=0.00 sys=0.00, real=0.00 secs] 
2108.967: [GC (Allocation Failure) 2108.967: [ParNew: 94164K->0K(153600K), 0.0004693 secs] 95293K->1129K(256000K), 0.0005455 secs] [Times: user=0.00 sys=0.00, real=0.00 secs] 
2109.981: [GC (Allocation Failure) 2109.981: [ParNew: 94164K->0K(153600K), 0.0008996 secs] 95293K->1129K(256000K), 0.0010121 secs] [Times: user=0.00 sys=0.00, real=0.00 secs] 
2110.999: [GC (Allocation Failure) 2110.999: [ParNew: 94164K->0K(153600K), 0.0008578 secs] 95293K->1129K(256000K), 0.0009896 secs] [Times: user=0.00 sys=0.00, real=0.00 secs] 
2112.045: [GC (Allocation Failure) 2112.045: [ParNew: 94164K->0K(153600K), 0.0003754 secs] 95293K->1129K(256000K), 0.0004465 secs] [Times: user=0.00 sys=0.00, real=0.00 secs] 
2113.062: [GC (Allocation Failure) 2113.062: [ParNew: 94164K->0K(153600K), 0.0009809 secs] 95293K->1129K(256000K), 0.0011179 secs] [Times: user=0.00 sys=0.00, real=0.00 secs] 
2115.084: [GC (Allocation Failure) 2115.084: [ParNew: 94164K->0K(153600K), 0.0004540 secs] 95293K->1129K(256000K), 0.0005266 secs] [Times: user=0.00 sys=0.00, real=0.00 secs] 
2116.095: [GC (Allocation Failure) 2116.095: [ParNew: 94164K->0K(153600K), 0.0010863 secs] 95293K->1129K(256000K), 0.0012170 secs] [Times: user=0.00 sys=0.00, real=0.00 secs] 
2117.110: [GC (Allocation Failure) 2117.110: [ParNew: 94164K->0K(153600K), 0.0005132 secs] 95293K->1129K(256000K), 0.0005937 secs] [Times: user=0.00 sys=0.00, real=0.00 secs] 
2118.124: [GC (Allocation Failure) 2118.125: [ParNew: 94164K->0K(153600K), 0.0014965 secs] 95293K->1129K(256000K), 0.0016362 secs] [Times: user=0.00 sys=0.00, real=0.00 secs] 
2119.147: [GC (Allocation Failure) 2119.147: [ParNew: 94164K->0K(153600K), 0.0009194 secs] 95293K->1129K(256000K), 0.0010611 secs] [Times: user=0.00 sys=0.00, real=0.00 secs] 
2120.163: [GC (Allocation Failure) 2120.163: [ParNew: 94164K->0K(153600K), 0.0004259 secs] 95293K->1129K(256000K), 0.0005001 secs] [Times: user=0.00 sys=0.00, real=0.00 secs] 
2121.179: [GC (Allocation Failure) 2121.179: [ParNew: 94164K->0K(153600K), 0.0009166 secs] 95293K->1129K(256000K), 0.0010496 secs] [Times: user=0.00 sys=0.00, real=0.00 secs] 
2122.199: [GC (Allocation Failure) 2122.199: [ParNew: 94164K->0K(153600K), 0.0009458 secs] 95293K->1129K(256000K), 0.0011037 secs] [Times: user=0.00 sys=0.00, real=0.00 secs] 
2124.214: [GC (Allocation Failure) 2124.214: [ParNew: 94164K->0K(153600K), 0.0010429 secs] 95293K->1129K(256000K), 0.0011696 secs] [Times: user=0.00 sys=0.00, real=0.00 secs] 
2125.234: [GC (Allocation Failure) 2125.234: [ParNew: 94164K->0K(153600K), 0.0009047 secs] 95293K->1129K(256000K), 0.0010117 secs] [Times: user=0.00 sys=0.00, real=0.00 secs] 
2126.253: [GC (Allocation Failure) 2126.253: [ParNew: 94164K->0K(153600K), 0.0008807 secs] 95293K->1129K(256000K), 0.0009884 secs] [Times: user=0.01 sys=0.00, real=0.00 secs] 
2127.272: [GC (Allocation Failure) 2127.272: [ParNew: 94164K->0K(153600K), 0.0008949 secs] 95293K->1129K(256000K), 0.0010551 secs] [Times: user=0.00 sys=0.00, real=0.00 secs] 
2128.294: [GC (Allocation Failure) 2128.294: [ParNew: 94164K->0K(153600K), 0.0009000 secs] 95293K->1129K(256000K), 0.0010287 secs] [Times: user=0.00 sys=0.00, real=0.00 secs] 
2129.310: [GC (Allocation Failure) 2129.310: [ParNew: 94164K->0K(153600K), 0.0005191 secs] 95293K->1129K(256000K), 0.0005791 secs] [Times: user=0.00 sys=0.00, real=0.00 secs] 
2130.326: [GC (Allocation Failure) 2130.326: [ParNew: 94164K->0K(153600K), 0.0007528 secs] 95293K->1129K(256000K), 0.0008625 secs] [Times: user=0.00 sys=0.00, real=0.00 secs] 
2131.345: [GC (Allocation Failure) 2131.345: [ParNew: 94164K->0K(153600K), 0.0008740 secs] 95293K->1129K(256000K), 0.0009983 secs] [Times: user=0.00 sys=0.00, real=0.00 secs] 
2133.358: [GC (Allocation Failure) 2133.358: [ParNew: 94164K->0K(153600K), 0.0008815 secs] 95293K->1129K(256000K), 0.0010070 secs] [Times: user=0.00 sys=0.00, real=0.00 secs] 
2134.377: [GC (Allocation Failure) 2134.377: [ParNew: 94164K->0K(153600K), 0.0008447 secs] 95293K->1129K(256000K), 0.0009837 secs] [Times: user=0.00 sys=0.00, real=0.00 secs] 
2135.397: [GC (Allocation Failure) 2135.397: [ParNew: 94164K->0K(153600K), 0.0009115 secs] 95293K->1129K(256000K), 0.0010591 secs] [Times: user=0.00 sys=0.00, real=0.00 secs] 
2136.416: [GC (Allocation Failure) 2136.416: [ParNew: 94164K->0K(153600K), 0.0009032 secs] 95293K->1129K(256000K), 0.0010457 secs] [Times: user=0.00 sys=0.00, real=0.00 secs] 
2137.435: [GC (Allocation Failure) 2137.435: [ParNew: 94164K->0K(153600K), 0.0008680 secs] 95293K->1129K(256000K), 0.0009924 secs] [Times: user=0.00 sys=0.00, real=0.00 secs] 
2138.454: [GC (Allocation Failure) 2138.454: [ParNew: 94164K->0K(153600K), 0.0006111 secs] 95293K->1129K(256000K), 0.0006995 secs] [Times: user=0.00 sys=0.00, real=0.00 secs] 
2139.471: [GC (Allocation Failure) 2139.471: [ParNew: 94164K->0K(153600K), 0.0010840 secs] 95293K->1129K(256000K), 0.0012304 secs] [Times: user=0.00 sys=0.00, real=0.00 secs] 
2140.486: [GC (Allocation Failure) 2140.486: [ParNew: 94164K->0K(153600K), 0.0004050 secs] 95293K->1129K(256000K), 0.0004749 secs] [Times: user=0.00 sys=0.00, real=0.00 secs] 
2142.510: [GC (Allocation Failure) 2142.510: [ParNew: 94164K->0K(153600K), 0.0015592 secs] 95293K->1129K(256000K), 0.0017337 secs] [Times: user=0.00 sys=0.00, real=0.00 secs] 
2143.529: [GC (Allocation Failure) 2143.529: [ParNew: 94164K->0K(153600K), 0.0006912 secs] 95293K->1129K(256000K), 0.0007741 secs] [Times: user=0.00 sys=0.00, real=0.00 secs] 
2144.543: [GC (Allocation Failure) 2144.543: [ParNew: 94164K->0K(153600K), 0.0008771 secs] 95293K->1129K(256000K), 0.0010244 secs] [Times: user=0.00 sys=0.00, real=0.00 secs] 
2145.561: [GC (Allocation Failure) 2145.561: [ParNew: 94164K->0K(153600K), 0.0006675 secs] 95293K->1129K(256000K), 0.0007630 secs] [Times: user=0.00 sys=0.00, real=0.00 secs] 
2146.576: [GC (Allocation Failure) 2146.576: [ParNew: 94164K->0K(153600K), 0.0009592 secs] 95293K->1129K(256000K), 0.0012229 secs] [Times: user=0.00 sys=0.00, real=0.00 secs] 
2147.598: [GC (Allocation Failure) 2147.598: [ParNew: 94164K->0K(153600K), 0.0011471 secs] 95293K->1129K(256000K), 0.0013003 secs] [Times: user=0.00 sys=0.00, real=0.00 secs] 
2148.617: [GC (Allocation Failure) 2148.617: [ParNew: 94164K->0K(153600K), 0.0009363 secs] 95293K->1129K(256000K), 0.0010765 secs] [Times: user=0.00 sys=0.00, real=0.00 secs] 
2149.636: [GC (Allocation Failure) 2149.636: [ParNew: 94164K->0K(153600K), 0.0009434 secs] 95293K->1129K(256000K), 0.0010954 secs] [Times: user=0.00 sys=0.00, real=0.00 secs] 
2151.656: [GC (Allocation Failure) 2151.656: [ParNew: 94164K->0K(153600K), 0.0012801 secs] 95293K->1129K(256000K), 0.0014309 secs] [Times: user=0.00 sys=0.00, real=0.00 secs] 
2152.678: [GC (Allocation Failure) 2152.678: [ParNew: 94164K->0K(153600K), 0.0004216 secs] 95293K->1129K(256000K), 0.0004753 secs] [Times: user=0.00 sys=0.00, real=0.00 secs] 
2153.692: [GC (Allocation Failure) 2153.692: [ParNew: 94164K->0K(153600K), 0.0009158 secs] 95293K->1129K(256000K), 0.0010405 secs] [Times: user=0.00 sys=0.00, real=0.00 secs] 
2154.711: [GC (Allocation Failure) 2154.711: [ParNew: 94164K->0K(153600K), 0.0010796 secs] 95293K->1129K(256000K), 0.0011961 secs] [Times: user=0.00 sys=0.00, real=0.00 secs] 
2155.731: [GC (Allocation Failure) 2155.732: [ParNew: 94164K->0K(153600K), 0.0009576 secs] 95293K->1129K(256000K), 0.0010911 secs] [Times: user=0.00 sys=0.00, real=0.00 secs] 
2156.749: [GC (Allocation Failure) 2156.749: [ParNew: 94164K->0K(153600K), 0.0005254 secs] 95293K->1129K(256000K), 0.0006036 secs] [Times: user=0.00 sys=0.00, real=0.00 secs] 
2157.766: [GC (Allocation Failure) 2157.766: [ParNew: 94164K->0K(153600K), 0.0009324 secs] 95293K->1129K(256000K), 0.0010994 secs] [Times: user=0.00 sys=0.00, real=0.00 secs] 
2158.785: [GC (Allocation Failure) 2158.785: [ParNew: 94164K->0K(153600K), 0.0008819 secs] 95293K->1129K(256000K), 0.0010097 secs] [Times: user=0.00 sys=0.02, real=0.00 secs] 
2160.806: [GC (Allocation Failure) 2160.806: [ParNew: 94164K->0K(153600K), 0.0010469 secs] 95293K->1129K(256000K), 0.0011779 secs] [Times: user=0.00 sys=0.00, real=0.00 secs] 
2161.825: [GC (Allocation Failure) 2161.825: [ParNew: 94164K->0K(153600K), 0.0004018 secs] 95293K->1129K(256000K), 0.0004725 secs] [Times: user=0.00 sys=0.00, real=0.00 secs] 
2162.838: [GC (Allocation Failure) 2162.838: [ParNew: 94164K->0K(153600K), 0.0015450 secs] 95293K->1129K(256000K), 0.0016903 secs] [Times: user=0.00 sys=0.00, real=0.00 secs] 
2163.858: [GC (Allocation Failure) 2163.858: [ParNew: 94164K->0K(153600K), 0.0008842 secs] 95293K->1129K(256000K), 0.0010658 secs] [Times: user=0.00 sys=0.00, real=0.00 secs] 
2164.881: [GC (Allocation Failure) 2164.881: [ParNew: 94164K->0K(153600K), 0.0010804 secs] 95293K->1129K(256000K), 0.0012288 secs] [Times: user=0.00 sys=0.00, real=0.00 secs] 
2165.902: [GC (Allocation Failure) 2165.902: [ParNew: 94164K->0K(153600K), 0.0008767 secs] 95293K->1129K(256000K), 0.0009845 secs] [Times: user=0.00 sys=0.00, real=0.00 secs] 
2166.921: [GC (Allocation Failure) 2166.921: [ParNew: 94164K->0K(153600K), 0.0009028 secs] 95293K->1129K(256000K), 0.0010504 secs] [Times: user=0.00 sys=0.00, real=0.00 secs] 
2167.939: [GC (Allocation Failure) 2167.939: [ParNew: 94164K->0K(153600K), 0.0008897 secs] 95293K->1129K(256000K), 0.0010125 secs] [Times: user=0.00 sys=0.00, real=0.00 secs] 
2169.958: [GC (Allocation Failure) 2169.958: [ParNew: 94164K->0K(153600K), 0.0004311 secs] 95293K->1129K(256000K), 0.0005045 secs] [Times: user=0.00 sys=0.00, real=0.00 secs] 
2170.969: [GC (Allocation Failure) 2170.969: [ParNew: 94164K->0K(153600K), 0.0005029 secs] 95293K->1129K(256000K), 0.0005925 secs] [Times: user=0.00 sys=0.00, real=0.00 secs] 
2171.982: [GC (Allocation Failure) 2171.982: [ParNew: 94164K->0K(153600K), 0.0003951 secs] 95293K->1129K(256000K), 0.0004721 secs] [Times: user=0.00 sys=0.00, real=0.00 secs] 
2172.996: [GC (Allocation Failure) 2172.996: [ParNew: 94164K->0K(153600K), 0.0010026 secs] 95293K->1129K(256000K), 0.0011274 secs] [Times: user=0.00 sys=0.00, real=0.00 secs] 
2174.015: [GC (Allocation Failure) 2174.015: [ParNew: 94164K->0K(153600K), 0.0010701 secs] 95293K->1129K(256000K), 0.0012521 secs] [Times: user=0.00 sys=0.00, real=0.00 secs] 
2175.035: [GC (Allocation Failure) 2175.035: [ParNew: 94164K->0K(153600K), 0.0010362 secs] 95293K->1129K(256000K), 0.0011767 secs] [Times: user=0.00 sys=0.00, real=0.00 secs] 
2176.050: [GC (Allocation Failure) 2176.050: [ParNew: 94164K->0K(153600K), 0.0014984 secs] 95293K->1129K(256000K), 0.0015794 secs] [Times: user=0.01 sys=0.00, real=0.00 secs] 
2177.069: [GC (Allocation Failure) 2177.069: [ParNew: 94164K->0K(153600K), 0.0009983 secs] 95293K->1129K(256000K), 0.0011341 secs] [Times: user=0.00 sys=0.00, real=0.00 secs] 
2179.090: [GC (Allocation Failure) 2179.090: [ParNew: 94164K->0K(153600K), 0.0009308 secs] 95293K->1129K(256000K), 0.0010638 secs] [Times: user=0.00 sys=0.00, real=0.00 secs] 
2180.107: [GC (Allocation Failure) 2180.107: [ParNew: 94164K->0K(153600K), 0.0005846 secs] 95293K->1129K(256000K), 0.0006683 secs] [Times: user=0.00 sys=0.00, real=0.00 secs] 
2181.120: [GC (Allocation Failure) 2181.120: [ParNew: 94164K->0K(153600K), 0.0009355 secs] 95293K->1129K(256000K), 0.0010496 secs] [Times: user=0.00 sys=0.00, real=0.00 secs] 
2182.140: [GC (Allocation Failure) 2182.140: [ParNew: 94164K->0K(153600K), 0.0008961 secs] 95293K->1129K(256000K), 0.0009991 secs] [Times: user=0.00 sys=0.00, real=0.00 secs] 
2183.159: [GC (Allocation Failure) 2183.159: [ParNew: 94164K->0K(153600K), 0.0008795 secs] 95293K->1129K(256000K), 0.0010066 secs] [Times: user=0.00 sys=0.00, real=0.00 secs] 
2184.180: [GC (Allocation Failure) 2184.180: [ParNew: 94164K->0K(153600K), 0.0009300 secs] 95293K->1129K(256000K), 0.0010370 secs] [Times: user=0.00 sys=0.00, real=0.00 secs] 
2185.204: [GC (Allocation Failure) 2185.204: [ParNew: 94164K->0K(153600K), 0.0017601 secs] 95293K->1129K(256000K), 0.0019157 secs] [Times: user=0.00 sys=0.00, real=0.00 secs] 
2186.226: [GC (Allocation Failure) 2186.226: [ParNew: 94164K->0K(153600K), 0.0009572 secs] 95293K->1129K(256000K), 0.0010926 secs] [Times: user=0.00 sys=0.00, real=0.00 secs] 
2188.246: [GC (Allocation Failure) 2188.246: [ParNew: 94164K->0K(153600K), 0.0010287 secs] 95293K->1129K(256000K), 0.0011716 secs] [Times: user=0.00 sys=0.00, real=0.00 secs] 
2189.266: [GC (Allocation Failure) 2189.266: [ParNew: 94164K->0K(153600K), 0.0008601 secs] 95293K->1129K(256000K), 0.0010030 secs] [Times: user=0.00 sys=0.00, real=0.00 secs] 
2190.284: [GC (Allocation Failure) 2190.284: [ParNew: 94164K->0K(153600K), 0.0004338 secs] 95293K->1129K(256000K), 0.0005080 secs] [Times: user=0.00 sys=0.00, real=0.00 secs] 
2191.297: [GC (Allocation Failure) 2191.297: [ParNew: 94164K->0K(153600K), 0.0008503 secs] 95293K->1129K(256000K), 0.0009703 secs] [Times: user=0.00 sys=0.00, real=0.00 secs] 
2192.316: [GC (Allocation Failure) 2192.316: [ParNew: 94164K->0K(153600K), 0.0008700 secs] 95293K->1129K(256000K), 0.0009865 secs] [Times: user=0.01 sys=0.00, real=0.00 secs] 
2193.339: [GC (Allocation Failure) 2193.339: [ParNew: 94164K->0K(153600K), 0.0004520 secs] 95293K->1129K(256000K), 0.0005171 secs] [Times: user=0.00 sys=0.00, real=0.00 secs] 
2194.359: [GC (Allocation Failure) 2194.359: [ParNew: 94164K->0K(153600K), 0.0009616 secs] 95293K->1129K(256000K), 0.0010753 secs] [Times: user=0.00 sys=0.00, real=0.00 secs] 
2195.375: [GC (Allocation Failure) 2195.375: [ParNew: 94164K->0K(153600K), 0.0005116 secs] 95293K->1129K(256000K), 0.0005763 secs] [Times: user=0.00 sys=0.00, real=0.00 secs] 
2197.386: [GC (Allocation Failure) 2197.386: [ParNew: 94164K->0K(153600K), 0.0003738 secs] 95293K->1129K(256000K), 0.0004291 secs] [Times: user=0.00 sys=0.00, real=0.00 secs] 
2198.396: [GC (Allocation Failure) 2198.396: [ParNew: 94164K->0K(153600K), 0.0004188 secs] 95293K->1129K(256000K), 0.0004800 secs] [Times: user=0.00 sys=0.00, real=0.00 secs] 
2199.407: [GC (Allocation Failure) 2199.407: [ParNew: 94164K->0K(153600K), 0.0005479 secs] 95293K->1129K(256000K), 0.0006438 secs] [Times: user=0.00 sys=0.00, real=0.00 secs] 
2200.422: [GC (Allocation Failure) 2200.422: [ParNew: 94164K->0K(153600K), 0.0010619 secs] 95293K->1129K(256000K), 0.0011996 secs] [Times: user=0.00 sys=0.00, real=0.00 secs] 
2201.439: [GC (Allocation Failure) 2201.439: [ParNew: 94164K->0K(153600K), 0.0005771 secs] 95293K->1129K(256000K), 0.0006355 secs] [Times: user=0.00 sys=0.00, real=0.00 secs] 
2202.455: [GC (Allocation Failure) 2202.456: [ParNew: 94164K->0K(153600K), 0.0008846 secs] 95293K->1129K(256000K), 0.0010058 secs] [Times: user=0.00 sys=0.00, real=0.00 secs] 
2203.470: [GC (Allocation Failure) 2203.470: [ParNew: 94164K->0K(153600K), 0.0004611 secs] 95293K->1129K(256000K), 0.0005333 secs] [Times: user=0.00 sys=0.00, real=0.00 secs] 
2204.483: [GC (Allocation Failure) 2204.483: [ParNew: 94164K->0K(153600K), 0.0004970 secs] 95293K->1129K(256000K), 0.0005538 secs] [Times: user=0.00 sys=0.00, real=0.00 secs] 
2206.496: [GC (Allocation Failure) 2206.496: [ParNew: 94164K->0K(153600K), 0.0005443 secs] 95293K->1129K(256000K), 0.0006225 secs] [Times: user=0.00 sys=0.00, real=0.00 secs] 
2207.509: [GC (Allocation Failure) 2207.509: [ParNew: 94164K->0K(153600K), 0.0006150 secs] 95293K->1129K(256000K), 0.0006991 secs] [Times: user=0.00 sys=0.00, real=0.00 secs] 
2208.525: [GC (Allocation Failure) 2208.525: [ParNew: 94164K->0K(153600K), 0.0008396 secs] 95293K->1129K(256000K), 0.0009490 secs] [Times: user=0.00 sys=0.00, real=0.00 secs] 
2209.544: [GC (Allocation Failure) 2209.544: [ParNew: 94164K->0K(153600K), 0.0010180 secs] 95293K->1129K(256000K), 0.0011491 secs] [Times: user=0.00 sys=0.00, real=0.00 secs] 
2210.563: [GC (Allocation Failure) 2210.563: [ParNew: 94164K->0K(153600K), 0.0010176 secs] 95293K->1129K(256000K), 0.0011412 secs] [Times: user=0.00 sys=0.00, real=0.00 secs] 
2211.582: [GC (Allocation Failure) 2211.582: [ParNew: 94164K->0K(153600K), 0.0009892 secs] 95293K->1129K(256000K), 0.0011574 secs] [Times: user=0.00 sys=0.00, real=0.00 secs] 
2212.602: [GC (Allocation Failure) 2212.602: [ParNew: 94164K->0K(153600K), 0.0009359 secs] 95293K->1129K(256000K), 0.0010587 secs] [Times: user=0.00 sys=0.00, real=0.00 secs] 
2213.615: [GC (Allocation Failure) 2213.615: [ParNew: 94164K->0K(153600K), 0.0003628 secs] 95293K->1129K(256000K), 0.0004157 secs] [Times: user=0.00 sys=0.00, real=0.00 secs] 
2215.630: [GC (Allocation Failure) 2215.630: [ParNew: 94164K->0K(153600K), 0.0010875 secs] 95293K->1129K(256000K), 0.0012055 secs] [Times: user=0.00 sys=0.00, real=0.00 secs] 
2216.651: [GC (Allocation Failure) 2216.651: [ParNew: 94164K->0K(153600K), 0.0010445 secs] 95293K->1129K(256000K), 0.0011763 secs] [Times: user=0.00 sys=0.00, real=0.00 secs] 
2217.671: [GC (Allocation Failure) 2217.671: [ParNew: 94164K->0K(153600K), 0.0003841 secs] 95293K->1129K(256000K), 0.0004417 secs] [Times: user=0.00 sys=0.00, real=0.00 secs] 
2218.685: [GC (Allocation Failure) 2218.685: [ParNew: 94164K->0K(153600K), 0.0009095 secs] 95293K->1129K(256000K), 0.0010200 secs] [Times: user=0.00 sys=0.00, real=0.00 secs] 
2219.704: [GC (Allocation Failure) 2219.704: [ParNew: 94164K->0K(153600K), 0.0010366 secs] 95293K->1129K(256000K), 0.0012194 secs] [Times: user=0.00 sys=0.00, real=0.00 secs] 
2220.719: [GC (Allocation Failure) 2220.719: [ParNew: 94164K->0K(153600K), 0.0005266 secs] 95293K->1129K(256000K), 0.0006063 secs] [Times: user=0.00 sys=0.00, real=0.00 secs] 
2221.732: [GC (Allocation Failure) 2221.732: [ParNew: 94164K->0K(153600K), 0.0003861 secs] 95293K->1129K(256000K), 0.0004472 secs] [Times: user=0.00 sys=0.00, real=0.00 secs] 
2222.744: [GC (Allocation Failure) 2222.744: [ParNew: 94164K->0K(153600K), 0.0006482 secs] 95293K->1129K(256000K), 0.0007283 secs] [Times: user=0.00 sys=0.00, real=0.00 secs] 
2224.764: [GC (Allocation Failure) 2224.764: [ParNew: 94164K->0K(153600K), 0.0005293 secs] 95293K->1129K(256000K), 0.0006126 secs] [Times: user=0.00 sys=0.00, real=0.00 secs] 
2225.778: [GC (Allocation Failure) 2225.779: [ParNew: 94164K->0K(153600K), 0.0008953 secs] 95293K->1129K(256000K), 0.0010469 secs] [Times: user=0.00 sys=0.00, real=0.00 secs] 
2226.800: [GC (Allocation Failure) 2226.801: [ParNew: 94164K->0K(153600K), 0.0009257 secs] 95293K->1129K(256000K), 0.0010544 secs] [Times: user=0.05 sys=0.00, real=0.00 secs] 
2227.819: [GC (Allocation Failure) 2227.819: [ParNew: 94164K->0K(153600K), 0.0005400 secs] 95293K->1129K(256000K), 0.0006284 secs] [Times: user=0.00 sys=0.00, real=0.00 secs] 
2228.835: [GC (Allocation Failure) 2228.835: [ParNew: 94164K->0K(153600K), 0.0010697 secs] 95293K->1129K(256000K), 0.0012000 secs] [Times: user=0.00 sys=0.00, real=0.00 secs] 
2229.850: [GC (Allocation Failure) 2229.850: [ParNew: 94164K->0K(153600K), 0.0004216 secs] 95293K->1129K(256000K), 0.0004863 secs] [Times: user=0.00 sys=0.00, real=0.00 secs] 
2230.861: [GC (Allocation Failure) 2230.861: [ParNew: 94164K->0K(153600K), 0.0004082 secs] 95293K->1129K(256000K), 0.0004784 secs] [Times: user=0.00 sys=0.00, real=0.00 secs] 
2231.879: [GC (Allocation Failure) 2231.879: [ParNew: 94164K->0K(153600K), 0.0011475 secs] 95293K->1129K(256000K), 0.0013169 secs] [Times: user=0.00 sys=0.00, real=0.00 secs] 
2233.896: [GC (Allocation Failure) 2233.896: [ParNew: 94164K->0K(153600K), 0.0008838 secs] 95293K->1129K(256000K), 0.0010192 secs] [Times: user=0.00 sys=0.00, real=0.00 secs] 
2234.914: [GC (Allocation Failure) 2234.914: [ParNew: 94164K->0K(153600K), 0.0003782 secs] 95293K->1129K(256000K), 0.0004465 secs] [Times: user=0.00 sys=0.00, real=0.00 secs] 
2235.925: [GC (Allocation Failure) 2235.925: [ParNew: 94164K->0K(153600K), 0.0005755 secs] 95293K->1129K(256000K), 0.0006592 secs] [Times: user=0.06 sys=0.00, real=0.00 secs] 
2236.938: [GC (Allocation Failure) 2236.938: [ParNew: 94164K->0K(153600K), 0.0008609 secs] 95293K->1129K(256000K), 0.0009932 secs] [Times: user=0.00 sys=0.00, real=0.00 secs] 
2237.957: [GC (Allocation Failure) 2237.957: [ParNew: 94164K->0K(153600K), 0.0009640 secs] 95293K->1129K(256000K), 0.0011029 secs] [Times: user=0.00 sys=0.00, real=0.00 secs] 
2238.977: [GC (Allocation Failure) 2238.977: [ParNew: 94164K->0K(153600K), 0.0008842 secs] 95293K->1129K(256000K), 0.0010078 secs] [Times: user=0.00 sys=0.00, real=0.00 secs] 
2239.996: [GC (Allocation Failure) 2239.996: [ParNew: 94164K->0K(153600K), 0.0008546 secs] 95293K->1129K(256000K), 0.0009722 secs] [Times: user=0.00 sys=0.00, real=0.00 secs] 
2241.015: [GC (Allocation Failure) 2241.015: [ParNew: 94164K->0K(153600K), 0.0008704 secs] 95293K->1129K(256000K), 0.0010022 secs] [Times: user=0.00 sys=0.00, real=0.00 secs] 
2243.035: [GC (Allocation Failure) 2243.035: [ParNew: 94164K->0K(153600K), 0.0009399 secs] 95293K->1129K(256000K), 0.0010492 secs] [Times: user=0.06 sys=0.00, real=0.00 secs] 
2244.053: [GC (Allocation Failure) 2244.053: [ParNew: 94164K->0K(153600K), 0.0009576 secs] 95293K->1129K(256000K), 0.0010630 secs] [Times: user=0.00 sys=0.00, real=0.00 secs] 
2245.071: [GC (Allocation Failure) 2245.071: [ParNew: 94164K->0K(153600K), 0.0003770 secs] 95293K->1129K(256000K), 0.0004421 secs] [Times: user=0.00 sys=0.00, real=0.00 secs] 
2246.089: [GC (Allocation Failure) 2246.089: [ParNew: 94164K->0K(153600K), 0.0010705 secs] 95293K->1129K(256000K), 0.0012059 secs] [Times: user=0.00 sys=0.00, real=0.00 secs] 
2247.111: [GC (Allocation Failure) 2247.111: [ParNew: 94164K->0K(153600K), 0.0009647 secs] 95293K->1129K(256000K), 0.0011554 secs] [Times: user=0.00 sys=0.00, real=0.00 secs] 
2248.123: [GC (Allocation Failure) 2248.123: [ParNew: 94164K->0K(153600K), 0.0005688 secs] 95293K->1129K(256000K), 0.0006493 secs] [Times: user=0.00 sys=0.00, real=0.00 secs] 
2249.135: [GC (Allocation Failure) 2249.135: [ParNew: 94164K->0K(153600K), 0.0004453 secs] 95293K->1129K(256000K), 0.0005116 secs] [Times: user=0.00 sys=0.00, real=0.00 secs] 
2250.146: [GC (Allocation Failure) 2250.146: [ParNew: 94164K->0K(153600K), 0.0004393 secs] 95293K->1129K(256000K), 0.0005033 secs] [Times: user=0.00 sys=0.00, real=0.00 secs] 
2252.156: [GC (Allocation Failure) 2252.156: [ParNew: 94164K->0K(153600K), 0.0008909 secs] 95293K->1129K(256000K), 0.0010157 secs] [Times: user=0.00 sys=0.00, real=0.00 secs] 
2253.175: [GC (Allocation Failure) 2253.175: [ParNew: 94164K->0K(153600K), 0.0006004 secs] 95293K->1129K(256000K), 0.0006722 secs] [Times: user=0.05 sys=0.00, real=0.00 secs] 
2254.189: [GC (Allocation Failure) 2254.189: [ParNew: 94164K->0K(153600K), 0.0009446 secs] 95293K->1129K(256000K), 0.0010895 secs] [Times: user=0.00 sys=0.00, real=0.00 secs] 
2255.208: [GC (Allocation Failure) 2255.208: [ParNew: 94164K->0K(153600K), 0.0009407 secs] 95293K->1129K(256000K), 0.0011140 secs] [Times: user=0.00 sys=0.00, real=0.00 secs] 
2256.227: [GC (Allocation Failure) 2256.227: [ParNew: 94164K->0K(153600K), 0.0008969 secs] 95293K->1129K(256000K), 0.0010165 secs] [Times: user=0.00 sys=0.00, real=0.00 secs] 
2257.247: [GC (Allocation Failure) 2257.247: [ParNew: 94164K->0K(153600K), 0.0009379 secs] 95293K->1129K(256000K), 0.0010725 secs] [Times: user=0.00 sys=0.00, real=0.00 secs] 
2258.265: [GC (Allocation Failure) 2258.266: [ParNew: 94164K->0K(153600K), 0.0009620 secs] 95293K->1129K(256000K), 0.0010934 secs] [Times: user=0.00 sys=0.00, real=0.00 secs] 
2259.288: [GC (Allocation Failure) 2259.288: [ParNew: 94164K->0K(153600K), 0.0009071 secs] 95293K->1129K(256000K), 0.0010595 secs] [Times: user=0.00 sys=0.00, real=0.00 secs] 
2261.308: [GC (Allocation Failure) 2261.308: [ParNew: 94164K->0K(153600K), 0.0009663 secs] 95293K->1129K(256000K), 0.0010757 secs] [Times: user=0.00 sys=0.00, real=0.00 secs] 
2262.327: [GC (Allocation Failure) 2262.327: [ParNew: 94164K->0K(153600K), 0.0004397 secs] 95293K->1129K(256000K), 0.0005124 secs] [Times: user=0.00 sys=0.00, real=0.00 secs] 
2263.340: [GC (Allocation Failure) 2263.340: [ParNew: 94164K->0K(153600K), 0.0011053 secs] 95293K->1129K(256000K), 0.0012829 secs] [Times: user=0.00 sys=0.00, real=0.00 secs] 
2264.360: [GC (Allocation Failure) 2264.360: [ParNew: 94164K->0K(153600K), 0.0008858 secs] 95293K->1129K(256000K), 0.0010366 secs] [Times: user=0.00 sys=0.00, real=0.00 secs] 
2265.378: [GC (Allocation Failure) 2265.378: [ParNew: 94164K->0K(153600K), 0.0008803 secs] 95293K->1129K(256000K), 0.0010109 secs] [Times: user=0.02 sys=0.00, real=0.00 secs] 
2266.395: [GC (Allocation Failure) 2266.395: [ParNew: 94164K->0K(153600K), 0.0009924 secs] 95293K->1129K(256000K), 0.0011499 secs] [Times: user=0.02 sys=0.00, real=0.00 secs] 
2267.410: [GC (Allocation Failure) 2267.410: [ParNew: 94164K->0K(153600K), 0.0006632 secs] 95293K->1129K(256000K), 0.0007674 secs] [Times: user=0.00 sys=0.02, real=0.00 secs] 
2268.427: [GC (Allocation Failure) 2268.427: [ParNew: 94164K->0K(153600K), 0.0010220 secs] 95293K->1129K(256000K), 0.0011751 secs] [Times: user=0.00 sys=0.00, real=0.00 secs] 
2270.442: [GC (Allocation Failure) 2270.442: [ParNew: 94164K->0K(153600K), 0.0004484 secs] 95293K->1129K(256000K), 0.0005365 secs] [Times: user=0.00 sys=0.00, real=0.00 secs] 
2271.454: [GC (Allocation Failure) 2271.454: [ParNew: 94164K->0K(153600K), 0.0009107 secs] 95293K->1129K(256000K), 0.0010358 secs] [Times: user=0.00 sys=0.00, real=0.00 secs] 
2272.474: [GC (Allocation Failure) 2272.474: [ParNew: 94164K->0K(153600K), 0.0008728 secs] 95293K->1129K(256000K), 0.0009825 secs] [Times: user=0.00 sys=0.00, real=0.00 secs] 
2273.493: [GC (Allocation Failure) 2273.493: [ParNew: 94164K->0K(153600K), 0.0015186 secs] 95293K->1129K(256000K), 0.0016662 secs] [Times: user=0.00 sys=0.00, real=0.00 secs] 
2274.511: [GC (Allocation Failure) 2274.511: [ParNew: 94164K->0K(153600K), 0.0003754 secs] 95293K->1129K(256000K), 0.0004334 secs] [Times: user=0.00 sys=0.00, real=0.00 secs] 
2275.523: [GC (Allocation Failure) 2275.523: [ParNew: 94164K->0K(153600K), 0.0007907 secs] 95293K->1129K(256000K), 0.0008890 secs] [Times: user=0.00 sys=0.00, real=0.00 secs] 
2276.536: [GC (Allocation Failure) 2276.536: [ParNew: 94164K->0K(153600K), 0.0006675 secs] 95293K->1129K(256000K), 0.0007709 secs] [Times: user=0.00 sys=0.00, real=0.00 secs] 
2277.550: [GC (Allocation Failure) 2277.550: [ParNew: 94164K->0K(153600K), 0.0007788 secs] 95293K->1129K(256000K), 0.0008724 secs] [Times: user=0.00 sys=0.00, real=0.00 secs] 
2279.568: [GC (Allocation Failure) 2279.568: [ParNew: 94164K->0K(153600K), 0.0009091 secs] 95293K->1129K(256000K), 0.0010646 secs] [Times: user=0.00 sys=0.00, real=0.00 secs] 
2280.587: [GC (Allocation Failure) 2280.587: [ParNew: 94164K->0K(153600K), 0.0004409 secs] 95293K->1129K(256000K), 0.0005061 secs] [Times: user=0.00 sys=0.00, real=0.00 secs] 
2281.600: [GC (Allocation Failure) 2281.600: [ParNew: 94164K->0K(153600K), 0.0005554 secs] 95293K->1129K(256000K), 0.0006415 secs] [Times: user=0.00 sys=0.00, real=0.00 secs] 
2282.615: [GC (Allocation Failure) 2282.615: [ParNew: 94164K->0K(153600K), 0.0008984 secs] 95293K->1129K(256000K), 0.0010303 secs] [Times: user=0.00 sys=0.00, real=0.00 secs] 
2283.635: [GC (Allocation Failure) 2283.635: [ParNew: 94164K->0K(153600K), 0.0010251 secs] 95293K->1129K(256000K), 0.0011420 secs] [Times: user=0.00 sys=0.00, real=0.00 secs] 
2284.654: [GC (Allocation Failure) 2284.654: [ParNew: 94164K->0K(153600K), 0.0005400 secs] 95293K->1129K(256000K), 0.0006134 secs] [Times: user=0.00 sys=0.00, real=0.00 secs] 
2285.670: [GC (Allocation Failure) 2285.670: [ParNew: 94164K->0K(153600K), 0.0009734 secs] 95293K->1129K(256000K), 0.0010800 secs] [Times: user=0.00 sys=0.00, real=0.00 secs] 
2286.691: [GC (Allocation Failure) 2286.691: [ParNew: 94164K->0K(153600K), 0.0011325 secs] 95293K->1129K(256000K), 0.0012963 secs] [Times: user=0.00 sys=0.02, real=0.00 secs] 
2288.712: [GC (Allocation Failure) 2288.712: [ParNew: 94164K->0K(153600K), 0.0008645 secs] 95293K->1129K(256000K), 0.0009833 secs] [Times: user=0.00 sys=0.00, real=0.00 secs] 
2289.731: [GC (Allocation Failure) 2289.732: [ParNew: 94164K->0K(153600K), 0.0008728 secs] 95293K->1129K(256000K), 0.0010038 secs] [Times: user=0.00 sys=0.00, real=0.00 secs] 
2290.750: [GC (Allocation Failure) 2290.750: [ParNew: 94164K->0K(153600K), 0.0008763 secs] 95293K->1129K(256000K), 0.0009932 secs] [Times: user=0.00 sys=0.00, real=0.00 secs] 
2291.770: [GC (Allocation Failure) 2291.770: [ParNew: 94164K->0K(153600K), 0.0008838 secs] 95293K->1129K(256000K), 0.0010038 secs] [Times: user=0.06 sys=0.00, real=0.00 secs] 
2292.790: [GC (Allocation Failure) 2292.790: [ParNew: 94164K->0K(153600K), 0.0011100 secs] 95293K->1129K(256000K), 0.0012355 secs] [Times: user=0.00 sys=0.00, real=0.00 secs] 
2293.806: [GC (Allocation Failure) 2293.806: [ParNew: 94164K->0K(153600K), 0.0004678 secs] 95293K->1129K(256000K), 0.0005341 secs] [Times: user=0.00 sys=0.00, real=0.00 secs] 
2294.822: [GC (Allocation Failure) 2294.822: [ParNew: 94164K->0K(153600K), 0.0009095 secs] 95293K->1129K(256000K), 0.0010342 secs] [Times: user=0.00 sys=0.00, real=0.00 secs] 
2295.842: [GC (Allocation Failure) 2295.842: [ParNew: 94164K->0K(153600K), 0.0010176 secs] 95293K->1129K(256000K), 0.0011499 secs] [Times: user=0.00 sys=0.00, real=0.00 secs] 
2297.854: [GC (Allocation Failure) 2297.854: [ParNew: 94164K->0K(153600K), 0.0004468 secs] 95293K->1129K(256000K), 0.0005238 secs] [Times: user=0.00 sys=0.00, real=0.00 secs] 
2298.866: [GC (Allocation Failure) 2298.866: [ParNew: 94164K->0K(153600K), 0.0010315 secs] 95293K->1129K(256000K), 0.0011578 secs] [Times: user=0.00 sys=0.00, real=0.00 secs] 
2299.883: [GC (Allocation Failure) 2299.884: [ParNew: 94164K->0K(153600K), 0.0004528 secs] 95293K->1129K(256000K), 0.0005171 secs] [Times: user=0.00 sys=0.00, real=0.00 secs] 
2300.897: [GC (Allocation Failure) 2300.897: [ParNew: 94164K->0K(153600K), 0.0009517 secs] 95293K->1129K(256000K), 0.0010883 secs] [Times: user=0.00 sys=0.00, real=0.00 secs] 
2301.916: [GC (Allocation Failure) 2301.916: [ParNew: 94164K->0K(153600K), 0.0009340 secs] 95293K->1129K(256000K), 0.0010891 secs] [Times: user=0.00 sys=0.00, real=0.00 secs] 
2302.936: [GC (Allocation Failure) 2302.936: [ParNew: 94164K->0K(153600K), 0.0009119 secs] 95293K->1129K(256000K), 0.0010512 secs] [Times: user=0.00 sys=0.00, real=0.00 secs] 
2303.956: [GC (Allocation Failure) 2303.956: [ParNew: 94164K->0K(153600K), 0.0009044 secs] 95293K->1129K(256000K), 0.0010267 secs] [Times: user=0.00 sys=0.00, real=0.00 secs] 
2304.977: [GC (Allocation Failure) 2304.977: [ParNew: 94164K->0K(153600K), 0.0008586 secs] 95293K->1129K(256000K), 0.0009774 secs] [Times: user=0.00 sys=0.00, real=0.00 secs] 
2306.991: [GC (Allocation Failure) 2306.991: [ParNew: 94164K->0K(153600K), 0.0009387 secs] 95293K->1129K(256000K), 0.0010816 secs] [Times: user=0.00 sys=0.00, real=0.00 secs] 
2308.010: [GC (Allocation Failure) 2308.010: [ParNew: 94164K->0K(153600K), 0.0008712 secs] 95293K->1129K(256000K), 0.0009833 secs] [Times: user=0.00 sys=0.00, real=0.00 secs] 
2309.029: [GC (Allocation Failure) 2309.029: [ParNew: 94164K->0K(153600K), 0.0008700 secs] 95293K->1129K(256000K), 0.0009967 secs] [Times: user=0.00 sys=0.00, real=0.00 secs] 
2310.047: [GC (Allocation Failure) 2310.048: [ParNew: 94164K->0K(153600K), 0.0012138 secs] 95293K->1129K(256000K), 0.0013709 secs] [Times: user=0.00 sys=0.00, real=0.00 secs] 
2311.066: [GC (Allocation Failure) 2311.066: [ParNew: 94164K->0K(153600K), 0.0005471 secs] 95293K->1129K(256000K), 0.0006272 secs] [Times: user=0.00 sys=0.00, real=0.00 secs] 
2312.082: [GC (Allocation Failure) 2312.082: [ParNew: 94164K->0K(153600K), 0.0009715 secs] 95293K->1129K(256000K), 0.0011132 secs] [Times: user=0.00 sys=0.00, real=0.00 secs] 
2313.102: [GC (Allocation Failure) 2313.102: [ParNew: 94164K->0K(153600K), 0.0009900 secs] 95293K->1129K(256000K), 0.0011112 secs] [Times: user=0.00 sys=0.00, real=0.00 secs] 
2314.116: [GC (Allocation Failure) 2314.116: [ParNew: 94164K->0K(153600K), 0.0003861 secs] 95293K->1129K(256000K), 0.0004532 secs] [Times: user=0.00 sys=0.00, real=0.00 secs] 
2316.129: [GC (Allocation Failure) 2316.129: [ParNew: 94164K->0K(153600K), 0.0009138 secs] 95293K->1129K(256000K), 0.0010583 secs] [Times: user=0.00 sys=0.00, real=0.00 secs] 
2317.147: [GC (Allocation Failure) 2317.147: [ParNew: 94164K->0K(153600K), 0.0005759 secs] 95293K->1129K(256000K), 0.0006659 secs] [Times: user=0.00 sys=0.00, real=0.00 secs] 
2318.161: [GC (Allocation Failure) 2318.161: [ParNew: 94164K->0K(153600K), 0.0009490 secs] 95293K->1129K(256000K), 0.0011021 secs] [Times: user=0.00 sys=0.00, real=0.00 secs] 
2319.180: [GC (Allocation Failure) 2319.180: [ParNew: 94164K->0K(153600K), 0.0009470 secs] 95293K->1129K(256000K), 0.0010630 secs] [Times: user=0.00 sys=0.00, real=0.00 secs] 
2320.200: [GC (Allocation Failure) 2320.200: [ParNew: 94164K->0K(153600K), 0.0008905 secs] 95293K->1129K(256000K), 0.0010054 secs] [Times: user=0.00 sys=0.00, real=0.00 secs] 
2321.218: [GC (Allocation Failure) 2321.218: [ParNew: 94164K->0K(153600K), 0.0008929 secs] 95293K->1129K(256000K), 0.0010208 secs] [Times: user=0.00 sys=0.00, real=0.00 secs] 
2322.237: [GC (Allocation Failure) 2322.237: [ParNew: 94164K->0K(153600K), 0.0009241 secs] 95293K->1129K(256000K), 0.0010966 secs] [Times: user=0.00 sys=0.01, real=0.00 secs] 
2323.252: [GC (Allocation Failure) 2323.252: [ParNew: 94164K->0K(153600K), 0.0004954 secs] 95293K->1129K(256000K), 0.0005601 secs] [Times: user=0.00 sys=0.00, real=0.00 secs] 
2325.264: [GC (Allocation Failure) 2325.264: [ParNew: 94164K->0K(153600K), 0.0008688 secs] 95293K->1129K(256000K), 0.0009872 secs] [Times: user=0.00 sys=0.00, real=0.00 secs] 
2326.282: [GC (Allocation Failure) 2326.282: [ParNew: 94164K->0K(153600K), 0.0008799 secs] 95293K->1129K(256000K), 0.0009955 secs] [Times: user=0.00 sys=0.00, real=0.00 secs] 
2327.301: [GC (Allocation Failure) 2327.301: [ParNew: 94164K->0K(153600K), 0.0010480 secs] 95293K->1129K(256000K), 0.0012008 secs] [Times: user=0.00 sys=0.00, real=0.00 secs] 
2328.322: [GC (Allocation Failure) 2328.322: [ParNew: 94164K->0K(153600K), 0.0005013 secs] 95293K->1129K(256000K), 0.0005740 secs] [Times: user=0.00 sys=0.00, real=0.00 secs] 
2329.338: [GC (Allocation Failure) 2329.338: [ParNew: 94164K->0K(153600K), 0.0008909 secs] 95293K->1129K(256000K), 0.0009963 secs] [Times: user=0.00 sys=0.00, real=0.00 secs] 
2330.356: [GC (Allocation Failure) 2330.356: [ParNew: 94164K->0K(153600K), 0.0009470 secs] 95293K->1129K(256000K), 0.0010986 secs] [Times: user=0.00 sys=0.00, real=0.00 secs] 
2331.375: [GC (Allocation Failure) 2331.375: [ParNew: 94164K->0K(153600K), 0.0009138 secs] 95293K->1129K(256000K), 0.0010587 secs] [Times: user=0.00 sys=0.00, real=0.00 secs] 
2332.394: [GC (Allocation Failure) 2332.394: [ParNew: 94164K->0K(153600K), 0.0010504 secs] 95293K->1129K(256000K), 0.0011965 secs] [Times: user=0.06 sys=0.00, real=0.00 secs] 
2334.408: [GC (Allocation Failure) 2334.408: [ParNew: 94164K->0K(153600K), 0.0008672 secs] 95293K->1129K(256000K), 0.0010133 secs] [Times: user=0.00 sys=0.00, real=0.00 secs] 
2335.425: [GC (Allocation Failure) 2335.425: [ParNew: 94164K->0K(153600K), 0.0003734 secs] 95293K->1129K(256000K), 0.0004326 secs] [Times: user=0.00 sys=0.00, real=0.00 secs] 
2336.436: [GC (Allocation Failure) 2336.437: [ParNew: 94164K->0K(153600K), 0.0010054 secs] 95293K->1129K(256000K), 0.0011574 secs] [Times: user=0.00 sys=0.00, real=0.00 secs] 
2337.455: [GC (Allocation Failure) 2337.455: [ParNew: 94164K->0K(153600K), 0.0008791 secs] 95293K->1129K(256000K), 0.0009991 secs] [Times: user=0.00 sys=0.00, real=0.00 secs] 
2338.475: [GC (Allocation Failure) 2338.475: [ParNew: 94164K->0K(153600K), 0.0009107 secs] 95293K->1129K(256000K), 0.0010536 secs] [Times: user=0.00 sys=0.00, real=0.00 secs] 
2339.495: [GC (Allocation Failure) 2339.495: [ParNew: 94164K->0K(153600K), 0.0008444 secs] 95293K->1129K(256000K), 0.0009525 secs] [Times: user=0.00 sys=0.00, real=0.00 secs] 
2340.513: [GC (Allocation Failure) 2340.513: [ParNew: 94164K->0K(153600K), 0.0009399 secs] 95293K->1129K(256000K), 0.0010686 secs] [Times: user=0.00 sys=0.00, real=0.00 secs] 
2341.531: [GC (Allocation Failure) 2341.531: [ParNew: 94164K->0K(153600K), 0.0003853 secs] 95293K->1129K(256000K), 0.0004484 secs] [Times: user=0.00 sys=0.00, real=0.00 secs] 
2343.542: [GC (Allocation Failure) 2343.542: [ParNew: 94164K->0K(153600K), 0.0009269 secs] 95293K->1129K(256000K), 0.0010397 secs] [Times: user=0.00 sys=0.00, real=0.00 secs] 
2344.561: [GC (Allocation Failure) 2344.561: [ParNew: 94164K->0K(153600K), 0.0009138 secs] 95293K->1129K(256000K), 0.0010315 secs] [Times: user=0.00 sys=0.00, real=0.00 secs] 
2345.580: [GC (Allocation Failure) 2345.580: [ParNew: 94164K->0K(153600K), 0.0009024 secs] 95293K->1129K(256000K), 0.0010326 secs] [Times: user=0.00 sys=0.00, real=0.00 secs] 
2346.598: [GC (Allocation Failure) 2346.598: [ParNew: 94164K->0K(153600K), 0.0009296 secs] 95293K->1129K(256000K), 0.0010666 secs] [Times: user=0.00 sys=0.00, real=0.00 secs] 
2347.617: [GC (Allocation Failure) 2347.617: [ParNew: 94164K->0K(153600K), 0.0009442 secs] 95293K->1129K(256000K), 0.0011033 secs] [Times: user=0.00 sys=0.00, real=0.00 secs] 
2348.637: [GC (Allocation Failure) 2348.637: [ParNew: 94164K->0K(153600K), 0.0009979 secs] 95293K->1129K(256000K), 0.0011258 secs] [Times: user=0.00 sys=0.00, real=0.00 secs] 
2349.657: [GC (Allocation Failure) 2349.657: [ParNew: 94164K->0K(153600K), 0.0009284 secs] 95293K->1129K(256000K), 0.0010851 secs] [Times: user=0.00 sys=0.00, real=0.00 secs] 
2350.678: [GC (Allocation Failure) 2350.678: [ParNew: 94164K->0K(153600K), 0.0009138 secs] 95293K->1129K(256000K), 0.0010425 secs] [Times: user=0.00 sys=0.00, real=0.00 secs] 
2352.692: [GC (Allocation Failure) 2352.692: [ParNew: 94164K->0K(153600K), 0.0009920 secs] 95293K->1129K(256000K), 0.0011325 secs] [Times: user=0.00 sys=0.00, real=0.00 secs] 
2353.710: [GC (Allocation Failure) 2353.710: [ParNew: 94164K->0K(153600K), 0.0008874 secs] 95293K->1129K(256000K), 0.0010232 secs] [Times: user=0.00 sys=0.00, real=0.00 secs] 
2354.727: [GC (Allocation Failure) 2354.727: [ParNew: 94164K->0K(153600K), 0.0003726 secs] 95293K->1129K(256000K), 0.0004322 secs] [Times: user=0.00 sys=0.00, real=0.00 secs] 
2355.739: [GC (Allocation Failure) 2355.739: [ParNew: 94164K->0K(153600K), 0.0003659 secs] 95293K->1129K(256000K), 0.0004220 secs] [Times: user=0.00 sys=0.00, real=0.00 secs] 
2356.752: [GC (Allocation Failure) 2356.752: [ParNew: 94164K->0K(153600K), 0.0009284 secs] 95293K->1129K(256000K), 0.0010891 secs] [Times: user=0.01 sys=0.00, real=0.00 secs] 
2357.772: [GC (Allocation Failure) 2357.772: [ParNew: 94164K->0K(153600K), 0.0009201 secs] 95293K->1129K(256000K), 0.0010697 secs] [Times: user=0.00 sys=0.00, real=0.00 secs] 
2358.791: [GC (Allocation Failure) 2358.791: [ParNew: 94164K->0K(153600K), 0.0009592 secs] 95293K->1129K(256000K), 0.0010674 secs] [Times: user=0.00 sys=0.00, real=0.00 secs] 
2359.809: [GC (Allocation Failure) 2359.810: [ParNew: 94164K->0K(153600K), 0.0009186 secs] 95293K->1129K(256000K), 0.0010263 secs] [Times: user=0.00 sys=0.00, real=0.00 secs] 
2361.828: [GC (Allocation Failure) 2361.829: [ParNew: 94164K->0K(153600K), 0.0008980 secs] 95293K->1129K(256000K), 0.0010125 secs] [Times: user=0.00 sys=0.00, real=0.00 secs] 
2362.847: [GC (Allocation Failure) 2362.847: [ParNew: 94164K->0K(153600K), 0.0009020 secs] 95293K->1129K(256000K), 0.0010267 secs] [Times: user=0.03 sys=0.03, real=0.00 secs] 
2363.868: [GC (Allocation Failure) 2363.869: [ParNew: 94164K->0K(153600K), 0.0009754 secs] 95293K->1129K(256000K), 0.0011155 secs] [Times: user=0.00 sys=0.00, real=0.00 secs] 
2364.888: [GC (Allocation Failure) 2364.888: [ParNew: 94164K->0K(153600K), 0.0008953 secs] 95293K->1129K(256000K), 0.0010153 secs] [Times: user=0.00 sys=0.00, real=0.00 secs] 
2365.906: [GC (Allocation Failure) 2365.906: [ParNew: 94164K->0K(153600K), 0.0009059 secs] 95293K->1129K(256000K), 0.0010255 secs] [Times: user=0.00 sys=0.00, real=0.00 secs] 
2366.925: [GC (Allocation Failure) 2366.925: [ParNew: 94164K->0K(153600K), 0.0010204 secs] 95293K->1129K(256000K), 0.0011791 secs] [Times: user=0.06 sys=0.00, real=0.00 secs] 
2367.944: [GC (Allocation Failure) 2367.945: [ParNew: 94164K->0K(153600K), 0.0009221 secs] 95293K->1129K(256000K), 0.0010457 secs] [Times: user=0.00 sys=0.00, real=0.00 secs] 
2368.964: [GC (Allocation Failure) 2368.964: [ParNew: 94164K->0K(153600K), 0.0008744 secs] 95293K->1129K(256000K), 0.0010007 secs] [Times: user=0.00 sys=0.00, real=0.00 secs] 
2370.983: [GC (Allocation Failure) 2370.983: [ParNew: 94164K->0K(153600K), 0.0005740 secs] 95293K->1129K(256000K), 0.0006529 secs] [Times: user=0.00 sys=0.00, real=0.00 secs] 
2371.997: [GC (Allocation Failure) 2371.997: [ParNew: 94164K->0K(153600K), 0.0009024 secs] 95293K->1129K(256000K), 0.0010326 secs] [Times: user=0.00 sys=0.00, real=0.00 secs] 
2373.015: [GC (Allocation Failure) 2373.016: [ParNew: 94164K->0K(153600K), 0.0009122 secs] 95293K->1129K(256000K), 0.0010390 secs] [Times: user=0.00 sys=0.00, real=0.00 secs] 
2374.034: [GC (Allocation Failure) 2374.034: [ParNew: 94164K->0K(153600K), 0.0009430 secs] 95293K->1129K(256000K), 0.0010619 secs] [Times: user=0.00 sys=0.00, real=0.00 secs] 
2375.048: [GC (Allocation Failure) 2375.048: [ParNew: 94164K->0K(153600K), 0.0003971 secs] 95293K->1129K(256000K), 0.0004599 secs] [Times: user=0.00 sys=0.00, real=0.00 secs] 
2376.063: [GC (Allocation Failure) 2376.063: [ParNew: 94164K->0K(153600K), 0.0008949 secs] 95293K->1129K(256000K), 0.0010078 secs] [Times: user=0.00 sys=0.00, real=0.00 secs] 
2377.082: [GC (Allocation Failure) 2377.082: [ParNew: 94164K->0K(153600K), 0.0008692 secs] 95293K->1129K(256000K), 0.0009884 secs] [Times: user=0.00 sys=0.02, real=0.00 secs] 
2378.101: [GC (Allocation Failure) 2378.102: [ParNew: 94164K->0K(153600K), 0.0011175 secs] 95293K->1129K(256000K), 0.0013930 secs] [Times: user=0.00 sys=0.00, real=0.00 secs] 
2380.121: [GC (Allocation Failure) 2380.122: [ParNew: 94164K->0K(153600K), 0.0009647 secs] 95293K->1129K(256000K), 0.0010895 secs] [Times: user=0.00 sys=0.00, real=0.00 secs] 
2381.141: [GC (Allocation Failure) 2381.141: [ParNew: 94164K->0K(153600K), 0.0010946 secs] 95293K->1129K(256000K), 0.0012205 secs] [Times: user=0.00 sys=0.00, real=0.00 secs] 
2382.160: [GC (Allocation Failure) 2382.160: [ParNew: 94164K->0K(153600K), 0.0009707 secs] 95293K->1129K(256000K), 0.0011384 secs] [Times: user=0.06 sys=0.00, real=0.00 secs] 
2383.177: [GC (Allocation Failure) 2383.177: [ParNew: 94164K->0K(153600K), 0.0005558 secs] 95293K->1129K(256000K), 0.0006446 secs] [Times: user=0.00 sys=0.00, real=0.00 secs] 
2384.191: [GC (Allocation Failure) 2384.191: [ParNew: 94164K->0K(153600K), 0.0009876 secs] 95293K->1129K(256000K), 0.0011372 secs] [Times: user=0.05 sys=0.00, real=0.00 secs] 
2385.205: [GC (Allocation Failure) 2385.205: [ParNew: 94164K->0K(153600K), 0.0004567 secs] 95293K->1129K(256000K), 0.0005120 secs] [Times: user=0.00 sys=0.00, real=0.00 secs] 
2386.222: [GC (Allocation Failure) 2386.222: [ParNew: 94164K->0K(153600K), 0.0004508 secs] 95293K->1129K(256000K), 0.0005262 secs] [Times: user=0.00 sys=0.00, real=0.00 secs] 
2387.236: [GC (Allocation Failure) 2387.236: [ParNew: 94164K->0K(153600K), 0.0006715 secs] 95293K->1129K(256000K), 0.0007626 secs] [Times: user=0.00 sys=0.00, real=0.00 secs] 
2389.247: [GC (Allocation Failure) 2389.247: [ParNew: 94164K->0K(153600K), 0.0003754 secs] 95293K->1129K(256000K), 0.0004457 secs] [Times: user=0.00 sys=0.00, real=0.00 secs] 
2390.259: [GC (Allocation Failure) 2390.259: [ParNew: 94164K->0K(153600K), 0.0008953 secs] 95293K->1129K(256000K), 0.0010070 secs] [Times: user=0.00 sys=0.00, real=0.00 secs] 
2391.277: [GC (Allocation Failure) 2391.277: [ParNew: 94164K->0K(153600K), 0.0011203 secs] 95293K->1129K(256000K), 0.0012647 secs] [Times: user=0.00 sys=0.00, real=0.00 secs] 
2392.296: [GC (Allocation Failure) 2392.296: [ParNew: 94164K->0K(153600K), 0.0011751 secs] 95293K->1129K(256000K), 0.0013192 secs] [Times: user=0.00 sys=0.00, real=0.00 secs] 
2393.317: [GC (Allocation Failure) 2393.317: [ParNew: 94164K->0K(153600K), 0.0011088 secs] 95293K->1129K(256000K), 0.0012521 secs] [Times: user=0.00 sys=0.00, real=0.00 secs] 
2394.336: [GC (Allocation Failure) 2394.336: [ParNew: 94164K->0K(153600K), 0.0009375 secs] 95293K->1129K(256000K), 0.0010619 secs] [Times: user=0.00 sys=0.00, real=0.00 secs] 
2395.355: [GC (Allocation Failure) 2395.355: [ParNew: 94164K->0K(153600K), 0.0009233 secs] 95293K->1129K(256000K), 0.0010370 secs] [Times: user=0.00 sys=0.00, real=0.00 secs] 
2396.368: [GC (Allocation Failure) 2396.368: [ParNew: 94164K->0K(153600K), 0.0003833 secs] 95293K->1129K(256000K), 0.0004409 secs] [Times: user=0.00 sys=0.00, real=0.00 secs] 
2398.380: [GC (Allocation Failure) 2398.380: [ParNew: 94164K->0K(153600K), 0.0005388 secs] 95293K->1129K(256000K), 0.0006324 secs] [Times: user=0.00 sys=0.00, real=0.00 secs] 
2399.392: [GC (Allocation Failure) 2399.392: [ParNew: 94164K->0K(153600K), 0.0008696 secs] 95293K->1129K(256000K), 0.0009809 secs] [Times: user=0.00 sys=0.00, real=0.00 secs] 
2400.411: [GC (Allocation Failure) 2400.411: [ParNew: 94164K->0K(153600K), 0.0009415 secs] 95293K->1129K(256000K), 0.0010820 secs] [Times: user=0.00 sys=0.00, real=0.00 secs] 
2401.429: [GC (Allocation Failure) 2401.429: [ParNew: 94164K->0K(153600K), 0.0008294 secs] 95293K->1129K(256000K), 0.0009288 secs] [Times: user=0.00 sys=0.00, real=0.00 secs] 
2402.443: [GC (Allocation Failure) 2402.443: [ParNew: 94164K->0K(153600K), 0.0008522 secs] 95293K->1129K(256000K), 0.0009620 secs] [Times: user=0.00 sys=0.00, real=0.00 secs] 
2403.462: [GC (Allocation Failure) 2403.462: [ParNew: 94164K->0K(153600K), 0.0008416 secs] 95293K->1129K(256000K), 0.0009651 secs] [Times: user=0.00 sys=0.00, real=0.00 secs] 
2404.477: [GC (Allocation Failure) 2404.477: [ParNew: 94164K->0K(153600K), 0.0004804 secs] 95293K->1129K(256000K), 0.0005475 secs] [Times: user=0.00 sys=0.00, real=0.00 secs] 
2405.493: [GC (Allocation Failure) 2405.494: [ParNew: 94164K->0K(153600K), 0.0009300 secs] 95293K->1129K(256000K), 0.0010705 secs] [Times: user=0.00 sys=0.00, real=0.00 secs] 
2407.508: [GC (Allocation Failure) 2407.508: [ParNew: 94164K->0K(153600K), 0.0009126 secs] 95293K->1129K(256000K), 0.0010437 secs] [Times: user=0.00 sys=0.00, real=0.00 secs] 
2408.527: [GC (Allocation Failure) 2408.527: [ParNew: 94164K->0K(153600K), 0.0009075 secs] 95293K->1129K(256000K), 0.0010362 secs] [Times: user=0.00 sys=0.00, real=0.00 secs] 
2409.546: [GC (Allocation Failure) 2409.546: [ParNew: 94164K->0K(153600K), 0.0009075 secs] 95293K->1129K(256000K), 0.0010283 secs] [Times: user=0.00 sys=0.00, real=0.00 secs] 
2410.563: [GC (Allocation Failure) 2410.563: [ParNew: 94164K->0K(153600K), 0.0007618 secs] 95293K->1129K(256000K), 0.0008688 secs] [Times: user=0.00 sys=0.00, real=0.00 secs] 
2411.580: [GC (Allocation Failure) 2411.580: [ParNew: 94164K->0K(153600K), 0.0010488 secs] 95293K->1129K(256000K), 0.0011680 secs] [Times: user=0.00 sys=0.00, real=0.00 secs] 
2412.599: [GC (Allocation Failure) 2412.599: [ParNew: 94164K->0K(153600K), 0.0008795 secs] 95293K->1129K(256000K), 0.0009975 secs] [Times: user=0.00 sys=0.00, real=0.00 secs] 
2413.614: [GC (Allocation Failure) 2413.614: [ParNew: 94164K->0K(153600K), 0.0003636 secs] 95293K->1129K(256000K), 0.0004251 secs] [Times: user=0.00 sys=0.00, real=0.00 secs] 
2414.626: [GC (Allocation Failure) 2414.626: [ParNew: 94164K->0K(153600K), 0.0003738 secs] 95293K->1129K(256000K), 0.0004338 secs] [Times: user=0.00 sys=0.00, real=0.00 secs] 
2416.636: [GC (Allocation Failure) 2416.636: [ParNew: 94164K->0K(153600K), 0.0003884 secs] 95293K->1129K(256000K), 0.0004575 secs] [Times: user=0.00 sys=0.00, real=0.00 secs] 
2417.647: [GC (Allocation Failure) 2417.647: [ParNew: 94164K->0K(153600K), 0.0004547 secs] 95293K->1129K(256000K), 0.0005349 secs] [Times: user=0.00 sys=0.00, real=0.00 secs] 
2418.660: [GC (Allocation Failure) 2418.660: [ParNew: 94164K->0K(153600K), 0.0008834 secs] 95293K->1129K(256000K), 0.0010022 secs] [Times: user=0.00 sys=0.00, real=0.00 secs] 
2419.680: [GC (Allocation Failure) 2419.680: [ParNew: 94164K->0K(153600K), 0.0008838 secs] 95293K->1129K(256000K), 0.0009916 secs] [Times: user=0.00 sys=0.00, real=0.00 secs] 
2420.699: [GC (Allocation Failure) 2420.699: [ParNew: 94164K->0K(153600K), 0.0009245 secs] 95293K->1129K(256000K), 0.0010472 secs] [Times: user=0.00 sys=0.00, real=0.00 secs] 
2421.720: [GC (Allocation Failure) 2421.720: [ParNew: 94164K->0K(153600K), 0.0009344 secs] 95293K->1129K(256000K), 0.0010784 secs] [Times: user=0.00 sys=0.00, real=0.00 secs] 
2422.739: [GC (Allocation Failure) 2422.739: [ParNew: 94164K->0K(153600K), 0.0009091 secs] 95293K->1129K(256000K), 0.0010413 secs] [Times: user=0.00 sys=0.00, real=0.00 secs] 
2423.757: [GC (Allocation Failure) 2423.758: [ParNew: 94164K->0K(153600K), 0.0008866 secs] 95293K->1129K(256000K), 0.0010015 secs] [Times: user=0.00 sys=0.00, real=0.00 secs] 
2425.777: [GC (Allocation Failure) 2425.777: [ParNew: 94164K->0K(153600K), 0.0009194 secs] 95293K->1129K(256000K), 0.0010536 secs] [Times: user=0.00 sys=0.00, real=0.00 secs] 
2426.795: [GC (Allocation Failure) 2426.795: [ParNew: 94164K->0K(153600K), 0.0009040 secs] 95293K->1129K(256000K), 0.0010433 secs] [Times: user=0.00 sys=0.00, real=0.00 secs] 
2427.816: [GC (Allocation Failure) 2427.816: [ParNew: 94164K->0K(153600K), 0.0010267 secs] 95293K->1129K(256000K), 0.0011534 secs] [Times: user=0.06 sys=0.00, real=0.00 secs] 
2428.832: [GC (Allocation Failure) 2428.832: [ParNew: 94164K->0K(153600K), 0.0004729 secs] 95293K->1129K(256000K), 0.0005558 secs] [Times: user=0.00 sys=0.00, real=0.00 secs] 
2429.847: [GC (Allocation Failure) 2429.847: [ParNew: 94164K->0K(153600K), 0.0009797 secs] 95293K->1129K(256000K), 0.0011301 secs] [Times: user=0.06 sys=0.00, real=0.00 secs] 
2430.864: [GC (Allocation Failure) 2430.864: [ParNew: 94164K->0K(153600K), 0.0006363 secs] 95293K->1129K(256000K), 0.0007141 secs] [Times: user=0.00 sys=0.00, real=0.00 secs] 
2431.881: [GC (Allocation Failure) 2431.881: [ParNew: 94164K->0K(153600K), 0.0013946 secs] 95293K->1129K(256000K), 0.0015442 secs] [Times: user=0.00 sys=0.00, real=0.00 secs] 
2432.896: [GC (Allocation Failure) 2432.896: [ParNew: 94164K->0K(153600K), 0.0004413 secs] 95293K->1129K(256000K), 0.0005005 secs] [Times: user=0.00 sys=0.00, real=0.00 secs] 
2434.916: [GC (Allocation Failure) 2434.916: [ParNew: 94164K->0K(153600K), 0.0009095 secs] 95293K->1129K(256000K), 0.0010279 secs] [Times: user=0.00 sys=0.00, real=0.00 secs] 
2435.934: [GC (Allocation Failure) 2435.934: [ParNew: 94164K->0K(153600K), 0.0010030 secs] 95293K->1129K(256000K), 0.0011092 secs] [Times: user=0.00 sys=0.00, real=0.00 secs] 
2436.954: [GC (Allocation Failure) 2436.954: [ParNew: 94164K->0K(153600K), 0.0008870 secs] 95293K->1129K(256000K), 0.0009975 secs] [Times: user=0.00 sys=0.00, real=0.00 secs] 
2437.972: [GC (Allocation Failure) 2437.972: [ParNew: 94164K->0K(153600K), 0.0010472 secs] 95293K->1129K(256000K), 0.0011917 secs] [Times: user=0.06 sys=0.00, real=0.00 secs] 
2438.992: [GC (Allocation Failure) 2438.992: [ParNew: 94164K->0K(153600K), 0.0012119 secs] 95293K->1129K(256000K), 0.0013757 secs] [Times: user=0.00 sys=0.00, real=0.00 secs] 
2440.012: [GC (Allocation Failure) 2440.012: [ParNew: 94164K->0K(153600K), 0.0009182 secs] 95293K->1129K(256000K), 0.0010630 secs] [Times: user=0.00 sys=0.00, real=0.00 secs] 
2441.033: [GC (Allocation Failure) 2441.033: [ParNew: 94164K->0K(153600K), 0.0008487 secs] 95293K->1129K(256000K), 0.0009549 secs] [Times: user=0.00 sys=0.00, real=0.00 secs] 
2442.052: [GC (Allocation Failure) 2442.052: [ParNew: 94164K->0K(153600K), 0.0012497 secs] 95293K->1129K(256000K), 0.0014076 secs] [Times: user=0.00 sys=0.00, real=0.00 secs] 
2444.073: [GC (Allocation Failure) 2444.073: [ParNew: 94164K->0K(153600K), 0.0005897 secs] 95293K->1129K(256000K), 0.0006746 secs] [Times: user=0.00 sys=0.00, real=0.00 secs] 
2445.086: [GC (Allocation Failure) 2445.087: [ParNew: 94164K->0K(153600K), 0.0009829 secs] 95293K->1129K(256000K), 0.0011396 secs] [Times: user=0.00 sys=0.00, real=0.00 secs] 
2446.107: [GC (Allocation Failure) 2446.107: [ParNew: 94164K->0K(153600K), 0.0010674 secs] 95293K->1129K(256000K), 0.0012083 secs] [Times: user=0.00 sys=0.00, real=0.00 secs] 
2447.128: [GC (Allocation Failure) 2447.128: [ParNew: 94164K->0K(153600K), 0.0008728 secs] 95293K->1129K(256000K), 0.0009908 secs] [Times: user=0.06 sys=0.00, real=0.00 secs] 
2448.144: [GC (Allocation Failure) 2448.144: [ParNew: 94164K->0K(153600K), 0.0004334 secs] 95293K->1129K(256000K), 0.0005037 secs] [Times: user=0.00 sys=0.00, real=0.00 secs] 
2449.156: [GC (Allocation Failure) 2449.156: [ParNew: 94164K->0K(153600K), 0.0003730 secs] 95293K->1129K(256000K), 0.0004378 secs] [Times: user=0.00 sys=0.00, real=0.00 secs] 
2450.172: [GC (Allocation Failure) 2450.173: [ParNew: 94164K->0K(153600K), 0.0010938 secs] 95293K->1129K(256000K), 0.0012450 secs] [Times: user=0.00 sys=0.00, real=0.00 secs] 
2451.187: [GC (Allocation Failure) 2451.187: [ParNew: 94164K->0K(153600K), 0.0005120 secs] 95293K->1129K(256000K), 0.0005870 secs] [Times: user=0.00 sys=0.00, real=0.00 secs] 
2453.202: [GC (Allocation Failure) 2453.202: [ParNew: 94164K->0K(153600K), 0.0011463 secs] 95293K->1129K(256000K), 0.0012876 secs] [Times: user=0.00 sys=0.00, real=0.00 secs] 
2454.221: [GC (Allocation Failure) 2454.221: [ParNew: 94164K->0K(153600K), 0.0006253 secs] 95293K->1129K(256000K), 0.0006991 secs] [Times: user=0.00 sys=0.00, real=0.00 secs] 
2455.233: [GC (Allocation Failure) 2455.233: [ParNew: 94164K->0K(153600K), 0.0006083 secs] 95293K->1129K(256000K), 0.0006932 secs] [Times: user=0.00 sys=0.00, real=0.00 secs] 
2456.246: [GC (Allocation Failure) 2456.246: [ParNew: 94164K->0K(153600K), 0.0003829 secs] 95293K->1129K(256000K), 0.0004449 secs] [Times: user=0.00 sys=0.00, real=0.00 secs] 
2457.260: [GC (Allocation Failure) 2457.260: [ParNew: 94164K->0K(153600K), 0.0008969 secs] 95293K->1129K(256000K), 0.0010299 secs] [Times: user=0.00 sys=0.00, real=0.00 secs] 
2458.282: [GC (Allocation Failure) 2458.282: [ParNew: 94164K->0K(153600K), 0.0009324 secs] 95293K->1129K(256000K), 0.0010575 secs] [Times: user=0.00 sys=0.00, real=0.00 secs] 
2459.297: [GC (Allocation Failure) 2459.297: [ParNew: 94164K->0K(153600K), 0.0007492 secs] 95293K->1129K(256000K), 0.0008459 secs] [Times: user=0.00 sys=0.00, real=0.00 secs] 
2460.316: [GC (Allocation Failure) 2460.316: [ParNew: 94164K->0K(153600K), 0.0009170 secs] 95293K->1129K(256000K), 0.0010390 secs] [Times: user=0.06 sys=0.00, real=0.00 secs] 
2462.330: [GC (Allocation Failure) 2462.330: [ParNew: 94164K->0K(153600K), 0.0008913 secs] 95293K->1129K(256000K), 0.0010074 secs] [Times: user=0.00 sys=0.00, real=0.00 secs] 
2463.350: [GC (Allocation Failure) 2463.350: [ParNew: 94164K->0K(153600K), 0.0009379 secs] 95293K->1129K(256000K), 0.0010942 secs] [Times: user=0.00 sys=0.00, real=0.00 secs] 
2464.369: [GC (Allocation Failure) 2464.369: [ParNew: 94164K->0K(153600K), 0.0009138 secs] 95293K->1129K(256000K), 0.0010686 secs] [Times: user=0.00 sys=0.00, real=0.00 secs] 
2465.386: [GC (Allocation Failure) 2465.386: [ParNew: 94164K->0K(153600K), 0.0003734 secs] 95293K->1129K(256000K), 0.0004330 secs] [Times: user=0.00 sys=0.00, real=0.00 secs] 
2466.399: [GC (Allocation Failure) 2466.399: [ParNew: 94164K->0K(153600K), 0.0009486 secs] 95293K->1129K(256000K), 0.0010800 secs] [Times: user=0.00 sys=0.00, real=0.00 secs] 
2467.419: [GC (Allocation Failure) 2467.419: [ParNew: 94164K->0K(153600K), 0.0009486 secs] 95293K->1129K(256000K), 0.0010591 secs] [Times: user=0.00 sys=0.00, real=0.00 secs] 
2468.440: [GC (Allocation Failure) 2468.440: [ParNew: 94164K->0K(153600K), 0.0008894 secs] 95293K->1129K(256000K), 0.0010172 secs] [Times: user=0.00 sys=0.00, real=0.00 secs] 
2469.461: [GC (Allocation Failure) 2469.461: [ParNew: 94164K->0K(153600K), 0.0011163 secs] 95293K->1129K(256000K), 0.0012703 secs] [Times: user=0.00 sys=0.00, real=0.00 secs] 
2471.481: [GC (Allocation Failure) 2471.481: [ParNew: 94164K->0K(153600K), 0.0008850 secs] 95293K->1129K(256000K), 0.0010022 secs] [Times: user=0.00 sys=0.00, real=0.00 secs] 
2472.500: [GC (Allocation Failure) 2472.500: [ParNew: 94164K->0K(153600K), 0.0009600 secs] 95293K->1129K(256000K), 0.0010662 secs] [Times: user=0.00 sys=0.00, real=0.00 secs] 
2473.520: [GC (Allocation Failure) 2473.520: [ParNew: 94164K->0K(153600K), 0.0009122 secs] 95293K->1129K(256000K), 0.0010500 secs] [Times: user=0.00 sys=0.00, real=0.00 secs] 
2474.539: [GC (Allocation Failure) 2474.539: [ParNew: 94164K->0K(153600K), 0.0008795 secs] 95293K->1129K(256000K), 0.0009959 secs] [Times: user=0.00 sys=0.00, real=0.00 secs] 
2475.558: [GC (Allocation Failure) 2475.558: [ParNew: 94164K->0K(153600K), 0.0009004 secs] 95293K->1129K(256000K), 0.0010279 secs] [Times: user=0.00 sys=0.00, real=0.00 secs] 
2476.573: [GC (Allocation Failure) 2476.573: [ParNew: 94164K->0K(153600K), 0.0003683 secs] 95293K->1129K(256000K), 0.0004437 secs] [Times: user=0.00 sys=0.00, real=0.00 secs] 
2477.590: [GC (Allocation Failure) 2477.590: [ParNew: 94164K->0K(153600K), 0.0008866 secs] 95293K->1129K(256000K), 0.0010397 secs] [Times: user=0.00 sys=0.00, real=0.00 secs] 
2478.609: [GC (Allocation Failure) 2478.609: [ParNew: 94164K->0K(153600K), 0.0009276 secs] 95293K->1129K(256000K), 0.0010832 secs] [Times: user=0.00 sys=0.00, real=0.00 secs] 
2480.622: [GC (Allocation Failure) 2480.622: [ParNew: 94164K->0K(153600K), 0.0005226 secs] 95293K->1129K(256000K), 0.0005905 secs] [Times: user=0.00 sys=0.00, real=0.00 secs] 
2481.635: [GC (Allocation Failure) 2481.635: [ParNew: 94164K->0K(153600K), 0.0009253 secs] 95293K->1129K(256000K), 0.0010421 secs] [Times: user=0.00 sys=0.00, real=0.00 secs] 
2482.656: [GC (Allocation Failure) 2482.656: [ParNew: 94164K->0K(153600K), 0.0009103 secs] 95293K->1129K(256000K), 0.0010421 secs] [Times: user=0.00 sys=0.00, real=0.00 secs] 
2483.676: [GC (Allocation Failure) 2483.676: [ParNew: 94164K->0K(153600K), 0.0009490 secs] 95293K->1129K(256000K), 0.0010780 secs] [Times: user=0.06 sys=0.00, real=0.00 secs] 
2484.696: [GC (Allocation Failure) 2484.696: [ParNew: 94164K->0K(153600K), 0.0008878 secs] 95293K->1129K(256000K), 0.0010090 secs] [Times: user=0.00 sys=0.00, real=0.00 secs] 
2485.715: [GC (Allocation Failure) 2485.715: [ParNew: 94164K->0K(153600K), 0.0009044 secs] 95293K->1129K(256000K), 0.0010137 secs] [Times: user=0.00 sys=0.00, real=0.00 secs] 
2486.734: [GC (Allocation Failure) 2486.734: [ParNew: 94164K->0K(153600K), 0.0009438 secs] 95293K->1129K(256000K), 0.0010840 secs] [Times: user=0.00 sys=0.00, real=0.00 secs] 
2487.753: [GC (Allocation Failure) 2487.753: [ParNew: 94164K->0K(153600K), 0.0009722 secs] 95293K->1129K(256000K), 0.0011195 secs] [Times: user=0.06 sys=0.00, real=0.00 secs] 
2489.772: [GC (Allocation Failure) 2489.772: [ParNew: 94164K->0K(153600K), 0.0008621 secs] 95293K->1129K(256000K), 0.0010038 secs] [Times: user=0.00 sys=0.00, real=0.00 secs] 
2490.790: [GC (Allocation Failure) 2490.790: [ParNew: 94164K->0K(153600K), 0.0008601 secs] 95293K->1129K(256000K), 0.0009876 secs] [Times: user=0.00 sys=0.00, real=0.00 secs] 
2491.809: [GC (Allocation Failure) 2491.809: [ParNew: 94164K->0K(153600K), 0.0009750 secs] 95293K->1129K(256000K), 0.0011080 secs] [Times: user=0.00 sys=0.00, real=0.00 secs] 
2492.828: [GC (Allocation Failure) 2492.828: [ParNew: 94164K->0K(153600K), 0.0009154 secs] 95293K->1129K(256000K), 0.0010520 secs] [Times: user=0.00 sys=0.00, real=0.00 secs] 
2493.848: [GC (Allocation Failure) 2493.848: [ParNew: 94164K->0K(153600K), 0.0009051 secs] 95293K->1129K(256000K), 0.0010244 secs] [Times: user=0.00 sys=0.02, real=0.00 secs] 
2494.869: [GC (Allocation Failure) 2494.869: [ParNew: 94164K->0K(153600K), 0.0010220 secs] 95293K->1129K(256000K), 0.0011755 secs] [Times: user=0.00 sys=0.00, real=0.00 secs] 
2495.884: [GC (Allocation Failure) 2495.884: [ParNew: 94164K->0K(153600K), 0.0003711 secs] 95293K->1129K(256000K), 0.0004243 secs] [Times: user=0.00 sys=0.00, real=0.00 secs] 
2496.898: [GC (Allocation Failure) 2496.898: [ParNew: 94164K->0K(153600K), 0.0005380 secs] 95293K->1129K(256000K), 0.0006324 secs] [Times: user=0.00 sys=0.00, real=0.00 secs] 
2498.915: [GC (Allocation Failure) 2498.915: [ParNew: 94164K->0K(153600K), 0.0008811 secs] 95293K->1129K(256000K), 0.0010034 secs] [Times: user=0.00 sys=0.00, real=0.00 secs] 
2499.935: [GC (Allocation Failure) 2499.935: [ParNew: 94164K->0K(153600K), 0.0009229 secs] 95293K->1129K(256000K), 0.0010516 secs] [Times: user=0.00 sys=0.00, real=0.00 secs] 
2500.954: [GC (Allocation Failure) 2500.954: [ParNew: 94164K->0K(153600K), 0.0009332 secs] 95293K->1129K(256000K), 0.0010713 secs] [Times: user=0.00 sys=0.00, real=0.00 secs] 
2501.972: [GC (Allocation Failure) 2501.972: [ParNew: 94164K->0K(153600K), 0.0008372 secs] 95293K->1129K(256000K), 0.0009197 secs] [Times: user=0.00 sys=0.00, real=0.00 secs] 
2502.991: [GC (Allocation Failure) 2502.991: [ParNew: 94164K->0K(153600K), 0.0011309 secs] 95293K->1129K(256000K), 0.0013524 secs] [Times: user=0.00 sys=0.00, real=0.00 secs] 
2504.013: [GC (Allocation Failure) 2504.013: [ParNew: 94164K->0K(153600K), 0.0010611 secs] 95293K->1129K(256000K), 0.0011826 secs] [Times: user=0.00 sys=0.00, real=0.00 secs] 
2505.033: [GC (Allocation Failure) 2505.033: [ParNew: 94164K->0K(153600K), 0.0009099 secs] 95293K->1129K(256000K), 0.0010267 secs] [Times: user=0.00 sys=0.00, real=0.00 secs] 
2506.053: [GC (Allocation Failure) 2506.053: [ParNew: 94164K->0K(153600K), 0.0008878 secs] 95293K->1129K(256000K), 0.0010121 secs] [Times: user=0.00 sys=0.00, real=0.00 secs] 
2508.065: [GC (Allocation Failure) 2508.065: [ParNew: 94164K->0K(153600K), 0.0010607 secs] 95293K->1129K(256000K), 0.0011890 secs] [Times: user=0.00 sys=0.00, real=0.00 secs] 
2509.084: [GC (Allocation Failure) 2509.084: [ParNew: 94164K->0K(153600K), 0.0009245 secs] 95293K->1129K(256000K), 0.0010366 secs] [Times: user=0.00 sys=0.00, real=0.00 secs] 
2510.102: [GC (Allocation Failure) 2510.102: [ParNew: 94164K->0K(153600K), 0.0005826 secs] 95293K->1129K(256000K), 0.0006734 secs] [Times: user=0.00 sys=0.00, real=0.00 secs] 
2511.114: [GC (Allocation Failure) 2511.114: [ParNew: 94164K->0K(153600K), 0.0003892 secs] 95293K->1129K(256000K), 0.0004583 secs] [Times: user=0.00 sys=0.00, real=0.00 secs] 
2512.128: [GC (Allocation Failure) 2512.128: [ParNew: 94164K->0K(153600K), 0.0009430 secs] 95293K->1129K(256000K), 0.0010678 secs] [Times: user=0.05 sys=0.00, real=0.00 secs] 
2513.148: [GC (Allocation Failure) 2513.148: [ParNew: 94164K->0K(153600K), 0.0009888 secs] 95293K->1129K(256000K), 0.0011144 secs] [Times: user=0.00 sys=0.00, real=0.00 secs] 
2514.171: [GC (Allocation Failure) 2514.171: [ParNew: 94164K->0K(153600K), 0.0007536 secs] 95293K->1129K(256000K), 0.0008609 secs] [Times: user=0.00 sys=0.00, real=0.00 secs] 
2515.184: [GC (Allocation Failure) 2515.184: [ParNew: 94164K->0K(153600K), 0.0004346 secs] 95293K->1129K(256000K), 0.0004966 secs] [Times: user=0.00 sys=0.00, real=0.00 secs] 
2517.195: [GC (Allocation Failure) 2517.195: [ParNew: 94164K->0K(153600K), 0.0003643 secs] 95293K->1129K(256000K), 0.0004287 secs] [Times: user=0.00 sys=0.00, real=0.00 secs] 
2518.206: [GC (Allocation Failure) 2518.206: [ParNew: 94164K->0K(153600K), 0.0004018 secs] 95293K->1129K(256000K), 0.0004737 secs] [Times: user=0.06 sys=0.00, real=0.00 secs] 
2519.218: [GC (Allocation Failure) 2519.219: [ParNew: 94164K->0K(153600K), 0.0009245 secs] 95293K->1129K(256000K), 0.0010532 secs] [Times: user=0.00 sys=0.00, real=0.00 secs] 
2520.237: [GC (Allocation Failure) 2520.237: [ParNew: 94164K->0K(153600K), 0.0009904 secs] 95293K->1129K(256000K), 0.0011199 secs] [Times: user=0.00 sys=0.00, real=0.00 secs] 
2521.262: [GC (Allocation Failure) 2521.262: [ParNew: 94164K->0K(153600K), 0.0011657 secs] 95293K->1129K(256000K), 0.0013441 secs] [Times: user=0.00 sys=0.00, real=0.00 secs] 
2522.283: [GC (Allocation Failure) 2522.283: [ParNew: 94164K->0K(153600K), 0.0008605 secs] 95293K->1129K(256000K), 0.0009778 secs] [Times: user=0.00 sys=0.00, real=0.00 secs] 
2523.305: [GC (Allocation Failure) 2523.305: [ParNew: 94164K->0K(153600K), 0.0008716 secs] 95293K->1129K(256000K), 0.0010015 secs] [Times: user=0.00 sys=0.00, real=0.00 secs] 
2524.326: [GC (Allocation Failure) 2524.326: [ParNew: 94164K->0K(153600K), 0.0009411 secs] 95293K->1129K(256000K), 0.0010780 secs] [Times: user=0.00 sys=0.00, real=0.00 secs] 
2526.345: [GC (Allocation Failure) 2526.345: [ParNew: 94164K->0K(153600K), 0.0009146 secs] 95293K->1129K(256000K), 0.0010587 secs] [Times: user=0.00 sys=0.00, real=0.00 secs] 
2527.363: [GC (Allocation Failure) 2527.363: [ParNew: 94164K->0K(153600K), 0.0004638 secs] 95293K->1129K(256000K), 0.0005357 secs] [Times: user=0.00 sys=0.00, real=0.00 secs] 
2528.377: [GC (Allocation Failure) 2528.377: [ParNew: 94164K->0K(153600K), 0.0004125 secs] 95293K->1129K(256000K), 0.0004832 secs] [Times: user=0.00 sys=0.00, real=0.00 secs] 
2529.391: [GC (Allocation Failure) 2529.391: [ParNew: 94164K->0K(153600K), 0.0008917 secs] 95293K->1129K(256000K), 0.0010101 secs] [Times: user=0.00 sys=0.00, real=0.00 secs] 
2530.411: [GC (Allocation Failure) 2530.411: [ParNew: 94164K->0K(153600K), 0.0008874 secs] 95293K->1129K(256000K), 0.0010267 secs] [Times: user=0.00 sys=0.00, real=0.00 secs] 
2531.429: [GC (Allocation Failure) 2531.429: [ParNew: 94164K->0K(153600K), 0.0011578 secs] 95293K->1129K(256000K), 0.0013251 secs] [Times: user=0.00 sys=0.00, real=0.00 secs] 
2532.449: [GC (Allocation Failure) 2532.449: [ParNew: 94164K->0K(153600K), 0.0009486 secs] 95293K->1129K(256000K), 0.0010769 secs] [Times: user=0.00 sys=0.00, real=0.00 secs] 
2533.467: [GC (Allocation Failure) 2533.467: [ParNew: 94164K->0K(153600K), 0.0010390 secs] 95293K->1129K(256000K), 0.0012458 secs] [Times: user=0.00 sys=0.00, real=0.00 secs] 
2535.487: [GC (Allocation Failure) 2535.487: [ParNew: 94164K->0K(153600K), 0.0005921 secs] 95293K->1129K(256000K), 0.0006734 secs] [Times: user=0.00 sys=0.00, real=0.00 secs] 
2536.500: [GC (Allocation Failure) 2536.500: [ParNew: 94164K->0K(153600K), 0.0010350 secs] 95293K->1129K(256000K), 0.0011783 secs] [Times: user=0.00 sys=0.00, real=0.00 secs] 
2537.518: [GC (Allocation Failure) 2537.518: [ParNew: 94164K->0K(153600K), 0.0004488 secs] 95293K->1129K(256000K), 0.0005203 secs] [Times: user=0.00 sys=0.00, real=0.00 secs] 
2538.531: [GC (Allocation Failure) 2538.531: [ParNew: 94164K->0K(153600K), 0.0005704 secs] 95293K->1129K(256000K), 0.0006517 secs] [Times: user=0.00 sys=0.00, real=0.00 secs] 
2539.546: [GC (Allocation Failure) 2539.546: [ParNew: 94164K->0K(153600K), 0.0008684 secs] 95293K->1129K(256000K), 0.0009892 secs] [Times: user=0.00 sys=0.00, real=0.00 secs] 
2540.562: [GC (Allocation Failure) 2540.562: [ParNew: 94164K->0K(153600K), 0.0004137 secs] 95293K->1129K(256000K), 0.0004808 secs] [Times: user=0.00 sys=0.00, real=0.00 secs] 
2541.577: [GC (Allocation Failure) 2541.577: [ParNew: 94164K->0K(153600K), 0.0008578 secs] 95293K->1129K(256000K), 0.0009944 secs] [Times: user=0.00 sys=0.00, real=0.00 secs] 
2542.591: [GC (Allocation Failure) 2542.591: [ParNew: 94164K->0K(153600K), 0.0003908 secs] 95293K->1129K(256000K), 0.0004634 secs] [Times: user=0.00 sys=0.00, real=0.00 secs] 
2544.608: [GC (Allocation Failure) 2544.608: [ParNew: 94164K->0K(153600K), 0.0008819 secs] 95293K->1129K(256000K), 0.0010078 secs] [Times: user=0.00 sys=0.00, real=0.00 secs] 
2545.628: [GC (Allocation Failure) 2545.628: [ParNew: 94164K->0K(153600K), 0.0009158 secs] 95293K->1129K(256000K), 0.0010354 secs] [Times: user=0.00 sys=0.00, real=0.00 secs] 
2546.646: [GC (Allocation Failure) 2546.646: [ParNew: 94164K->0K(153600K), 0.0009142 secs] 95293K->1129K(256000K), 0.0010469 secs] [Times: user=0.00 sys=0.00, real=0.00 secs] 
2547.662: [GC (Allocation Failure) 2547.662: [ParNew: 94164K->0K(153600K), 0.0005929 secs] 95293K->1129K(256000K), 0.0006758 secs] [Times: user=0.00 sys=0.00, real=0.00 secs] 
2548.677: [GC (Allocation Failure) 2548.677: [ParNew: 94164K->0K(153600K), 0.0011586 secs] 95293K->1129K(256000K), 0.0012967 secs] [Times: user=0.00 sys=0.00, real=0.00 secs] 
2549.696: [GC (Allocation Failure) 2549.696: [ParNew: 94164K->0K(153600K), 0.0008692 secs] 95293K->1129K(256000K), 0.0009790 secs] [Times: user=0.00 sys=0.00, real=0.00 secs] 
2550.716: [GC (Allocation Failure) 2550.716: [ParNew: 94164K->0K(153600K), 0.0008751 secs] 95293K->1129K(256000K), 0.0010109 secs] [Times: user=0.00 sys=0.00, real=0.00 secs] 
2551.729: [GC (Allocation Failure) 2551.729: [ParNew: 94164K->0K(153600K), 0.0004318 secs] 95293K->1129K(256000K), 0.0004942 secs] [Times: user=0.00 sys=0.00, real=0.00 secs] 
2553.749: [GC (Allocation Failure) 2553.749: [ParNew: 94164K->0K(153600K), 0.0009095 secs] 95293K->1129K(256000K), 0.0010322 secs] [Times: user=0.00 sys=0.00, real=0.00 secs] 
2554.767: [GC (Allocation Failure) 2554.767: [ParNew: 94164K->0K(153600K), 0.0009336 secs] 95293K->1129K(256000K), 0.0010686 secs] [Times: user=0.00 sys=0.00, real=0.00 secs] 
2555.786: [GC (Allocation Failure) 2555.786: [ParNew: 94164K->0K(153600K), 0.0009178 secs] 95293K->1129K(256000K), 0.0010555 secs] [Times: user=0.00 sys=0.00, real=0.00 secs] 
2556.803: [GC (Allocation Failure) 2556.803: [ParNew: 94164K->0K(153600K), 0.0003620 secs] 95293K->1129K(256000K), 0.0004200 secs] [Times: user=0.00 sys=0.00, real=0.00 secs] 
2557.817: [GC (Allocation Failure) 2557.817: [ParNew: 94164K->0K(153600K), 0.0008590 secs] 95293K->1129K(256000K), 0.0009872 secs] [Times: user=0.00 sys=0.00, real=0.00 secs] 
2558.836: [GC (Allocation Failure) 2558.836: [ParNew: 94164K->0K(153600K), 0.0009501 secs] 95293K->1129K(256000K), 0.0010816 secs] [Times: user=0.00 sys=0.00, real=0.00 secs] 
2559.859: [GC (Allocation Failure) 2559.859: [ParNew: 94164K->0K(153600K), 0.0008826 secs] 95293K->1129K(256000K), 0.0010019 secs] [Times: user=0.00 sys=0.00, real=0.00 secs] 
2560.878: [GC (Allocation Failure) 2560.878: [ParNew: 94164K->0K(153600K), 0.0009454 secs] 95293K->1129K(256000K), 0.0010922 secs] [Times: user=0.06 sys=0.00, real=0.00 secs] 
2562.899: [GC (Allocation Failure) 2562.899: [ParNew: 94164K->0K(153600K), 0.0008728 secs] 95293K->1129K(256000K), 0.0010078 secs] [Times: user=0.00 sys=0.00, real=0.00 secs] 
2563.917: [GC (Allocation Failure) 2563.917: [ParNew: 94164K->0K(153600K), 0.0009245 secs] 95293K->1129K(256000K), 0.0010567 secs] [Times: user=0.00 sys=0.00, real=0.00 secs] 
2564.936: [GC (Allocation Failure) 2564.936: [ParNew: 94164K->0K(153600K), 0.0008609 secs] 95293K->1129K(256000K), 0.0009805 secs] [Times: user=0.00 sys=0.00, real=0.00 secs] 
2565.955: [GC (Allocation Failure) 2565.955: [ParNew: 94164K->0K(153600K), 0.0008972 secs] 95293K->1129K(256000K), 0.0010283 secs] [Times: user=0.00 sys=0.00, real=0.00 secs] 
2566.981: [GC (Allocation Failure) 2566.982: [ParNew: 94164K->0K(153600K), 0.0009316 secs] 95293K->1129K(256000K), 0.0010749 secs] [Times: user=0.00 sys=0.00, real=0.00 secs] 
2568.002: [GC (Allocation Failure) 2568.002: [ParNew: 94164K->0K(153600K), 0.0009517 secs] 95293K->1129K(256000K), 0.0010954 secs] [Times: user=0.00 sys=0.00, real=0.00 secs] 
2569.017: [GC (Allocation Failure) 2569.017: [ParNew: 94164K->0K(153600K), 0.0004701 secs] 95293K->1129K(256000K), 0.0006012 secs] [Times: user=0.00 sys=0.00, real=0.00 secs] 
2570.035: [GC (Allocation Failure) 2570.035: [ParNew: 94164K->0K(153600K), 0.0009438 secs] 95293K->1129K(256000K), 0.0011017 secs] [Times: user=0.00 sys=0.00, real=0.00 secs] 
2572.057: [GC (Allocation Failure) 2572.057: [ParNew: 94164K->0K(153600K), 0.0009115 secs] 95293K->1129K(256000K), 0.0010188 secs] [Times: user=0.00 sys=0.00, real=0.00 secs] 
2573.075: [GC (Allocation Failure) 2573.075: [ParNew: 94164K->0K(153600K), 0.0005021 secs] 95293K->1129K(256000K), 0.0005854 secs] [Times: user=0.00 sys=0.00, real=0.00 secs] 
2574.089: [GC (Allocation Failure) 2574.089: [ParNew: 94164K->0K(153600K), 0.0004512 secs] 95293K->1129K(256000K), 0.0005143 secs] [Times: user=0.00 sys=0.00, real=0.00 secs] 
2575.102: [GC (Allocation Failure) 2575.102: [ParNew: 94164K->0K(153600K), 0.0010871 secs] 95293K->1129K(256000K), 0.0012241 secs] [Times: user=0.00 sys=0.00, real=0.00 secs] 
2576.121: [GC (Allocation Failure) 2576.121: [ParNew: 94164K->0K(153600K), 0.0009197 secs] 95293K->1129K(256000K), 0.0010346 secs] [Times: user=0.00 sys=0.00, real=0.00 secs] 
2577.142: [GC (Allocation Failure) 2577.142: [ParNew: 94164K->0K(153600K), 0.0008807 secs] 95293K->1129K(256000K), 0.0010094 secs] [Times: user=0.00 sys=0.00, real=0.00 secs] 
2578.157: [GC (Allocation Failure) 2578.157: [ParNew: 94164K->0K(153600K), 0.0003790 secs] 95293K->1129K(256000K), 0.0004480 secs] [Times: user=0.00 sys=0.00, real=0.00 secs] 
2579.178: [GC (Allocation Failure) 2579.178: [ParNew: 94164K->0K(153600K), 0.0009979 secs] 95293K->1129K(256000K), 0.0011479 secs] [Times: user=0.00 sys=0.00, real=0.00 secs] 
2581.191: [GC (Allocation Failure) 2581.191: [ParNew: 94164K->0K(153600K), 0.0009340 secs] 95293K->1129K(256000K), 0.0010607 secs] [Times: user=0.06 sys=0.00, real=0.00 secs] 
2582.211: [GC (Allocation Failure) 2582.211: [ParNew: 94164K->0K(153600K), 0.0008909 secs] 95293K->1129K(256000K), 0.0009995 secs] [Times: user=0.00 sys=0.00, real=0.00 secs] 
2583.229: [GC (Allocation Failure) 2583.229: [ParNew: 94164K->0K(153600K), 0.0010895 secs] 95293K->1129K(256000K), 0.0012312 secs] [Times: user=0.00 sys=0.00, real=0.00 secs] 
2584.248: [GC (Allocation Failure) 2584.248: [ParNew: 94164K->0K(153600K), 0.0009075 secs] 95293K->1129K(256000K), 0.0010283 secs] [Times: user=0.00 sys=0.00, real=0.00 secs] 
2585.267: [GC (Allocation Failure) 2585.267: [ParNew: 94164K->0K(153600K), 0.0008728 secs] 95293K->1129K(256000K), 0.0010030 secs] [Times: user=0.00 sys=0.00, real=0.00 secs] 
2586.285: [GC (Allocation Failure) 2586.286: [ParNew: 94164K->0K(153600K), 0.0008886 secs] 95293K->1129K(256000K), 0.0009971 secs] [Times: user=0.00 sys=0.00, real=0.00 secs] 
2587.305: [GC (Allocation Failure) 2587.305: [ParNew: 94164K->0K(153600K), 0.0008972 secs] 95293K->1129K(256000K), 0.0010263 secs] [Times: user=0.00 sys=0.00, real=0.00 secs] 
2588.324: [GC (Allocation Failure) 2588.324: [ParNew: 94164K->0K(153600K), 0.0008704 secs] 95293K->1129K(256000K), 0.0009726 secs] [Times: user=0.00 sys=0.00, real=0.00 secs] 
2590.343: [GC (Allocation Failure) 2590.343: [ParNew: 94164K->0K(153600K), 0.0008929 secs] 95293K->1129K(256000K), 0.0010141 secs] [Times: user=0.00 sys=0.00, real=0.00 secs] 
2591.360: [GC (Allocation Failure) 2591.360: [ParNew: 94164K->0K(153600K), 0.0004840 secs] 95293K->1129K(256000K), 0.0005633 secs] [Times: user=0.00 sys=0.00, real=0.00 secs] 
2592.374: [GC (Allocation Failure) 2592.374: [ParNew: 94164K->0K(153600K), 0.0008949 secs] 95293K->1129K(256000K), 0.0009955 secs] [Times: user=0.00 sys=0.00, real=0.00 secs] 
2593.392: [GC (Allocation Failure) 2593.392: [ParNew: 94164K->0K(153600K), 0.0010378 secs] 95293K->1129K(256000K), 0.0011854 secs] [Times: user=0.00 sys=0.00, real=0.00 secs] 
2594.412: [GC (Allocation Failure) 2594.412: [ParNew: 94164K->0K(153600K), 0.0008850 secs] 95293K->1129K(256000K), 0.0010121 secs] [Times: user=0.00 sys=0.00, real=0.00 secs] 
2595.433: [GC (Allocation Failure) 2595.433: [ParNew: 94164K->0K(153600K), 0.0008724 secs] 95293K->1129K(256000K), 0.0010113 secs] [Times: user=0.00 sys=0.00, real=0.00 secs] 
2596.452: [GC (Allocation Failure) 2596.452: [ParNew: 94164K->0K(153600K), 0.0009213 secs] 95293K->1129K(256000K), 0.0010271 secs] [Times: user=0.00 sys=0.00, real=0.00 secs] 
2597.471: [GC (Allocation Failure) 2597.471: [ParNew: 94164K->0K(153600K), 0.0009225 secs] 95293K->1129K(256000K), 0.0010591 secs] [Times: user=0.00 sys=0.00, real=0.00 secs] 
2599.491: [GC (Allocation Failure) 2599.491: [ParNew: 94164K->0K(153600K), 0.0009154 secs] 95293K->1129K(256000K), 0.0010532 secs] [Times: user=0.00 sys=0.00, real=0.00 secs] 
2600.510: [GC (Allocation Failure) 2600.510: [ParNew: 94164K->0K(153600K), 0.0009213 secs] 95293K->1129K(256000K), 0.0010413 secs] [Times: user=0.00 sys=0.00, real=0.00 secs] 
2601.528: [GC (Allocation Failure) 2601.528: [ParNew: 94164K->0K(153600K), 0.0009438 secs] 95293K->1129K(256000K), 0.0010555 secs] [Times: user=0.00 sys=0.00, real=0.00 secs] 
2602.544: [GC (Allocation Failure) 2602.544: [ParNew: 94164K->0K(153600K), 0.0009075 secs] 95293K->1129K(256000K), 0.0010251 secs] [Times: user=0.00 sys=0.00, real=0.00 secs] 
2603.562: [GC (Allocation Failure) 2603.562: [ParNew: 94164K->0K(153600K), 0.0008669 secs] 95293K->1129K(256000K), 0.0009817 secs] [Times: user=0.00 sys=0.00, real=0.00 secs] 
2604.577: [GC (Allocation Failure) 2604.577: [ParNew: 94164K->0K(153600K), 0.0003880 secs] 95293K->1129K(256000K), 0.0004524 secs] [Times: user=0.00 sys=0.00, real=0.00 secs] 
2605.594: [GC (Allocation Failure) 2605.594: [ParNew: 94164K->0K(153600K), 0.0009782 secs] 95293K->1129K(256000K), 0.0011120 secs] [Times: user=0.00 sys=0.00, real=0.00 secs] 
2606.612: [GC (Allocation Failure) 2606.613: [ParNew: 94164K->0K(153600K), 0.0009008 secs] 95293K->1129K(256000K), 0.0010334 secs] [Times: user=0.06 sys=0.00, real=0.00 secs] 
2608.629: [GC (Allocation Failure) 2608.629: [ParNew: 94164K->0K(153600K), 0.0009403 secs] 95293K->1129K(256000K), 0.0010725 secs] [Times: user=0.00 sys=0.00, real=0.00 secs] 
2609.646: [GC (Allocation Failure) 2609.647: [ParNew: 94164K->0K(153600K), 0.0004808 secs] 95293K->1129K(256000K), 0.0005463 secs] [Times: user=0.00 sys=0.00, real=0.00 secs] 
2610.659: [GC (Allocation Failure) 2610.659: [ParNew: 94164K->0K(153600K), 0.0009391 secs] 95293K->1129K(256000K), 0.0010804 secs] [Times: user=0.00 sys=0.01, real=0.00 secs] 
2611.678: [GC (Allocation Failure) 2611.678: [ParNew: 94164K->0K(153600K), 0.0005116 secs] 95293K->1129K(256000K), 0.0005878 secs] [Times: user=0.00 sys=0.00, real=0.00 secs] 
2612.693: [GC (Allocation Failure) 2612.694: [ParNew: 94164K->0K(153600K), 0.0009016 secs] 95293K->1129K(256000K), 0.0010109 secs] [Times: user=0.00 sys=0.00, real=0.00 secs] 
2613.712: [GC (Allocation Failure) 2613.712: [ParNew: 94164K->0K(153600K), 0.0008605 secs] 95293K->1129K(256000K), 0.0009647 secs] [Times: user=0.00 sys=0.00, real=0.00 secs] 
2614.731: [GC (Allocation Failure) 2614.732: [ParNew: 94164K->0K(153600K), 0.0009280 secs] 95293K->1129K(256000K), 0.0010603 secs] [Times: user=0.00 sys=0.00, real=0.00 secs] 
2615.751: [GC (Allocation Failure) 2615.751: [ParNew: 94164K->0K(153600K), 0.0009624 secs] 95293K->1129K(256000K), 0.0010844 secs] [Times: user=0.00 sys=0.00, real=0.00 secs] 
2617.770: [GC (Allocation Failure) 2617.770: [ParNew: 94164K->0K(153600K), 0.0012738 secs] 95293K->1129K(256000K), 0.0014278 secs] [Times: user=0.00 sys=0.00, real=0.00 secs] 
2618.789: [GC (Allocation Failure) 2618.789: [ParNew: 94164K->0K(153600K), 0.0003904 secs] 95293K->1129K(256000K), 0.0004504 secs] [Times: user=0.00 sys=0.00, real=0.00 secs] 
2619.799: [GC (Allocation Failure) 2619.799: [ParNew: 94164K->0K(153600K), 0.0005053 secs] 95293K->1129K(256000K), 0.0005672 secs] [Times: user=0.00 sys=0.00, real=0.00 secs] 
2620.814: [GC (Allocation Failure) 2620.814: [ParNew: 94164K->0K(153600K), 0.0009561 secs] 95293K->1129K(256000K), 0.0010646 secs] [Times: user=0.00 sys=0.00, real=0.00 secs] 
2621.830: [GC (Allocation Failure) 2621.830: [ParNew: 94164K->0K(153600K), 0.0004303 secs] 95293K->1129K(256000K), 0.0004832 secs] [Times: user=0.00 sys=0.00, real=0.00 secs] 
2622.844: [GC (Allocation Failure) 2622.844: [ParNew: 94164K->0K(153600K), 0.0008815 secs] 95293K->1129K(256000K), 0.0009991 secs] [Times: user=0.00 sys=0.00, real=0.00 secs] 
2623.863: [GC (Allocation Failure) 2623.863: [ParNew: 94164K->0K(153600K), 0.0008550 secs] 95293K->1129K(256000K), 0.0009628 secs] [Times: user=0.01 sys=0.00, real=0.00 secs] 
2624.882: [GC (Allocation Failure) 2624.882: [ParNew: 94164K->0K(153600K), 0.0010445 secs] 95293K->1129K(256000K), 0.0011901 secs] [Times: user=0.00 sys=0.00, real=0.00 secs] 
2626.902: [GC (Allocation Failure) 2626.902: [ParNew: 94164K->0K(153600K), 0.0009490 secs] 95293K->1129K(256000K), 0.0010899 secs] [Times: user=0.00 sys=0.00, real=0.00 secs] 
2627.920: [GC (Allocation Failure) 2627.920: [ParNew: 94164K->0K(153600K), 0.0009604 secs] 95293K->1129K(256000K), 0.0010721 secs] [Times: user=0.00 sys=0.00, real=0.00 secs] 
2628.940: [GC (Allocation Failure) 2628.940: [ParNew: 94164K->0K(153600K), 0.0009036 secs] 95293K->1129K(256000K), 0.0010346 secs] [Times: user=0.00 sys=0.00, real=0.00 secs] 
2629.958: [GC (Allocation Failure) 2629.958: [ParNew: 94164K->0K(153600K), 0.0008886 secs] 95293K->1129K(256000K), 0.0010370 secs] [Times: user=0.00 sys=0.00, real=0.00 secs] 
2630.977: [GC (Allocation Failure) 2630.977: [ParNew: 94164K->0K(153600K), 0.0009419 secs] 95293K->1129K(256000K), 0.0010753 secs] [Times: user=0.00 sys=0.00, real=0.00 secs] 
2631.995: [GC (Allocation Failure) 2631.995: [ParNew: 94164K->0K(153600K), 0.0009458 secs] 95293K->1129K(256000K), 0.0010820 secs] [Times: user=0.00 sys=0.00, real=0.00 secs] 
2633.014: [GC (Allocation Failure) 2633.014: [ParNew: 94164K->0K(153600K), 0.0009079 secs] 95293K->1129K(256000K), 0.0010228 secs] [Times: user=0.00 sys=0.00, real=0.00 secs] 
2634.034: [GC (Allocation Failure) 2634.034: [ParNew: 94164K->0K(153600K), 0.0009478 secs] 95293K->1129K(256000K), 0.0010765 secs] [Times: user=0.00 sys=0.00, real=0.00 secs] 
2636.053: [GC (Allocation Failure) 2636.053: [ParNew: 94164K->0K(153600K), 0.0003754 secs] 95293K->1129K(256000K), 0.0004378 secs] [Times: user=0.00 sys=0.00, real=0.00 secs] 
2637.065: [GC (Allocation Failure) 2637.065: [ParNew: 94164K->0K(153600K), 0.0009213 secs] 95293K->1129K(256000K), 0.0010358 secs] [Times: user=0.00 sys=0.00, real=0.00 secs] 
2638.083: [GC (Allocation Failure) 2638.083: [ParNew: 94164K->0K(153600K), 0.0009288 secs] 95293K->1129K(256000K), 0.0010433 secs] [Times: user=0.00 sys=0.00, real=0.00 secs] 
2639.103: [GC (Allocation Failure) 2639.103: [ParNew: 94164K->0K(153600K), 0.0008901 secs] 95293K->1129K(256000K), 0.0010133 secs] [Times: user=0.00 sys=0.00, real=0.00 secs] 
2640.122: [GC (Allocation Failure) 2640.122: [ParNew: 94164K->0K(153600K), 0.0008969 secs] 95293K->1129K(256000K), 0.0010192 secs] [Times: user=0.00 sys=0.00, real=0.00 secs] 
2641.135: [GC (Allocation Failure) 2641.135: [ParNew: 94164K->0K(153600K), 0.0003679 secs] 95293K->1129K(256000K), 0.0004378 secs] [Times: user=0.00 sys=0.00, real=0.00 secs] 
2642.158: [GC (Allocation Failure) 2642.158: [ParNew: 94164K->0K(153600K), 0.0009849 secs] 95293K->1129K(256000K), 0.0011088 secs] [Times: user=0.00 sys=0.00, real=0.00 secs] 
2643.173: [GC (Allocation Failure) 2643.173: [ParNew: 94164K->0K(153600K), 0.0004307 secs] 95293K->1129K(256000K), 0.0004891 secs] [Times: user=0.00 sys=0.00, real=0.00 secs] 
2645.188: [GC (Allocation Failure) 2645.188: [ParNew: 94164K->0K(153600K), 0.0008957 secs] 95293K->1129K(256000K), 0.0010180 secs] [Times: user=0.00 sys=0.00, real=0.00 secs] 
2646.206: [GC (Allocation Failure) 2646.206: [ParNew: 94164K->0K(153600K), 0.0008834 secs] 95293K->1129K(256000K), 0.0009991 secs] [Times: user=0.06 sys=0.00, real=0.00 secs] 
2647.247: [GC (Allocation Failure) 2647.248: [ParNew: 94164K->0K(153600K), 0.0008724 secs] 95293K->1129K(256000K), 0.0009959 secs] [Times: user=0.00 sys=0.00, real=0.00 secs] 
2648.263: [GC (Allocation Failure) 2648.263: [ParNew: 94164K->0K(153600K), 0.0009197 secs] 95293K->1129K(256000K), 0.0010619 secs] [Times: user=0.00 sys=0.00, real=0.00 secs] 
2649.284: [GC (Allocation Failure) 2649.284: [ParNew: 94164K->0K(153600K), 0.0005428 secs] 95293K->1129K(256000K), 0.0006407 secs] [Times: user=0.00 sys=0.00, real=0.00 secs] 
2650.298: [GC (Allocation Failure) 2650.298: [ParNew: 94164K->0K(153600K), 0.0004101 secs] 95293K->1129K(256000K), 0.0004745 secs] [Times: user=0.00 sys=0.00, real=0.00 secs] 
2651.312: [GC (Allocation Failure) 2651.312: [ParNew: 94164K->0K(153600K), 0.0008795 secs] 95293K->1129K(256000K), 0.0010516 secs] [Times: user=0.00 sys=0.00, real=0.00 secs] 
2652.330: [GC (Allocation Failure) 2652.330: [ParNew: 94164K->0K(153600K), 0.0009825 secs] 95293K->1129K(256000K), 0.0010891 secs] [Times: user=0.00 sys=0.00, real=0.00 secs] 
2654.350: [GC (Allocation Failure) 2654.350: [ParNew: 94164K->0K(153600K), 0.0008436 secs] 95293K->1129K(256000K), 0.0009813 secs] [Times: user=0.00 sys=0.00, real=0.00 secs] 
2655.367: [GC (Allocation Failure) 2655.367: [ParNew: 94164K->0K(153600K), 0.0003659 secs] 95293K->1129K(256000K), 0.0004192 secs] [Times: user=0.00 sys=0.00, real=0.00 secs] 
2656.379: [GC (Allocation Failure) 2656.379: [ParNew: 94164K->0K(153600K), 0.0009103 secs] 95293K->1129K(256000K), 0.0010421 secs] [Times: user=0.00 sys=0.00, real=0.00 secs] 
2657.400: [GC (Allocation Failure) 2657.400: [ParNew: 94164K->0K(153600K), 0.0009355 secs] 95293K->1129K(256000K), 0.0010658 secs] [Times: user=0.00 sys=0.00, real=0.00 secs] 
2658.417: [GC (Allocation Failure) 2658.417: [ParNew: 94164K->0K(153600K), 0.0005783 secs] 95293K->1129K(256000K), 0.0006691 secs] [Times: user=0.00 sys=0.00, real=0.00 secs] 
2659.434: [GC (Allocation Failure) 2659.434: [ParNew: 94164K->0K(153600K), 0.0009245 secs] 95293K->1129K(256000K), 0.0010307 secs] [Times: user=0.00 sys=0.00, real=0.00 secs] 
2660.452: [GC (Allocation Failure) 2660.452: [ParNew: 94164K->0K(153600K), 0.0008905 secs] 95293K->1129K(256000K), 0.0010054 secs] [Times: user=0.00 sys=0.00, real=0.00 secs] 
2661.472: [GC (Allocation Failure) 2661.472: [ParNew: 94164K->0K(153600K), 0.0010125 secs] 95293K->1129K(256000K), 0.0011613 secs] [Times: user=0.06 sys=0.00, real=0.00 secs] 
2663.493: [GC (Allocation Failure) 2663.493: [ParNew: 94164K->0K(153600K), 0.0008909 secs] 95293K->1129K(256000K), 0.0010176 secs] [Times: user=0.00 sys=0.00, real=0.00 secs] 
2664.511: [GC (Allocation Failure) 2664.511: [ParNew: 94164K->0K(153600K), 0.0009509 secs] 95293K->1129K(256000K), 0.0010583 secs] [Times: user=0.00 sys=0.00, real=0.00 secs] 
2665.530: [GC (Allocation Failure) 2665.530: [ParNew: 94164K->0K(153600K), 0.0009209 secs] 95293K->1129K(256000K), 0.0010626 secs] [Times: user=0.00 sys=0.00, real=0.00 secs] 
2666.547: [GC (Allocation Failure) 2666.547: [ParNew: 94164K->0K(153600K), 0.0005759 secs] 95293K->1129K(256000K), 0.0006663 secs] [Times: user=0.00 sys=0.00, real=0.00 secs] 
2667.559: [GC (Allocation Failure) 2667.559: [ParNew: 94164K->0K(153600K), 0.0003951 secs] 95293K->1129K(256000K), 0.0004658 secs] [Times: user=0.00 sys=0.00, real=0.00 secs] 
2668.574: [GC (Allocation Failure) 2668.574: [ParNew: 94164K->0K(153600K), 0.0004997 secs] 95293K->1129K(256000K), 0.0005799 secs] [Times: user=0.00 sys=0.00, real=0.00 secs] 
2669.591: [GC (Allocation Failure) 2669.591: [ParNew: 94164K->0K(153600K), 0.0009545 secs] 95293K->1129K(256000K), 0.0010879 secs] [Times: user=0.00 sys=0.00, real=0.00 secs] 
2670.611: [GC (Allocation Failure) 2670.611: [ParNew: 94164K->0K(153600K), 0.0008901 secs] 95293K->1129K(256000K), 0.0010488 secs] [Times: user=0.00 sys=0.00, real=0.00 secs] 
2672.633: [GC (Allocation Failure) 2672.633: [ParNew: 94164K->0K(153600K), 0.0009703 secs] 95293K->1129K(256000K), 0.0011136 secs] [Times: user=0.00 sys=0.00, real=0.00 secs] 
2673.653: [GC (Allocation Failure) 2673.653: [ParNew: 94164K->0K(153600K), 0.0009028 secs] 95293K->1129K(256000K), 0.0010192 secs] [Times: user=0.00 sys=0.00, real=0.00 secs] 
2674.673: [GC (Allocation Failure) 2674.673: [ParNew: 94164K->0K(153600K), 0.0009561 secs] 95293K->1129K(256000K), 0.0010828 secs] [Times: user=0.00 sys=0.00, real=0.00 secs] 
2675.711: [GC (Allocation Failure) 2675.711: [ParNew: 94164K->0K(153600K), 0.0003995 secs] 95293K->1129K(256000K), 0.0004686 secs] [Times: user=0.00 sys=0.00, real=0.00 secs] 
2676.727: [GC (Allocation Failure) 2676.727: [ParNew: 94164K->0K(153600K), 0.0008830 secs] 95293K->1129K(256000K), 0.0009983 secs] [Times: user=0.00 sys=0.00, real=0.00 secs] 
2677.744: [GC (Allocation Failure) 2677.744: [ParNew: 94164K->0K(153600K), 0.0004354 secs] 95293K->1129K(256000K), 0.0005140 secs] [Times: user=0.00 sys=0.00, real=0.00 secs] 
2678.755: [GC (Allocation Failure) 2678.755: [ParNew: 94164K->0K(153600K), 0.0004476 secs] 95293K->1129K(256000K), 0.0005199 secs] [Times: user=0.00 sys=0.00, real=0.00 secs] 
2679.777: [GC (Allocation Failure) 2679.777: [ParNew: 94164K->0K(153600K), 0.0008712 secs] 95293K->1129K(256000K), 0.0010050 secs] [Times: user=0.00 sys=0.00, real=0.00 secs] 
2681.798: [GC (Allocation Failure) 2681.798: [ParNew: 94164K->0K(153600K), 0.0008826 secs] 95293K->1129K(256000K), 0.0010038 secs] [Times: user=0.00 sys=0.00, real=0.00 secs] 
2682.819: [GC (Allocation Failure) 2682.819: [ParNew: 94164K->0K(153600K), 0.0010425 secs] 95293K->1129K(256000K), 0.0011980 secs] [Times: user=0.00 sys=0.00, real=0.00 secs] 
2683.838: [GC (Allocation Failure) 2683.838: [ParNew: 94164K->0K(153600K), 0.0009233 secs] 95293K->1129K(256000K), 0.0010551 secs] [Times: user=0.00 sys=0.00, real=0.00 secs] 
2684.853: [GC (Allocation Failure) 2684.853: [ParNew: 94164K->0K(153600K), 0.0004066 secs] 95293K->1129K(256000K), 0.0004753 secs] [Times: user=0.00 sys=0.00, real=0.00 secs] 
2685.869: [GC (Allocation Failure) 2685.869: [ParNew: 94164K->0K(153600K), 0.0012312 secs] 95293K->1129K(256000K), 0.0013745 secs] [Times: user=0.00 sys=0.00, real=0.00 secs] 
2686.889: [GC (Allocation Failure) 2686.889: [ParNew: 94164K->0K(153600K), 0.0008747 secs] 95293K->1129K(256000K), 0.0010062 secs] [Times: user=0.00 sys=0.00, real=0.00 secs] 
2687.909: [GC (Allocation Failure) 2687.909: [ParNew: 94164K->0K(153600K), 0.0017811 secs] 95293K->1129K(256000K), 0.0019102 secs] [Times: user=0.03 sys=0.01, real=0.00 secs] 
2688.923: [GC (Allocation Failure) 2688.923: [ParNew: 94164K->0K(153600K), 0.0004287 secs] 95293K->1129K(256000K), 0.0004863 secs] [Times: user=0.00 sys=0.00, real=0.00 secs] 
2690.934: [GC (Allocation Failure) 2690.934: [ParNew: 94164K->0K(153600K), 0.0009351 secs] 95293K->1129K(256000K), 0.0010812 secs] [Times: user=0.00 sys=0.00, real=0.00 secs] 
2691.953: [GC (Allocation Failure) 2691.953: [ParNew: 94164K->0K(153600K), 0.0008641 secs] 95293K->1129K(256000K), 0.0009936 secs] [Times: user=0.00 sys=0.00, real=0.00 secs] 
2692.973: [GC (Allocation Failure) 2692.973: [ParNew: 94164K->0K(153600K), 0.0004401 secs] 95293K->1129K(256000K), 0.0005151 secs] [Times: user=0.00 sys=0.00, real=0.00 secs] 
2693.990: [GC (Allocation Failure) 2693.990: [ParNew: 94164K->0K(153600K), 0.0008846 secs] 95293K->1129K(256000K), 0.0009944 secs] [Times: user=0.00 sys=0.00, real=0.00 secs] 
2695.009: [GC (Allocation Failure) 2695.009: [ParNew: 94164K->0K(153600K), 0.0009908 secs] 95293K->1129K(256000K), 0.0011049 secs] [Times: user=0.00 sys=0.00, real=0.00 secs] 
2696.027: [GC (Allocation Failure) 2696.027: [ParNew: 94164K->0K(153600K), 0.0008894 secs] 95293K->1129K(256000K), 0.0010050 secs] [Times: user=0.00 sys=0.00, real=0.00 secs] 
2697.046: [GC (Allocation Failure) 2697.046: [ParNew: 94164K->0K(153600K), 0.0009944 secs] 95293K->1129K(256000K), 0.0011195 secs] [Times: user=0.00 sys=0.00, real=0.00 secs] 
2698.058: [GC (Allocation Failure) 2698.058: [ParNew: 94164K->0K(153600K), 0.0003754 secs] 95293K->1129K(256000K), 0.0004476 secs] [Times: user=0.00 sys=0.00, real=0.00 secs] 
2700.069: [GC (Allocation Failure) 2700.069: [ParNew: 94164K->0K(153600K), 0.0010445 secs] 95293K->1129K(256000K), 0.0012000 secs] [Times: user=0.00 sys=0.00, real=0.00 secs] 
2701.088: [GC (Allocation Failure) 2701.088: [ParNew: 94164K->0K(153600K), 0.0009494 secs] 95293K->1129K(256000K), 0.0010919 secs] [Times: user=0.00 sys=0.00, real=0.00 secs] 
2702.107: [GC (Allocation Failure) 2702.107: [ParNew: 94164K->0K(153600K), 0.0010401 secs] 95293K->1129K(256000K), 0.0011799 secs] [Times: user=0.00 sys=0.00, real=0.00 secs] 
2703.127: [GC (Allocation Failure) 2703.127: [ParNew: 94164K->0K(153600K), 0.0009245 secs] 95293K->1129K(256000K), 0.0010532 secs] [Times: user=0.00 sys=0.00, real=0.00 secs] 
2704.146: [GC (Allocation Failure) 2704.146: [ParNew: 94164K->0K(153600K), 0.0009233 secs] 95293K->1129K(256000K), 0.0010453 secs] [Times: user=0.00 sys=0.00, real=0.00 secs] 
2705.166: [GC (Allocation Failure) 2705.166: [ParNew: 94164K->0K(153600K), 0.0010058 secs] 95293K->1129K(256000K), 0.0011376 secs] [Times: user=0.00 sys=0.00, real=0.00 secs] 
2706.186: [GC (Allocation Failure) 2706.186: [ParNew: 94164K->0K(153600K), 0.0008980 secs] 95293K->1129K(256000K), 0.0010457 secs] [Times: user=0.00 sys=0.00, real=0.00 secs] 
2707.200: [GC (Allocation Failure) 2707.200: [ParNew: 94164K->0K(153600K), 0.0005116 secs] 95293K->1129K(256000K), 0.0005933 secs] [Times: user=0.00 sys=0.00, real=0.00 secs] 
2709.213: [GC (Allocation Failure) 2709.213: [ParNew: 94164K->0K(153600K), 0.0004674 secs] 95293K->1129K(256000K), 0.0005416 secs] [Times: user=0.00 sys=0.00, real=0.00 secs] 
2710.226: [GC (Allocation Failure) 2710.226: [ParNew: 94164K->0K(153600K), 0.0009142 secs] 95293K->1129K(256000K), 0.0010559 secs] [Times: user=0.00 sys=0.00, real=0.00 secs] 
2711.244: [GC (Allocation Failure) 2711.244: [ParNew: 94164K->0K(153600K), 0.0008680 secs] 95293K->1129K(256000K), 0.0009979 secs] [Times: user=0.00 sys=0.00, real=0.00 secs] 
2712.260: [GC (Allocation Failure) 2712.260: [ParNew: 94164K->0K(153600K), 0.0003817 secs] 95293K->1129K(256000K), 0.0004461 secs] [Times: user=0.00 sys=0.00, real=0.00 secs] 
2713.273: [GC (Allocation Failure) 2713.274: [ParNew: 94164K->0K(153600K), 0.0009726 secs] 95293K->1129K(256000K), 0.0011088 secs] [Times: user=0.00 sys=0.00, real=0.00 secs] 
2714.292: [GC (Allocation Failure) 2714.292: [ParNew: 94164K->0K(153600K), 0.0008645 secs] 95293K->1129K(256000K), 0.0009774 secs] [Times: user=0.00 sys=0.00, real=0.00 secs] 
2715.311: [GC (Allocation Failure) 2715.311: [ParNew: 94164K->0K(153600K), 0.0009351 secs] 95293K->1129K(256000K), 0.0010469 secs] [Times: user=0.00 sys=0.00, real=0.00 secs] 
2716.331: [GC (Allocation Failure) 2716.331: [ParNew: 94164K->0K(153600K), 0.0010970 secs] 95293K->1129K(256000K), 0.0012501 secs] [Times: user=0.05 sys=0.00, real=0.00 secs] 
2718.355: [GC (Allocation Failure) 2718.355: [ParNew: 94164K->0K(153600K), 0.0004709 secs] 95293K->1129K(256000K), 0.0005522 secs] [Times: user=0.00 sys=0.00, real=0.00 secs] 
2719.392: [GC (Allocation Failure) 2719.392: [ParNew: 94164K->0K(153600K), 0.0004765 secs] 95293K->1129K(256000K), 0.0005657 secs] [Times: user=0.00 sys=0.00, real=0.00 secs] 
2720.408: [GC (Allocation Failure) 2720.408: [ParNew: 94164K->0K(153600K), 0.0009162 secs] 95293K->1129K(256000K), 0.0010579 secs] [Times: user=0.00 sys=0.00, real=0.00 secs] 
2721.427: [GC (Allocation Failure) 2721.427: [ParNew: 94164K->0K(153600K), 0.0008803 secs] 95293K->1129K(256000K), 0.0010192 secs] [Times: user=0.00 sys=0.00, real=0.00 secs] 
2722.446: [GC (Allocation Failure) 2722.446: [ParNew: 94164K->0K(153600K), 0.0008929 secs] 95293K->1129K(256000K), 0.0010445 secs] [Times: user=0.00 sys=0.00, real=0.00 secs] 
2723.464: [GC (Allocation Failure) 2723.464: [ParNew: 94164K->0K(153600K), 0.0009387 secs] 95293K->1129K(256000K), 0.0010875 secs] [Times: user=0.00 sys=0.00, real=0.00 secs] 
2724.484: [GC (Allocation Failure) 2724.484: [ParNew: 94164K->0K(153600K), 0.0004026 secs] 95293K->1129K(256000K), 0.0004761 secs] [Times: user=0.00 sys=0.00, real=0.00 secs] 
2725.502: [GC (Allocation Failure) 2725.502: [ParNew: 94164K->0K(153600K), 0.0008641 secs] 95293K->1129K(256000K), 0.0010038 secs] [Times: user=0.00 sys=0.00, real=0.00 secs] 
2727.519: [GC (Allocation Failure) 2727.519: [ParNew: 94164K->0K(153600K), 0.0009608 secs] 95293K->1129K(256000K), 0.0010958 secs] [Times: user=0.06 sys=0.00, real=0.00 secs] 
2728.539: [GC (Allocation Failure) 2728.539: [ParNew: 94164K->0K(153600K), 0.0009415 secs] 95293K->1129K(256000K), 0.0010855 secs] [Times: user=0.00 sys=0.00, real=0.00 secs] 
2729.557: [GC (Allocation Failure) 2729.557: [ParNew: 94164K->0K(153600K), 0.0003801 secs] 95293K->1129K(256000K), 0.0004413 secs] [Times: user=0.00 sys=0.00, real=0.00 secs] 
2730.571: [GC (Allocation Failure) 2730.571: [ParNew: 94164K->0K(153600K), 0.0009355 secs] 95293K->1129K(256000K), 0.0010650 secs] [Times: user=0.00 sys=0.00, real=0.00 secs] 
2731.588: [GC (Allocation Failure) 2731.588: [ParNew: 94164K->0K(153600K), 0.0004559 secs] 95293K->1129K(256000K), 0.0005341 secs] [Times: user=0.00 sys=0.00, real=0.00 secs] 
2732.604: [GC (Allocation Failure) 2732.604: [ParNew: 94164K->0K(153600K), 0.0009055 secs] 95293K->1129K(256000K), 0.0010342 secs] [Times: user=0.00 sys=0.00, real=0.00 secs] 
2733.623: [GC (Allocation Failure) 2733.623: [ParNew: 94164K->0K(153600K), 0.0009340 secs] 95293K->1129K(256000K), 0.0010595 secs] [Times: user=0.00 sys=0.00, real=0.00 secs] 
2734.642: [GC (Allocation Failure) 2734.642: [ParNew: 94164K->0K(153600K), 0.0009051 secs] 95293K->1129K(256000K), 0.0010247 secs] [Times: user=0.00 sys=0.00, real=0.00 secs] 
2736.662: [GC (Allocation Failure) 2736.662: [ParNew: 94164K->0K(153600K), 0.0008597 secs] 95293K->1129K(256000K), 0.0009762 secs] [Times: user=0.00 sys=0.00, real=0.00 secs] 
2737.681: [GC (Allocation Failure) 2737.681: [ParNew: 94164K->0K(153600K), 0.0008921 secs] 95293K->1129K(256000K), 0.0009999 secs] [Times: user=0.00 sys=0.00, real=0.00 secs] 
2738.698: [GC (Allocation Failure) 2738.698: [ParNew: 94164K->0K(153600K), 0.0003884 secs] 95293K->1129K(256000K), 0.0004429 secs] [Times: user=0.00 sys=0.00, real=0.00 secs] 
2739.711: [GC (Allocation Failure) 2739.711: [ParNew: 94164K->0K(153600K), 0.0009047 secs] 95293K->1129K(256000K), 0.0010228 secs] [Times: user=0.00 sys=0.00, real=0.00 secs] 
2740.730: [GC (Allocation Failure) 2740.730: [ParNew: 94164K->0K(153600K), 0.0008850 secs] 95293K->1129K(256000K), 0.0010117 secs] [Times: user=0.00 sys=0.00, real=0.00 secs] 
2741.748: [GC (Allocation Failure) 2741.748: [ParNew: 94164K->0K(153600K), 0.0008969 secs] 95293K->1129K(256000K), 0.0010271 secs] [Times: user=0.00 sys=0.00, real=0.00 secs] 
2742.767: [GC (Allocation Failure) 2742.767: [ParNew: 94164K->0K(153600K), 0.0009158 secs] 95293K->1129K(256000K), 0.0010405 secs] [Times: user=0.00 sys=0.00, real=0.00 secs] 
2743.786: [GC (Allocation Failure) 2743.786: [ParNew: 94164K->0K(153600K), 0.0009205 secs] 95293K->1129K(256000K), 0.0010374 secs] [Times: user=0.00 sys=0.00, real=0.00 secs] 
2745.805: [GC (Allocation Failure) 2745.805: [ParNew: 94164K->0K(153600K), 0.0009565 secs] 95293K->1129K(256000K), 0.0010666 secs] [Times: user=0.00 sys=0.00, real=0.00 secs] 
2746.823: [GC (Allocation Failure) 2746.823: [ParNew: 94164K->0K(153600K), 0.0008684 secs] 95293K->1129K(256000K), 0.0009861 secs] [Times: user=0.00 sys=0.00, real=0.00 secs] 
2747.841: [GC (Allocation Failure) 2747.842: [ParNew: 94164K->0K(153600K), 0.0009746 secs] 95293K->1129K(256000K), 0.0011061 secs] [Times: user=0.00 sys=0.00, real=0.00 secs] 
2748.860: [GC (Allocation Failure) 2748.860: [ParNew: 94164K->0K(153600K), 0.0009667 secs] 95293K->1129K(256000K), 0.0010986 secs] [Times: user=0.00 sys=0.00, real=0.00 secs] 
2749.879: [GC (Allocation Failure) 2749.879: [ParNew: 94164K->0K(153600K), 0.0009351 secs] 95293K->1129K(256000K), 0.0010615 secs] [Times: user=0.00 sys=0.00, real=0.00 secs] 
2750.902: [GC (Allocation Failure) 2750.903: [ParNew: 94164K->0K(153600K), 0.0011392 secs] 95293K->1129K(256000K), 0.0013394 secs] [Times: user=0.00 sys=0.00, real=0.00 secs] 
2751.919: [GC (Allocation Failure) 2751.919: [ParNew: 94164K->0K(153600K), 0.0005645 secs] 95293K->1129K(256000K), 0.0006557 secs] [Times: user=0.00 sys=0.00, real=0.00 secs] 
2752.936: [GC (Allocation Failure) 2752.936: [ParNew: 94164K->0K(153600K), 0.0008846 secs] 95293K->1129K(256000K), 0.0010208 secs] [Times: user=0.00 sys=0.00, real=0.00 secs] 
2754.954: [GC (Allocation Failure) 2754.954: [ParNew: 94164K->0K(153600K), 0.0008870 secs] 95293K->1129K(256000K), 0.0010212 secs] [Times: user=0.00 sys=0.00, real=0.00 secs] 
2755.972: [GC (Allocation Failure) 2755.972: [ParNew: 94164K->0K(153600K), 0.0009079 secs] 95293K->1129K(256000K), 0.0010445 secs] [Times: user=0.06 sys=0.00, real=0.00 secs] 
2756.990: [GC (Allocation Failure) 2756.990: [ParNew: 94164K->0K(153600K), 0.0008834 secs] 95293K->1129K(256000K), 0.0010457 secs] [Times: user=0.00 sys=0.00, real=0.00 secs] 
2758.009: [GC (Allocation Failure) 2758.009: [ParNew: 94164K->0K(153600K), 0.0009422 secs] 95293K->1129K(256000K), 0.0010591 secs] [Times: user=0.00 sys=0.00, real=0.00 secs] 
2759.028: [GC (Allocation Failure) 2759.028: [ParNew: 94164K->0K(153600K), 0.0008665 secs] 95293K->1129K(256000K), 0.0010026 secs] [Times: user=0.00 sys=0.00, real=0.00 secs] 
2760.043: [GC (Allocation Failure) 2760.043: [ParNew: 94164K->0K(153600K), 0.0004370 secs] 95293K->1129K(256000K), 0.0005163 secs] [Times: user=0.00 sys=0.00, real=0.00 secs] 
2761.054: [GC (Allocation Failure) 2761.054: [ParNew: 94164K->0K(153600K), 0.0003932 secs] 95293K->1129K(256000K), 0.0004662 secs] [Times: user=0.00 sys=0.00, real=0.00 secs] 
2762.070: [GC (Allocation Failure) 2762.070: [ParNew: 94164K->0K(153600K), 0.0010192 secs] 95293K->1129K(256000K), 0.0011657 secs] [Times: user=0.00 sys=0.00, real=0.00 secs] 
2764.090: [GC (Allocation Failure) 2764.090: [ParNew: 94164K->0K(153600K), 0.0009229 secs] 95293K->1129K(256000K), 0.0010350 secs] [Times: user=0.00 sys=0.00, real=0.00 secs] 
2765.108: [GC (Allocation Failure) 2765.109: [ParNew: 94164K->0K(153600K), 0.0009221 secs] 95293K->1129K(256000K), 0.0010370 secs] [Times: user=0.00 sys=0.00, real=0.00 secs] 
2766.127: [GC (Allocation Failure) 2766.127: [ParNew: 94164K->0K(153600K), 0.0009387 secs] 95293K->1129K(256000K), 0.0010705 secs] [Times: user=0.00 sys=0.00, real=0.00 secs] 
2767.146: [GC (Allocation Failure) 2767.146: [ParNew: 94164K->0K(153600K), 0.0009316 secs] 95293K->1129K(256000K), 0.0010749 secs] [Times: user=0.00 sys=0.00, real=0.00 secs] 
2768.164: [GC (Allocation Failure) 2768.164: [ParNew: 94164K->0K(153600K), 0.0008941 secs] 95293K->1129K(256000K), 0.0010433 secs] [Times: user=0.00 sys=0.00, real=0.00 secs] 
2769.183: [GC (Allocation Failure) 2769.183: [ParNew: 94164K->0K(153600K), 0.0010394 secs] 95293K->1129K(256000K), 0.0011649 secs] [Times: user=0.00 sys=0.00, real=0.00 secs] 
2770.200: [GC (Allocation Failure) 2770.200: [ParNew: 94164K->0K(153600K), 0.0006071 secs] 95293K->1129K(256000K), 0.0006813 secs] [Times: user=0.00 sys=0.00, real=0.00 secs] 
2771.215: [GC (Allocation Failure) 2771.215: [ParNew: 94164K->0K(153600K), 0.0004788 secs] 95293K->1129K(256000K), 0.0005479 secs] [Times: user=0.00 sys=0.00, real=0.00 secs] 
2773.227: [GC (Allocation Failure) 2773.227: [ParNew: 94164K->0K(153600K), 0.0009197 secs] 95293K->1129K(256000K), 0.0010674 secs] [Times: user=0.00 sys=0.00, real=0.00 secs] 
2774.245: [GC (Allocation Failure) 2774.245: [ParNew: 94164K->0K(153600K), 0.0009817 secs] 95293K->1129K(256000K), 0.0011325 secs] [Times: user=0.00 sys=0.00, real=0.00 secs] 
2775.264: [GC (Allocation Failure) 2775.264: [ParNew: 94164K->0K(153600K), 0.0008980 secs] 95293K->1129K(256000K), 0.0010370 secs] [Times: user=0.00 sys=0.00, real=0.00 secs] 
2776.282: [GC (Allocation Failure) 2776.282: [ParNew: 94164K->0K(153600K), 0.0008586 secs] 95293K->1129K(256000K), 0.0009904 secs] [Times: user=0.00 sys=0.00, real=0.00 secs] 
2777.302: [GC (Allocation Failure) 2777.302: [ParNew: 94164K->0K(153600K), 0.0009174 secs] 95293K->1129K(256000K), 0.0010441 secs] [Times: user=0.00 sys=0.00, real=0.00 secs] 
2778.321: [GC (Allocation Failure) 2778.321: [ParNew: 94164K->0K(153600K), 0.0008972 secs] 95293K->1129K(256000K), 0.0010232 secs] [Times: user=0.00 sys=0.00, real=0.00 secs] 
2779.340: [GC (Allocation Failure) 2779.340: [ParNew: 94164K->0K(153600K), 0.0009040 secs] 95293K->1129K(256000K), 0.0010425 secs] [Times: user=0.00 sys=0.00, real=0.00 secs] 
2780.359: [GC (Allocation Failure) 2780.360: [ParNew: 94164K->0K(153600K), 0.0008984 secs] 95293K->1129K(256000K), 0.0010413 secs] [Times: user=0.00 sys=0.00, real=0.00 secs] 
2782.378: [GC (Allocation Failure) 2782.378: [ParNew: 94164K->0K(153600K), 0.0008700 secs] 95293K->1129K(256000K), 0.0009872 secs] [Times: user=0.06 sys=0.00, real=0.00 secs] 
2783.398: [GC (Allocation Failure) 2783.398: [ParNew: 94164K->0K(153600K), 0.0008633 secs] 95293K->1129K(256000K), 0.0009695 secs] [Times: user=0.00 sys=0.00, real=0.00 secs] 
2784.417: [GC (Allocation Failure) 2784.417: [ParNew: 94164K->0K(153600K), 0.0008791 secs] 95293K->1129K(256000K), 0.0010038 secs] [Times: user=0.00 sys=0.00, real=0.00 secs] 
2785.437: [GC (Allocation Failure) 2785.437: [ParNew: 94164K->0K(153600K), 0.0010705 secs] 95293K->1129K(256000K), 0.0012158 secs] [Times: user=0.00 sys=0.00, real=0.00 secs] 
2786.455: [GC (Allocation Failure) 2786.455: [ParNew: 94164K->0K(153600K), 0.0009505 secs] 95293K->1129K(256000K), 0.0010922 secs] [Times: user=0.00 sys=0.00, real=0.00 secs] 
2787.475: [GC (Allocation Failure) 2787.475: [ParNew: 94164K->0K(153600K), 0.0008783 secs] 95293K->1129K(256000K), 0.0009936 secs] [Times: user=0.00 sys=0.00, real=0.00 secs] 
2788.489: [GC (Allocation Failure) 2788.489: [ParNew: 94164K->0K(153600K), 0.0003722 secs] 95293K->1129K(256000K), 0.0004370 secs] [Times: user=0.00 sys=0.00, real=0.00 secs] 
2789.504: [GC (Allocation Failure) 2789.505: [ParNew: 94164K->0K(153600K), 0.0009332 secs] 95293K->1129K(256000K), 0.0010741 secs] [Times: user=0.00 sys=0.00, real=0.00 secs] 
2791.526: [GC (Allocation Failure) 2791.526: [ParNew: 94164K->0K(153600K), 0.0003861 secs] 95293K->1129K(256000K), 0.0004595 secs] [Times: user=0.00 sys=0.00, real=0.00 secs] 
2792.537: [GC (Allocation Failure) 2792.537: [ParNew: 94164K->0K(153600K), 0.0003936 secs] 95293K->1129K(256000K), 0.0004697 secs] [Times: user=0.00 sys=0.00, real=0.00 secs] 
2793.550: [GC (Allocation Failure) 2793.550: [ParNew: 94164K->0K(153600K), 0.0009075 secs] 95293K->1129K(256000K), 0.0010295 secs] [Times: user=0.00 sys=0.00, real=0.00 secs] 
2794.569: [GC (Allocation Failure) 2794.569: [ParNew: 94164K->0K(153600K), 0.0010859 secs] 95293K->1129K(256000K), 0.0012170 secs] [Times: user=0.00 sys=0.00, real=0.00 secs] 
2795.588: [GC (Allocation Failure) 2795.588: [ParNew: 94164K->0K(153600K), 0.0009399 secs] 95293K->1129K(256000K), 0.0010571 secs] [Times: user=0.00 sys=0.00, real=0.00 secs] 
2796.608: [GC (Allocation Failure) 2796.609: [ParNew: 94164K->0K(153600K), 0.0009107 secs] 95293K->1129K(256000K), 0.0010192 secs] [Times: user=0.00 sys=0.00, real=0.00 secs] 
2797.629: [GC (Allocation Failure) 2797.629: [ParNew: 94164K->0K(153600K), 0.0009896 secs] 95293K->1129K(256000K), 0.0011278 secs] [Times: user=0.00 sys=0.00, real=0.00 secs] 
2798.649: [GC (Allocation Failure) 2798.649: [ParNew: 94164K->0K(153600K), 0.0009032 secs] 95293K->1129K(256000K), 0.0010169 secs] [Times: user=0.00 sys=0.00, real=0.00 secs] 
2800.661: [GC (Allocation Failure) 2800.661: [ParNew: 94164K->0K(153600K), 0.0009470 secs] 95293K->1129K(256000K), 0.0010816 secs] [Times: user=0.00 sys=0.00, real=0.00 secs] 
2801.680: [GC (Allocation Failure) 2801.680: [ParNew: 94164K->0K(153600K), 0.0009237 secs] 95293K->1129K(256000K), 0.0010733 secs] [Times: user=0.00 sys=0.00, real=0.00 secs] 
2802.701: [GC (Allocation Failure) 2802.701: [ParNew: 94164K->0K(153600K), 0.0005732 secs] 95293K->1129K(256000K), 0.0006643 secs] [Times: user=0.00 sys=0.00, real=0.00 secs] 
2803.714: [GC (Allocation Failure) 2803.714: [ParNew: 94164K->0K(153600K), 0.0003940 secs] 95293K->1129K(256000K), 0.0004571 secs] [Times: user=0.00 sys=0.00, real=0.00 secs] 
2804.728: [GC (Allocation Failure) 2804.728: [ParNew: 94164K->0K(153600K), 0.0008597 secs] 95293K->1129K(256000K), 0.0009711 secs] [Times: user=0.00 sys=0.00, real=0.00 secs] 
2805.749: [GC (Allocation Failure) 2805.749: [ParNew: 94164K->0K(153600K), 0.0009446 secs] 95293K->1129K(256000K), 0.0010654 secs] [Times: user=0.00 sys=0.00, real=0.00 secs] 
2806.770: [GC (Allocation Failure) 2806.770: [ParNew: 94164K->0K(153600K), 0.0004528 secs] 95293K->1129K(256000K), 0.0005167 secs] [Times: user=0.05 sys=0.00, real=0.00 secs] 
2807.781: [GC (Allocation Failure) 2807.781: [ParNew: 94164K->0K(153600K), 0.0004922 secs] 95293K->1129K(256000K), 0.0005590 secs] [Times: user=0.00 sys=0.00, real=0.00 secs] 
2809.792: [GC (Allocation Failure) 2809.792: [ParNew: 94164K->0K(153600K), 0.0003790 secs] 95293K->1129K(256000K), 0.0004488 secs] [Times: user=0.00 sys=0.00, real=0.00 secs] 
2810.803: [GC (Allocation Failure) 2810.803: [ParNew: 94164K->0K(153600K), 0.0003711 secs] 95293K->1129K(256000K), 0.0004299 secs] [Times: user=0.00 sys=0.00, real=0.00 secs] 
2811.813: [GC (Allocation Failure) 2811.813: [ParNew: 94164K->0K(153600K), 0.0005116 secs] 95293K->1129K(256000K), 0.0005700 secs] [Times: user=0.00 sys=0.00, real=0.00 secs] 
2812.824: [GC (Allocation Failure) 2812.824: [ParNew: 94164K->0K(153600K), 0.0004125 secs] 95293K->1129K(256000K), 0.0004761 secs] [Times: user=0.00 sys=0.00, real=0.00 secs] 
2813.838: [GC (Allocation Failure) 2813.838: [ParNew: 94164K->0K(153600K), 0.0008941 secs] 95293K->1129K(256000K), 0.0010141 secs] [Times: user=0.00 sys=0.00, real=0.00 secs] 
2814.858: [GC (Allocation Failure) 2814.858: [ParNew: 94164K->0K(153600K), 0.0009655 secs] 95293K->1129K(256000K), 0.0011037 secs] [Times: user=0.00 sys=0.00, real=0.00 secs] 
2815.877: [GC (Allocation Failure) 2815.877: [ParNew: 94164K->0K(153600K), 0.0009813 secs] 95293K->1129K(256000K), 0.0011144 secs] [Times: user=0.00 sys=0.00, real=0.00 secs] 
2816.896: [GC (Allocation Failure) 2816.896: [ParNew: 94164K->0K(153600K), 0.0009099 secs] 95293K->1129K(256000K), 0.0010694 secs] [Times: user=0.00 sys=0.00, real=0.00 secs] 
2818.920: [GC (Allocation Failure) 2818.921: [ParNew: 94164K->0K(153600K), 0.0004536 secs] 95293K->1129K(256000K), 0.0005254 secs] [Times: user=0.00 sys=0.00, real=0.00 secs] 
2819.932: [GC (Allocation Failure) 2819.933: [ParNew: 94164K->0K(153600K), 0.0003983 secs] 95293K->1129K(256000K), 0.0004717 secs] [Times: user=0.00 sys=0.00, real=0.00 secs] 
2820.960: [GC (Allocation Failure) 2820.960: [ParNew: 94164K->0K(153600K), 0.0004093 secs] 95293K->1129K(256000K), 0.0004768 secs] [Times: user=0.00 sys=0.00, real=0.00 secs] 
2821.979: [GC (Allocation Failure) 2821.979: [ParNew: 94164K->0K(153600K), 0.0010172 secs] 95293K->1129K(256000K), 0.0011432 secs] [Times: user=0.00 sys=0.00, real=0.00 secs] 
2822.994: [GC (Allocation Failure) 2822.994: [ParNew: 94164K->0K(153600K), 0.0003671 secs] 95293K->1129K(256000K), 0.0004243 secs] [Times: user=0.00 sys=0.00, real=0.00 secs] 
2824.009: [GC (Allocation Failure) 2824.009: [ParNew: 94164K->0K(153600K), 0.0009126 secs] 95293K->1129K(256000K), 0.0010488 secs] [Times: user=0.00 sys=0.00, real=0.00 secs] 
2825.028: [GC (Allocation Failure) 2825.028: [ParNew: 94164K->0K(153600K), 0.0008834 secs] 95293K->1129K(256000K), 0.0010129 secs] [Times: user=0.00 sys=0.00, real=0.00 secs] 
2826.047: [GC (Allocation Failure) 2826.047: [ParNew: 94164K->0K(153600K), 0.0010109 secs] 95293K->1129K(256000K), 0.0011483 secs] [Times: user=0.00 sys=0.00, real=0.00 secs] 
2828.065: [GC (Allocation Failure) 2828.065: [ParNew: 94164K->0K(153600K), 0.0008554 secs] 95293K->1129K(256000K), 0.0009647 secs] [Times: user=0.06 sys=0.00, real=0.00 secs] 
2829.087: [GC (Allocation Failure) 2829.087: [ParNew: 94164K->0K(153600K), 0.0004050 secs] 95293K->1129K(256000K), 0.0004737 secs] [Times: user=0.00 sys=0.00, real=0.00 secs] 
2830.104: [GC (Allocation Failure) 2830.104: [ParNew: 94164K->0K(153600K), 0.0009194 secs] 95293K->1129K(256000K), 0.0010417 secs] [Times: user=0.00 sys=0.00, real=0.00 secs] 
2831.123: [GC (Allocation Failure) 2831.123: [ParNew: 94164K->0K(153600K), 0.0008747 secs] 95293K->1129K(256000K), 0.0009947 secs] [Times: user=0.00 sys=0.00, real=0.00 secs] 
2832.141: [GC (Allocation Failure) 2832.142: [ParNew: 94164K->0K(153600K), 0.0009509 secs] 95293K->1129K(256000K), 0.0010970 secs] [Times: user=0.00 sys=0.00, real=0.00 secs] 
2833.161: [GC (Allocation Failure) 2833.161: [ParNew: 94164K->0K(153600K), 0.0008578 secs] 95293K->1129K(256000K), 0.0009778 secs] [Times: user=0.00 sys=0.00, real=0.00 secs] 
2834.181: [GC (Allocation Failure) 2834.181: [ParNew: 94164K->0K(153600K), 0.0010165 secs] 95293K->1129K(256000K), 0.0011242 secs] [Times: user=0.00 sys=0.00, real=0.00 secs] 
2835.202: [GC (Allocation Failure) 2835.203: [ParNew: 94164K->0K(153600K), 0.0005341 secs] 95293K->1129K(256000K), 0.0008771 secs] [Times: user=0.00 sys=0.00, real=0.00 secs] 
2837.220: [GC (Allocation Failure) 2837.221: [ParNew: 94164K->0K(153600K), 0.0009367 secs] 95293K->1129K(256000K), 0.0010611 secs] [Times: user=0.00 sys=0.00, real=0.00 secs] 
2838.239: [GC (Allocation Failure) 2838.239: [ParNew: 94164K->0K(153600K), 0.0009312 secs] 95293K->1129K(256000K), 0.0010808 secs] [Times: user=0.00 sys=0.00, real=0.00 secs] 
2839.257: [GC (Allocation Failure) 2839.257: [ParNew: 94164K->0K(153600K), 0.0008534 secs] 95293K->1129K(256000K), 0.0009884 secs] [Times: user=0.00 sys=0.00, real=0.00 secs] 
2840.276: [GC (Allocation Failure) 2840.276: [ParNew: 94164K->0K(153600K), 0.0009355 secs] 95293K->1129K(256000K), 0.0010713 secs] [Times: user=0.00 sys=0.00, real=0.00 secs] 
2841.295: [GC (Allocation Failure) 2841.295: [ParNew: 94164K->0K(153600K), 0.0009221 secs] 95293K->1129K(256000K), 0.0010433 secs] [Times: user=0.00 sys=0.00, real=0.00 secs] 
2842.314: [GC (Allocation Failure) 2842.314: [ParNew: 94164K->0K(153600K), 0.0009197 secs] 95293K->1129K(256000K), 0.0010484 secs] [Times: user=0.00 sys=0.00, real=0.00 secs] 
2843.328: [GC (Allocation Failure) 2843.328: [ParNew: 94164K->0K(153600K), 0.0004034 secs] 95293K->1129K(256000K), 0.0004682 secs] [Times: user=0.00 sys=0.00, real=0.00 secs] 
2844.344: [GC (Allocation Failure) 2844.344: [ParNew: 94164K->0K(153600K), 0.0009051 secs] 95293K->1129K(256000K), 0.0010090 secs] [Times: user=0.00 sys=0.00, real=0.00 secs] 
2846.362: [GC (Allocation Failure) 2846.362: [ParNew: 94164K->0K(153600K), 0.0009063 secs] 95293K->1129K(256000K), 0.0010445 secs] [Times: user=0.06 sys=0.00, real=0.00 secs] 
2847.382: [GC (Allocation Failure) 2847.382: [ParNew: 94164K->0K(153600K), 0.0008819 secs] 95293K->1129K(256000K), 0.0010066 secs] [Times: user=0.00 sys=0.00, real=0.00 secs] 
2848.402: [GC (Allocation Failure) 2848.402: [ParNew: 94164K->0K(153600K), 0.0008882 secs] 95293K->1129K(256000K), 0.0010358 secs] [Times: user=0.00 sys=0.00, real=0.00 secs] 
2849.422: [GC (Allocation Failure) 2849.422: [ParNew: 94164K->0K(153600K), 0.0009257 secs] 95293K->1129K(256000K), 0.0010457 secs] [Times: user=0.00 sys=0.00, real=0.00 secs] 
2850.442: [GC (Allocation Failure) 2850.442: [ParNew: 94164K->0K(153600K), 0.0008819 secs] 95293K->1129K(256000K), 0.0010109 secs] [Times: user=0.00 sys=0.00, real=0.00 secs] 
2851.460: [GC (Allocation Failure) 2851.461: [ParNew: 94164K->0K(153600K), 0.0009419 secs] 95293K->1129K(256000K), 0.0010709 secs] [Times: user=0.00 sys=0.00, real=0.00 secs] 
2852.480: [GC (Allocation Failure) 2852.480: [ParNew: 94164K->0K(153600K), 0.0009265 secs] 95293K->1129K(256000K), 0.0010476 secs] [Times: user=0.00 sys=0.00, real=0.00 secs] 
2853.499: [GC (Allocation Failure) 2853.499: [ParNew: 94164K->0K(153600K), 0.0009430 secs] 95293K->1129K(256000K), 0.0010954 secs] [Times: user=0.00 sys=0.00, real=0.00 secs] 
2855.511: [GC (Allocation Failure) 2855.512: [ParNew: 94164K->0K(153600K), 0.0009292 secs] 95293K->1129K(256000K), 0.0010721 secs] [Times: user=0.00 sys=0.00, real=0.00 secs] 
2856.530: [GC (Allocation Failure) 2856.530: [ParNew: 94164K->0K(153600K), 0.0009150 secs] 95293K->1129K(256000K), 0.0010642 secs] [Times: user=0.00 sys=0.00, real=0.00 secs] 
2857.548: [GC (Allocation Failure) 2857.549: [ParNew: 94164K->0K(153600K), 0.0008672 secs] 95293K->1129K(256000K), 0.0009912 secs] [Times: user=0.00 sys=0.00, real=0.00 secs] 
2858.567: [GC (Allocation Failure) 2858.567: [ParNew: 94164K->0K(153600K), 0.0009947 secs] 95293K->1129K(256000K), 0.0011309 secs] [Times: user=0.00 sys=0.00, real=0.00 secs] 
2859.587: [GC (Allocation Failure) 2859.587: [ParNew: 94164K->0K(153600K), 0.0009403 secs] 95293K->1129K(256000K), 0.0010753 secs] [Times: user=0.00 sys=0.00, real=0.00 secs] 
2860.606: [GC (Allocation Failure) 2860.606: [ParNew: 94164K->0K(153600K), 0.0009241 secs] 95293K->1129K(256000K), 0.0010484 secs] [Times: user=0.00 sys=0.00, real=0.00 secs] 
2861.625: [GC (Allocation Failure) 2861.625: [ParNew: 94164K->0K(153600K), 0.0008878 secs] 95293K->1129K(256000K), 0.0009797 secs] [Times: user=0.00 sys=0.00, real=0.00 secs] 
2862.644: [GC (Allocation Failure) 2862.644: [ParNew: 94164K->0K(153600K), 0.0009434 secs] 95293K->1129K(256000K), 0.0010769 secs] [Times: user=0.00 sys=0.02, real=0.00 secs] 
2864.659: [GC (Allocation Failure) 2864.659: [ParNew: 94164K->0K(153600K), 0.0004054 secs] 95293K->1129K(256000K), 0.0004717 secs] [Times: user=0.00 sys=0.00, real=0.00 secs] 
2865.673: [GC (Allocation Failure) 2865.673: [ParNew: 94164K->0K(153600K), 0.0004761 secs] 95293K->1129K(256000K), 0.0005530 secs] [Times: user=0.00 sys=0.00, real=0.00 secs] 
2866.685: [GC (Allocation Failure) 2866.685: [ParNew: 94164K->0K(153600K), 0.0003975 secs] 95293K->1129K(256000K), 0.0004571 secs] [Times: user=0.00 sys=0.00, real=0.00 secs] 
2867.698: [GC (Allocation Failure) 2867.698: [ParNew: 94164K->0K(153600K), 0.0008882 secs] 95293K->1129K(256000K), 0.0010050 secs] [Times: user=0.00 sys=0.00, real=0.00 secs] 
2868.717: [GC (Allocation Failure) 2868.717: [ParNew: 94164K->0K(153600K), 0.0009099 secs] 95293K->1129K(256000K), 0.0010409 secs] [Times: user=0.00 sys=0.00, real=0.00 secs] 
2869.736: [GC (Allocation Failure) 2869.736: [ParNew: 94164K->0K(153600K), 0.0009442 secs] 95293K->1129K(256000K), 0.0010626 secs] [Times: user=0.00 sys=0.00, real=0.00 secs] 
2870.751: [GC (Allocation Failure) 2870.751: [ParNew: 94164K->0K(153600K), 0.0003707 secs] 95293K->1129K(256000K), 0.0004267 secs] [Times: user=0.00 sys=0.00, real=0.00 secs] 
2871.769: [GC (Allocation Failure) 2871.769: [ParNew: 94164K->0K(153600K), 0.0009320 secs] 95293K->1129K(256000K), 0.0010591 secs] [Times: user=0.06 sys=0.00, real=0.00 secs] 
2873.790: [GC (Allocation Failure) 2873.790: [ParNew: 94164K->0K(153600K), 0.0010662 secs] 95293K->1129K(256000K), 0.0011980 secs] [Times: user=0.00 sys=0.00, real=0.00 secs] 
2874.812: [GC (Allocation Failure) 2874.812: [ParNew: 94164K->0K(153600K), 0.0010062 secs] 95293K->1129K(256000K), 0.0011400 secs] [Times: user=0.00 sys=0.00, real=0.00 secs] 
2875.832: [GC (Allocation Failure) 2875.832: [ParNew: 94164K->0K(153600K), 0.0008613 secs] 95293K->1129K(256000K), 0.0009758 secs] [Times: user=0.02 sys=0.00, real=0.00 secs] 
2876.848: [GC (Allocation Failure) 2876.848: [ParNew: 94164K->0K(153600K), 0.0014187 secs] 95293K->1129K(256000K), 0.0015813 secs] [Times: user=0.00 sys=0.00, real=0.00 secs] 
2877.871: [GC (Allocation Failure) 2877.871: [ParNew: 94164K->0K(153600K), 0.0017033 secs] 95293K->1129K(256000K), 0.0018628 secs] [Times: user=0.00 sys=0.00, real=0.00 secs] 
2878.891: [GC (Allocation Failure) 2878.891: [ParNew: 94164K->0K(153600K), 0.0009430 secs] 95293K->1129K(256000K), 0.0010903 secs] [Times: user=0.00 sys=0.00, real=0.00 secs] 
2879.905: [GC (Allocation Failure) 2879.905: [ParNew: 94164K->0K(153600K), 0.0006624 secs] 95293K->1129K(256000K), 0.0007638 secs] [Times: user=0.00 sys=0.00, real=0.00 secs] 
2880.922: [GC (Allocation Failure) 2880.922: [ParNew: 94164K->0K(153600K), 0.0011530 secs] 95293K->1129K(256000K), 0.0012853 secs] [Times: user=0.00 sys=0.00, real=0.00 secs] 
2882.935: [GC (Allocation Failure) 2882.935: [ParNew: 94164K->0K(153600K), 0.0005384 secs] 95293K->1129K(256000K), 0.0006134 secs] [Times: user=0.00 sys=0.00, real=0.00 secs] 
2883.949: [GC (Allocation Failure) 2883.949: [ParNew: 94164K->0K(153600K), 0.0007583 secs] 95293K->1129K(256000K), 0.0008617 secs] [Times: user=0.00 sys=0.00, real=0.00 secs] 
2884.966: [GC (Allocation Failure) 2884.966: [ParNew: 94164K->0K(153600K), 0.0005818 secs] 95293K->1129K(256000K), 0.0006884 secs] [Times: user=0.00 sys=0.00, real=0.00 secs] 
2885.979: [GC (Allocation Failure) 2885.979: [ParNew: 94164K->0K(153600K), 0.0003853 secs] 95293K->1129K(256000K), 0.0004540 secs] [Times: user=0.00 sys=0.00, real=0.00 secs] 
2886.994: [GC (Allocation Failure) 2886.994: [ParNew: 94164K->0K(153600K), 0.0010362 secs] 95293K->1129K(256000K), 0.0011917 secs] [Times: user=0.00 sys=0.00, real=0.00 secs] 
2888.016: [GC (Allocation Failure) 2888.017: [ParNew: 94164K->0K(153600K), 0.0009087 secs] 95293K->1129K(256000K), 0.0010394 secs] [Times: user=0.00 sys=0.00, real=0.00 secs] 
2889.037: [GC (Allocation Failure) 2889.037: [ParNew: 94164K->0K(153600K), 0.0009320 secs] 95293K->1129K(256000K), 0.0010646 secs] [Times: user=0.00 sys=0.00, real=0.00 secs] 
2890.056: [GC (Allocation Failure) 2890.056: [ParNew: 94164K->0K(153600K), 0.0009008 secs] 95293K->1129K(256000K), 0.0010113 secs] [Times: user=0.00 sys=0.00, real=0.00 secs] 
2892.080: [GC (Allocation Failure) 2892.080: [ParNew: 94164K->0K(153600K), 0.0003774 secs] 95293K->1129K(256000K), 0.0004465 secs] [Times: user=0.00 sys=0.00, real=0.00 secs] 
2893.092: [GC (Allocation Failure) 2893.092: [ParNew: 94164K->0K(153600K), 0.0005092 secs] 95293K->1129K(256000K), 0.0005854 secs] [Times: user=0.00 sys=0.00, real=0.00 secs] 
2894.104: [GC (Allocation Failure) 2894.104: [ParNew: 94164K->0K(153600K), 0.0008988 secs] 95293K->1129K(256000K), 0.0010133 secs] [Times: user=0.00 sys=0.00, real=0.00 secs] 
2895.125: [GC (Allocation Failure) 2895.125: [ParNew: 94164K->0K(153600K), 0.0009466 secs] 95293K->1129K(256000K), 0.0010974 secs] [Times: user=0.00 sys=0.00, real=0.00 secs] 
2896.140: [GC (Allocation Failure) 2896.140: [ParNew: 94164K->0K(153600K), 0.0005329 secs] 95293K->1129K(256000K), 0.0006190 secs] [Times: user=0.00 sys=0.00, real=0.00 secs] 
2897.158: [GC (Allocation Failure) 2897.158: [ParNew: 94164K->0K(153600K), 0.0008744 secs] 95293K->1129K(256000K), 0.0010105 secs] [Times: user=0.00 sys=0.00, real=0.00 secs] 
2898.176: [GC (Allocation Failure) 2898.177: [ParNew: 94164K->0K(153600K), 0.0010741 secs] 95293K->1129K(256000K), 0.0011980 secs] [Times: user=0.00 sys=0.00, real=0.00 secs] 
2899.199: [GC (Allocation Failure) 2899.199: [ParNew: 94164K->0K(153600K), 0.0003797 secs] 95293K->1129K(256000K), 0.0004382 secs] [Times: user=0.00 sys=0.00, real=0.00 secs] 
2901.215: [GC (Allocation Failure) 2901.215: [ParNew: 94164K->0K(153600K), 0.0004926 secs] 95293K->1129K(256000K), 0.0005767 secs] [Times: user=0.00 sys=0.00, real=0.00 secs] 
2902.229: [GC (Allocation Failure) 2902.229: [ParNew: 94164K->0K(153600K), 0.0003947 secs] 95293K->1129K(256000K), 0.0004654 secs] [Times: user=0.00 sys=0.00, real=0.00 secs] 
2903.241: [GC (Allocation Failure) 2903.241: [ParNew: 94164K->0K(153600K), 0.0005720 secs] 95293K->1129K(256000K), 0.0006813 secs] [Times: user=0.00 sys=0.00, real=0.00 secs] 
2904.254: [GC (Allocation Failure) 2904.254: [ParNew: 94164K->0K(153600K), 0.0005128 secs] 95293K->1129K(256000K), 0.0005897 secs] [Times: user=0.00 sys=0.00, real=0.00 secs] 
2905.266: [GC (Allocation Failure) 2905.266: [ParNew: 94164K->0K(153600K), 0.0006762 secs] 95293K->1129K(256000K), 0.0007654 secs] [Times: user=0.00 sys=0.00, real=0.00 secs] 
2906.279: [GC (Allocation Failure) 2906.279: [ParNew: 94164K->0K(153600K), 0.0003959 secs] 95293K->1129K(256000K), 0.0004591 secs] [Times: user=0.00 sys=0.00, real=0.00 secs] 
2907.296: [GC (Allocation Failure) 2907.296: [ParNew: 94164K->0K(153600K), 0.0009107 secs] 95293K->1129K(256000K), 0.0010330 secs] [Times: user=0.00 sys=0.00, real=0.00 secs] 
2908.310: [GC (Allocation Failure) 2908.310: [ParNew: 94164K->0K(153600K), 0.0004646 secs] 95293K->1129K(256000K), 0.0005242 secs] [Times: user=0.00 sys=0.00, real=0.00 secs] 
2910.328: [GC (Allocation Failure) 2910.328: [ParNew: 94164K->0K(153600K), 0.0004054 secs] 95293K->1129K(256000K), 0.0004670 secs] [Times: user=0.00 sys=0.00, real=0.00 secs] 
2911.339: [GC (Allocation Failure) 2911.339: [ParNew: 94164K->0K(153600K), 0.0005222 secs] 95293K->1129K(256000K), 0.0005996 secs] [Times: user=0.00 sys=0.00, real=0.00 secs] 
2912.351: [GC (Allocation Failure) 2912.351: [ParNew: 94164K->0K(153600K), 0.0004196 secs] 95293K->1129K(256000K), 0.0004851 secs] [Times: user=0.00 sys=0.00, real=0.00 secs] 
2913.365: [GC (Allocation Failure) 2913.365: [ParNew: 94164K->0K(153600K), 0.0013342 secs] 95293K->1129K(256000K), 0.0015951 secs] [Times: user=0.00 sys=0.00, real=0.00 secs] 
2914.387: [GC (Allocation Failure) 2914.388: [ParNew: 94164K->0K(153600K), 0.0008676 secs] 95293K->1129K(256000K), 0.0009884 secs] [Times: user=0.00 sys=0.00, real=0.00 secs] 
2915.413: [GC (Allocation Failure) 2915.413: [ParNew: 94164K->0K(153600K), 0.0010275 secs] 95293K->1129K(256000K), 0.0011586 secs] [Times: user=0.00 sys=0.00, real=0.00 secs] 
2916.427: [GC (Allocation Failure) 2916.427: [ParNew: 94164K->0K(153600K), 0.0004326 secs] 95293K->1129K(256000K), 0.0005005 secs] [Times: user=0.00 sys=0.00, real=0.00 secs] 
2917.442: [GC (Allocation Failure) 2917.442: [ParNew: 94164K->0K(153600K), 0.0011700 secs] 95293K->1129K(256000K), 0.0013216 secs] [Times: user=0.00 sys=0.00, real=0.00 secs] 
2919.462: [GC (Allocation Failure) 2919.462: [ParNew: 94164K->0K(153600K), 0.0009197 secs] 95293K->1129K(256000K), 0.0010445 secs] [Times: user=0.00 sys=0.00, real=0.00 secs] 
2920.482: [GC (Allocation Failure) 2920.482: [ParNew: 94164K->0K(153600K), 0.0003790 secs] 95293K->1129K(256000K), 0.0004520 secs] [Times: user=0.00 sys=0.00, real=0.00 secs] 
2921.496: [GC (Allocation Failure) 2921.496: [ParNew: 94164K->0K(153600K), 0.0009012 secs] 95293K->1129K(256000K), 0.0010528 secs] [Times: user=0.00 sys=0.00, real=0.00 secs] 
2922.520: [GC (Allocation Failure) 2922.520: [ParNew: 94164K->0K(153600K), 0.0009371 secs] 95293K->1129K(256000K), 0.0010500 secs] [Times: user=0.00 sys=0.00, real=0.00 secs] 
2923.536: [GC (Allocation Failure) 2923.536: [ParNew: 94164K->0K(153600K), 0.0004236 secs] 95293K->1129K(256000K), 0.0004796 secs] [Times: user=0.00 sys=0.00, real=0.00 secs] 
2924.551: [GC (Allocation Failure) 2924.551: [ParNew: 94164K->0K(153600K), 0.0009525 secs] 95293K->1129K(256000K), 0.0010824 secs] [Times: user=0.00 sys=0.00, real=0.00 secs] 
2925.567: [GC (Allocation Failure) 2925.567: [ParNew: 94164K->0K(153600K), 0.0005009 secs] 95293K->1129K(256000K), 0.0005893 secs] [Times: user=0.00 sys=0.00, real=0.00 secs] 
2926.583: [GC (Allocation Failure) 2926.583: [ParNew: 94164K->0K(153600K), 0.0009632 secs] 95293K->1129K(256000K), 0.0011155 secs] [Times: user=0.00 sys=0.00, real=0.00 secs] 
2928.603: [GC (Allocation Failure) 2928.603: [ParNew: 94164K->0K(153600K), 0.0004267 secs] 95293K->1129K(256000K), 0.0004832 secs] [Times: user=0.00 sys=0.00, real=0.00 secs] 
2929.614: [GC (Allocation Failure) 2929.614: [ParNew: 94164K->0K(153600K), 0.0010133 secs] 95293K->1129K(256000K), 0.0011613 secs] [Times: user=0.00 sys=0.00, real=0.00 secs] 
2930.635: [GC (Allocation Failure) 2930.635: [ParNew: 94164K->0K(153600K), 0.0008834 secs] 95293K->1129K(256000K), 0.0010050 secs] [Times: user=0.00 sys=0.00, real=0.00 secs] 
2931.653: [GC (Allocation Failure) 2931.653: [ParNew: 94164K->0K(153600K), 0.0010287 secs] 95293K->1129K(256000K), 0.0011586 secs] [Times: user=0.00 sys=0.00, real=0.00 secs] 
2932.672: [GC (Allocation Failure) 2932.672: [ParNew: 94164K->0K(153600K), 0.0003825 secs] 95293K->1129K(256000K), 0.0004417 secs] [Times: user=0.00 sys=0.00, real=0.00 secs] 
2933.686: [GC (Allocation Failure) 2933.686: [ParNew: 94164K->0K(153600K), 0.0008917 secs] 95293K->1129K(256000K), 0.0010133 secs] [Times: user=0.00 sys=0.00, real=0.00 secs] 
2934.705: [GC (Allocation Failure) 2934.705: [ParNew: 94164K->0K(153600K), 0.0008980 secs] 95293K->1129K(256000K), 0.0010172 secs] [Times: user=0.00 sys=0.00, real=0.00 secs] 
2935.724: [GC (Allocation Failure) 2935.724: [ParNew: 94164K->0K(153600K), 0.0008799 secs] 95293K->1129K(256000K), 0.0010283 secs] [Times: user=0.00 sys=0.00, real=0.00 secs] 
2937.743: [GC (Allocation Failure) 2937.743: [ParNew: 94164K->0K(153600K), 0.0008878 secs] 95293K->1129K(256000K), 0.0010046 secs] [Times: user=0.00 sys=0.00, real=0.00 secs] 
2938.761: [GC (Allocation Failure) 2938.761: [ParNew: 94164K->0K(153600K), 0.0010082 secs] 95293K->1129K(256000K), 0.0011057 secs] [Times: user=0.00 sys=0.00, real=0.00 secs] 
2939.778: [GC (Allocation Failure) 2939.778: [ParNew: 94164K->0K(153600K), 0.0003971 secs] 95293K->1129K(256000K), 0.0004642 secs] [Times: user=0.00 sys=0.00, real=0.00 secs] 
2940.789: [GC (Allocation Failure) 2940.789: [ParNew: 94164K->0K(153600K), 0.0004421 secs] 95293K->1129K(256000K), 0.0004982 secs] [Times: user=0.00 sys=0.00, real=0.00 secs] 
2941.800: [GC (Allocation Failure) 2941.800: [ParNew: 94164K->0K(153600K), 0.0004721 secs] 95293K->1129K(256000K), 0.0005428 secs] [Times: user=0.00 sys=0.00, real=0.00 secs] 
2942.816: [GC (Allocation Failure) 2942.816: [ParNew: 94164K->0K(153600K), 0.0009182 secs] 95293K->1129K(256000K), 0.0010425 secs] [Times: user=0.00 sys=0.00, real=0.00 secs] 
2943.836: [GC (Allocation Failure) 2943.837: [ParNew: 94164K->0K(153600K), 0.0008953 secs] 95293K->1129K(256000K), 0.0010007 secs] [Times: user=0.00 sys=0.00, real=0.00 secs] 
2944.856: [GC (Allocation Failure) 2944.857: [ParNew: 94164K->0K(153600K), 0.0008921 secs] 95293K->1129K(256000K), 0.0010247 secs] [Times: user=0.00 sys=0.00, real=0.00 secs] 
2946.877: [GC (Allocation Failure) 2946.877: [ParNew: 94164K->0K(153600K), 0.0009734 secs] 95293K->1129K(256000K), 0.0011057 secs] [Times: user=0.00 sys=0.00, real=0.00 secs] 
2947.895: [GC (Allocation Failure) 2947.895: [ParNew: 94164K->0K(153600K), 0.0004090 secs] 95293K->1129K(256000K), 0.0004847 secs] [Times: user=0.00 sys=0.00, real=0.00 secs] 
2948.908: [GC (Allocation Failure) 2948.908: [ParNew: 94164K->0K(153600K), 0.0009178 secs] 95293K->1129K(256000K), 0.0010350 secs] [Times: user=0.00 sys=0.00, real=0.00 secs] 
2949.926: [GC (Allocation Failure) 2949.926: [ParNew: 94164K->0K(153600K), 0.0008767 secs] 95293K->1129K(256000K), 0.0009987 secs] [Times: user=0.00 sys=0.00, real=0.00 secs] 
2950.943: [GC (Allocation Failure) 2950.943: [ParNew: 94164K->0K(153600K), 0.0003766 secs] 95293K->1129K(256000K), 0.0004421 secs] [Times: user=0.00 sys=0.00, real=0.00 secs] 
2951.957: [GC (Allocation Failure) 2951.957: [ParNew: 94164K->0K(153600K), 0.0003809 secs] 95293K->1129K(256000K), 0.0004433 secs] [Times: user=0.00 sys=0.00, real=0.00 secs] 
2952.968: [GC (Allocation Failure) 2952.968: [ParNew: 94164K->0K(153600K), 0.0004615 secs] 95293K->1129K(256000K), 0.0005262 secs] [Times: user=0.00 sys=0.00, real=0.00 secs] 
2953.979: [GC (Allocation Failure) 2953.979: [ParNew: 94164K->0K(153600K), 0.0003647 secs] 95293K->1129K(256000K), 0.0004240 secs] [Times: user=0.00 sys=0.00, real=0.00 secs] 
2955.992: [GC (Allocation Failure) 2955.992: [ParNew: 94164K->0K(153600K), 0.0009067 secs] 95293K->1129K(256000K), 0.0010251 secs] [Times: user=0.00 sys=0.00, real=0.00 secs] 
2957.012: [GC (Allocation Failure) 2957.012: [ParNew: 94164K->0K(153600K), 0.0009316 secs] 95293K->1129K(256000K), 0.0010492 secs] [Times: user=0.00 sys=0.00, real=0.00 secs] 
2958.032: [GC (Allocation Failure) 2958.032: [ParNew: 94164K->0K(153600K), 0.0009036 secs] 95293K->1129K(256000K), 0.0010267 secs] [Times: user=0.00 sys=0.00, real=0.00 secs] 
2959.050: [GC (Allocation Failure) 2959.051: [ParNew: 94164K->0K(153600K), 0.0008799 secs] 95293K->1129K(256000K), 0.0010176 secs] [Times: user=0.00 sys=0.00, real=0.00 secs] 
2960.069: [GC (Allocation Failure) 2960.069: [ParNew: 94164K->0K(153600K), 0.0009521 secs] 95293K->1129K(256000K), 0.0010709 secs] [Times: user=0.00 sys=0.00, real=0.00 secs] 
2961.093: [GC (Allocation Failure) 2961.093: [ParNew: 94164K->0K(153600K), 0.0009561 secs] 95293K->1129K(256000K), 0.0010808 secs] [Times: user=0.00 sys=0.00, real=0.00 secs] 
2962.113: [GC (Allocation Failure) 2962.113: [ParNew: 94164K->0K(153600K), 0.0010263 secs] 95293K->1129K(256000K), 0.0011436 secs] [Times: user=0.06 sys=0.00, real=0.00 secs] 
2963.132: [GC (Allocation Failure) 2963.132: [ParNew: 94164K->0K(153600K), 0.0008526 secs] 95293K->1129K(256000K), 0.0009770 secs] [Times: user=0.00 sys=0.00, real=0.00 secs] 
2965.152: [GC (Allocation Failure) 2965.152: [ParNew: 94164K->0K(153600K), 0.0008637 secs] 95293K->1129K(256000K), 0.0010022 secs] [Times: user=0.00 sys=0.00, real=0.00 secs] 
2966.172: [GC (Allocation Failure) 2966.172: [ParNew: 94164K->0K(153600K), 0.0009395 secs] 95293K->1129K(256000K), 0.0010820 secs] [Times: user=0.00 sys=0.00, real=0.00 secs] 
2967.195: [GC (Allocation Failure) 2967.195: [ParNew: 94164K->0K(153600K), 0.0015205 secs] 95293K->1129K(256000K), 0.0016619 secs] [Times: user=0.00 sys=0.00, real=0.00 secs] 
2968.211: [GC (Allocation Failure) 2968.211: [ParNew: 94164K->0K(153600K), 0.0006122 secs] 95293K->1129K(256000K), 0.0007034 secs] [Times: user=0.00 sys=0.00, real=0.00 secs] 
2969.225: [GC (Allocation Failure) 2969.225: [ParNew: 94164K->0K(153600K), 0.0005195 secs] 95293K->1129K(256000K), 0.0006071 secs] [Times: user=0.00 sys=0.00, real=0.00 secs] 
2970.241: [GC (Allocation Failure) 2970.241: [ParNew: 94164K->0K(153600K), 0.0010520 secs] 95293K->1129K(256000K), 0.0011807 secs] [Times: user=0.00 sys=0.00, real=0.00 secs] 
2971.255: [GC (Allocation Failure) 2971.255: [ParNew: 94164K->0K(153600K), 0.0003778 secs] 95293K->1129K(256000K), 0.0004362 secs] [Times: user=0.00 sys=0.00, real=0.00 secs] 
2972.274: [GC (Allocation Failure) 2972.275: [ParNew: 94164K->0K(153600K), 0.0009474 secs] 95293K->1129K(256000K), 0.0010749 secs] [Times: user=0.00 sys=0.00, real=0.00 secs] 
2974.288: [GC (Allocation Failure) 2974.288: [ParNew: 94164K->0K(153600K), 0.0008708 secs] 95293K->1129K(256000K), 0.0009790 secs] [Times: user=0.00 sys=0.00, real=0.00 secs] 
2975.306: [GC (Allocation Failure) 2975.307: [ParNew: 94164K->0K(153600K), 0.0009130 secs] 95293K->1129K(256000K), 0.0010599 secs] [Times: user=0.00 sys=0.00, real=0.00 secs] 
2976.326: [GC (Allocation Failure) 2976.326: [ParNew: 94164K->0K(153600K), 0.0008732 secs] 95293K->1129K(256000K), 0.0009991 secs] [Times: user=0.00 sys=0.00, real=0.00 secs] 
2977.342: [GC (Allocation Failure) 2977.342: [ParNew: 94164K->0K(153600K), 0.0005155 secs] 95293K->1129K(256000K), 0.0006020 secs] [Times: user=0.00 sys=0.00, real=0.00 secs] 
2978.357: [GC (Allocation Failure) 2978.357: [ParNew: 94164K->0K(153600K), 0.0009138 secs] 95293K->1129K(256000K), 0.0010291 secs] [Times: user=0.00 sys=0.00, real=0.00 secs] 
2979.373: [GC (Allocation Failure) 2979.373: [ParNew: 94164K->0K(153600K), 0.0003580 secs] 95293K->1129K(256000K), 0.0004093 secs] [Times: user=0.00 sys=0.00, real=0.00 secs] 
2980.389: [GC (Allocation Failure) 2980.390: [ParNew: 94164K->0K(153600K), 0.0009344 secs] 95293K->1129K(256000K), 0.0010658 secs] [Times: user=0.00 sys=0.00, real=0.00 secs] 
2981.406: [GC (Allocation Failure) 2981.406: [ParNew: 94164K->0K(153600K), 0.0004026 secs] 95293K->1129K(256000K), 0.0004753 secs] [Times: user=0.00 sys=0.00, real=0.00 secs] 
2983.423: [GC (Allocation Failure) 2983.423: [ParNew: 94164K->0K(153600K), 0.0008712 secs] 95293K->1129K(256000K), 0.0009758 secs] [Times: user=0.00 sys=0.00, real=0.00 secs] 
2984.441: [GC (Allocation Failure) 2984.441: [ParNew: 94164K->0K(153600K), 0.0009126 secs] 95293K->1129K(256000K), 0.0010650 secs] [Times: user=0.00 sys=0.00, real=0.00 secs] 
2985.460: [GC (Allocation Failure) 2985.460: [ParNew: 94164K->0K(153600K), 0.0010311 secs] 95293K->1129K(256000K), 0.0011633 secs] [Times: user=0.00 sys=0.00, real=0.00 secs] 
2986.476: [GC (Allocation Failure) 2986.476: [ParNew: 94164K->0K(153600K), 0.0004433 secs] 95293K->1129K(256000K), 0.0005155 secs] [Times: user=0.00 sys=0.00, real=0.00 secs] 
2987.508: [GC (Allocation Failure) 2987.508: [ParNew: 94164K->0K(153600K), 0.0003928 secs] 95293K->1129K(256000K), 0.0004658 secs] [Times: user=0.00 sys=0.00, real=0.00 secs] 
2988.524: [GC (Allocation Failure) 2988.524: [ParNew: 94164K->0K(153600K), 0.0009166 secs] 95293K->1129K(256000K), 0.0010701 secs] [Times: user=0.00 sys=0.00, real=0.00 secs] 
2989.539: [GC (Allocation Failure) 2989.539: [ParNew: 94164K->0K(153600K), 0.0003892 secs] 95293K->1129K(256000K), 0.0004567 secs] [Times: user=0.00 sys=0.00, real=0.00 secs] 
2990.556: [GC (Allocation Failure) 2990.556: [ParNew: 94164K->0K(153600K), 0.0008941 secs] 95293K->1129K(256000K), 0.0010303 secs] [Times: user=0.00 sys=0.00, real=0.00 secs] 
2992.569: [GC (Allocation Failure) 2992.569: [ParNew: 94164K->0K(153600K), 0.0010611 secs] 95293K->1129K(256000K), 0.0012134 secs] [Times: user=0.00 sys=0.00, real=0.00 secs] 
2993.589: [GC (Allocation Failure) 2993.589: [ParNew: 94164K->0K(153600K), 0.0008874 secs] 95293K->1129K(256000K), 0.0010165 secs] [Times: user=0.00 sys=0.00, real=0.00 secs] 
2994.607: [GC (Allocation Failure) 2994.607: [ParNew: 94164K->0K(153600K), 0.0005353 secs] 95293K->1129K(256000K), 0.0006118 secs] [Times: user=0.00 sys=0.00, real=0.00 secs] 
2995.620: [GC (Allocation Failure) 2995.621: [ParNew: 94164K->0K(153600K), 0.0009107 secs] 95293K->1129K(256000K), 0.0010465 secs] [Times: user=0.00 sys=0.00, real=0.00 secs] 
2996.639: [GC (Allocation Failure) 2996.639: [ParNew: 94164K->0K(153600K), 0.0009407 secs] 95293K->1129K(256000K), 0.0010749 secs] [Times: user=0.00 sys=0.00, real=0.00 secs] 
2997.657: [GC (Allocation Failure) 2997.657: [ParNew: 94164K->0K(153600K), 0.0010176 secs] 95293K->1129K(256000K), 0.0011471 secs] [Times: user=0.00 sys=0.00, real=0.00 secs] 
2998.678: [GC (Allocation Failure) 2998.679: [ParNew: 94164K->0K(153600K), 0.0005822 secs] 95293K->1129K(256000K), 0.0007082 secs] [Times: user=0.00 sys=0.00, real=0.00 secs] 
2999.691: [GC (Allocation Failure) 2999.691: [ParNew: 94164K->0K(153600K), 0.0004559 secs] 95293K->1129K(256000K), 0.0005218 secs] [Times: user=0.00 sys=0.00, real=0.00 secs] 
3001.708: [GC (Allocation Failure) 3001.708: [ParNew: 94164K->0K(153600K), 0.0009699 secs] 95293K->1129K(256000K), 0.0010867 secs] [Times: user=0.00 sys=0.00, real=0.00 secs] 
3002.728: [GC (Allocation Failure) 3002.728: [ParNew: 94164K->0K(153600K), 0.0005068 secs] 95293K->1129K(256000K), 0.0006241 secs] [Times: user=0.00 sys=0.00, real=0.00 secs] 
3003.742: [GC (Allocation Failure) 3003.742: [ParNew: 94164K->0K(153600K), 0.0008728 secs] 95293K->1129K(256000K), 0.0010599 secs] [Times: user=0.00 sys=0.00, real=0.00 secs] 
3004.759: [GC (Allocation Failure) 3004.759: [ParNew: 94164K->0K(153600K), 0.0015537 secs] 95293K->1129K(256000K), 0.0017266 secs] [Times: user=0.00 sys=0.00, real=0.00 secs] 
3005.777: [GC (Allocation Failure) 3005.777: [ParNew: 94164K->0K(153600K), 0.0004737 secs] 95293K->1129K(256000K), 0.0005483 secs] [Times: user=0.00 sys=0.00, real=0.00 secs] 
3006.793: [GC (Allocation Failure) 3006.793: [ParNew: 94164K->0K(153600K), 0.0011515 secs] 95293K->1129K(256000K), 0.0012719 secs] [Times: user=0.00 sys=0.00, real=0.00 secs] 
3007.812: [GC (Allocation Failure) 3007.813: [ParNew: 94164K->0K(153600K), 0.0009016 secs] 95293K->1129K(256000K), 0.0010334 secs] [Times: user=0.00 sys=0.00, real=0.00 secs] 
3008.832: [GC (Allocation Failure) 3008.832: [ParNew: 94164K->0K(153600K), 0.0009501 secs] 95293K->1129K(256000K), 0.0010863 secs] [Times: user=0.00 sys=0.00, real=0.00 secs] 
3010.852: [GC (Allocation Failure) 3010.852: [ParNew: 94164K->0K(153600K), 0.0003707 secs] 95293K->1129K(256000K), 0.0004421 secs] [Times: user=0.00 sys=0.00, real=0.00 secs] 
3011.863: [GC (Allocation Failure) 3011.863: [ParNew: 94164K->0K(153600K), 0.0005321 secs] 95293K->1129K(256000K), 0.0006111 secs] [Times: user=0.00 sys=0.02, real=0.00 secs] 
3012.876: [GC (Allocation Failure) 3012.876: [ParNew: 94164K->0K(153600K), 0.0009545 secs] 95293K->1129K(256000K), 0.0010879 secs] [Times: user=0.00 sys=0.00, real=0.00 secs] 
3013.896: [GC (Allocation Failure) 3013.896: [ParNew: 94164K->0K(153600K), 0.0009071 secs] 95293K->1129K(256000K), 0.0010255 secs] [Times: user=0.00 sys=0.00, real=0.00 secs] 
3014.914: [GC (Allocation Failure) 3014.914: [ParNew: 94164K->0K(153600K), 0.0008661 secs] 95293K->1129K(256000K), 0.0010022 secs] [Times: user=0.00 sys=0.00, real=0.00 secs] 
3015.933: [GC (Allocation Failure) 3015.933: [ParNew: 94164K->0K(153600K), 0.0009162 secs] 95293K->1129K(256000K), 0.0010465 secs] [Times: user=0.00 sys=0.00, real=0.00 secs] 
3016.952: [GC (Allocation Failure) 3016.952: [ParNew: 94164K->0K(153600K), 0.0009644 secs] 95293K->1129K(256000K), 0.0010694 secs] [Times: user=0.00 sys=0.00, real=0.00 secs] 
3017.970: [GC (Allocation Failure) 3017.970: [ParNew: 94164K->0K(153600K), 0.0008984 secs] 95293K->1129K(256000K), 0.0010232 secs] [Times: user=0.00 sys=0.00, real=0.00 secs] 
3019.990: [GC (Allocation Failure) 3019.990: [ParNew: 94164K->0K(153600K), 0.0008779 secs] 95293K->1129K(256000K), 0.0010137 secs] [Times: user=0.00 sys=0.00, real=0.00 secs] 
3021.008: [GC (Allocation Failure) 3021.008: [ParNew: 94164K->0K(153600K), 0.0009024 secs] 95293K->1129K(256000K), 0.0010303 secs] [Times: user=0.00 sys=0.00, real=0.00 secs] 
3022.026: [GC (Allocation Failure) 3022.027: [ParNew: 94164K->0K(153600K), 0.0009067 secs] 95293K->1129K(256000K), 0.0010117 secs] [Times: user=0.00 sys=0.00, real=0.00 secs] 
3023.045: [GC (Allocation Failure) 3023.045: [ParNew: 94164K->0K(153600K), 0.0010326 secs] 95293K->1129K(256000K), 0.0011404 secs] [Times: user=0.00 sys=0.00, real=0.00 secs] 
3024.064: [GC (Allocation Failure) 3024.064: [ParNew: 94164K->0K(153600K), 0.0009272 secs] 95293K->1129K(256000K), 0.0010516 secs] [Times: user=0.00 sys=0.00, real=0.00 secs] 
3025.082: [GC (Allocation Failure) 3025.082: [ParNew: 94164K->0K(153600K), 0.0008645 secs] 95293K->1129K(256000K), 0.0010094 secs] [Times: user=0.00 sys=0.00, real=0.00 secs] 
3026.101: [GC (Allocation Failure) 3026.101: [ParNew: 94164K->0K(153600K), 0.0008976 secs] 95293K->1129K(256000K), 0.0010082 secs] [Times: user=0.00 sys=0.00, real=0.00 secs] 
3027.120: [GC (Allocation Failure) 3027.120: [ParNew: 94164K->0K(153600K), 0.0008822 secs] 95293K->1129K(256000K), 0.0010038 secs] [Times: user=0.00 sys=0.00, real=0.00 secs] 
3029.140: [GC (Allocation Failure) 3029.140: [ParNew: 94164K->0K(153600K), 0.0004950 secs] 95293K->1129K(256000K), 0.0005601 secs] [Times: user=0.00 sys=0.00, real=0.00 secs] 
3030.153: [GC (Allocation Failure) 3030.153: [ParNew: 94164K->0K(153600K), 0.0009146 secs] 95293K->1129K(256000K), 0.0010263 secs] [Times: user=0.00 sys=0.00, real=0.00 secs] 
3031.171: [GC (Allocation Failure) 3031.171: [ParNew: 94164K->0K(153600K), 0.0009166 secs] 95293K->1129K(256000K), 0.0010299 secs] [Times: user=0.00 sys=0.00, real=0.00 secs] 
3032.189: [GC (Allocation Failure) 3032.189: [ParNew: 94164K->0K(153600K), 0.0010247 secs] 95293K->1129K(256000K), 0.0011759 secs] [Times: user=0.00 sys=0.00, real=0.00 secs] 
3033.211: [GC (Allocation Failure) 3033.211: [ParNew: 94164K->0K(153600K), 0.0011791 secs] 95293K->1129K(256000K), 0.0013311 secs] [Times: user=0.00 sys=0.00, real=0.00 secs] 
3034.227: [GC (Allocation Failure) 3034.227: [ParNew: 94164K->0K(153600K), 0.0005743 secs] 95293K->1129K(256000K), 0.0006608 secs] [Times: user=0.00 sys=0.00, real=0.00 secs] 
3035.239: [GC (Allocation Failure) 3035.239: [ParNew: 94164K->0K(153600K), 0.0005045 secs] 95293K->1129K(256000K), 0.0005854 secs] [Times: user=0.00 sys=0.00, real=0.00 secs] 
3036.256: [GC (Allocation Failure) 3036.256: [ParNew: 94164K->0K(153600K), 0.0012115 secs] 95293K->1129K(256000K), 0.0013528 secs] [Times: user=0.00 sys=0.00, real=0.00 secs] 
3038.279: [GC (Allocation Failure) 3038.279: [ParNew: 94164K->0K(153600K), 0.0008676 secs] 95293K->1129K(256000K), 0.0010050 secs] [Times: user=0.00 sys=0.00, real=0.00 secs] 
3039.297: [GC (Allocation Failure) 3039.298: [ParNew: 94164K->0K(153600K), 0.0009651 secs] 95293K->1129K(256000K), 0.0011005 secs] [Times: user=0.00 sys=0.00, real=0.00 secs] 
3040.317: [GC (Allocation Failure) 3040.317: [ParNew: 94164K->0K(153600K), 0.0008751 secs] 95293K->1129K(256000K), 0.0010267 secs] [Times: user=0.00 sys=0.00, real=0.00 secs] 
3041.333: [GC (Allocation Failure) 3041.333: [ParNew: 94164K->0K(153600K), 0.0003604 secs] 95293K->1129K(256000K), 0.0004247 secs] [Times: user=0.00 sys=0.00, real=0.00 secs] 
3042.344: [GC (Allocation Failure) 3042.344: [ParNew: 94164K->0K(153600K), 0.0003857 secs] 95293K->1129K(256000K), 0.0004555 secs] [Times: user=0.00 sys=0.00, real=0.00 secs] 
3043.362: [GC (Allocation Failure) 3043.362: [ParNew: 94164K->0K(153600K), 0.0009257 secs] 95293K->1129K(256000K), 0.0010741 secs] [Times: user=0.06 sys=0.00, real=0.00 secs] 
3044.385: [GC (Allocation Failure) 3044.385: [ParNew: 94164K->0K(153600K), 0.0008120 secs] 95293K->1129K(256000K), 0.0009857 secs] [Times: user=0.00 sys=0.00, real=0.00 secs] 
3045.400: [GC (Allocation Failure) 3045.400: [ParNew: 94164K->0K(153600K), 0.0004074 secs] 95293K->1129K(256000K), 0.0004993 secs] [Times: user=0.00 sys=0.00, real=0.00 secs] 
3047.416: [GC (Allocation Failure) 3047.416: [ParNew: 94164K->0K(153600K), 0.0006280 secs] 95293K->1129K(256000K), 0.0007082 secs] [Times: user=0.00 sys=0.00, real=0.00 secs] 
3048.430: [GC (Allocation Failure) 3048.430: [ParNew: 94164K->0K(153600K), 0.0009640 secs] 95293K->1129K(256000K), 0.0010907 secs] [Times: user=0.00 sys=0.00, real=0.00 secs] 
3049.449: [GC (Allocation Failure) 3049.450: [ParNew: 94164K->0K(153600K), 0.0010228 secs] 95293K->1129K(256000K), 0.0011578 secs] [Times: user=0.00 sys=0.00, real=0.00 secs] 
3050.469: [GC (Allocation Failure) 3050.469: [ParNew: 94164K->0K(153600K), 0.0008905 secs] 95293K->1129K(256000K), 0.0010172 secs] [Times: user=0.00 sys=0.00, real=0.00 secs] 
3051.489: [GC (Allocation Failure) 3051.489: [ParNew: 94164K->0K(153600K), 0.0008546 secs] 95293K->1129K(256000K), 0.0009991 secs] [Times: user=0.00 sys=0.00, real=0.00 secs] 
3052.510: [GC (Allocation Failure) 3052.510: [ParNew: 94164K->0K(153600K), 0.0009257 secs] 95293K->1129K(256000K), 0.0010536 secs] [Times: user=0.00 sys=0.00, real=0.00 secs] 
3053.532: [GC (Allocation Failure) 3053.532: [ParNew: 94164K->0K(153600K), 0.0009024 secs] 95293K->1129K(256000K), 0.0010382 secs] [Times: user=0.00 sys=0.00, real=0.00 secs] 
3054.552: [GC (Allocation Failure) 3054.552: [ParNew: 94164K->0K(153600K), 0.0009249 secs] 95293K->1129K(256000K), 0.0010532 secs] [Times: user=0.00 sys=0.00, real=0.00 secs] 
3056.585: [GC (Allocation Failure) 3056.585: [ParNew: 94164K->0K(153600K), 0.0004409 secs] 95293K->1129K(256000K), 0.0005136 secs] [Times: user=0.00 sys=0.00, real=0.00 secs] 
3057.597: [GC (Allocation Failure) 3057.598: [ParNew: 94164K->0K(153600K), 0.0009833 secs] 95293K->1129K(256000K), 0.0011132 secs] [Times: user=0.06 sys=0.00, real=0.00 secs] 
3058.616: [GC (Allocation Failure) 3058.617: [ParNew: 94164K->0K(153600K), 0.0010654 secs] 95293K->1129K(256000K), 0.0011961 secs] [Times: user=0.00 sys=0.00, real=0.00 secs] 
3059.635: [GC (Allocation Failure) 3059.635: [ParNew: 94164K->0K(153600K), 0.0006288 secs] 95293K->1129K(256000K), 0.0007165 secs] [Times: user=0.00 sys=0.00, real=0.00 secs] 
3060.648: [GC (Allocation Failure) 3060.648: [ParNew: 94164K->0K(153600K), 0.0005554 secs] 95293K->1129K(256000K), 0.0006300 secs] [Times: user=0.00 sys=0.00, real=0.00 secs] 
3061.670: [GC (Allocation Failure) 3061.670: [ParNew: 94164K->0K(153600K), 0.0009091 secs] 95293K->1129K(256000K), 0.0010334 secs] [Times: user=0.00 sys=0.00, real=0.00 secs] 
3062.683: [GC (Allocation Failure) 3062.684: [ParNew: 94164K->0K(153600K), 0.0006186 secs] 95293K->1129K(256000K), 0.0007042 secs] [Times: user=0.00 sys=0.00, real=0.00 secs] 
3063.695: [GC (Allocation Failure) 3063.695: [ParNew: 94164K->0K(153600K), 0.0003722 secs] 95293K->1129K(256000K), 0.0004342 secs] [Times: user=0.00 sys=0.00, real=0.00 secs] 
3065.707: [GC (Allocation Failure) 3065.707: [ParNew: 94164K->0K(153600K), 0.0006770 secs] 95293K->1129K(256000K), 0.0007753 secs] [Times: user=0.00 sys=0.00, real=0.00 secs] 
3066.720: [GC (Allocation Failure) 3066.720: [ParNew: 94164K->0K(153600K), 0.0007018 secs] 95293K->1129K(256000K), 0.0007808 secs] [Times: user=0.00 sys=0.00, real=0.00 secs] 
3067.735: [GC (Allocation Failure) 3067.735: [ParNew: 94164K->0K(153600K), 0.0008957 secs] 95293K->1129K(256000K), 0.0010212 secs] [Times: user=0.00 sys=0.00, real=0.00 secs] 
3068.755: [GC (Allocation Failure) 3068.755: [ParNew: 94164K->0K(153600K), 0.0009213 secs] 95293K->1129K(256000K), 0.0010697 secs] [Times: user=0.00 sys=0.00, real=0.00 secs] 
3069.776: [GC (Allocation Failure) 3069.776: [ParNew: 94164K->0K(153600K), 0.0008799 secs] 95293K->1129K(256000K), 0.0010019 secs] [Times: user=0.00 sys=0.00, real=0.00 secs] 
3070.794: [GC (Allocation Failure) 3070.794: [ParNew: 94164K->0K(153600K), 0.0009217 secs] 95293K->1129K(256000K), 0.0010500 secs] [Times: user=0.00 sys=0.00, real=0.00 secs] 
3071.812: [GC (Allocation Failure) 3071.813: [ParNew: 94164K->0K(153600K), 0.0009501 secs] 95293K->1129K(256000K), 0.0010800 secs] [Times: user=0.00 sys=0.00, real=0.00 secs] 
3072.831: [GC (Allocation Failure) 3072.831: [ParNew: 94164K->0K(153600K), 0.0009209 secs] 95293K->1129K(256000K), 0.0010267 secs] [Times: user=0.06 sys=0.00, real=0.00 secs] 
3074.844: [GC (Allocation Failure) 3074.844: [ParNew: 94164K->0K(153600K), 0.0008945 secs] 95293K->1129K(256000K), 0.0010180 secs] [Times: user=0.00 sys=0.00, real=0.00 secs] 
3075.863: [GC (Allocation Failure) 3075.863: [ParNew: 94164K->0K(153600K), 0.0009924 secs] 95293K->1129K(256000K), 0.0011017 secs] [Times: user=0.00 sys=0.00, real=0.00 secs] 
3076.882: [GC (Allocation Failure) 3076.882: [ParNew: 94164K->0K(153600K), 0.0008866 secs] 95293K->1129K(256000K), 0.0009971 secs] [Times: user=0.00 sys=0.00, real=0.00 secs] 
3077.901: [GC (Allocation Failure) 3077.901: [ParNew: 94164K->0K(153600K), 0.0009367 secs] 95293K->1129K(256000K), 0.0010630 secs] [Times: user=0.00 sys=0.00, real=0.00 secs] 
3078.920: [GC (Allocation Failure) 3078.920: [ParNew: 94164K->0K(153600K), 0.0009347 secs] 95293K->1129K(256000K), 0.0010622 secs] [Times: user=0.00 sys=0.00, real=0.00 secs] 
3079.938: [GC (Allocation Failure) 3079.938: [ParNew: 94164K->0K(153600K), 0.0008878 secs] 95293K->1129K(256000K), 0.0010212 secs] [Times: user=0.00 sys=0.00, real=0.00 secs] 
3080.958: [GC (Allocation Failure) 3080.958: [ParNew: 94164K->0K(153600K), 0.0009707 secs] 95293K->1129K(256000K), 0.0011219 secs] [Times: user=0.00 sys=0.00, real=0.00 secs] 
3081.977: [GC (Allocation Failure) 3081.978: [ParNew: 94164K->0K(153600K), 0.0008562 secs] 95293K->1129K(256000K), 0.0009620 secs] [Times: user=0.00 sys=0.00, real=0.00 secs] 
3083.997: [GC (Allocation Failure) 3083.997: [ParNew: 94164K->0K(153600K), 0.0008945 secs] 95293K->1129K(256000K), 0.0010421 secs] [Times: user=0.00 sys=0.00, real=0.00 secs] 
3085.015: [GC (Allocation Failure) 3085.015: [ParNew: 94164K->0K(153600K), 0.0008850 secs] 95293K->1129K(256000K), 0.0010086 secs] [Times: user=0.00 sys=0.00, real=0.00 secs] 
3086.033: [GC (Allocation Failure) 3086.033: [ParNew: 94164K->0K(153600K), 0.0008807 secs] 95293K->1129K(256000K), 0.0010259 secs] [Times: user=0.00 sys=0.00, real=0.00 secs] 
3087.052: [GC (Allocation Failure) 3087.052: [ParNew: 94164K->0K(153600K), 0.0008499 secs] 95293K->1129K(256000K), 0.0010121 secs] [Times: user=0.00 sys=0.00, real=0.00 secs] 
3088.070: [GC (Allocation Failure) 3088.070: [ParNew: 94164K->0K(153600K), 0.0009419 secs] 95293K->1129K(256000K), 0.0010670 secs] [Times: user=0.00 sys=0.00, real=0.00 secs] 
3089.089: [GC (Allocation Failure) 3089.089: [ParNew: 94164K->0K(153600K), 0.0009509 secs] 95293K->1129K(256000K), 0.0010591 secs] [Times: user=0.00 sys=0.00, real=0.00 secs] 
3090.108: [GC (Allocation Failure) 3090.108: [ParNew: 94164K->0K(153600K), 0.0009466 secs] 95293K->1129K(256000K), 0.0010697 secs] [Times: user=0.00 sys=0.00, real=0.00 secs] 
3091.127: [GC (Allocation Failure) 3091.127: [ParNew: 94164K->0K(153600K), 0.0009020 secs] 95293K->1129K(256000K), 0.0010287 secs] [Times: user=0.00 sys=0.00, real=0.00 secs] 
3093.145: [GC (Allocation Failure) 3093.145: [ParNew: 94164K->0K(153600K), 0.0009351 secs] 95293K->1129K(256000K), 0.0010887 secs] [Times: user=0.00 sys=0.00, real=0.00 secs] 
3094.164: [GC (Allocation Failure) 3094.164: [ParNew: 94164K->0K(153600K), 0.0009063 secs] 95293K->1129K(256000K), 0.0010247 secs] [Times: user=0.00 sys=0.00, real=0.00 secs] 
3095.183: [GC (Allocation Failure) 3095.183: [ParNew: 94164K->0K(153600K), 0.0008605 secs] 95293K->1129K(256000K), 0.0009770 secs] [Times: user=0.00 sys=0.00, real=0.00 secs] 
3096.204: [GC (Allocation Failure) 3096.204: [ParNew: 94164K->0K(153600K), 0.0009944 secs] 95293K->1129K(256000K), 0.0011226 secs] [Times: user=0.00 sys=0.00, real=0.00 secs] 
3097.224: [GC (Allocation Failure) 3097.224: [ParNew: 94164K->0K(153600K), 0.0005917 secs] 95293K->1129K(256000K), 0.0006679 secs] [Times: user=0.00 sys=0.00, real=0.00 secs] 
3098.236: [GC (Allocation Failure) 3098.236: [ParNew: 94164K->0K(153600K), 0.0005980 secs] 95293K->1129K(256000K), 0.0006884 secs] [Times: user=0.00 sys=0.00, real=0.00 secs] 
3099.252: [GC (Allocation Failure) 3099.252: [ParNew: 94164K->0K(153600K), 0.0009000 secs] 95293K->1129K(256000K), 0.0010247 secs] [Times: user=0.00 sys=0.00, real=0.00 secs] 
3100.270: [GC (Allocation Failure) 3100.270: [ParNew: 94164K->0K(153600K), 0.0009383 secs] 95293K->1129K(256000K), 0.0010946 secs] [Times: user=0.00 sys=0.00, real=0.00 secs] 
3102.288: [GC (Allocation Failure) 3102.288: [ParNew: 94164K->0K(153600K), 0.0008783 secs] 95293K->1129K(256000K), 0.0010034 secs] [Times: user=0.00 sys=0.00, real=0.00 secs] 
3103.306: [GC (Allocation Failure) 3103.306: [ParNew: 94164K->0K(153600K), 0.0003612 secs] 95293K->1129K(256000K), 0.0004196 secs] [Times: user=0.00 sys=0.00, real=0.00 secs] 
3104.315: [GC (Allocation Failure) 3104.316: [ParNew: 94164K->0K(153600K), 0.0003880 secs] 95293K->1129K(256000K), 0.0004634 secs] [Times: user=0.00 sys=0.00, real=0.00 secs] 
3105.328: [GC (Allocation Failure) 3105.328: [ParNew: 94164K->0K(153600K), 0.0008925 secs] 95293K->1129K(256000K), 0.0010026 secs] [Times: user=0.00 sys=0.00, real=0.00 secs] 
3106.348: [GC (Allocation Failure) 3106.348: [ParNew: 94164K->0K(153600K), 0.0008917 secs] 95293K->1129K(256000K), 0.0010208 secs] [Times: user=0.06 sys=0.00, real=0.00 secs] 
3107.366: [GC (Allocation Failure) 3107.366: [ParNew: 94164K->0K(153600K), 0.0008965 secs] 95293K->1129K(256000K), 0.0010303 secs] [Times: user=0.00 sys=0.00, real=0.00 secs] 
3108.385: [GC (Allocation Failure) 3108.385: [ParNew: 94164K->0K(153600K), 0.0009051 secs] 95293K->1129K(256000K), 0.0010271 secs] [Times: user=0.00 sys=0.00, real=0.00 secs] 
3109.405: [GC (Allocation Failure) 3109.405: [ParNew: 94164K->0K(153600K), 0.0008688 secs] 95293K->1129K(256000K), 0.0009790 secs] [Times: user=0.00 sys=0.00, real=0.00 secs] 
3111.417: [GC (Allocation Failure) 3111.417: [ParNew: 94164K->0K(153600K), 0.0008858 secs] 95293K->1129K(256000K), 0.0009967 secs] [Times: user=0.00 sys=0.00, real=0.00 secs] 
3112.435: [GC (Allocation Failure) 3112.435: [ParNew: 94164K->0K(153600K), 0.0009245 secs] 95293K->1129K(256000K), 0.0010705 secs] [Times: user=0.00 sys=0.00, real=0.00 secs] 
3113.453: [GC (Allocation Failure) 3113.454: [ParNew: 94164K->0K(153600K), 0.0009466 secs] 95293K->1129K(256000K), 0.0010859 secs] [Times: user=0.00 sys=0.00, real=0.00 secs] 
3114.472: [GC (Allocation Failure) 3114.472: [ParNew: 94164K->0K(153600K), 0.0009008 secs] 95293K->1129K(256000K), 0.0010358 secs] [Times: user=0.06 sys=0.00, real=0.00 secs] 
3115.492: [GC (Allocation Failure) 3115.492: [ParNew: 94164K->0K(153600K), 0.0008665 secs] 95293K->1129K(256000K), 0.0009955 secs] [Times: user=0.00 sys=0.00, real=0.00 secs] 
3116.511: [GC (Allocation Failure) 3116.511: [ParNew: 94164K->0K(153600K), 0.0009344 secs] 95293K->1129K(256000K), 0.0011009 secs] [Times: user=0.00 sys=0.00, real=0.00 secs] 
3117.530: [GC (Allocation Failure) 3117.530: [ParNew: 94164K->0K(153600K), 0.0009359 secs] 95293K->1129K(256000K), 0.0010409 secs] [Times: user=0.00 sys=0.00, real=0.00 secs] 
3118.548: [GC (Allocation Failure) 3118.548: [ParNew: 94164K->0K(153600K), 0.0008980 secs] 95293K->1129K(256000K), 0.0010188 secs] [Times: user=0.00 sys=0.00, real=0.00 secs] 
3120.569: [GC (Allocation Failure) 3120.569: [ParNew: 94164K->0K(153600K), 0.0008874 secs] 95293K->1129K(256000K), 0.0010591 secs] [Times: user=0.00 sys=0.00, real=0.00 secs] 
3121.588: [GC (Allocation Failure) 3121.588: [ParNew: 94164K->0K(153600K), 0.0009245 secs] 95293K->1129K(256000K), 0.0010619 secs] [Times: user=0.00 sys=0.00, real=0.00 secs] 
3122.608: [GC (Allocation Failure) 3122.608: [ParNew: 94164K->0K(153600K), 0.0009071 secs] 95293K->1129K(256000K), 0.0010311 secs] [Times: user=0.00 sys=0.00, real=0.00 secs] 
3123.626: [GC (Allocation Failure) 3123.626: [ParNew: 94164K->0K(153600K), 0.0009182 secs] 95293K->1129K(256000K), 0.0010544 secs] [Times: user=0.00 sys=0.00, real=0.00 secs] 
3124.641: [GC (Allocation Failure) 3124.641: [ParNew: 94164K->0K(153600K), 0.0004078 secs] 95293K->1129K(256000K), 0.0004796 secs] [Times: user=0.00 sys=0.00, real=0.00 secs] 
3125.656: [GC (Allocation Failure) 3125.656: [ParNew: 94164K->0K(153600K), 0.0008854 secs] 95293K->1129K(256000K), 0.0010011 secs] [Times: user=0.00 sys=0.00, real=0.00 secs] 
3126.675: [GC (Allocation Failure) 3126.675: [ParNew: 94164K->0K(153600K), 0.0008621 secs] 95293K->1129K(256000K), 0.0009790 secs] [Times: user=0.06 sys=0.00, real=0.00 secs] 
3127.696: [GC (Allocation Failure) 3127.696: [ParNew: 94164K->0K(153600K), 0.0008676 secs] 95293K->1129K(256000K), 0.0009829 secs] [Times: user=0.00 sys=0.00, real=0.00 secs] 
3129.715: [GC (Allocation Failure) 3129.715: [ParNew: 94164K->0K(153600K), 0.0009304 secs] 95293K->1129K(256000K), 0.0010626 secs] [Times: user=0.00 sys=0.00, real=0.00 secs] 
3130.734: [GC (Allocation Failure) 3130.734: [ParNew: 94164K->0K(153600K), 0.0009186 secs] 95293K->1129K(256000K), 0.0010555 secs] [Times: user=0.00 sys=0.00, real=0.00 secs] 
3131.752: [GC (Allocation Failure) 3131.752: [ParNew: 94164K->0K(153600K), 0.0008799 secs] 95293K->1129K(256000K), 0.0010022 secs] [Times: user=0.00 sys=0.00, real=0.00 secs] 
3132.771: [GC (Allocation Failure) 3132.771: [ParNew: 94164K->0K(153600K), 0.0009055 secs] 95293K->1129K(256000K), 0.0010157 secs] [Times: user=0.00 sys=0.00, real=0.00 secs] 
3133.792: [GC (Allocation Failure) 3133.792: [ParNew: 94164K->0K(153600K), 0.0008984 secs] 95293K->1129K(256000K), 0.0010034 secs] [Times: user=0.00 sys=0.00, real=0.00 secs] 
3134.811: [GC (Allocation Failure) 3134.811: [ParNew: 94164K->0K(153600K), 0.0009845 secs] 95293K->1129K(256000K), 0.0011159 secs] [Times: user=0.00 sys=0.00, real=0.00 secs] 
3135.826: [GC (Allocation Failure) 3135.826: [ParNew: 94164K->0K(153600K), 0.0003971 secs] 95293K->1129K(256000K), 0.0004697 secs] [Times: user=0.00 sys=0.00, real=0.00 secs] 
3136.843: [GC (Allocation Failure) 3136.843: [ParNew: 94164K->0K(153600K), 0.0008826 secs] 95293K->1129K(256000K), 0.0010003 secs] [Times: user=0.00 sys=0.00, real=0.00 secs] 
3138.862: [GC (Allocation Failure) 3138.863: [ParNew: 94164K->0K(153600K), 0.0008657 secs] 95293K->1129K(256000K), 0.0009825 secs] [Times: user=0.06 sys=0.00, real=0.00 secs] 
3139.881: [GC (Allocation Failure) 3139.882: [ParNew: 94164K->0K(153600K), 0.0009359 secs] 95293K->1129K(256000K), 0.0010603 secs] [Times: user=0.00 sys=0.00, real=0.00 secs] 
3140.901: [GC (Allocation Failure) 3140.901: [ParNew: 94164K->0K(153600K), 0.0008925 secs] 95293K->1129K(256000K), 0.0010358 secs] [Times: user=0.00 sys=0.00, real=0.00 secs] 
3141.920: [GC (Allocation Failure) 3141.920: [ParNew: 94164K->0K(153600K), 0.0008866 secs] 95293K->1129K(256000K), 0.0010046 secs] [Times: user=0.00 sys=0.00, real=0.00 secs] 
3142.936: [GC (Allocation Failure) 3142.936: [ParNew: 94164K->0K(153600K), 0.0003691 secs] 95293K->1129K(256000K), 0.0004350 secs] [Times: user=0.00 sys=0.00, real=0.00 secs] 
3143.951: [GC (Allocation Failure) 3143.951: [ParNew: 94164K->0K(153600K), 0.0009253 secs] 95293K->1129K(256000K), 0.0010472 secs] [Times: user=0.00 sys=0.00, real=0.00 secs] 
3144.970: [GC (Allocation Failure) 3144.970: [ParNew: 94164K->0K(153600K), 0.0009557 secs] 95293K->1129K(256000K), 0.0011033 secs] [Times: user=0.00 sys=0.00, real=0.00 secs] 
3145.989: [GC (Allocation Failure) 3145.989: [ParNew: 94164K->0K(153600K), 0.0008811 secs] 95293K->1129K(256000K), 0.0009955 secs] [Times: user=0.00 sys=0.00, real=0.00 secs] 
3148.009: [GC (Allocation Failure) 3148.009: [ParNew: 94164K->0K(153600K), 0.0009513 secs] 95293K->1129K(256000K), 0.0010591 secs] [Times: user=0.00 sys=0.00, real=0.00 secs] 
3149.027: [GC (Allocation Failure) 3149.028: [ParNew: 94164K->0K(153600K), 0.0009671 secs] 95293K->1129K(256000K), 0.0010994 secs] [Times: user=0.00 sys=0.00, real=0.00 secs] 
3150.046: [GC (Allocation Failure) 3150.046: [ParNew: 94164K->0K(153600K), 0.0009261 secs] 95293K->1129K(256000K), 0.0010322 secs] [Times: user=0.00 sys=0.00, real=0.00 secs] 
3151.065: [GC (Allocation Failure) 3151.065: [ParNew: 94164K->0K(153600K), 0.0009616 secs] 95293K->1129K(256000K), 0.0011021 secs] [Times: user=0.00 sys=0.00, real=0.00 secs] 
3152.080: [GC (Allocation Failure) 3152.080: [ParNew: 94164K->0K(153600K), 0.0004942 secs] 95293K->1129K(256000K), 0.0005708 secs] [Times: user=0.00 sys=0.00, real=0.00 secs] 
3153.094: [GC (Allocation Failure) 3153.094: [ParNew: 94164K->0K(153600K), 0.0008759 secs] 95293K->1129K(256000K), 0.0009841 secs] [Times: user=0.00 sys=0.00, real=0.00 secs] 
3154.114: [GC (Allocation Failure) 3154.114: [ParNew: 94164K->0K(153600K), 0.0008850 secs] 95293K->1129K(256000K), 0.0010326 secs] [Times: user=0.00 sys=0.00, real=0.00 secs] 
3155.133: [GC (Allocation Failure) 3155.133: [ParNew: 94164K->0K(153600K), 0.0009438 secs] 95293K->1129K(256000K), 0.0010938 secs] [Times: user=0.00 sys=0.00, real=0.00 secs] 
3157.153: [GC (Allocation Failure) 3157.153: [ParNew: 94164K->0K(153600K), 0.0010141 secs] 95293K->1129K(256000K), 0.0011700 secs] [Times: user=0.00 sys=0.00, real=0.00 secs] 
3158.171: [GC (Allocation Failure) 3158.171: [ParNew: 94164K->0K(153600K), 0.0004413 secs] 95293K->1129K(256000K), 0.0004997 secs] [Times: user=0.00 sys=0.00, real=0.00 secs] 
3159.182: [GC (Allocation Failure) 3159.182: [ParNew: 94164K->0K(153600K), 0.0005866 secs] 95293K->1129K(256000K), 0.0006659 secs] [Times: user=0.00 sys=0.00, real=0.00 secs] 
3160.198: [GC (Allocation Failure) 3160.198: [ParNew: 94164K->0K(153600K), 0.0010259 secs] 95293K->1129K(256000K), 0.0011684 secs] [Times: user=0.00 sys=0.00, real=0.00 secs] 
3161.218: [GC (Allocation Failure) 3161.218: [ParNew: 94164K->0K(153600K), 0.0005096 secs] 95293K->1129K(256000K), 0.0006067 secs] [Times: user=0.00 sys=0.00, real=0.00 secs] 
3162.234: [GC (Allocation Failure) 3162.234: [ParNew: 94164K->0K(153600K), 0.0004500 secs] 95293K->1129K(256000K), 0.0005159 secs] [Times: user=0.00 sys=0.00, real=0.00 secs] 
3163.245: [GC (Allocation Failure) 3163.245: [ParNew: 94164K->0K(153600K), 0.0005301 secs] 95293K->1129K(256000K), 0.0006209 secs] [Times: user=0.00 sys=0.00, real=0.00 secs] 
3164.262: [GC (Allocation Failure) 3164.262: [ParNew: 94164K->0K(153600K), 0.0010133 secs] 95293K->1129K(256000K), 0.0011582 secs] [Times: user=0.00 sys=0.00, real=0.00 secs] 
3166.276: [GC (Allocation Failure) 3166.276: [ParNew: 94164K->0K(153600K), 0.0010788 secs] 95293K->1129K(256000K), 0.0012194 secs] [Times: user=0.00 sys=0.00, real=0.00 secs] 
3167.294: [GC (Allocation Failure) 3167.294: [ParNew: 94164K->0K(153600K), 0.0004145 secs] 95293K->1129K(256000K), 0.0004753 secs] [Times: user=0.00 sys=0.00, real=0.00 secs] 
3168.307: [GC (Allocation Failure) 3168.307: [ParNew: 94164K->0K(153600K), 0.0007847 secs] 95293K->1129K(256000K), 0.0008894 secs] [Times: user=0.00 sys=0.00, real=0.00 secs] 
3169.324: [GC (Allocation Failure) 3169.324: [ParNew: 94164K->0K(153600K), 0.0008637 secs] 95293K->1129K(256000K), 0.0009900 secs] [Times: user=0.00 sys=0.00, real=0.00 secs] 
3170.343: [GC (Allocation Failure) 3170.343: [ParNew: 94164K->0K(153600K), 0.0009675 secs] 95293K->1129K(256000K), 0.0010847 secs] [Times: user=0.00 sys=0.00, real=0.00 secs] 
3171.360: [GC (Allocation Failure) 3171.360: [ParNew: 94164K->0K(153600K), 0.0005266 secs] 95293K->1129K(256000K), 0.0006024 secs] [Times: user=0.00 sys=0.00, real=0.00 secs] 
3172.377: [GC (Allocation Failure) 3172.377: [ParNew: 94164K->0K(153600K), 0.0009336 secs] 95293K->1129K(256000K), 0.0010583 secs] [Times: user=0.00 sys=0.00, real=0.00 secs] 
3173.396: [GC (Allocation Failure) 3173.396: [ParNew: 94164K->0K(153600K), 0.0009142 secs] 95293K->1129K(256000K), 0.0010654 secs] [Times: user=0.00 sys=0.00, real=0.00 secs] 
3175.408: [GC (Allocation Failure) 3175.408: [ParNew: 94164K->0K(153600K), 0.0011282 secs] 95293K->1129K(256000K), 0.0012450 secs] [Times: user=0.00 sys=0.00, real=0.00 secs] 
3176.429: [GC (Allocation Failure) 3176.429: [ParNew: 94164K->0K(153600K), 0.0008751 secs] 95293K->1129K(256000K), 0.0009944 secs] [Times: user=0.00 sys=0.00, real=0.00 secs] 
3177.448: [GC (Allocation Failure) 3177.448: [ParNew: 94164K->0K(153600K), 0.0009837 secs] 95293K->1129K(256000K), 0.0011195 secs] [Times: user=0.00 sys=0.00, real=0.00 secs] 
3178.469: [GC (Allocation Failure) 3178.469: [ParNew: 94164K->0K(153600K), 0.0008862 secs] 95293K->1129K(256000K), 0.0009967 secs] [Times: user=0.00 sys=0.00, real=0.00 secs] 
3179.490: [GC (Allocation Failure) 3179.491: [ParNew: 94164K->0K(153600K), 0.0009422 secs] 95293K->1129K(256000K), 0.0010824 secs] [Times: user=0.00 sys=0.00, real=0.00 secs] 
3180.508: [GC (Allocation Failure) 3180.508: [ParNew: 94164K->0K(153600K), 0.0005708 secs] 95293K->1129K(256000K), 0.0006430 secs] [Times: user=0.00 sys=0.00, real=0.00 secs] 
3181.530: [GC (Allocation Failure) 3181.530: [ParNew: 94164K->0K(153600K), 0.0003940 secs] 95293K->1129K(256000K), 0.0004666 secs] [Times: user=0.00 sys=0.00, real=0.00 secs] 
3182.546: [GC (Allocation Failure) 3182.546: [ParNew: 94164K->0K(153600K), 0.0009154 secs] 95293K->1129K(256000K), 0.0010394 secs] [Times: user=0.00 sys=0.00, real=0.00 secs] 
3184.567: [GC (Allocation Failure) 3184.567: [ParNew: 94164K->0K(153600K), 0.0009217 secs] 95293K->1129K(256000K), 0.0010271 secs] [Times: user=0.00 sys=0.00, real=0.00 secs] 
3185.586: [GC (Allocation Failure) 3185.586: [ParNew: 94164K->0K(153600K), 0.0008874 secs] 95293K->1129K(256000K), 0.0010180 secs] [Times: user=0.00 sys=0.00, real=0.00 secs] 
3186.607: [GC (Allocation Failure) 3186.607: [ParNew: 94164K->0K(153600K), 0.0009383 secs] 95293K->1129K(256000K), 0.0010611 secs] [Times: user=0.00 sys=0.00, real=0.00 secs] 
3187.624: [GC (Allocation Failure) 3187.624: [ParNew: 94164K->0K(153600K), 0.0004693 secs] 95293K->1129K(256000K), 0.0005432 secs] [Times: user=0.00 sys=0.00, real=0.00 secs] 
3188.640: [GC (Allocation Failure) 3188.640: [ParNew: 94164K->0K(153600K), 0.0009186 secs] 95293K->1129K(256000K), 0.0010232 secs] [Times: user=0.00 sys=0.00, real=0.00 secs] 
3189.658: [GC (Allocation Failure) 3189.658: [ParNew: 94164K->0K(153600K), 0.0008941 secs] 95293K->1129K(256000K), 0.0010030 secs] [Times: user=0.00 sys=0.00, real=0.00 secs] 
3190.682: [GC (Allocation Failure) 3190.682: [ParNew: 94164K->0K(153600K), 0.0009505 secs] 95293K->1129K(256000K), 0.0011132 secs] [Times: user=0.00 sys=0.00, real=0.00 secs] 
3191.698: [GC (Allocation Failure) 3191.698: [ParNew: 94164K->0K(153600K), 0.0006043 secs] 95293K->1129K(256000K), 0.0006872 secs] [Times: user=0.00 sys=0.00, real=0.00 secs] 
3193.717: [GC (Allocation Failure) 3193.717: [ParNew: 94164K->0K(153600K), 0.0008601 secs] 95293K->1129K(256000K), 0.0009695 secs] [Times: user=0.00 sys=0.00, real=0.00 secs] 
3194.735: [GC (Allocation Failure) 3194.735: [ParNew: 94164K->0K(153600K), 0.0009134 secs] 95293K->1129K(256000K), 0.0010212 secs] [Times: user=0.00 sys=0.00, real=0.00 secs] 
3195.754: [GC (Allocation Failure) 3195.754: [ParNew: 94164K->0K(153600K), 0.0009040 secs] 95293K->1129K(256000K), 0.0010453 secs] [Times: user=0.00 sys=0.00, real=0.00 secs] 
3196.772: [GC (Allocation Failure) 3196.772: [ParNew: 94164K->0K(153600K), 0.0009099 secs] 95293K->1129K(256000K), 0.0010469 secs] [Times: user=0.00 sys=0.00, real=0.00 secs] 
3197.787: [GC (Allocation Failure) 3197.787: [ParNew: 94164K->0K(153600K), 0.0004007 secs] 95293K->1129K(256000K), 0.0004693 secs] [Times: user=0.00 sys=0.00, real=0.00 secs] 
3198.798: [GC (Allocation Failure) 3198.798: [ParNew: 94164K->0K(153600K), 0.0004149 secs] 95293K->1129K(256000K), 0.0004843 secs] [Times: user=0.00 sys=0.00, real=0.00 secs] 
3199.812: [GC (Allocation Failure) 3199.812: [ParNew: 94164K->0K(153600K), 0.0009245 secs] 95293K->1129K(256000K), 0.0010441 secs] [Times: user=0.00 sys=0.00, real=0.00 secs] 
3200.832: [GC (Allocation Failure) 3200.832: [ParNew: 94164K->0K(153600K), 0.0008921 secs] 95293K->1129K(256000K), 0.0010587 secs] [Times: user=0.00 sys=0.01, real=0.00 secs] 
3202.844: [GC (Allocation Failure) 3202.844: [ParNew: 94164K->0K(153600K), 0.0009561 secs] 95293K->1129K(256000K), 0.0010840 secs] [Times: user=0.00 sys=0.00, real=0.00 secs] 
3203.863: [GC (Allocation Failure) 3203.863: [ParNew: 94164K->0K(153600K), 0.0010441 secs] 95293K->1129K(256000K), 0.0011692 secs] [Times: user=0.06 sys=0.00, real=0.00 secs] 
3204.881: [GC (Allocation Failure) 3204.881: [ParNew: 94164K->0K(153600K), 0.0003722 secs] 95293K->1129K(256000K), 0.0004484 secs] [Times: user=0.00 sys=0.00, real=0.00 secs] 
3205.893: [GC (Allocation Failure) 3205.893: [ParNew: 94164K->0K(153600K), 0.0008747 secs] 95293K->1129K(256000K), 0.0010232 secs] [Times: user=0.00 sys=0.00, real=0.00 secs] 
3206.914: [GC (Allocation Failure) 3206.914: [ParNew: 94164K->0K(153600K), 0.0008984 secs] 95293K->1129K(256000K), 0.0010311 secs] [Times: user=0.00 sys=0.00, real=0.00 secs] 
3207.935: [GC (Allocation Failure) 3207.935: [ParNew: 94164K->0K(153600K), 0.0010772 secs] 95293K->1129K(256000K), 0.0011890 secs] [Times: user=0.00 sys=0.00, real=0.00 secs] 
3208.956: [GC (Allocation Failure) 3208.956: [ParNew: 94164K->0K(153600K), 0.0010417 secs] 95293K->1129K(256000K), 0.0011838 secs] [Times: user=0.05 sys=0.00, real=0.00 secs] 
3209.978: [GC (Allocation Failure) 3209.978: [ParNew: 94164K->0K(153600K), 0.0010433 secs] 95293K->1129K(256000K), 0.0011838 secs] [Times: user=0.00 sys=0.00, real=0.00 secs] 
3211.997: [GC (Allocation Failure) 3211.997: [ParNew: 94164K->0K(153600K), 0.0003801 secs] 95293K->1129K(256000K), 0.0004528 secs] [Times: user=0.00 sys=0.00, real=0.00 secs] 
3213.010: [GC (Allocation Failure) 3213.010: [ParNew: 94164K->0K(153600K), 0.0010070 secs] 95293K->1129K(256000K), 0.0011317 secs] [Times: user=0.00 sys=0.00, real=0.00 secs] 
3214.028: [GC (Allocation Failure) 3214.028: [ParNew: 94164K->0K(153600K), 0.0008937 secs] 95293K->1129K(256000K), 0.0010094 secs] [Times: user=0.00 sys=0.00, real=0.00 secs] 
3215.046: [GC (Allocation Failure) 3215.046: [ParNew: 94164K->0K(153600K), 0.0010990 secs] 95293K->1129K(256000K), 0.0012115 secs] [Times: user=0.00 sys=0.00, real=0.00 secs] 
3216.066: [GC (Allocation Failure) 3216.067: [ParNew: 94164K->0K(153600K), 0.0009047 secs] 95293K->1129K(256000K), 0.0010595 secs] [Times: user=0.00 sys=0.00, real=0.00 secs] 
3217.087: [GC (Allocation Failure) 3217.087: [ParNew: 94164K->0K(153600K), 0.0010165 secs] 95293K->1129K(256000K), 0.0011649 secs] [Times: user=0.00 sys=0.00, real=0.00 secs] 
3218.105: [GC (Allocation Failure) 3218.106: [ParNew: 94164K->0K(153600K), 0.0009004 secs] 95293K->1129K(256000K), 0.0010247 secs] [Times: user=0.00 sys=0.00, real=0.00 secs] 
3219.120: [GC (Allocation Failure) 3219.121: [ParNew: 94164K->0K(153600K), 0.0005566 secs] 95293K->1129K(256000K), 0.0006296 secs] [Times: user=0.00 sys=0.00, real=0.00 secs] 
3221.133: [GC (Allocation Failure) 3221.133: [ParNew: 94164K->0K(153600K), 0.0008913 secs] 95293K->1129K(256000K), 0.0010275 secs] [Times: user=0.00 sys=0.00, real=0.00 secs] 
3222.151: [GC (Allocation Failure) 3222.151: [ParNew: 94164K->0K(153600K), 0.0008815 secs] 95293K->1129K(256000K), 0.0010109 secs] [Times: user=0.00 sys=0.00, real=0.00 secs] 
3223.170: [GC (Allocation Failure) 3223.170: [ParNew: 94164K->0K(153600K), 0.0011124 secs] 95293K->1129K(256000K), 0.0012695 secs] [Times: user=0.00 sys=0.00, real=0.00 secs] 
3224.187: [GC (Allocation Failure) 3224.187: [ParNew: 94164K->0K(153600K), 0.0004117 secs] 95293K->1129K(256000K), 0.0004761 secs] [Times: user=0.00 sys=0.00, real=0.00 secs] 
3225.202: [GC (Allocation Failure) 3225.202: [ParNew: 94164K->0K(153600K), 0.0008645 secs] 95293K->1129K(256000K), 0.0009707 secs] [Times: user=0.00 sys=0.00, real=0.00 secs] 
3226.223: [GC (Allocation Failure) 3226.223: [ParNew: 94164K->0K(153600K), 0.0014917 secs] 95293K->1129K(256000K), 0.0016678 secs] [Times: user=0.00 sys=0.00, real=0.00 secs] 
3227.244: [GC (Allocation Failure) 3227.244: [ParNew: 94164K->0K(153600K), 0.0004765 secs] 95293K->1129K(256000K), 0.0005440 secs] [Times: user=0.00 sys=0.00, real=0.00 secs] 
3228.254: [GC (Allocation Failure) 3228.254: [ParNew: 94164K->0K(153600K), 0.0004907 secs] 95293K->1129K(256000K), 0.0005791 secs] [Times: user=0.00 sys=0.00, real=0.00 secs] 
3230.266: [GC (Allocation Failure) 3230.266: [ParNew: 94164K->0K(153600K), 0.0005759 secs] 95293K->1129K(256000K), 0.0006486 secs] [Times: user=0.00 sys=0.00, real=0.00 secs] 
3231.280: [GC (Allocation Failure) 3231.280: [ParNew: 94164K->0K(153600K), 0.0009316 secs] 95293K->1129K(256000K), 0.0010449 secs] [Times: user=0.00 sys=0.00, real=0.00 secs] 
3232.298: [GC (Allocation Failure) 3232.298: [ParNew: 94164K->0K(153600K), 0.0009450 secs] 95293K->1129K(256000K), 0.0010796 secs] [Times: user=0.00 sys=0.00, real=0.00 secs] 
3233.318: [GC (Allocation Failure) 3233.318: [ParNew: 94164K->0K(153600K), 0.0008787 secs] 95293K->1129K(256000K), 0.0009857 secs] [Times: user=0.00 sys=0.00, real=0.00 secs] 
3234.337: [GC (Allocation Failure) 3234.337: [ParNew: 94164K->0K(153600K), 0.0008720 secs] 95293K->1129K(256000K), 0.0010086 secs] [Times: user=0.00 sys=0.00, real=0.00 secs] 
3235.356: [GC (Allocation Failure) 3235.356: [ParNew: 94164K->0K(153600K), 0.0009071 secs] 95293K->1129K(256000K), 0.0010157 secs] [Times: user=0.00 sys=0.00, real=0.00 secs] 
3236.376: [GC (Allocation Failure) 3236.376: [ParNew: 94164K->0K(153600K), 0.0009095 secs] 95293K->1129K(256000K), 0.0010469 secs] [Times: user=0.00 sys=0.00, real=0.00 secs] 
3237.394: [GC (Allocation Failure) 3237.394: [ParNew: 94164K->0K(153600K), 0.0010011 secs] 95293K->1129K(256000K), 0.0011305 secs] [Times: user=0.06 sys=0.00, real=0.00 secs] 
3239.413: [GC (Allocation Failure) 3239.413: [ParNew: 94164K->0K(153600K), 0.0008807 secs] 95293K->1129K(256000K), 0.0009872 secs] [Times: user=0.00 sys=0.00, real=0.00 secs] 
3240.432: [GC (Allocation Failure) 3240.432: [ParNew: 94164K->0K(153600K), 0.0008929 secs] 95293K->1129K(256000K), 0.0010165 secs] [Times: user=0.00 sys=0.00, real=0.00 secs] 
3241.451: [GC (Allocation Failure) 3241.451: [ParNew: 94164K->0K(153600K), 0.0008519 secs] 95293K->1129K(256000K), 0.0009565 secs] [Times: user=0.00 sys=0.00, real=0.00 secs] 
3242.469: [GC (Allocation Failure) 3242.470: [ParNew: 94164K->0K(153600K), 0.0008763 secs] 95293K->1129K(256000K), 0.0009944 secs] [Times: user=0.00 sys=0.00, real=0.00 secs] 
3243.489: [GC (Allocation Failure) 3243.489: [ParNew: 94164K->0K(153600K), 0.0009446 secs] 95293K->1129K(256000K), 0.0010887 secs] [Times: user=0.00 sys=0.00, real=0.00 secs] 
3244.508: [GC (Allocation Failure) 3244.508: [ParNew: 94164K->0K(153600K), 0.0010255 secs] 95293K->1129K(256000K), 0.0011759 secs] [Times: user=0.00 sys=0.00, real=0.00 secs] 
3245.523: [GC (Allocation Failure) 3245.523: [ParNew: 94164K->0K(153600K), 0.0003762 secs] 95293K->1129K(256000K), 0.0004429 secs] [Times: user=0.00 sys=0.00, real=0.00 secs] 
3246.540: [GC (Allocation Failure) 3246.540: [ParNew: 94164K->0K(153600K), 0.0009087 secs] 95293K->1129K(256000K), 0.0010204 secs] [Times: user=0.00 sys=0.00, real=0.00 secs] 
3248.560: [GC (Allocation Failure) 3248.560: [ParNew: 94164K->0K(153600K), 0.0009403 secs] 95293K->1129K(256000K), 0.0010528 secs] [Times: user=0.00 sys=0.00, real=0.00 secs] 
3249.579: [GC (Allocation Failure) 3249.579: [ParNew: 94164K->0K(153600K), 0.0009115 secs] 95293K->1129K(256000K), 0.0010370 secs] [Times: user=0.00 sys=0.00, real=0.00 secs] 
3250.597: [GC (Allocation Failure) 3250.597: [ParNew: 94164K->0K(153600K), 0.0011605 secs] 95293K->1129K(256000K), 0.0013161 secs] [Times: user=0.03 sys=0.00, real=0.00 secs] 
3251.617: [GC (Allocation Failure) 3251.617: [ParNew: 94164K->0K(153600K), 0.0009237 secs] 95293K->1129K(256000K), 0.0010437 secs] [Times: user=0.00 sys=0.00, real=0.00 secs] 
3252.636: [GC (Allocation Failure) 3252.636: [ParNew: 94164K->0K(153600K), 0.0009091 secs] 95293K->1129K(256000K), 0.0010220 secs] [Times: user=0.00 sys=0.00, real=0.00 secs] 
3253.655: [GC (Allocation Failure) 3253.655: [ParNew: 94164K->0K(153600K), 0.0008913 secs] 95293K->1129K(256000K), 0.0010113 secs] [Times: user=0.00 sys=0.00, real=0.00 secs] 
3254.674: [GC (Allocation Failure) 3254.674: [ParNew: 94164K->0K(153600K), 0.0010192 secs] 95293K->1129K(256000K), 0.0011558 secs] [Times: user=0.00 sys=0.00, real=0.00 secs] 
3255.693: [GC (Allocation Failure) 3255.693: [ParNew: 94164K->0K(153600K), 0.0008882 secs] 95293K->1129K(256000K), 0.0010026 secs] [Times: user=0.00 sys=0.00, real=0.00 secs] 
3257.740: [GC (Allocation Failure) 3257.740: [ParNew: 94164K->0K(153600K), 0.0008586 secs] 95293K->1129K(256000K), 0.0009778 secs] [Times: user=0.00 sys=0.00, real=0.00 secs] 
3258.759: [GC (Allocation Failure) 3258.759: [ParNew: 94164K->0K(153600K), 0.0008886 secs] 95293K->1129K(256000K), 0.0009936 secs] [Times: user=0.00 sys=0.00, real=0.00 secs] 
3259.777: [GC (Allocation Failure) 3259.777: [ParNew: 94164K->0K(153600K), 0.0009241 secs] 95293K->1129K(256000K), 0.0010595 secs] [Times: user=0.00 sys=0.00, real=0.00 secs] 
3260.794: [GC (Allocation Failure) 3260.794: [ParNew: 94164K->0K(153600K), 0.0003754 secs] 95293K->1129K(256000K), 0.0004390 secs] [Times: user=0.00 sys=0.00, real=0.00 secs] 
3261.807: [GC (Allocation Failure) 3261.808: [ParNew: 94164K->0K(153600K), 0.0008834 secs] 95293K->1129K(256000K), 0.0010149 secs] [Times: user=0.00 sys=0.00, real=0.00 secs] 
3262.826: [GC (Allocation Failure) 3262.826: [ParNew: 94164K->0K(153600K), 0.0008862 secs] 95293K->1129K(256000K), 0.0010287 secs] [Times: user=0.00 sys=0.00, real=0.00 secs] 
3263.844: [GC (Allocation Failure) 3263.844: [ParNew: 94164K->0K(153600K), 0.0008862 secs] 95293K->1129K(256000K), 0.0010109 secs] [Times: user=0.00 sys=0.00, real=0.00 secs] 
3264.864: [GC (Allocation Failure) 3264.864: [ParNew: 94164K->0K(153600K), 0.0009126 secs] 95293K->1129K(256000K), 0.0010575 secs] [Times: user=0.00 sys=0.00, real=0.00 secs] 
3266.882: [GC (Allocation Failure) 3266.882: [ParNew: 94164K->0K(153600K), 0.0008984 secs] 95293K->1129K(256000K), 0.0010232 secs] [Times: user=0.00 sys=0.00, real=0.00 secs] 
3267.902: [GC (Allocation Failure) 3267.903: [ParNew: 94164K->0K(153600K), 0.0011021 secs] 95293K->1129K(256000K), 0.0012561 secs] [Times: user=0.00 sys=0.00, real=0.00 secs] 
3268.926: [GC (Allocation Failure) 3268.926: [ParNew: 94164K->0K(153600K), 0.0010934 secs] 95293K->1129K(256000K), 0.0012217 secs] [Times: user=0.00 sys=0.00, real=0.00 secs] 
3269.941: [GC (Allocation Failure) 3269.941: [ParNew: 94164K->0K(153600K), 0.0009399 secs] 95293K->1129K(256000K), 0.0010551 secs] [Times: user=0.02 sys=0.00, real=0.00 secs] 
3270.955: [GC (Allocation Failure) 3270.955: [ParNew: 94164K->0K(153600K), 0.0003742 secs] 95293K->1129K(256000K), 0.0004330 secs] [Times: user=0.00 sys=0.00, real=0.00 secs] 
3271.970: [GC (Allocation Failure) 3271.971: [ParNew: 94164K->0K(153600K), 0.0011740 secs] 95293K->1129K(256000K), 0.0013401 secs] [Times: user=0.00 sys=0.00, real=0.00 secs] 
3272.990: [GC (Allocation Failure) 3272.990: [ParNew: 94164K->0K(153600K), 0.0009474 secs] 95293K->1129K(256000K), 0.0011001 secs] [Times: user=0.00 sys=0.00, real=0.00 secs] 
3274.009: [GC (Allocation Failure) 3274.009: [ParNew: 94164K->0K(153600K), 0.0008925 secs] 95293K->1129K(256000K), 0.0010141 secs] [Times: user=0.00 sys=0.00, real=0.00 secs] 
3276.029: [GC (Allocation Failure) 3276.029: [ParNew: 94164K->0K(153600K), 0.0005183 secs] 95293K->1129K(256000K), 0.0006036 secs] [Times: user=0.00 sys=0.00, real=0.00 secs] 
3277.041: [GC (Allocation Failure) 3277.041: [ParNew: 94164K->0K(153600K), 0.0009186 secs] 95293K->1129K(256000K), 0.0010405 secs] [Times: user=0.00 sys=0.00, real=0.00 secs] 
3278.060: [GC (Allocation Failure) 3278.060: [ParNew: 94164K->0K(153600K), 0.0009675 secs] 95293K->1129K(256000K), 0.0010733 secs] [Times: user=0.00 sys=0.00, real=0.00 secs] 
3279.078: [GC (Allocation Failure) 3279.078: [ParNew: 94164K->0K(153600K), 0.0005637 secs] 95293K->1129K(256000K), 0.0006529 secs] [Times: user=0.00 sys=0.00, real=0.00 secs] 
3280.095: [GC (Allocation Failure) 3280.095: [ParNew: 94164K->0K(153600K), 0.0010058 secs] 95293K->1129K(256000K), 0.0011357 secs] [Times: user=0.00 sys=0.00, real=0.00 secs] 
3281.114: [GC (Allocation Failure) 3281.114: [ParNew: 94164K->0K(153600K), 0.0009024 secs] 95293K->1129K(256000K), 0.0010330 secs] [Times: user=0.00 sys=0.00, real=0.00 secs] 
3282.134: [GC (Allocation Failure) 3282.134: [ParNew: 94164K->0K(153600K), 0.0010958 secs] 95293K->1129K(256000K), 0.0012261 secs] [Times: user=0.00 sys=0.00, real=0.00 secs] 
3283.154: [GC (Allocation Failure) 3283.154: [ParNew: 94164K->0K(153600K), 0.0009419 secs] 95293K->1129K(256000K), 0.0010741 secs] [Times: user=0.00 sys=0.00, real=0.00 secs] 
3285.175: [GC (Allocation Failure) 3285.175: [ParNew: 94164K->0K(153600K), 0.0004113 secs] 95293K->1129K(256000K), 0.0004713 secs] [Times: user=0.00 sys=0.00, real=0.00 secs] 
3286.187: [GC (Allocation Failure) 3286.187: [ParNew: 94164K->0K(153600K), 0.0009703 secs] 95293K->1129K(256000K), 0.0011053 secs] [Times: user=0.00 sys=0.00, real=0.00 secs] 
3287.206: [GC (Allocation Failure) 3287.206: [ParNew: 94164K->0K(153600K), 0.0008696 secs] 95293K->1129K(256000K), 0.0010105 secs] [Times: user=0.00 sys=0.05, real=0.00 secs] 
3288.226: [GC (Allocation Failure) 3288.226: [ParNew: 94164K->0K(153600K), 0.0016855 secs] 95293K->1129K(256000K), 0.0018415 secs] [Times: user=0.00 sys=0.00, real=0.00 secs] 
3289.245: [GC (Allocation Failure) 3289.245: [ParNew: 94164K->0K(153600K), 0.0005080 secs] 95293K->1129K(256000K), 0.0005736 secs] [Times: user=0.00 sys=0.00, real=0.00 secs] 
3290.256: [GC (Allocation Failure) 3290.256: [ParNew: 94164K->0K(153600K), 0.0004788 secs] 95293K->1129K(256000K), 0.0005538 secs] [Times: user=0.00 sys=0.00, real=0.00 secs] 
3291.273: [GC (Allocation Failure) 3291.273: [ParNew: 94164K->0K(153600K), 0.0005053 secs] 95293K->1129K(256000K), 0.0005775 secs] [Times: user=0.00 sys=0.00, real=0.00 secs] 
3292.285: [GC (Allocation Failure) 3292.285: [ParNew: 94164K->0K(153600K), 0.0003715 secs] 95293K->1129K(256000K), 0.0004397 secs] [Times: user=0.00 sys=0.00, real=0.00 secs] 
3294.296: [GC (Allocation Failure) 3294.296: [ParNew: 94164K->0K(153600K), 0.0003959 secs] 95293K->1129K(256000K), 0.0004757 secs] [Times: user=0.00 sys=0.00, real=0.00 secs] 
3295.311: [GC (Allocation Failure) 3295.311: [ParNew: 94164K->0K(153600K), 0.0010903 secs] 95293K->1129K(256000K), 0.0012134 secs] [Times: user=0.00 sys=0.00, real=0.00 secs] 
3296.330: [GC (Allocation Failure) 3296.330: [ParNew: 94164K->0K(153600K), 0.0009075 secs] 95293K->1129K(256000K), 0.0010330 secs] [Times: user=0.00 sys=0.00, real=0.00 secs] 
3297.346: [GC (Allocation Failure) 3297.346: [ParNew: 94164K->0K(153600K), 0.0006454 secs] 95293K->1129K(256000K), 0.0007386 secs] [Times: user=0.00 sys=0.00, real=0.00 secs] 
3298.361: [GC (Allocation Failure) 3298.361: [ParNew: 94164K->0K(153600K), 0.0009020 secs] 95293K->1129K(256000K), 0.0010196 secs] [Times: user=0.00 sys=0.00, real=0.00 secs] 
3299.381: [GC (Allocation Failure) 3299.381: [ParNew: 94164K->0K(153600K), 0.0008613 secs] 95293K->1129K(256000K), 0.0009766 secs] [Times: user=0.00 sys=0.00, real=0.00 secs] 
3300.400: [GC (Allocation Failure) 3300.400: [ParNew: 94164K->0K(153600K), 0.0008779 secs] 95293K->1129K(256000K), 0.0009837 secs] [Times: user=0.00 sys=0.00, real=0.00 secs] 
3301.419: [GC (Allocation Failure) 3301.419: [ParNew: 94164K->0K(153600K), 0.0010097 secs] 95293K->1129K(256000K), 0.0011412 secs] [Times: user=0.00 sys=0.00, real=0.00 secs] 
3303.440: [GC (Allocation Failure) 3303.440: [ParNew: 94164K->0K(153600K), 0.0010346 secs] 95293K->1129K(256000K), 0.0011680 secs] [Times: user=0.00 sys=0.00, real=0.00 secs] 
3304.460: [GC (Allocation Failure) 3304.460: [ParNew: 94164K->0K(153600K), 0.0005017 secs] 95293K->1129K(256000K), 0.0005704 secs] [Times: user=0.00 sys=0.00, real=0.00 secs] 
3305.472: [GC (Allocation Failure) 3305.472: [ParNew: 94164K->0K(153600K), 0.0009971 secs] 95293K->1129K(256000K), 0.0011369 secs] [Times: user=0.00 sys=0.00, real=0.00 secs] 
3306.488: [GC (Allocation Failure) 3306.488: [ParNew: 94164K->0K(153600K), 0.0003896 secs] 95293K->1129K(256000K), 0.0004555 secs] [Times: user=0.00 sys=0.00, real=0.00 secs] 
3307.502: [GC (Allocation Failure) 3307.502: [ParNew: 94164K->0K(153600K), 0.0009186 secs] 95293K->1129K(256000K), 0.0010587 secs] [Times: user=0.00 sys=0.00, real=0.00 secs] 
3308.517: [GC (Allocation Failure) 3308.517: [ParNew: 94164K->0K(153600K), 0.0004299 secs] 95293K->1129K(256000K), 0.0004859 secs] [Times: user=0.00 sys=0.00, real=0.00 secs] 
3309.533: [GC (Allocation Failure) 3309.533: [ParNew: 94164K->0K(153600K), 0.0008736 secs] 95293K->1129K(256000K), 0.0010066 secs] [Times: user=0.00 sys=0.00, real=0.00 secs] 
3310.552: [GC (Allocation Failure) 3310.552: [ParNew: 94164K->0K(153600K), 0.0008795 secs] 95293K->1129K(256000K), 0.0009995 secs] [Times: user=0.00 sys=0.00, real=0.00 secs] 
3312.565: [GC (Allocation Failure) 3312.565: [ParNew: 94164K->0K(153600K), 0.0009079 secs] 95293K->1129K(256000K), 0.0010425 secs] [Times: user=0.00 sys=0.00, real=0.00 secs] 
3313.584: [GC (Allocation Failure) 3313.585: [ParNew: 94164K->0K(153600K), 0.0010240 secs] 95293K->1129K(256000K), 0.0011447 secs] [Times: user=0.00 sys=0.00, real=0.00 secs] 
3314.603: [GC (Allocation Failure) 3314.603: [ParNew: 94164K->0K(153600K), 0.0008941 secs] 95293K->1129K(256000K), 0.0010208 secs] [Times: user=0.00 sys=0.00, real=0.00 secs] 
3315.621: [GC (Allocation Failure) 3315.621: [ParNew: 94164K->0K(153600K), 0.0004575 secs] 95293K->1129K(256000K), 0.0005242 secs] [Times: user=0.00 sys=0.00, real=0.00 secs] 
3316.637: [GC (Allocation Failure) 3316.637: [ParNew: 94164K->0K(153600K), 0.0008890 secs] 95293K->1129K(256000K), 0.0009987 secs] [Times: user=0.00 sys=0.00, real=0.00 secs] 
3317.651: [GC (Allocation Failure) 3317.651: [ParNew: 94164K->0K(153600K), 0.0003892 secs] 95293K->1129K(256000K), 0.0004437 secs] [Times: user=0.00 sys=0.00, real=0.00 secs] 
3318.662: [GC (Allocation Failure) 3318.662: [ParNew: 94164K->0K(153600K), 0.0006328 secs] 95293K->1129K(256000K), 0.0007259 secs] [Times: user=0.00 sys=0.00, real=0.00 secs] 
3319.681: [GC (Allocation Failure) 3319.681: [ParNew: 94164K->0K(153600K), 0.0009778 secs] 95293K->1129K(256000K), 0.0011211 secs] [Times: user=0.00 sys=0.00, real=0.00 secs] 
3321.701: [GC (Allocation Failure) 3321.701: [ParNew: 94164K->0K(153600K), 0.0009197 secs] 95293K->1129K(256000K), 0.0010555 secs] [Times: user=0.00 sys=0.00, real=0.00 secs] 
3322.720: [GC (Allocation Failure) 3322.721: [ParNew: 94164K->0K(153600K), 0.0004318 secs] 95293K->1129K(256000K), 0.0004970 secs] [Times: user=0.00 sys=0.00, real=0.00 secs] 
3323.733: [GC (Allocation Failure) 3323.733: [ParNew: 94164K->0K(153600K), 0.0008712 secs] 95293K->1129K(256000K), 0.0009944 secs] [Times: user=0.00 sys=0.00, real=0.00 secs] 
3324.749: [GC (Allocation Failure) 3324.749: [ParNew: 94164K->0K(153600K), 0.0005420 secs] 95293K->1129K(256000K), 0.0006095 secs] [Times: user=0.00 sys=0.00, real=0.00 secs] 
3325.763: [GC (Allocation Failure) 3325.763: [ParNew: 94164K->0K(153600K), 0.0009276 secs] 95293K->1129K(256000K), 0.0010484 secs] [Times: user=0.00 sys=0.00, real=0.00 secs] 
3326.782: [GC (Allocation Failure) 3326.782: [ParNew: 94164K->0K(153600K), 0.0011424 secs] 95293K->1129K(256000K), 0.0012644 secs] [Times: user=0.00 sys=0.00, real=0.00 secs] 
3327.801: [GC (Allocation Failure) 3327.801: [ParNew: 94164K->0K(153600K), 0.0008988 secs] 95293K->1129K(256000K), 0.0010165 secs] [Times: user=0.06 sys=0.00, real=0.00 secs] 
3328.820: [GC (Allocation Failure) 3328.820: [ParNew: 94164K->0K(153600K), 0.0008905 secs] 95293K->1129K(256000K), 0.0010287 secs] [Times: user=0.00 sys=0.00, real=0.00 secs] 
3330.839: [GC (Allocation Failure) 3330.839: [ParNew: 94164K->0K(153600K), 0.0010666 secs] 95293K->1129K(256000K), 0.0012225 secs] [Times: user=0.00 sys=0.00, real=0.00 secs] 
3331.859: [GC (Allocation Failure) 3331.859: [ParNew: 94164K->0K(153600K), 0.0008894 secs] 95293K->1129K(256000K), 0.0010129 secs] [Times: user=0.00 sys=0.00, real=0.00 secs] 
3332.878: [GC (Allocation Failure) 3332.878: [ParNew: 94164K->0K(153600K), 0.0008625 secs] 95293K->1129K(256000K), 0.0009888 secs] [Times: user=0.02 sys=0.00, real=0.00 secs] 
3333.897: [GC (Allocation Failure) 3333.897: [ParNew: 94164K->0K(153600K), 0.0008771 secs] 95293K->1129K(256000K), 0.0009928 secs] [Times: user=0.00 sys=0.00, real=0.00 secs] 
3334.915: [GC (Allocation Failure) 3334.915: [ParNew: 94164K->0K(153600K), 0.0008850 secs] 95293K->1129K(256000K), 0.0010066 secs] [Times: user=0.00 sys=0.00, real=0.00 secs] 
3335.931: [GC (Allocation Failure) 3335.932: [ParNew: 94164K->0K(153600K), 0.0004457 secs] 95293K->1129K(256000K), 0.0005222 secs] [Times: user=0.00 sys=0.00, real=0.00 secs] 
3336.948: [GC (Allocation Failure) 3336.948: [ParNew: 94164K->0K(153600K), 0.0008925 secs] 95293K->1129K(256000K), 0.0010097 secs] [Times: user=0.00 sys=0.00, real=0.00 secs] 
3337.967: [GC (Allocation Failure) 3337.967: [ParNew: 94164K->0K(153600K), 0.0008594 secs] 95293K->1129K(256000K), 0.0009758 secs] [Times: user=0.00 sys=0.00, real=0.00 secs] 
3339.986: [GC (Allocation Failure) 3339.986: [ParNew: 94164K->0K(153600K), 0.0004445 secs] 95293K->1129K(256000K), 0.0005088 secs] [Times: user=0.00 sys=0.00, real=0.00 secs] 
3340.998: [GC (Allocation Failure) 3340.998: [ParNew: 94164K->0K(153600K), 0.0008779 secs] 95293K->1129K(256000K), 0.0009979 secs] [Times: user=0.00 sys=0.00, real=0.00 secs] 
3342.016: [GC (Allocation Failure) 3342.016: [ParNew: 94164K->0K(153600K), 0.0010796 secs] 95293K->1129K(256000K), 0.0012355 secs] [Times: user=0.00 sys=0.00, real=0.00 secs] 
3343.036: [GC (Allocation Failure) 3343.036: [ParNew: 94164K->0K(153600K), 0.0009044 secs] 95293K->1129K(256000K), 0.0010311 secs] [Times: user=0.00 sys=0.00, real=0.00 secs] 
3344.055: [GC (Allocation Failure) 3344.055: [ParNew: 94164K->0K(153600K), 0.0009525 secs] 95293K->1129K(256000K), 0.0010832 secs] [Times: user=0.00 sys=0.00, real=0.00 secs] 
3345.074: [GC (Allocation Failure) 3345.074: [ParNew: 94164K->0K(153600K), 0.0010121 secs] 95293K->1129K(256000K), 0.0011574 secs] [Times: user=0.00 sys=0.00, real=0.00 secs] 
3346.092: [GC (Allocation Failure) 3346.092: [ParNew: 94164K->0K(153600K), 0.0003967 secs] 95293K->1129K(256000K), 0.0004524 secs] [Times: user=0.00 sys=0.00, real=0.00 secs] 
3347.104: [GC (Allocation Failure) 3347.104: [ParNew: 94164K->0K(153600K), 0.0005258 secs] 95293K->1129K(256000K), 0.0005886 secs] [Times: user=0.00 sys=0.00, real=0.00 secs] 
3349.117: [GC (Allocation Failure) 3349.117: [ParNew: 94164K->0K(153600K), 0.0004492 secs] 95293K->1129K(256000K), 0.0005301 secs] [Times: user=0.00 sys=0.00, real=0.00 secs] 
3350.132: [GC (Allocation Failure) 3350.132: [ParNew: 94164K->0K(153600K), 0.0010607 secs] 95293K->1129K(256000K), 0.0012044 secs] [Times: user=0.00 sys=0.00, real=0.00 secs] 
3351.151: [GC (Allocation Failure) 3351.151: [ParNew: 94164K->0K(153600K), 0.0010638 secs] 95293K->1129K(256000K), 0.0012012 secs] [Times: user=0.00 sys=0.00, real=0.00 secs] 
3352.171: [GC (Allocation Failure) 3352.171: [ParNew: 94164K->0K(153600K), 0.0004208 secs] 95293K->1129K(256000K), 0.0004922 secs] [Times: user=0.00 sys=0.00, real=0.00 secs] 
3353.185: [GC (Allocation Failure) 3353.185: [ParNew: 94164K->0K(153600K), 0.0009738 secs] 95293K->1129K(256000K), 0.0011013 secs] [Times: user=0.00 sys=0.00, real=0.00 secs] 
3354.200: [GC (Allocation Failure) 3354.200: [ParNew: 94164K->0K(153600K), 0.0003797 secs] 95293K->1129K(256000K), 0.0004496 secs] [Times: user=0.00 sys=0.00, real=0.00 secs] 
3355.219: [GC (Allocation Failure) 3355.219: [ParNew: 94164K->0K(153600K), 0.0012766 secs] 95293K->1129K(256000K), 0.0014049 secs] [Times: user=0.00 sys=0.00, real=0.00 secs] 
3356.239: [GC (Allocation Failure) 3356.239: [ParNew: 94164K->0K(153600K), 0.0015083 secs] 95293K->1129K(256000K), 0.0016753 secs] [Times: user=0.00 sys=0.00, real=0.00 secs] 
3358.260: [GC (Allocation Failure) 3358.261: [ParNew: 94164K->0K(153600K), 0.0010587 secs] 95293K->1129K(256000K), 0.0011917 secs] [Times: user=0.00 sys=0.00, real=0.00 secs] 
3359.283: [GC (Allocation Failure) 3359.283: [ParNew: 94164K->0K(153600K), 0.0005649 secs] 95293K->1129K(256000K), 0.0006588 secs] [Times: user=0.00 sys=0.00, real=0.00 secs] 
3360.297: [GC (Allocation Failure) 3360.297: [ParNew: 94164K->0K(153600K), 0.0008815 secs] 95293K->1129K(256000K), 0.0010070 secs] [Times: user=0.00 sys=0.00, real=0.00 secs] 
3361.315: [GC (Allocation Failure) 3361.315: [ParNew: 94164K->0K(153600K), 0.0006580 secs] 95293K->1129K(256000K), 0.0007378 secs] [Times: user=0.00 sys=0.00, real=0.00 secs] 
3362.331: [GC (Allocation Failure) 3362.331: [ParNew: 94164K->0K(153600K), 0.0009312 secs] 95293K->1129K(256000K), 0.0010374 secs] [Times: user=0.00 sys=0.00, real=0.00 secs] 
3363.355: [GC (Allocation Failure) 3363.355: [ParNew: 94164K->0K(153600K), 0.0011286 secs] 95293K->1129K(256000K), 0.0012430 secs] [Times: user=0.00 sys=0.00, real=0.00 secs] 
3364.374: [GC (Allocation Failure) 3364.374: [ParNew: 94164K->0K(153600K), 0.0010749 secs] 95293K->1129K(256000K), 0.0012146 secs] [Times: user=0.00 sys=0.00, real=0.00 secs] 
3365.394: [GC (Allocation Failure) 3365.394: [ParNew: 94164K->0K(153600K), 0.0009138 secs] 95293K->1129K(256000K), 0.0010275 secs] [Times: user=0.00 sys=0.00, real=0.00 secs] 
3367.415: [GC (Allocation Failure) 3367.415: [ParNew: 94164K->0K(153600K), 0.0004847 secs] 95293K->1129K(256000K), 0.0005542 secs] [Times: user=0.00 sys=0.00, real=0.00 secs] 
3368.427: [GC (Allocation Failure) 3368.427: [ParNew: 94164K->0K(153600K), 0.0008744 secs] 95293K->1129K(256000K), 0.0009904 secs] [Times: user=0.00 sys=0.00, real=0.00 secs] 
3369.445: [GC (Allocation Failure) 3369.445: [ParNew: 94164K->0K(153600K), 0.0009016 secs] 95293K->1129K(256000K), 0.0010378 secs] [Times: user=0.00 sys=0.00, real=0.00 secs] 
3370.466: [GC (Allocation Failure) 3370.466: [ParNew: 94164K->0K(153600K), 0.0004911 secs] 95293K->1129K(256000K), 0.0005716 secs] [Times: user=0.00 sys=0.00, real=0.00 secs] 
3371.480: [GC (Allocation Failure) 3371.480: [ParNew: 94164K->0K(153600K), 0.0009430 secs] 95293K->1129K(256000K), 0.0010480 secs] [Times: user=0.00 sys=0.00, real=0.00 secs] 
3372.500: [GC (Allocation Failure) 3372.500: [ParNew: 94164K->0K(153600K), 0.0009387 secs] 95293K->1129K(256000K), 0.0010469 secs] [Times: user=0.00 sys=0.00, real=0.00 secs] 
3373.519: [GC (Allocation Failure) 3373.519: [ParNew: 94164K->0K(153600K), 0.0009426 secs] 95293K->1129K(256000K), 0.0010607 secs] [Times: user=0.00 sys=0.00, real=0.00 secs] 
3374.538: [GC (Allocation Failure) 3374.538: [ParNew: 94164K->0K(153600K), 0.0008965 secs] 95293K->1129K(256000K), 0.0010480 secs] [Times: user=0.00 sys=0.00, real=0.00 secs] 
3376.558: [GC (Allocation Failure) 3376.558: [ParNew: 94164K->0K(153600K), 0.0010769 secs] 95293K->1129K(256000K), 0.0012162 secs] [Times: user=0.00 sys=0.00, real=0.00 secs] 
3377.576: [GC (Allocation Failure) 3377.576: [ParNew: 94164K->0K(153600K), 0.0008961 secs] 95293K->1129K(256000K), 0.0010279 secs] [Times: user=0.00 sys=0.00, real=0.00 secs] 
3378.596: [GC (Allocation Failure) 3378.596: [ParNew: 94164K->0K(153600K), 0.0009040 secs] 95293K->1129K(256000K), 0.0010311 secs] [Times: user=0.00 sys=0.00, real=0.00 secs] 
3379.616: [GC (Allocation Failure) 3379.616: [ParNew: 94164K->0K(153600K), 0.0009407 secs] 95293K->1129K(256000K), 0.0010761 secs] [Times: user=0.00 sys=0.00, real=0.00 secs] 
3380.632: [GC (Allocation Failure) 3380.632: [ParNew: 94164K->0K(153600K), 0.0003916 secs] 95293K->1129K(256000K), 0.0004476 secs] [Times: user=0.00 sys=0.00, real=0.00 secs] 
3381.648: [GC (Allocation Failure) 3381.648: [ParNew: 94164K->0K(153600K), 0.0009079 secs] 95293K->1129K(256000K), 0.0010188 secs] [Times: user=0.00 sys=0.00, real=0.00 secs] 
3382.774: [GC (Allocation Failure) 3382.774: [ParNew: 94164K->0K(153600K), 0.0011365 secs] 95293K->1129K(256000K), 0.0012229 secs] [Times: user=0.00 sys=0.00, real=0.00 secs] 
3383.791: [GC (Allocation Failure) 3383.791: [ParNew: 94164K->0K(153600K), 0.0008957 secs] 95293K->1129K(256000K), 0.0010090 secs] [Times: user=0.00 sys=0.00, real=0.00 secs] 
3385.809: [GC (Allocation Failure) 3385.809: [ParNew: 94164K->0K(153600K), 0.0004630 secs] 95293K->1129K(256000K), 0.0005199 secs] [Times: user=0.00 sys=0.00, real=0.00 secs] 
3386.821: [GC (Allocation Failure) 3386.821: [ParNew: 94164K->0K(153600K), 0.0004441 secs] 95293K->1129K(256000K), 0.0005187 secs] [Times: user=0.00 sys=0.00, real=0.00 secs] 
3387.834: [GC (Allocation Failure) 3387.834: [ParNew: 94164K->0K(153600K), 0.0008811 secs] 95293K->1129K(256000K), 0.0009876 secs] [Times: user=0.00 sys=0.00, real=0.00 secs] 
3388.852: [GC (Allocation Failure) 3388.852: [ParNew: 94164K->0K(153600K), 0.0009000 secs] 95293K->1129K(256000K), 0.0010461 secs] [Times: user=0.00 sys=0.00, real=0.00 secs] 
3389.870: [GC (Allocation Failure) 3389.871: [ParNew: 94164K->0K(153600K), 0.0009055 secs] 95293K->1129K(256000K), 0.0010315 secs] [Times: user=0.00 sys=0.00, real=0.00 secs] 
3390.886: [GC (Allocation Failure) 3390.886: [ParNew: 94164K->0K(153600K), 0.0004654 secs] 95293K->1129K(256000K), 0.0005278 secs] [Times: user=0.00 sys=0.00, real=0.00 secs] 
3391.955: [GC (Allocation Failure) 3391.955: [ParNew: 94164K->0K(153600K), 0.0006237 secs] 95293K->1129K(256000K), 0.0006912 secs] [Times: user=0.00 sys=0.00, real=0.00 secs] 
3392.990: [GC (Allocation Failure) 3392.990: [ParNew: 94164K->0K(153600K), 0.0004674 secs] 95293K->1129K(256000K), 0.0005436 secs] [Times: user=0.00 sys=0.00, real=0.00 secs] 
3395.042: [GC (Allocation Failure) 3395.042: [ParNew: 94164K->0K(153600K), 0.0006383 secs] 95293K->1129K(256000K), 0.0007161 secs] [Times: user=0.00 sys=0.00, real=0.00 secs] 
3396.087: [GC (Allocation Failure) 3396.087: [ParNew: 94164K->0K(153600K), 0.0004563 secs] 95293K->1129K(256000K), 0.0005293 secs] [Times: user=0.00 sys=0.00, real=0.00 secs] 
3397.104: [GC (Allocation Failure) 3397.104: [ParNew: 94164K->0K(153600K), 0.0004117 secs] 95293K->1129K(256000K), 0.0004851 secs] [Times: user=0.00 sys=0.00, real=0.00 secs] 
3398.117: [GC (Allocation Failure) 3398.117: [ParNew: 94164K->0K(153600K), 0.0003853 secs] 95293K->1129K(256000K), 0.0004575 secs] [Times: user=0.00 sys=0.00, real=0.00 secs] 
3399.228: [GC (Allocation Failure) 3399.228: [ParNew: 94164K->0K(153600K), 0.0007425 secs] 95293K->1129K(256000K), 0.0008444 secs] [Times: user=0.00 sys=0.00, real=0.00 secs] 
3400.246: [GC (Allocation Failure) 3400.246: [ParNew: 94164K->0K(153600K), 0.0005025 secs] 95293K->1129K(256000K), 0.0005751 secs] [Times: user=0.00 sys=0.00, real=0.00 secs] 
3401.261: [GC (Allocation Failure) 3401.261: [ParNew: 94164K->0K(153600K), 0.0006130 secs] 95293K->1129K(256000K), 0.0007030 secs] [Times: user=0.00 sys=0.00, real=0.00 secs] 
3402.287: [GC (Allocation Failure) 3402.287: [ParNew: 94164K->0K(153600K), 0.0005033 secs] 95293K->1129K(256000K), 0.0005846 secs] [Times: user=0.00 sys=0.00, real=0.00 secs] 
3404.314: [GC (Allocation Failure) 3404.314: [ParNew: 94164K->0K(153600K), 0.0004141 secs] 95293K->1129K(256000K), 0.0004792 secs] [Times: user=0.00 sys=0.00, real=0.00 secs] 
3405.327: [GC (Allocation Failure) 3405.327: [ParNew: 94164K->0K(153600K), 0.0003695 secs] 95293K->1129K(256000K), 0.0004318 secs] [Times: user=0.00 sys=0.00, real=0.00 secs] 
3406.356: [GC (Allocation Failure) 3406.356: [ParNew: 94164K->0K(153600K), 0.0003975 secs] 95293K->1129K(256000K), 0.0004615 secs] [Times: user=0.00 sys=0.00, real=0.00 secs] 
3407.430: [GC (Allocation Failure) 3407.430: [ParNew: 94164K->0K(153600K), 0.0007654 secs] 95293K->1129K(256000K), 0.0008325 secs] [Times: user=0.00 sys=0.00, real=0.00 secs] 
3408.450: [GC (Allocation Failure) 3408.450: [ParNew: 94164K->0K(153600K), 0.0003861 secs] 95293K->1129K(256000K), 0.0004472 secs] [Times: user=0.00 sys=0.00, real=0.00 secs] 
3409.510: [GC (Allocation Failure) 3409.510: [ParNew: 94164K->0K(153600K), 0.0026037 secs] 95293K->1129K(256000K), 0.0026949 secs] [Times: user=0.00 sys=0.00, real=0.00 secs] 
3410.533: [GC (Allocation Failure) 3410.533: [ParNew: 94164K->0K(153600K), 0.0005290 secs] 95293K->1129K(256000K), 0.0006036 secs] [Times: user=0.00 sys=0.00, real=0.00 secs] 
3411.555: [GC (Allocation Failure) 3411.555: [ParNew: 94164K->0K(153600K), 0.0005491 secs] 95293K->1129K(256000K), 0.0006059 secs] [Times: user=0.00 sys=0.00, real=0.00 secs] 
3413.592: [GC (Allocation Failure) 3413.592: [ParNew: 94164K->0K(153600K), 0.0004472 secs] 95293K->1129K(256000K), 0.0005191 secs] [Times: user=0.00 sys=0.00, real=0.00 secs] 
3414.602: [GC (Allocation Failure) 3414.603: [ParNew: 94086K->0K(153600K), 0.0003908 secs] 95215K->1129K(256000K), 0.0004480 secs] [Times: user=0.00 sys=0.00, real=0.00 secs] 
3415.613: [GC (Allocation Failure) 3415.613: [ParNew: 94114K->0K(153600K), 0.0004674 secs] 95243K->1129K(256000K), 0.0005365 secs] [Times: user=0.00 sys=0.00, real=0.00 secs] 
3416.622: [GC (Allocation Failure) 3416.622: [ParNew: 94132K->0K(153600K), 0.0004259 secs] 95261K->1129K(256000K), 0.0004982 secs] [Times: user=0.00 sys=0.00, real=0.00 secs] 
3417.633: [GC (Allocation Failure) 3417.633: [ParNew: 94143K->0K(153600K), 0.0003853 secs] 95273K->1129K(256000K), 0.0004559 secs] [Times: user=0.00 sys=0.00, real=0.00 secs] 
3418.644: [GC (Allocation Failure) 3418.644: [ParNew: 94151K->0K(153600K), 0.0003746 secs] 95280K->1129K(256000K), 0.0004425 secs] [Times: user=0.06 sys=0.00, real=0.00 secs] 
3419.652: [GC (Allocation Failure) 3419.652: [ParNew: 94156K->0K(153600K), 0.0004457 secs] 95285K->1129K(256000K), 0.0005124 secs] [Times: user=0.00 sys=0.00, real=0.00 secs] 
3420.667: [GC (Allocation Failure) 3420.667: [ParNew: 94159K->0K(153600K), 0.0009107 secs] 95288K->1129K(256000K), 0.0010157 secs] [Times: user=0.00 sys=0.00, real=0.00 secs] 
3422.681: [GC (Allocation Failure) 3422.682: [ParNew: 94161K->0K(153600K), 0.0008783 secs] 95290K->1129K(256000K), 0.0009955 secs] [Times: user=0.00 sys=0.00, real=0.00 secs] 
3423.697: [GC (Allocation Failure) 3423.697: [ParNew: 94162K->0K(153600K), 0.0004717 secs] 95291K->1129K(256000K), 0.0005357 secs] [Times: user=0.00 sys=0.00, real=0.00 secs] 
3424.706: [GC (Allocation Failure) 3424.706: [ParNew: 94163K->0K(153600K), 0.0009541 secs] 95292K->1129K(256000K), 0.0010871 secs] [Times: user=0.06 sys=0.00, real=0.00 secs] 
3425.722: [GC (Allocation Failure) 3425.722: [ParNew: 94163K->0K(153600K), 0.0009478 secs] 95292K->1129K(256000K), 0.0010859 secs] [Times: user=0.00 sys=0.02, real=0.00 secs] 
3426.739: [GC (Allocation Failure) 3426.739: [ParNew: 94163K->0K(153600K), 0.0009608 secs] 95293K->1129K(256000K), 0.0010903 secs] [Times: user=0.00 sys=0.00, real=0.00 secs] 
3427.755: [GC (Allocation Failure) 3427.755: [ParNew: 94164K->0K(153600K), 0.0008913 secs] 95293K->1129K(256000K), 0.0010322 secs] [Times: user=0.00 sys=0.00, real=0.00 secs] 
3428.766: [GC (Allocation Failure) 3428.766: [ParNew: 94164K->0K(153600K), 0.0004121 secs] 95293K->1129K(256000K), 0.0004784 secs] [Times: user=0.00 sys=0.00, real=0.00 secs] 
3429.780: [GC (Allocation Failure) 3429.780: [ParNew: 94164K->0K(153600K), 0.0009016 secs] 95293K->1129K(256000K), 0.0010090 secs] [Times: user=0.00 sys=0.00, real=0.00 secs] 
3431.799: [GC (Allocation Failure) 3431.799: [ParNew: 94164K->0K(153600K), 0.0008590 secs] 95293K->1129K(256000K), 0.0009679 secs] [Times: user=0.00 sys=0.00, real=0.00 secs] 
3432.815: [GC (Allocation Failure) 3432.816: [ParNew: 94164K->0K(153600K), 0.0010622 secs] 95293K->1129K(256000K), 0.0012008 secs] [Times: user=0.01 sys=0.00, real=0.00 secs] 
3433.833: [GC (Allocation Failure) 3433.833: [ParNew: 94164K->0K(153600K), 0.0008440 secs] 95293K->1129K(256000K), 0.0009304 secs] [Times: user=0.00 sys=0.00, real=0.00 secs] 
3434.848: [GC (Allocation Failure) 3434.848: [ParNew: 94164K->0K(153600K), 0.0009529 secs] 95293K->1129K(256000K), 0.0010800 secs] [Times: user=0.02 sys=0.00, real=0.00 secs] 
3435.864: [GC (Allocation Failure) 3435.864: [ParNew: 94164K->0K(153600K), 0.0010030 secs] 95293K->1129K(256000K), 0.0011329 secs] [Times: user=0.00 sys=0.00, real=0.00 secs] 
3436.882: [GC (Allocation Failure) 3436.882: [ParNew: 94164K->0K(153600K), 0.0010240 secs] 95293K->1129K(256000K), 0.0011337 secs] [Times: user=0.00 sys=0.00, real=0.00 secs] 
3437.892: [GC (Allocation Failure) 3437.892: [ParNew: 94164K->0K(153600K), 0.0003971 secs] 95293K->1129K(256000K), 0.0004599 secs] [Times: user=0.00 sys=0.00, real=0.00 secs] 
3438.906: [GC (Allocation Failure) 3438.906: [ParNew: 94164K->0K(153600K), 0.0009438 secs] 95293K->1129K(256000K), 0.0010875 secs] [Times: user=0.00 sys=0.00, real=0.00 secs] 
3440.918: [GC (Allocation Failure) 3440.918: [ParNew: 94164K->0K(153600K), 0.0015107 secs] 95293K->1129K(256000K), 0.0016611 secs] [Times: user=0.00 sys=0.00, real=0.00 secs] 
3441.934: [GC (Allocation Failure) 3441.935: [ParNew: 94164K->0K(153600K), 0.0011424 secs] 95293K->1129K(256000K), 0.0012655 secs] [Times: user=0.00 sys=0.00, real=0.00 secs] 
3442.953: [GC (Allocation Failure) 3442.953: [ParNew: 94164K->0K(153600K), 0.0012008 secs] 95293K->1129K(256000K), 0.0013398 secs] [Times: user=0.00 sys=0.00, real=0.00 secs] 
3443.970: [GC (Allocation Failure) 3443.970: [ParNew: 94164K->0K(153600K), 0.0008905 secs] 95293K->1129K(256000K), 0.0010026 secs] [Times: user=0.00 sys=0.00, real=0.00 secs] 
3444.986: [GC (Allocation Failure) 3444.986: [ParNew: 94164K->0K(153600K), 0.0008976 secs] 95293K->1129K(256000K), 0.0010208 secs] [Times: user=0.00 sys=0.00, real=0.00 secs] 
3446.002: [GC (Allocation Failure) 3446.003: [ParNew: 94164K->0K(153600K), 0.0009158 secs] 95293K->1129K(256000K), 0.0010382 secs] [Times: user=0.00 sys=0.00, real=0.00 secs] 
3447.014: [GC (Allocation Failure) 3447.014: [ParNew: 94164K->0K(153600K), 0.0004315 secs] 95293K->1129K(256000K), 0.0004875 secs] [Times: user=0.00 sys=0.00, real=0.00 secs] 
3448.022: [GC (Allocation Failure) 3448.022: [ParNew: 94164K->0K(153600K), 0.0005893 secs] 95293K->1129K(256000K), 0.0006675 secs] [Times: user=0.00 sys=0.00, real=0.00 secs] 
3450.030: [GC (Allocation Failure) 3450.030: [ParNew: 94164K->0K(153600K), 0.0009967 secs] 95293K->1129K(256000K), 0.0011124 secs] [Times: user=0.00 sys=0.00, real=0.00 secs] 
3451.046: [GC (Allocation Failure) 3451.046: [ParNew: 94164K->0K(153600K), 0.0009107 secs] 95293K->1129K(256000K), 0.0010480 secs] [Times: user=0.00 sys=0.00, real=0.00 secs] 
3452.062: [GC (Allocation Failure) 3452.062: [ParNew: 94164K->0K(153600K), 0.0009711 secs] 95293K->1129K(256000K), 0.0010836 secs] [Times: user=0.00 sys=0.00, real=0.00 secs] 
3453.078: [GC (Allocation Failure) 3453.078: [ParNew: 94164K->0K(153600K), 0.0007634 secs] 95293K->1129K(256000K), 0.0008724 secs] [Times: user=0.00 sys=0.00, real=0.00 secs] 
3454.089: [GC (Allocation Failure) 3454.089: [ParNew: 94164K->0K(153600K), 0.0008819 secs] 95293K->1129K(256000K), 0.0010015 secs] [Times: user=0.00 sys=0.00, real=0.00 secs] 
3455.104: [GC (Allocation Failure) 3455.104: [ParNew: 94164K->0K(153600K), 0.0009174 secs] 95293K->1129K(256000K), 0.0010603 secs] [Times: user=0.00 sys=0.00, real=0.00 secs] 
3456.119: [GC (Allocation Failure) 3456.120: [ParNew: 94164K->0K(153600K), 0.0009505 secs] 95293K->1129K(256000K), 0.0010638 secs] [Times: user=0.00 sys=0.00, real=0.00 secs] 
3457.136: [GC (Allocation Failure) 3457.136: [ParNew: 94164K->0K(153600K), 0.0008554 secs] 95293K->1129K(256000K), 0.0009584 secs] [Times: user=0.00 sys=0.00, real=0.00 secs] 
3459.152: [GC (Allocation Failure) 3459.152: [ParNew: 94164K->0K(153600K), 0.0008862 secs] 95293K->1129K(256000K), 0.0009987 secs] [Times: user=0.00 sys=0.00, real=0.00 secs] 
3460.168: [GC (Allocation Failure) 3460.168: [ParNew: 94164K->0K(153600K), 0.0010855 secs] 95293K->1129K(256000K), 0.0012430 secs] [Times: user=0.00 sys=0.00, real=0.00 secs] 
3461.185: [GC (Allocation Failure) 3461.185: [ParNew: 94164K->0K(153600K), 0.0006304 secs] 95293K->1129K(256000K), 0.0007172 secs] [Times: user=0.00 sys=0.00, real=0.00 secs] 
3462.197: [GC (Allocation Failure) 3462.197: [ParNew: 94164K->0K(153600K), 0.0010449 secs] 95293K->1129K(256000K), 0.0011815 secs] [Times: user=0.00 sys=0.00, real=0.00 secs] 
3463.213: [GC (Allocation Failure) 3463.214: [ParNew: 94164K->0K(153600K), 0.0009612 secs] 95293K->1129K(256000K), 0.0010690 secs] [Times: user=0.00 sys=0.00, real=0.00 secs] 
3464.230: [GC (Allocation Failure) 3464.230: [ParNew: 94164K->0K(153600K), 0.0008807 secs] 95293K->1129K(256000K), 0.0009884 secs] [Times: user=0.00 sys=0.00, real=0.00 secs] 
3465.245: [GC (Allocation Failure) 3465.245: [ParNew: 94164K->0K(153600K), 0.0010354 secs] 95293K->1129K(256000K), 0.0011755 secs] [Times: user=0.00 sys=0.00, real=0.00 secs] 
3466.262: [GC (Allocation Failure) 3466.262: [ParNew: 94164K->0K(153600K), 0.0010086 secs] 95293K->1129K(256000K), 0.0011341 secs] [Times: user=0.00 sys=0.00, real=0.00 secs] 
3468.280: [GC (Allocation Failure) 3468.280: [ParNew: 94164K->0K(153600K), 0.0010078 secs] 95293K->1129K(256000K), 0.0011428 secs] [Times: user=0.00 sys=0.00, real=0.00 secs] 
3469.295: [GC (Allocation Failure) 3469.295: [ParNew: 94164K->0K(153600K), 0.0003683 secs] 95293K->1129K(256000K), 0.0004429 secs] [Times: user=0.00 sys=0.00, real=0.00 secs] 
3470.301: [GC (Allocation Failure) 3470.301: [ParNew: 94164K->0K(153600K), 0.0004555 secs] 95293K->1129K(256000K), 0.0005368 secs] [Times: user=0.06 sys=0.00, real=0.00 secs] 
3471.310: [GC (Allocation Failure) 3471.310: [ParNew: 94164K->0K(153600K), 0.0006817 secs] 95293K->1129K(256000K), 0.0007540 secs] [Times: user=0.00 sys=0.00, real=0.00 secs] 
3472.322: [GC (Allocation Failure) 3472.323: [ParNew: 94164K->0K(153600K), 0.0008688 secs] 95293K->1129K(256000K), 0.0009857 secs] [Times: user=0.00 sys=0.00, real=0.00 secs] 
3473.348: [GC (Allocation Failure) 3473.348: [ParNew: 94164K->0K(153600K), 0.0005566 secs] 95293K->1129K(256000K), 0.0006265 secs] [Times: user=0.00 sys=0.00, real=0.00 secs] 
3474.370: [GC (Allocation Failure) 3474.370: [ParNew: 94164K->0K(153600K), 0.0004397 secs] 95293K->1129K(256000K), 0.0005065 secs] [Times: user=0.00 sys=0.00, real=0.00 secs] 
3475.472: [GC (Allocation Failure) 3475.472: [ParNew: 94164K->0K(153600K), 0.0005909 secs] 95293K->1129K(256000K), 0.0006671 secs] [Times: user=0.05 sys=0.00, real=0.00 secs] 
3477.571: [GC (Allocation Failure) 3477.571: [ParNew: 94164K->0K(153600K), 0.0004891 secs] 95293K->1129K(256000K), 0.0005574 secs] [Times: user=0.00 sys=0.00, real=0.00 secs] 
3479.019: [GC (Allocation Failure) 3479.019: [ParNew: 94164K->0K(153600K), 0.0006533 secs] 95293K->1129K(256000K), 0.0007354 secs] [Times: user=0.00 sys=0.00, real=0.00 secs] 
3480.101: [GC (Allocation Failure) 3480.102: [ParNew: 94164K->0K(153600K), 0.0004161 secs] 95293K->1129K(256000K), 0.0004843 secs] [Times: user=0.00 sys=0.00, real=0.00 secs] 
3481.362: [GC (Allocation Failure) 3481.362: [ParNew: 94164K->0K(153600K), 0.0003805 secs] 95293K->1129K(256000K), 0.0004453 secs] [Times: user=0.00 sys=0.00, real=0.00 secs] 
3482.370: [GC (Allocation Failure) 3482.370: [ParNew: 94164K->0K(153600K), 0.0003699 secs] 95293K->1129K(256000K), 0.0004236 secs] [Times: user=0.00 sys=0.00, real=0.00 secs] 
3483.377: [GC (Allocation Failure) 3483.377: [ParNew: 94164K->0K(153600K), 0.0004232 secs] 95293K->1129K(256000K), 0.0004974 secs] [Times: user=0.00 sys=0.00, real=0.00 secs] 
3484.384: [GC (Allocation Failure) 3484.384: [ParNew: 94164K->0K(153600K), 0.0004405 secs] 95293K->1129K(256000K), 0.0004942 secs] [Times: user=0.00 sys=0.00, real=0.00 secs] 
3485.400: [GC (Allocation Failure) 3485.400: [ParNew: 94164K->0K(153600K), 0.0010350 secs] 95293K->1129K(256000K), 0.0011463 secs] [Times: user=0.00 sys=0.00, real=0.00 secs] 
3487.417: [GC (Allocation Failure) 3487.417: [ParNew: 94164K->0K(153600K), 0.0009051 secs] 95293K->1129K(256000K), 0.0010113 secs] [Times: user=0.00 sys=0.00, real=0.00 secs] 
3488.432: [GC (Allocation Failure) 3488.432: [ParNew: 94164K->0K(153600K), 0.0004524 secs] 95293K->1129K(256000K), 0.0005128 secs] [Times: user=0.00 sys=0.00, real=0.00 secs] 
3489.440: [GC (Allocation Failure) 3489.440: [ParNew: 94164K->0K(153600K), 0.0005550 secs] 95293K->1129K(256000K), 0.0006340 secs] [Times: user=0.00 sys=0.00, real=0.00 secs] 
3490.451: [GC (Allocation Failure) 3490.451: [ParNew: 94164K->0K(153600K), 0.0009604 secs] 95293K->1129K(256000K), 0.0010721 secs] [Times: user=0.00 sys=0.00, real=0.00 secs] 
3491.468: [GC (Allocation Failure) 3491.468: [ParNew: 94164K->0K(153600K), 0.0008929 secs] 95293K->1129K(256000K), 0.0010192 secs] [Times: user=0.00 sys=0.00, real=0.00 secs] 
3492.482: [GC (Allocation Failure) 3492.482: [ParNew: 94164K->0K(153600K), 0.0006047 secs] 95293K->1129K(256000K), 0.0006801 secs] [Times: user=0.00 sys=0.00, real=0.00 secs] 
3493.497: [GC (Allocation Failure) 3493.497: [ParNew: 94164K->0K(153600K), 0.0009047 secs] 95293K->1129K(256000K), 0.0010192 secs] [Times: user=0.00 sys=0.00, real=0.00 secs] 
3494.514: [GC (Allocation Failure) 3494.515: [ParNew: 94164K->0K(153600K), 0.0008862 secs] 95293K->1129K(256000K), 0.0010042 secs] [Times: user=0.00 sys=0.00, real=0.00 secs] 
3496.534: [GC (Allocation Failure) 3496.534: [ParNew: 94164K->0K(153600K), 0.0010054 secs] 95293K->1129K(256000K), 0.0011203 secs] [Times: user=0.00 sys=0.00, real=0.00 secs] 
3497.550: [GC (Allocation Failure) 3497.551: [ParNew: 94164K->0K(153600K), 0.0008712 secs] 95293K->1129K(256000K), 0.0010066 secs] [Times: user=0.06 sys=0.00, real=0.00 secs] 
3498.566: [GC (Allocation Failure) 3498.566: [ParNew: 94164K->0K(153600K), 0.0006292 secs] 95293K->1129K(256000K), 0.0007093 secs] [Times: user=0.02 sys=0.00, real=0.00 secs] 
3499.577: [GC (Allocation Failure) 3499.577: [ParNew: 94164K->0K(153600K), 0.0006028 secs] 95293K->1129K(256000K), 0.0006801 secs] [Times: user=0.00 sys=0.00, real=0.00 secs] 
3500.587: [GC (Allocation Failure) 3500.587: [ParNew: 94164K->0K(153600K), 0.0004615 secs] 95293K->1129K(256000K), 0.0005412 secs] [Times: user=0.00 sys=0.00, real=0.00 secs] 
3501.598: [GC (Allocation Failure) 3501.598: [ParNew: 94164K->0K(153600K), 0.0012225 secs] 95293K->1129K(256000K), 0.0013828 secs] [Times: user=0.00 sys=0.00, real=0.00 secs] 
3502.611: [GC (Allocation Failure) 3502.611: [ParNew: 94164K->0K(153600K), 0.0006122 secs] 95293K->1129K(256000K), 0.0006896 secs] [Times: user=0.00 sys=0.00, real=0.00 secs] 
3503.626: [GC (Allocation Failure) 3503.626: [ParNew: 94164K->0K(153600K), 0.0009087 secs] 95293K->1129K(256000K), 0.0010390 secs] [Times: user=0.00 sys=0.00, real=0.00 secs] 
3505.636: [GC (Allocation Failure) 3505.636: [ParNew: 94164K->0K(153600K), 0.0009063 secs] 95293K->1129K(256000K), 0.0010401 secs] [Times: user=0.00 sys=0.00, real=0.00 secs] 
3506.652: [GC (Allocation Failure) 3506.652: [ParNew: 94164K->0K(153600K), 0.0003754 secs] 95293K->1129K(256000K), 0.0004303 secs] [Times: user=0.00 sys=0.00, real=0.00 secs] 
3507.660: [GC (Allocation Failure) 3507.660: [ParNew: 94164K->0K(153600K), 0.0008862 secs] 95293K->1129K(256000K), 0.0010026 secs] [Times: user=0.06 sys=0.00, real=0.00 secs] 
3508.677: [GC (Allocation Failure) 3508.677: [ParNew: 94164K->0K(153600K), 0.0010038 secs] 95293K->1129K(256000K), 0.0011530 secs] [Times: user=0.00 sys=0.00, real=0.00 secs] 
3509.693: [GC (Allocation Failure) 3509.693: [ParNew: 94164K->0K(153600K), 0.0009415 secs] 95293K->1129K(256000K), 0.0010749 secs] [Times: user=0.00 sys=0.00, real=0.00 secs] 
3510.710: [GC (Allocation Failure) 3510.710: [ParNew: 94164K->0K(153600K), 0.0008716 secs] 95293K->1129K(256000K), 0.0009916 secs] [Times: user=0.00 sys=0.00, real=0.00 secs] 
3511.721: [GC (Allocation Failure) 3511.721: [ParNew: 94164K->0K(153600K), 0.0003596 secs] 95293K->1129K(256000K), 0.0004125 secs] [Times: user=0.00 sys=0.00, real=0.00 secs] 
3512.735: [GC (Allocation Failure) 3512.735: [ParNew: 94164K->0K(153600K), 0.0009647 secs] 95293K->1129K(256000K), 0.0011069 secs] [Times: user=0.00 sys=0.00, real=0.00 secs] 
3514.745: [GC (Allocation Failure) 3514.745: [ParNew: 94164K->0K(153600K), 0.0009016 secs] 95293K->1129K(256000K), 0.0010094 secs] [Times: user=0.00 sys=0.00, real=0.00 secs] 
3515.761: [GC (Allocation Failure) 3515.761: [ParNew: 94164K->0K(153600K), 0.0010611 secs] 95293K->1129K(256000K), 0.0011969 secs] [Times: user=0.00 sys=0.00, real=0.00 secs] 
3516.780: [GC (Allocation Failure) 3516.780: [ParNew: 94164K->0K(153600K), 0.0009122 secs] 95293K->1129K(256000K), 0.0010484 secs] [Times: user=0.00 sys=0.00, real=0.00 secs] 
3517.796: [GC (Allocation Failure) 3517.796: [ParNew: 94164K->0K(153600K), 0.0004650 secs] 95293K->1129K(256000K), 0.0005420 secs] [Times: user=0.00 sys=0.00, real=0.00 secs] 
3518.805: [GC (Allocation Failure) 3518.805: [ParNew: 94164K->0K(153600K), 0.0005609 secs] 95293K->1129K(256000K), 0.0006600 secs] [Times: user=0.00 sys=0.00, real=0.00 secs] 
3519.814: [GC (Allocation Failure) 3519.814: [ParNew: 94164K->0K(153600K), 0.0004374 secs] 95293K->1129K(256000K), 0.0004993 secs] [Times: user=0.00 sys=0.00, real=0.00 secs] 
3520.821: [GC (Allocation Failure) 3520.821: [ParNew: 94164K->0K(153600K), 0.0008925 secs] 95293K->1129K(256000K), 0.0009908 secs] [Times: user=0.00 sys=0.00, real=0.00 secs] 
3521.839: [GC (Allocation Failure) 3521.839: [ParNew: 94164K->0K(153600K), 0.0011550 secs] 95293K->1129K(256000K), 0.0013224 secs] [Times: user=0.00 sys=0.00, real=0.00 secs] 
3523.857: [GC (Allocation Failure) 3523.857: [ParNew: 94164K->0K(153600K), 0.0008929 secs] 95293K->1129K(256000K), 0.0010086 secs] [Times: user=0.00 sys=0.00, real=0.00 secs] 
3524.872: [GC (Allocation Failure) 3524.872: [ParNew: 94164K->0K(153600K), 0.0008826 secs] 95293K->1129K(256000K), 0.0009588 secs] [Times: user=0.00 sys=0.00, real=0.00 secs] 
3525.889: [GC (Allocation Failure) 3525.889: [ParNew: 94164K->0K(153600K), 0.0011155 secs] 95293K->1129K(256000K), 0.0012869 secs] [Times: user=0.00 sys=0.00, real=0.00 secs] 
3526.906: [GC (Allocation Failure) 3526.906: [ParNew: 94164K->0K(153600K), 0.0008941 secs] 95293K->1129K(256000K), 0.0010082 secs] [Times: user=0.00 sys=0.00, real=0.00 secs] 
3527.921: [GC (Allocation Failure) 3527.921: [ParNew: 94164K->0K(153600K), 0.0012608 secs] 95293K->1129K(256000K), 0.0014061 secs] [Times: user=0.00 sys=0.00, real=0.00 secs] 
3528.938: [GC (Allocation Failure) 3528.938: [ParNew: 94164K->0K(153600K), 0.0009040 secs] 95293K->1129K(256000K), 0.0010267 secs] [Times: user=0.00 sys=0.00, real=0.00 secs] 
3529.954: [GC (Allocation Failure) 3529.954: [ParNew: 94164K->0K(153600K), 0.0009470 secs] 95293K->1129K(256000K), 0.0010540 secs] [Times: user=0.00 sys=0.00, real=0.00 secs] 
3530.971: [GC (Allocation Failure) 3530.971: [ParNew: 94164K->0K(153600K), 0.0011234 secs] 95293K->1129K(256000K), 0.0012403 secs] [Times: user=0.00 sys=0.00, real=0.00 secs] 
3532.988: [GC (Allocation Failure) 3532.988: [ParNew: 94164K->0K(153600K), 0.0008858 secs] 95293K->1129K(256000K), 0.0010117 secs] [Times: user=0.00 sys=0.00, real=0.00 secs] 
3534.004: [GC (Allocation Failure) 3534.005: [ParNew: 94164K->0K(153600K), 0.0008917 secs] 95293K->1129K(256000K), 0.0010236 secs] [Times: user=0.00 sys=0.00, real=0.00 secs] 
3535.021: [GC (Allocation Failure) 3535.021: [ParNew: 94164K->0K(153600K), 0.0009028 secs] 95293K->1129K(256000K), 0.0010346 secs] [Times: user=0.00 sys=0.00, real=0.00 secs] 
3536.037: [GC (Allocation Failure) 3536.037: [ParNew: 94164K->0K(153600K), 0.0009936 secs] 95293K->1129K(256000K), 0.0011246 secs] [Times: user=0.00 sys=0.00, real=0.00 secs] 
3537.053: [GC (Allocation Failure) 3537.053: [ParNew: 94164K->0K(153600K), 0.0008613 secs] 95293K->1129K(256000K), 0.0009722 secs] [Times: user=0.00 sys=0.00, real=0.00 secs] 
3538.069: [GC (Allocation Failure) 3538.069: [ParNew: 94164K->0K(153600K), 0.0008688 secs] 95293K->1129K(256000K), 0.0009790 secs] [Times: user=0.00 sys=0.00, real=0.00 secs] 
3539.086: [GC (Allocation Failure) 3539.087: [ParNew: 94164K->0K(153600K), 0.0009162 secs] 95293K->1129K(256000K), 0.0010555 secs] [Times: user=0.00 sys=0.00, real=0.00 secs] 
3540.096: [GC (Allocation Failure) 3540.096: [ParNew: 94164K->0K(153600K), 0.0003857 secs] 95293K->1129K(256000K), 0.0004437 secs] [Times: user=0.00 sys=0.00, real=0.00 secs] 
3542.107: [GC (Allocation Failure) 3542.107: [ParNew: 94164K->0K(153600K), 0.0006036 secs] 95293K->1129K(256000K), 0.0007121 secs] [Times: user=0.00 sys=0.00, real=0.00 secs] 
3543.117: [GC (Allocation Failure) 3543.117: [ParNew: 94164K->0K(153600K), 0.0004512 secs] 95293K->1129K(256000K), 0.0005384 secs] [Times: user=0.00 sys=0.00, real=0.00 secs] 
3544.127: [GC (Allocation Failure) 3544.127: [ParNew: 94164K->0K(153600K), 0.0008980 secs] 95293K->1129K(256000K), 0.0010216 secs] [Times: user=0.00 sys=0.00, real=0.00 secs] 
3545.140: [GC (Allocation Failure) 3545.140: [ParNew: 94164K->0K(153600K), 0.0003647 secs] 95293K->1129K(256000K), 0.0004208 secs] [Times: user=0.00 sys=0.00, real=0.00 secs] 
3546.152: [GC (Allocation Failure) 3546.152: [ParNew: 94164K->0K(153600K), 0.0008834 secs] 95293K->1129K(256000K), 0.0009912 secs] [Times: user=0.00 sys=0.00, real=0.00 secs] 
3547.173: [GC (Allocation Failure) 3547.173: [ParNew: 94164K->0K(153600K), 0.0009892 secs] 95293K->1129K(256000K), 0.0011013 secs] [Times: user=0.00 sys=0.00, real=0.00 secs] 
3548.189: [GC (Allocation Failure) 3548.189: [ParNew: 94164K->0K(153600K), 0.0009683 secs] 95293K->1129K(256000K), 0.0011108 secs] [Times: user=0.00 sys=0.00, real=0.00 secs] 
3549.203: [GC (Allocation Failure) 3549.203: [ParNew: 94164K->0K(153600K), 0.0005447 secs] 95293K->1129K(256000K), 0.0006221 secs] [Times: user=0.00 sys=0.00, real=0.00 secs] 
3551.212: [GC (Allocation Failure) 3551.212: [ParNew: 94164K->0K(153600K), 0.0003750 secs] 95293K->1129K(256000K), 0.0004425 secs] [Times: user=0.00 sys=0.00, real=0.00 secs] 
3552.220: [GC (Allocation Failure) 3552.220: [ParNew: 94164K->0K(153600K), 0.0003699 secs] 95293K->1129K(256000K), 0.0004326 secs] [Times: user=0.00 sys=0.00, real=0.00 secs] 
3553.227: [GC (Allocation Failure) 3553.227: [ParNew: 94164K->0K(153600K), 0.0004011 secs] 95293K->1129K(256000K), 0.0004666 secs] [Times: user=0.00 sys=0.00, real=0.00 secs] 
3554.236: [GC (Allocation Failure) 3554.236: [ParNew: 94164K->0K(153600K), 0.0006186 secs] 95293K->1129K(256000K), 0.0007101 secs] [Times: user=0.00 sys=0.00, real=0.00 secs] 
3555.250: [GC (Allocation Failure) 3555.250: [ParNew: 94164K->0K(153600K), 0.0009347 secs] 95293K->1129K(256000K), 0.0010437 secs] [Times: user=0.00 sys=0.00, real=0.00 secs] 
3556.268: [GC (Allocation Failure) 3556.268: [ParNew: 94164K->0K(153600K), 0.0011759 secs] 95293K->1129K(256000K), 0.0013251 secs] [Times: user=0.05 sys=0.00, real=0.00 secs] 
3557.281: [GC (Allocation Failure) 3557.281: [ParNew: 94164K->0K(153600K), 0.0005629 secs] 95293K->1129K(256000K), 0.0006588 secs] [Times: user=0.00 sys=0.00, real=0.00 secs] 
3558.295: [GC (Allocation Failure) 3558.295: [ParNew: 94164K->0K(153600K), 0.0005282 secs] 95293K->1129K(256000K), 0.0006190 secs] [Times: user=0.00 sys=0.00, real=0.00 secs] 
3560.304: [GC (Allocation Failure) 3560.304: [ParNew: 94164K->0K(153600K), 0.0003592 secs] 95293K->1129K(256000K), 0.0004180 secs] [Times: user=0.00 sys=0.00, real=0.00 secs] 
3561.311: [GC (Allocation Failure) 3561.311: [ParNew: 94164K->0K(153600K), 0.0005811 secs] 95293K->1129K(256000K), 0.0006624 secs] [Times: user=0.00 sys=0.00, real=0.00 secs] 
3562.323: [GC (Allocation Failure) 3562.323: [ParNew: 94164K->0K(153600K), 0.0009288 secs] 95293K->1129K(256000K), 0.0010378 secs] [Times: user=0.00 sys=0.00, real=0.00 secs] 
3563.339: [GC (Allocation Failure) 3563.339: [ParNew: 94164K->0K(153600K), 0.0008274 secs] 95293K->1129K(256000K), 0.0009332 secs] [Times: user=0.00 sys=0.00, real=0.00 secs] 
3564.355: [GC (Allocation Failure) 3564.355: [ParNew: 94164K->0K(153600K), 0.0006197 secs] 95293K->1129K(256000K), 0.0007240 secs] [Times: user=0.00 sys=0.00, real=0.00 secs] 
3565.370: [GC (Allocation Failure) 3565.370: [ParNew: 94164K->0K(153600K), 0.0008945 secs] 95293K->1129K(256000K), 0.0010322 secs] [Times: user=0.00 sys=0.00, real=0.00 secs] 
3566.382: [GC (Allocation Failure) 3566.382: [ParNew: 94164K->0K(153600K), 0.0005297 secs] 95293K->1129K(256000K), 0.0006225 secs] [Times: user=0.00 sys=0.00, real=0.00 secs] 
3567.397: [GC (Allocation Failure) 3567.397: [ParNew: 94164K->0K(153600K), 0.0008471 secs] 95293K->1129K(256000K), 0.0009667 secs] [Times: user=0.00 sys=0.00, real=0.00 secs] 
3569.414: [GC (Allocation Failure) 3569.414: [ParNew: 94164K->0K(153600K), 0.0008783 secs] 95293K->1129K(256000K), 0.0009900 secs] [Times: user=0.00 sys=0.00, real=0.00 secs] 
3570.430: [GC (Allocation Failure) 3570.431: [ParNew: 94164K->0K(153600K), 0.0009004 secs] 95293K->1129K(256000K), 0.0010520 secs] [Times: user=0.00 sys=0.00, real=0.00 secs] 
3571.444: [GC (Allocation Failure) 3571.444: [ParNew: 94164K->0K(153600K), 0.0005254 secs] 95293K->1129K(256000K), 0.0005917 secs] [Times: user=0.00 sys=0.00, real=0.00 secs] 
3572.454: [GC (Allocation Failure) 3572.454: [ParNew: 94164K->0K(153600K), 0.0009004 secs] 95293K->1129K(256000K), 0.0010216 secs] [Times: user=0.00 sys=0.00, real=0.00 secs] 
3573.472: [GC (Allocation Failure) 3573.472: [ParNew: 94164K->0K(153600K), 0.0009501 secs] 95293K->1129K(256000K), 0.0010863 secs] [Times: user=0.06 sys=0.00, real=0.00 secs] 
3574.488: [GC (Allocation Failure) 3574.488: [ParNew: 94164K->0K(153600K), 0.0008704 secs] 95293K->1129K(256000K), 0.0009857 secs] [Times: user=0.00 sys=0.00, real=0.00 secs] 
3575.507: [GC (Allocation Failure) 3575.507: [ParNew: 94164K->0K(153600K), 0.0009209 secs] 95293K->1129K(256000K), 0.0010461 secs] [Times: user=0.00 sys=0.00, real=0.00 secs] 
3576.519: [GC (Allocation Failure) 3576.519: [ParNew: 94164K->0K(153600K), 0.0003715 secs] 95293K->1129K(256000K), 0.0004303 secs] [Times: user=0.00 sys=0.00, real=0.00 secs] 
3578.534: [GC (Allocation Failure) 3578.534: [ParNew: 94164K->0K(153600K), 0.0005041 secs] 95293K->1129K(256000K), 0.0005779 secs] [Times: user=0.00 sys=0.00, real=0.00 secs] 
3579.543: [GC (Allocation Failure) 3579.543: [ParNew: 94164K->0K(153600K), 0.0008684 secs] 95293K->1129K(256000K), 0.0010141 secs] [Times: user=0.00 sys=0.00, real=0.00 secs] 
3580.558: [GC (Allocation Failure) 3580.558: [ParNew: 94164K->0K(153600K), 0.0007105 secs] 95293K->1129K(256000K), 0.0008147 secs] [Times: user=0.00 sys=0.00, real=0.00 secs] 
3581.569: [GC (Allocation Failure) 3581.569: [ParNew: 94164K->0K(153600K), 0.0006047 secs] 95293K->1129K(256000K), 0.0006841 secs] [Times: user=0.00 sys=0.00, real=0.00 secs] 
3582.582: [GC (Allocation Failure) 3582.583: [ParNew: 94164K->0K(153600K), 0.0009987 secs] 95293K->1129K(256000K), 0.0011582 secs] [Times: user=0.00 sys=0.00, real=0.00 secs] 
3583.601: [GC (Allocation Failure) 3583.601: [ParNew: 94164K->0K(153600K), 0.0009150 secs] 95293K->1129K(256000K), 0.0010488 secs] [Times: user=0.00 sys=0.00, real=0.00 secs] 
3584.618: [GC (Allocation Failure) 3584.618: [ParNew: 94164K->0K(153600K), 0.0009004 secs] 95293K->1129K(256000K), 0.0010283 secs] [Times: user=0.00 sys=0.00, real=0.00 secs] 
3585.634: [GC (Allocation Failure) 3585.634: [ParNew: 94164K->0K(153600K), 0.0008787 secs] 95293K->1129K(256000K), 0.0010121 secs] [Times: user=0.00 sys=0.00, real=0.00 secs] 
3587.651: [GC (Allocation Failure) 3587.651: [ParNew: 94164K->0K(153600K), 0.0008822 secs] 95293K->1129K(256000K), 0.0010062 secs] [Times: user=0.00 sys=0.00, real=0.00 secs] 
3588.667: [GC (Allocation Failure) 3588.667: [ParNew: 94164K->0K(153600K), 0.0008965 secs] 95293K->1129K(256000K), 0.0010094 secs] [Times: user=0.00 sys=0.00, real=0.00 secs] 
3589.684: [GC (Allocation Failure) 3589.684: [ParNew: 94164K->0K(153600K), 0.0008779 secs] 95293K->1129K(256000K), 0.0009916 secs] [Times: user=0.00 sys=0.00, real=0.00 secs] 
3590.700: [GC (Allocation Failure) 3590.700: [ParNew: 94164K->0K(153600K), 0.0008830 secs] 95293K->1129K(256000K), 0.0010311 secs] [Times: user=0.00 sys=0.00, real=0.00 secs] 
3591.713: [GC (Allocation Failure) 3591.713: [ParNew: 94164K->0K(153600K), 0.0003711 secs] 95293K->1129K(256000K), 0.0004338 secs] [Times: user=0.00 sys=0.00, real=0.00 secs] 
3592.726: [GC (Allocation Failure) 3592.726: [ParNew: 94164K->0K(153600K), 0.0009462 secs] 95293K->1129K(256000K), 0.0010930 secs] [Times: user=0.00 sys=0.00, real=0.00 secs] 
3593.743: [GC (Allocation Failure) 3593.743: [ParNew: 94164K->0K(153600K), 0.0008641 secs] 95293K->1129K(256000K), 0.0009904 secs] [Times: user=0.00 sys=0.00, real=0.00 secs] 
3594.758: [GC (Allocation Failure) 3594.758: [ParNew: 94164K->0K(153600K), 0.0008732 secs] 95293K->1129K(256000K), 0.0009920 secs] [Times: user=0.00 sys=0.00, real=0.00 secs] 
3596.774: [GC (Allocation Failure) 3596.774: [ParNew: 94164K->0K(153600K), 0.0009450 secs] 95293K->1129K(256000K), 0.0010895 secs] [Times: user=0.00 sys=0.00, real=0.00 secs] 
3597.790: [GC (Allocation Failure) 3597.790: [ParNew: 94164K->0K(153600K), 0.0008696 secs] 95293K->1129K(256000K), 0.0010034 secs] [Times: user=0.00 sys=0.00, real=0.00 secs] 
3598.807: [GC (Allocation Failure) 3598.807: [ParNew: 94164K->0K(153600K), 0.0009241 secs] 95293K->1129K(256000K), 0.0010713 secs] [Times: user=0.00 sys=0.00, real=0.00 secs] 
3599.823: [GC (Allocation Failure) 3599.823: [ParNew: 94164K->0K(153600K), 0.0009217 secs] 95293K->1129K(256000K), 0.0010291 secs] [Times: user=0.00 sys=0.00, real=0.00 secs] 
3600.839: [GC (Allocation Failure) 3600.839: [ParNew: 94164K->0K(153600K), 0.0008574 secs] 95293K->1129K(256000K), 0.0009845 secs] [Times: user=0.00 sys=0.00, real=0.00 secs] 
3601.856: [GC (Allocation Failure) 3601.856: [ParNew: 94164K->0K(153600K), 0.0008838 secs] 95293K->1129K(256000K), 0.0010200 secs] [Times: user=0.00 sys=0.00, real=0.00 secs] 
3602.872: [GC (Allocation Failure) 3602.872: [ParNew: 94164K->0K(153600K), 0.0009292 secs] 95293K->1129K(256000K), 0.0010326 secs] [Times: user=0.00 sys=0.00, real=0.00 secs] 
3603.889: [GC (Allocation Failure) 3603.889: [ParNew: 94164K->0K(153600K), 0.0009229 secs] 95293K->1129K(256000K), 0.0010421 secs] [Times: user=0.00 sys=0.00, real=0.00 secs] 
3605.905: [GC (Allocation Failure) 3605.905: [ParNew: 94164K->0K(153600K), 0.0008341 secs] 95293K->1129K(256000K), 0.0009474 secs] [Times: user=0.00 sys=0.00, real=0.00 secs] 
3606.922: [GC (Allocation Failure) 3606.922: [ParNew: 94164K->0K(153600K), 0.0006411 secs] 95293K->1129K(256000K), 0.0007267 secs] [Times: user=0.00 sys=0.00, real=0.00 secs] 
3607.931: [GC (Allocation Failure) 3607.931: [ParNew: 94164K->0K(153600K), 0.0003663 secs] 95293K->1129K(256000K), 0.0004291 secs] [Times: user=0.00 sys=0.00, real=0.00 secs] 
3608.941: [GC (Allocation Failure) 3608.941: [ParNew: 94164K->0K(153600K), 0.0010216 secs] 95293K->1129K(256000K), 0.0011645 secs] [Times: user=0.05 sys=0.00, real=0.00 secs] 
3609.957: [GC (Allocation Failure) 3609.957: [ParNew: 94164K->0K(153600K), 0.0009403 secs] 95293K->1129K(256000K), 0.0010678 secs] [Times: user=0.00 sys=0.00, real=0.00 secs] 
3610.970: [GC (Allocation Failure) 3610.970: [ParNew: 94164K->0K(153600K), 0.0004879 secs] 95293K->1129K(256000K), 0.0005637 secs] [Times: user=0.00 sys=0.00, real=0.00 secs] 
3611.983: [GC (Allocation Failure) 3611.983: [ParNew: 94164K->0K(153600K), 0.0009024 secs] 95293K->1129K(256000K), 0.0010251 secs] [Times: user=0.00 sys=0.00, real=0.00 secs] 
3612.999: [GC (Allocation Failure) 3612.999: [ParNew: 94164K->0K(153600K), 0.0009217 secs] 95293K->1129K(256000K), 0.0010433 secs] [Times: user=0.00 sys=0.00, real=0.00 secs] 
3615.014: [GC (Allocation Failure) 3615.014: [ParNew: 94164K->0K(153600K), 0.0010125 secs] 95293K->1129K(256000K), 0.0011333 secs] [Times: user=0.00 sys=0.00, real=0.00 secs] 
3616.031: [GC (Allocation Failure) 3616.031: [ParNew: 94164K->0K(153600K), 0.0008941 secs] 95293K->1129K(256000K), 0.0010094 secs] [Times: user=0.00 sys=0.00, real=0.00 secs] 
3617.047: [GC (Allocation Failure) 3617.047: [ParNew: 94164K->0K(153600K), 0.0008957 secs] 95293K->1129K(256000K), 0.0010042 secs] [Times: user=0.00 sys=0.00, real=0.00 secs] 
3618.064: [GC (Allocation Failure) 3618.064: [ParNew: 94164K->0K(153600K), 0.0008775 secs] 95293K->1129K(256000K), 0.0009857 secs] [Times: user=0.00 sys=0.00, real=0.00 secs] 
3619.080: [GC (Allocation Failure) 3619.081: [ParNew: 94164K->0K(153600K), 0.0008459 secs] 95293K->1129K(256000K), 0.0009766 secs] [Times: user=0.00 sys=0.00, real=0.00 secs] 
3620.096: [GC (Allocation Failure) 3620.096: [ParNew: 94164K->0K(153600K), 0.0009391 secs] 95293K->1129K(256000K), 0.0010997 secs] [Times: user=0.00 sys=0.00, real=0.00 secs] 
3621.113: [GC (Allocation Failure) 3621.113: [ParNew: 94164K->0K(153600K), 0.0008937 secs] 95293K->1129K(256000K), 0.0010086 secs] [Times: user=0.06 sys=0.00, real=0.00 secs] 
3622.129: [GC (Allocation Failure) 3622.129: [ParNew: 94164K->0K(153600K), 0.0009596 secs] 95293K->1129K(256000K), 0.0010926 secs] [Times: user=0.00 sys=0.00, real=0.00 secs] 
3624.146: [GC (Allocation Failure) 3624.146: [ParNew: 94164K->0K(153600K), 0.0009450 secs] 95293K->1129K(256000K), 0.0010883 secs] [Times: user=0.00 sys=0.00, real=0.00 secs] 
3625.163: [GC (Allocation Failure) 3625.163: [ParNew: 94164K->0K(153600K), 0.0009257 secs] 95293K->1129K(256000K), 0.0010500 secs] [Times: user=0.00 sys=0.00, real=0.00 secs] 
3626.181: [GC (Allocation Failure) 3626.181: [ParNew: 94164K->0K(153600K), 0.0011341 secs] 95293K->1129K(256000K), 0.0012869 secs] [Times: user=0.00 sys=0.00, real=0.00 secs] 
3627.197: [GC (Allocation Failure) 3627.197: [ParNew: 94164K->0K(153600K), 0.0008605 secs] 95293K->1129K(256000K), 0.0009719 secs] [Times: user=0.00 sys=0.00, real=0.00 secs] 
3628.214: [GC (Allocation Failure) 3628.214: [ParNew: 94164K->0K(153600K), 0.0008976 secs] 95293K->1129K(256000K), 0.0010358 secs] [Times: user=0.00 sys=0.00, real=0.00 secs] 
3629.230: [GC (Allocation Failure) 3629.230: [ParNew: 94164K->0K(153600K), 0.0009004 secs] 95293K->1129K(256000K), 0.0010172 secs] [Times: user=0.00 sys=0.00, real=0.00 secs] 
3630.247: [GC (Allocation Failure) 3630.247: [ParNew: 94164K->0K(153600K), 0.0008894 secs] 95293K->1129K(256000K), 0.0010011 secs] [Times: user=0.00 sys=0.00, real=0.00 secs] 
3631.265: [GC (Allocation Failure) 3631.265: [ParNew: 94164K->0K(153600K), 0.0011021 secs] 95293K->1129K(256000K), 0.0012521 secs] [Times: user=0.00 sys=0.00, real=0.00 secs] 
3633.278: [GC (Allocation Failure) 3633.278: [ParNew: 94164K->0K(153600K), 0.0009012 secs] 95293K->1129K(256000K), 0.0010488 secs] [Times: user=0.00 sys=0.00, real=0.00 secs] 
3634.293: [GC (Allocation Failure) 3634.293: [ParNew: 94164K->0K(153600K), 0.0005479 secs] 95293K->1129K(256000K), 0.0006233 secs] [Times: user=0.00 sys=0.00, real=0.00 secs] 
3635.302: [GC (Allocation Failure) 3635.302: [ParNew: 94164K->0K(153600K), 0.0009296 secs] 95293K->1129K(256000K), 0.0010358 secs] [Times: user=0.00 sys=0.00, real=0.00 secs] 
3636.319: [GC (Allocation Failure) 3636.319: [ParNew: 94164K->0K(153600K), 0.0008696 secs] 95293K->1129K(256000K), 0.0009967 secs] [Times: user=0.00 sys=0.00, real=0.00 secs] 
3637.334: [GC (Allocation Failure) 3637.335: [ParNew: 94164K->0K(153600K), 0.0009383 secs] 95293K->1129K(256000K), 0.0010713 secs] [Times: user=0.00 sys=0.00, real=0.00 secs] 
3638.346: [GC (Allocation Failure) 3638.346: [ParNew: 94164K->0K(153600K), 0.0003671 secs] 95293K->1129K(256000K), 0.0004188 secs] [Times: user=0.00 sys=0.00, real=0.00 secs] 
3639.352: [GC (Allocation Failure) 3639.352: [ParNew: 94164K->0K(153600K), 0.0004129 secs] 95293K->1129K(256000K), 0.0004761 secs] [Times: user=0.00 sys=0.00, real=0.00 secs] 
3640.370: [GC (Allocation Failure) 3640.370: [ParNew: 94164K->0K(153600K), 0.0009387 secs] 95293K->1129K(256000K), 0.0010982 secs] [Times: user=0.00 sys=0.00, real=0.00 secs] 
3642.383: [GC (Allocation Failure) 3642.383: [ParNew: 94164K->0K(153600K), 0.0009032 secs] 95293K->1129K(256000K), 0.0010212 secs] [Times: user=0.00 sys=0.00, real=0.00 secs] 
3643.400: [GC (Allocation Failure) 3643.400: [ParNew: 94164K->0K(153600K), 0.0009138 secs] 95293K->1129K(256000K), 0.0010409 secs] [Times: user=0.00 sys=0.00, real=0.00 secs] 
3644.415: [GC (Allocation Failure) 3644.415: [ParNew: 94164K->0K(153600K), 0.0009249 secs] 95293K->1129K(256000K), 0.0010370 secs] [Times: user=0.00 sys=0.00, real=0.00 secs] 
3645.432: [GC (Allocation Failure) 3645.432: [ParNew: 94164K->0K(153600K), 0.0008819 secs] 95293K->1129K(256000K), 0.0009963 secs] [Times: user=0.00 sys=0.00, real=0.00 secs] 
3646.448: [GC (Allocation Failure) 3646.448: [ParNew: 94164K->0K(153600K), 0.0009640 secs] 95293K->1129K(256000K), 0.0010796 secs] [Times: user=0.00 sys=0.00, real=0.00 secs] 
3647.467: [GC (Allocation Failure) 3647.467: [ParNew: 94164K->0K(153600K), 0.0008901 secs] 95293K->1129K(256000K), 0.0010129 secs] [Times: user=0.00 sys=0.00, real=0.00 secs] 
3648.485: [GC (Allocation Failure) 3648.485: [ParNew: 94164K->0K(153600K), 0.0008925 secs] 95293K->1129K(256000K), 0.0010097 secs] [Times: user=0.00 sys=0.00, real=0.00 secs] 
3649.501: [GC (Allocation Failure) 3649.501: [ParNew: 94164K->0K(153600K), 0.0009091 secs] 95293K->1129K(256000K), 0.0010394 secs] [Times: user=0.00 sys=0.00, real=0.00 secs] 
3651.510: [GC (Allocation Failure) 3651.510: [ParNew: 94164K->0K(153600K), 0.0009044 secs] 95293K->1129K(256000K), 0.0010358 secs] [Times: user=0.00 sys=0.00, real=0.00 secs] 
3652.527: [GC (Allocation Failure) 3652.527: [ParNew: 94164K->0K(153600K), 0.0003951 secs] 95293K->1129K(256000K), 0.0004638 secs] [Times: user=0.00 sys=0.00, real=0.00 secs] 
3653.537: [GC (Allocation Failure) 3653.537: [ParNew: 94164K->0K(153600K), 0.0008858 secs] 95293K->1129K(256000K), 0.0010362 secs] [Times: user=0.00 sys=0.00, real=0.00 secs] 
3654.553: [GC (Allocation Failure) 3654.553: [ParNew: 94164K->0K(153600K), 0.0008641 secs] 95293K->1129K(256000K), 0.0009829 secs] [Times: user=0.00 sys=0.00, real=0.00 secs] 
3655.567: [GC (Allocation Failure) 3655.567: [ParNew: 94164K->0K(153600K), 0.0005313 secs] 95293K->1129K(256000K), 0.0006186 secs] [Times: user=0.00 sys=0.01, real=0.00 secs] 
3656.580: [GC (Allocation Failure) 3656.580: [ParNew: 94164K->0K(153600K), 0.0008846 secs] 95293K->1129K(256000K), 0.0009963 secs] [Times: user=0.00 sys=0.00, real=0.00 secs] 
3657.597: [GC (Allocation Failure) 3657.597: [ParNew: 94164K->0K(153600K), 0.0004500 secs] 95293K->1129K(256000K), 0.0005254 secs] [Times: user=0.00 sys=0.00, real=0.00 secs] 
3658.605: [GC (Allocation Failure) 3658.605: [ParNew: 94164K->0K(153600K), 0.0004607 secs] 95293K->1129K(256000K), 0.0005349 secs] [Times: user=0.00 sys=0.00, real=0.00 secs] 
3660.620: [GC (Allocation Failure) 3660.620: [ParNew: 94164K->0K(153600K), 0.0011471 secs] 95293K->1129K(256000K), 0.0012861 secs] [Times: user=0.00 sys=0.00, real=0.00 secs] 
3661.640: [GC (Allocation Failure) 3661.640: [ParNew: 94164K->0K(153600K), 0.0004843 secs] 95293K->1129K(256000K), 0.0005570 secs] [Times: user=0.00 sys=0.00, real=0.00 secs] 
3662.654: [GC (Allocation Failure) 3662.654: [ParNew: 94164K->0K(153600K), 0.0008953 secs] 95293K->1129K(256000K), 0.0010086 secs] [Times: user=0.00 sys=0.00, real=0.00 secs] 
3663.668: [GC (Allocation Failure) 3663.668: [ParNew: 94164K->0K(153600K), 0.0003841 secs] 95293K->1129K(256000K), 0.0004532 secs] [Times: user=0.00 sys=0.00, real=0.00 secs] 
3664.680: [GC (Allocation Failure) 3664.680: [ParNew: 94164K->0K(153600K), 0.0009644 secs] 95293K->1129K(256000K), 0.0011076 secs] [Times: user=0.00 sys=0.00, real=0.00 secs] 
3665.699: [GC (Allocation Failure) 3665.699: [ParNew: 94164K->0K(153600K), 0.0008653 secs] 95293K->1129K(256000K), 0.0009738 secs] [Times: user=0.00 sys=0.00, real=0.00 secs] 
3666.713: [GC (Allocation Failure) 3666.713: [ParNew: 94164K->0K(153600K), 0.0009726 secs] 95293K->1129K(256000K), 0.0010938 secs] [Times: user=0.00 sys=0.00, real=0.00 secs] 
3667.723: [GC (Allocation Failure) 3667.723: [ParNew: 94164K->0K(153600K), 0.0003778 secs] 95293K->1129K(256000K), 0.0004559 secs] [Times: user=0.00 sys=0.00, real=0.00 secs] 
3669.738: [GC (Allocation Failure) 3669.738: [ParNew: 94164K->0K(153600K), 0.0005720 secs] 95293K->1129K(256000K), 0.0006549 secs] [Times: user=0.00 sys=0.00, real=0.00 secs] 
3670.748: [GC (Allocation Failure) 3670.748: [ParNew: 94164K->0K(153600K), 0.0003640 secs] 95293K->1129K(256000K), 0.0004220 secs] [Times: user=0.00 sys=0.00, real=0.00 secs] 
3671.754: [GC (Allocation Failure) 3671.754: [ParNew: 94164K->0K(153600K), 0.0003651 secs] 95293K->1129K(256000K), 0.0004354 secs] [Times: user=0.00 sys=0.02, real=0.00 secs] 
3672.764: [GC (Allocation Failure) 3672.764: [ParNew: 94164K->0K(153600K), 0.0008937 secs] 95293K->1129K(256000K), 0.0010350 secs] [Times: user=0.00 sys=0.00, real=0.00 secs] 
3673.781: [GC (Allocation Failure) 3673.781: [ParNew: 94164K->0K(153600K), 0.0009825 secs] 95293K->1129K(256000K), 0.0010922 secs] [Times: user=0.00 sys=0.00, real=0.00 secs] 
3674.810: [GC (Allocation Failure) 3674.810: [ParNew: 94164K->0K(153600K), 0.0005353 secs] 95293K->1129K(256000K), 0.0005988 secs] [Times: user=0.00 sys=0.00, real=0.00 secs] 
3675.819: [GC (Allocation Failure) 3675.819: [ParNew: 94164K->0K(153600K), 0.0003592 secs] 95293K->1129K(256000K), 0.0004168 secs] [Times: user=0.00 sys=0.00, real=0.00 secs] 
3676.828: [GC (Allocation Failure) 3676.828: [ParNew: 94164K->0K(153600K), 0.0006462 secs] 95293K->1129K(256000K), 0.0007287 secs] [Times: user=0.00 sys=0.00, real=0.00 secs] 
3678.835: [GC (Allocation Failure) 3678.835: [ParNew: 94164K->0K(153600K), 0.0011053 secs] 95293K->1129K(256000K), 0.0012557 secs] [Times: user=0.00 sys=0.00, real=0.00 secs] 
3679.854: [GC (Allocation Failure) 3679.854: [ParNew: 94164K->0K(153600K), 0.0006553 secs] 95293K->1129K(256000K), 0.0007496 secs] [Times: user=0.00 sys=0.00, real=0.00 secs] 
3680.865: [GC (Allocation Failure) 3680.865: [ParNew: 94164K->0K(153600K), 0.0008554 secs] 95293K->1129K(256000K), 0.0009869 secs] [Times: user=0.00 sys=0.00, real=0.00 secs] 
3681.882: [GC (Allocation Failure) 3681.882: [ParNew: 94164K->0K(153600K), 0.0010216 secs] 95293K->1129K(256000K), 0.0011428 secs] [Times: user=0.00 sys=0.00, real=0.00 secs] 
3682.895: [GC (Allocation Failure) 3682.895: [ParNew: 94164K->0K(153600K), 0.0005345 secs] 95293K->1129K(256000K), 0.0006134 secs] [Times: user=0.00 sys=0.00, real=0.00 secs] 
3683.908: [GC (Allocation Failure) 3683.908: [ParNew: 94164K->0K(153600K), 0.0009908 secs] 95293K->1129K(256000K), 0.0011187 secs] [Times: user=0.00 sys=0.00, real=0.00 secs] 
3684.924: [GC (Allocation Failure) 3684.924: [ParNew: 94164K->0K(153600K), 0.0010295 secs] 95293K->1129K(256000K), 0.0011736 secs] [Times: user=0.00 sys=0.00, real=0.00 secs] 
3685.941: [GC (Allocation Failure) 3685.941: [ParNew: 94164K->0K(153600K), 0.0008854 secs] 95293K->1129K(256000K), 0.0009904 secs] [Times: user=0.06 sys=0.00, real=0.00 secs] 
3687.958: [GC (Allocation Failure) 3687.958: [ParNew: 94164K->0K(153600K), 0.0008969 secs] 95293K->1129K(256000K), 0.0010382 secs] [Times: user=0.00 sys=0.00, real=0.00 secs] 
3688.974: [GC (Allocation Failure) 3688.974: [ParNew: 94164K->0K(153600K), 0.0010062 secs] 95293K->1129K(256000K), 0.0011645 secs] [Times: user=0.00 sys=0.00, real=0.00 secs] 
3689.990: [GC (Allocation Failure) 3689.990: [ParNew: 94164K->0K(153600K), 0.0009004 secs] 95293K->1129K(256000K), 0.0010322 secs] [Times: user=0.00 sys=0.00, real=0.00 secs] 
3691.007: [GC (Allocation Failure) 3691.007: [ParNew: 94164K->0K(153600K), 0.0012466 secs] 95293K->1129K(256000K), 0.0013820 secs] [Times: user=0.00 sys=0.00, real=0.00 secs] 
3692.026: [GC (Allocation Failure) 3692.026: [ParNew: 94164K->0K(153600K), 0.0009036 secs] 95293K->1129K(256000K), 0.0010105 secs] [Times: user=0.00 sys=0.00, real=0.00 secs] 
3693.043: [GC (Allocation Failure) 3693.043: [ParNew: 94164K->0K(153600K), 0.0009071 secs] 95293K->1129K(256000K), 0.0010575 secs] [Times: user=0.00 sys=0.00, real=0.00 secs] 
3694.060: [GC (Allocation Failure) 3694.061: [ParNew: 94164K->0K(153600K), 0.0009292 secs] 95293K->1129K(256000K), 0.0010330 secs] [Times: user=0.00 sys=0.00, real=0.00 secs] 
3695.077: [GC (Allocation Failure) 3695.077: [ParNew: 94164K->0K(153600K), 0.0011641 secs] 95293K->1129K(256000K), 0.0013867 secs] [Times: user=0.00 sys=0.00, real=0.00 secs] 
3697.094: [GC (Allocation Failure) 3697.094: [ParNew: 94164K->0K(153600K), 0.0008905 secs] 95293K->1129K(256000K), 0.0010050 secs] [Times: user=0.00 sys=0.00, real=0.00 secs] 
3698.111: [GC (Allocation Failure) 3698.111: [ParNew: 94164K->0K(153600K), 0.0008961 secs] 95293K->1129K(256000K), 0.0010094 secs] [Times: user=0.00 sys=0.00, real=0.00 secs] 
3699.128: [GC (Allocation Failure) 3699.128: [ParNew: 94164K->0K(153600K), 0.0009320 secs] 95293K->1129K(256000K), 0.0010670 secs] [Times: user=0.06 sys=0.00, real=0.00 secs] 
3700.145: [GC (Allocation Failure) 3700.145: [ParNew: 94164K->0K(153600K), 0.0008988 secs] 95293K->1129K(256000K), 0.0010295 secs] [Times: user=0.00 sys=0.00, real=0.00 secs] 
3701.158: [GC (Allocation Failure) 3701.158: [ParNew: 94164K->0K(153600K), 0.0004228 secs] 95293K->1129K(256000K), 0.0004954 secs] [Times: user=0.00 sys=0.00, real=0.00 secs] 
3702.167: [GC (Allocation Failure) 3702.167: [ParNew: 94164K->0K(153600K), 0.0004121 secs] 95293K->1129K(256000K), 0.0004725 secs] [Times: user=0.00 sys=0.00, real=0.00 secs] 
3703.180: [GC (Allocation Failure) 3703.180: [ParNew: 94164K->0K(153600K), 0.0008759 secs] 95293K->1129K(256000K), 0.0010011 secs] [Times: user=0.00 sys=0.00, real=0.00 secs] 
3704.196: [GC (Allocation Failure) 3704.196: [ParNew: 94164K->0K(153600K), 0.0008692 secs] 95293K->1129K(256000K), 0.0009987 secs] [Times: user=0.00 sys=0.00, real=0.00 secs] 
3706.213: [GC (Allocation Failure) 3706.213: [ParNew: 94164K->0K(153600K), 0.0009659 secs] 95293K->1129K(256000K), 0.0011112 secs] [Times: user=0.00 sys=0.00, real=0.00 secs] 
3707.229: [GC (Allocation Failure) 3707.229: [ParNew: 94164K->0K(153600K), 0.0008708 secs] 95293K->1129K(256000K), 0.0009995 secs] [Times: user=0.00 sys=0.00, real=0.00 secs] 
3708.245: [GC (Allocation Failure) 3708.245: [ParNew: 94164K->0K(153600K), 0.0009584 secs] 95293K->1129K(256000K), 0.0010757 secs] [Times: user=0.00 sys=0.00, real=0.00 secs] 
3709.579: [GC (Allocation Failure) 3709.579: [ParNew: 94164K->0K(153600K), 0.0004038 secs] 95293K->1129K(256000K), 0.0004796 secs] [Times: user=0.00 sys=0.00, real=0.00 secs] 
3710.589: [GC (Allocation Failure) 3710.589: [ParNew: 94164K->0K(153600K), 0.0007240 secs] 95293K->1129K(256000K), 0.0008238 secs] [Times: user=0.00 sys=0.00, real=0.00 secs] 
3711.611: [GC (Allocation Failure) 3711.611: [ParNew: 94164K->0K(153600K), 0.0003786 secs] 95293K->1129K(256000K), 0.0004465 secs] [Times: user=0.00 sys=0.00, real=0.00 secs] 
