$ jstat -gc 108936 1000 1000
 S0C    S1C    S0U    S1U      EC       EU        OC         OU       MC     MU    CCSC   CCSU   YGC     YGCT    FGC    FGCT     GCT
51200.0 51200.0  0.0    0.0   102400.0  8192.1   102400.0     0.0     4480.0 770.4  384.0   75.9       0    0.000   0      0.000    0.000
51200.0 51200.0  0.0    0.0   102400.0  8192.1   102400.0     0.0     4480.0 770.4  384.0   75.9       0    0.000   0      0.000    0.000
51200.0 51200.0  0.0    0.0   102400.0  8192.1   102400.0     0.0     4480.0 770.4  384.0   75.9       0    0.000   0      0.000    0.000
51200.0 51200.0  0.0    0.0   102400.0  8192.1   102400.0     0.0     4480.0 770.4  384.0   75.9       0    0.000   0      0.000    0.000
51200.0 51200.0  0.0    0.0   102400.0 18432.1   102400.0     0.0     4480.0 770.4  384.0   75.9       0    0.000   0      0.000    0.000
51200.0 51200.0  0.0    0.0   102400.0 90112.2   102400.0     0.0     4480.0 770.4  384.0   75.9       0    0.000   0      0.000    0.000
51200.0 51200.0  0.0   11348.1 102400.0 73644.5   102400.0     0.0     4864.0 3996.8 512.0  446.8       1    0.011   0      0.000    0.011
51200.0 51200.0 11780.7  0.0   102400.0 65403.1   102400.0     0.0     4864.0 3997.2 512.0  446.8       2    0.019   0      0.000    0.019
51200.0 51200.0  0.0   11993.3 102400.0 53132.1   102400.0     0.0     4864.0 3997.3 512.0  446.8       3    0.021   0      0.000    0.021
51200.0 51200.0 1338.7  0.0   102400.0 42918.0   102400.0     0.0     4864.0 3997.3 512.0  446.8       4    0.023   0      0.000    0.023
51200.0 51200.0  0.0   11871.2 102400.0 32694.6   102400.0     0.0     4864.0 3997.3 512.0  446.8       5    0.026   0      0.000    0.026
51200.0 51200.0 22168.4  0.0   102400.0 22465.2   102400.0     0.0     4864.0 3997.3 512.0  446.8       6    0.034   0      0.000    0.034
51200.0 51200.0  0.0   32566.3 102400.0 10240.0   102400.0     0.0     4864.0 3997.3 512.0  446.8       7    0.047   0      0.000    0.047
51200.0 51200.0  0.0   32566.3 102400.0 94152.2   102400.0     0.0     4864.0 3997.3 512.0  446.8       7    0.047   0      0.000    0.047
51200.0 51200.0  0.0    0.0   102400.0 83916.6   102400.0    1129.2   4864.0 3997.3 512.0  446.8       8    0.052   0      0.000    0.052
51200.0 51200.0  0.0   10240.0 102400.0 73679.4   102400.0    1129.2   4864.0 3997.3 512.0  446.8       9    0.054   0      0.000    0.054
51200.0 51200.0 10240.0  0.0   102400.0 63441.2   102400.0    1129.2   4864.0 3997.3 512.0  446.8      10    0.056   0      0.000    0.056
51200.0 51200.0  0.0   10240.0 102400.0 53202.4   102400.0    1129.2   4864.0 3997.3 512.0  446.8      11    0.059   0      0.000    0.059
51200.0 51200.0  0.0    0.0   102400.0 42963.1   102400.0    1129.2   4864.0 3997.3 512.0  446.8      12    0.060   0      0.000    0.060
51200.0 51200.0  0.0   10240.0 102400.0 32723.6   102400.0    1129.2   4864.0 3997.3 512.0  446.8      13    0.064   0      0.000    0.064
51200.0 51200.0 20480.0  0.0   102400.0 22483.9   102400.0    1129.2   4864.0 3997.3 512.0  446.8      14    0.072   0      0.000    0.072
51200.0 51200.0  0.0   30720.0 102400.0 10240.0   102400.0    1129.2   4864.0 3997.3 512.0  446.8      15    0.082   0      0.000    0.082
51200.0 51200.0  0.0   30720.0 102400.0 94164.2   102400.0    1129.2   4864.0 3997.3 512.0  446.8      15    0.082   0      0.000    0.082
51200.0 51200.0  0.0    0.0   102400.0 83924.3   102400.0    1129.2   4864.0 3997.3 512.0  446.8      16    0.083   0      0.000    0.083
51200.0 51200.0  0.0   10240.0 102400.0 73684.4   102400.0    1129.2   4864.0 3997.3 512.0  446.8      17    0.085   0      0.000    0.085
51200.0 51200.0 10240.0  0.0   102400.0 63444.4   102400.0    1129.2   4864.0 3997.3 512.0  446.8      18    0.088   0      0.000    0.088
51200.0 51200.0  0.0   10240.0 102400.0 53204.4   102400.0    1129.2   4864.0 3997.3 512.0  446.8      19    0.091   0      0.000    0.091
51200.0 51200.0  0.0    0.0   102400.0 42964.4   102400.0    1129.2   4864.0 3997.3 512.0  446.8      20    0.092   0      0.000    0.092
51200.0 51200.0  0.0   10240.0 102400.0 32724.4   102400.0    1129.2   4864.0 3997.3 512.0  446.8      21    0.096   0      0.000    0.096
51200.0 51200.0 20480.0  0.0   102400.0 22484.4   102400.0    1129.2   4864.0 3997.3 512.0  446.8      22    0.103   0      0.000    0.103
51200.0 51200.0  0.0   30720.0 102400.0 10240.0   102400.0    1129.2   4864.0 3997.3 512.0  446.8      23    0.108   0      0.000    0.108
51200.0 51200.0  0.0   30720.0 102400.0 94164.5   102400.0    1129.2   4864.0 3997.3 512.0  446.8      23    0.108   0      0.000    0.108
51200.0 51200.0  0.0    0.0   102400.0 83924.5   102400.0    1129.2   4864.0 3997.3 512.0  446.8      24    0.109   0      0.000    0.109
51200.0 51200.0  0.0   10240.0 102400.0 73684.5   102400.0    1129.2   4864.0 3997.3 512.0  446.8      25    0.113   0      0.000    0.113
51200.0 51200.0 10240.0  0.0   102400.0 63444.5   102400.0    1129.2   4864.0 3997.3 512.0  446.8      26    0.116   0      0.000    0.116
51200.0 51200.0  0.0   10240.0 102400.0 53204.5   102400.0    1129.2   4864.0 3997.3 512.0  446.8      27    0.120   0      0.000    0.120
51200.0 51200.0  0.0    0.0   102400.0 42964.5   102400.0    1129.2   4864.0 3997.3 512.0  446.8      28    0.121   0      0.000    0.121
51200.0 51200.0  0.0   10240.0 102400.0 32724.4   102400.0    1129.2   4864.0 3997.3 512.0  446.8      29    0.125   0      0.000    0.125
51200.0 51200.0 20480.0  0.0   102400.0 22484.4   102400.0    1129.2   4864.0 3997.3 512.0  446.8      30    0.132   0      0.000    0.132
51200.0 51200.0  0.0   30720.0 102400.0 10240.0   102400.0    1129.2   4864.0 3997.3 512.0  446.8      31    0.142   0      0.000    0.142
51200.0 51200.0  0.0   30720.0 102400.0 94164.5   102400.0    1129.2   4864.0 3997.3 512.0  446.8      31    0.142   0      0.000    0.142
51200.0 51200.0  0.0    0.0   102400.0 83924.5   102400.0    1129.2   4864.0 3997.3 512.0  446.8      32    0.143   0      0.000    0.143
51200.0 51200.0  0.0   10240.0 102400.0 73684.5   102400.0    1129.2   4864.0 3997.3 512.0  446.8      33    0.146   0      0.000    0.146
51200.0 51200.0 10240.0  0.0   102400.0 63444.5   102400.0    1129.2   4864.0 3997.3 512.0  446.8      34    0.150   0      0.000    0.150
51200.0 51200.0  0.0   10240.0 102400.0 53204.5   102400.0    1129.2   4864.0 3997.3 512.0  446.8      35    0.154   0      0.000    0.154
51200.0 51200.0  0.0    0.0   102400.0 42964.5   102400.0    1129.2   4864.0 3997.3 512.0  446.8      36    0.154   0      0.000    0.154
51200.0 51200.0  0.0   10240.0 102400.0 32724.4   102400.0    1129.2   4864.0 3997.3 512.0  446.8      37    0.156   0      0.000    0.156
51200.0 51200.0 20480.0  0.0   102400.0 22484.4   102400.0    1129.2   4864.0 3997.3 512.0  446.8      38    0.160   0      0.000    0.160
51200.0 51200.0  0.0   30720.0 102400.0 10240.0   102400.0    1129.2   4864.0 3997.3 512.0  446.8      39    0.166   0      0.000    0.166
51200.0 51200.0  0.0   30720.0 102400.0 10240.0   102400.0    1129.2   4864.0 3997.3 512.0  446.8      39    0.166   0      0.000    0.166
51200.0 51200.0  0.0    0.0   102400.0   0.0     102400.0    1129.2   4864.0 3997.3 512.0  446.8      40    0.167   0      0.000    0.167
51200.0 51200.0  0.0    0.0   102400.0   0.0     102400.0    1129.2   4864.0 3997.3 512.0  446.8      41    0.169   0      0.000    0.169
51200.0 51200.0  0.0   10240.0 102400.0 73684.5   102400.0    1129.2   4864.0 3997.3 512.0  446.8      41    0.169   0      0.000    0.169
51200.0 51200.0 10240.0  0.0   102400.0 63444.5   102400.0    1129.2   4864.0 3997.3 512.0  446.8      42    0.170   0      0.000    0.170
51200.0 51200.0  0.0   10240.0 102400.0 53204.5   102400.0    1129.2   4864.0 3997.3 512.0  446.8      43    0.174   0      0.000    0.174
51200.0 51200.0  0.0    0.0   102400.0 42964.5   102400.0    1129.2   4864.0 3997.3 512.0  446.8      44    0.175   0      0.000    0.175
51200.0 51200.0  0.0   10240.0 102400.0 32724.4   102400.0    1129.2   4864.0 3997.3 512.0  446.8      45    0.177   0      0.000    0.177
51200.0 51200.0 20480.0  0.0   102400.0 22484.4   102400.0    1129.2   4864.0 3997.3 512.0  446.8      46    0.180   0      0.000    0.180
51200.0 51200.0  0.0   30720.0 102400.0 10240.0   102400.0    1129.2   4864.0 3997.3 512.0  446.8      47    0.185   0      0.000    0.185
51200.0 51200.0  0.0   30720.0 102400.0 94164.5   102400.0    1129.2   4864.0 3997.3 512.0  446.8      47    0.185   0      0.000    0.185
51200.0 51200.0  0.0    0.0   102400.0 83924.5   102400.0    1129.2   4864.0 3997.3 512.0  446.8      48    0.186   0      0.000    0.186
51200.0 51200.0  0.0   10240.0 102400.0 73684.5   102400.0    1129.2   4864.0 3997.3 512.0  446.8      49    0.187   0      0.000    0.187
51200.0 51200.0 10240.0  0.0   102400.0 63444.5   102400.0    1129.2   4864.0 3997.3 512.0  446.8      50    0.189   0      0.000    0.189
51200.0 51200.0  0.0   10240.0 102400.0 53204.5   102400.0    1129.2   4864.0 3997.3 512.0  446.8      51    0.191   0      0.000    0.191
51200.0 51200.0  0.0    0.0   102400.0 42964.5   102400.0    1129.2   4864.0 3997.3 512.0  446.8      52    0.192   0      0.000    0.192
51200.0 51200.0  0.0   10240.0 102400.0 32724.4   102400.0    1129.2   4864.0 3997.3 512.0  446.8      53    0.193   0      0.000    0.193
51200.0 51200.0 20480.0  0.0   102400.0 22484.4   102400.0    1129.2   4864.0 3997.3 512.0  446.8      54    0.197   0      0.000    0.197
51200.0 51200.0  0.0   30720.0 102400.0 10240.0   102400.0    1129.2   4864.0 3997.3 512.0  446.8      55    0.202   0      0.000    0.202
51200.0 51200.0  0.0   30720.0 102400.0 94164.5   102400.0    1129.2   4864.0 3997.3 512.0  446.8      55    0.202   0      0.000    0.202
51200.0 51200.0  0.0    0.0   102400.0 83924.5   102400.0    1129.2   4864.0 3997.3 512.0  446.8      56    0.203   0      0.000    0.203
51200.0 51200.0  0.0   10240.0 102400.0 73684.5   102400.0    1129.2   4864.0 3997.3 512.0  446.8      57    0.206   0      0.000    0.206
51200.0 51200.0 10240.0  0.0   102400.0 63444.5   102400.0    1129.2   4864.0 3997.3 512.0  446.8      58    0.210   0      0.000    0.210
51200.0 51200.0  0.0   10240.0 102400.0 53204.5   102400.0    1129.2   4864.0 3997.3 512.0  446.8      59    0.212   0      0.000    0.212
51200.0 51200.0  0.0    0.0   102400.0 42964.5   102400.0    1129.2   4864.0 3997.3 512.0  446.8      60    0.212   0      0.000    0.212
51200.0 51200.0  0.0   10240.0 102400.0 32724.4   102400.0    1129.2   4864.0 3997.3 512.0  446.8      61    0.216   0      0.000    0.216
51200.0 51200.0 20480.0  0.0   102400.0 22484.4   102400.0    1129.2   4864.0 3997.3 512.0  446.8      62    0.223   0      0.000    0.223
51200.0 51200.0  0.0   30720.0 102400.0 10240.0   102400.0    1129.2   4864.0 3997.3 512.0  446.8      63    0.233   0      0.000    0.233
51200.0 51200.0  0.0   30720.0 102400.0 94164.5   102400.0    1129.2   4864.0 3997.3 512.0  446.8      63    0.233   0      0.000    0.233
51200.0 51200.0  0.0    0.0   102400.0 83924.5   102400.0    1129.2   4864.0 3997.3 512.0  446.8      64    0.234   0      0.000    0.234
51200.0 51200.0  0.0   10240.0 102400.0 73684.5   102400.0    1129.2   4864.0 3997.3 512.0  446.8      65    0.237   0      0.000    0.237
51200.0 51200.0 10240.0  0.0   102400.0 63444.5   102400.0    1129.2   4864.0 3997.3 512.0  446.8      66    0.241   0      0.000    0.241
51200.0 51200.0  0.0   10240.0 102400.0 53204.5   102400.0    1129.2   4864.0 3997.3 512.0  446.8      67    0.242   0      0.000    0.242
51200.0 51200.0  0.0    0.0   102400.0 42964.5   102400.0    1129.2   4864.0 3997.3 512.0  446.8      68    0.243   0      0.000    0.243
51200.0 51200.0  0.0   10240.0 102400.0 32724.4   102400.0    1129.2   4864.0 3997.3 512.0  446.8      69    0.247   0      0.000    0.247
51200.0 51200.0 20480.0  0.0   102400.0 22484.4   102400.0    1129.2   4864.0 3997.3 512.0  446.8      70    0.254   0      0.000    0.254
51200.0 51200.0  0.0   30720.0 102400.0 10240.0   102400.0    1129.2   4864.0 3997.3 512.0  446.8      71    0.260   0      0.000    0.260
51200.0 51200.0  0.0   30720.0 102400.0 94164.5   102400.0    1129.2   4864.0 3997.3 512.0  446.8      71    0.260   0      0.000    0.260
51200.0 51200.0  0.0    0.0   102400.0 83924.5   102400.0    1129.2   4864.0 3997.3 512.0  446.8      72    0.261   0      0.000    0.261
51200.0 51200.0  0.0   10240.0 102400.0 73684.5   102400.0    1129.2   4864.0 3997.3 512.0  446.8      73    0.265   0      0.000    0.265
51200.0 51200.0 10240.0  0.0   102400.0 63444.5   102400.0    1129.2   4864.0 3997.3 512.0  446.8      74    0.268   0      0.000    0.268
51200.0 51200.0  0.0   10240.0 102400.0 53204.5   102400.0    1129.2   4864.0 3997.3 512.0  446.8      75    0.272   0      0.000    0.272
51200.0 51200.0  0.0    0.0   102400.0 42964.5   102400.0    1129.2   4864.0 3997.3 512.0  446.8      76    0.273   0      0.000    0.273
51200.0 51200.0  0.0   10240.0 102400.0 32724.4   102400.0    1129.2   4864.0 3997.3 512.0  446.8      77    0.275   0      0.000    0.275
51200.0 51200.0 20480.0  0.0   102400.0 22484.4   102400.0    1129.2   4864.0 3997.3 512.0  446.8      78    0.281   0      0.000    0.281
51200.0 51200.0  0.0   30720.0 102400.0 10240.0   102400.0    1129.2   4864.0 3997.3 512.0  446.8      79    0.292   0      0.000    0.292
51200.0 51200.0  0.0   30720.0 102400.0 94164.5   102400.0    1129.2   4864.0 3997.3 512.0  446.8      79    0.292   0      0.000    0.292
51200.0 51200.0  0.0    0.0   102400.0 83924.5   102400.0    1129.2   4864.0 3997.3 512.0  446.8      80    0.293   0      0.000    0.293
51200.0 51200.0  0.0   10240.0 102400.0 73684.5   102400.0    1129.2   4864.0 3997.3 512.0  446.8      81    0.296   0      0.000    0.296
51200.0 51200.0 10240.0  0.0   102400.0 63444.5   102400.0    1129.2   4864.0 3997.3 512.0  446.8      82    0.300   0      0.000    0.300
51200.0 51200.0  0.0   10240.0 102400.0 53204.5   102400.0    1129.2   4864.0 3997.3 512.0  446.8      83    0.304   0      0.000    0.304
51200.0 51200.0  0.0    0.0   102400.0 42964.5   102400.0    1129.2   4864.0 3997.3 512.0  446.8      84    0.305   0      0.000    0.305
51200.0 51200.0  0.0   10240.0 102400.0 32724.4   102400.0    1129.2   4864.0 3997.3 512.0  446.8      85    0.308   0      0.000    0.308
51200.0 51200.0 20480.0  0.0   102400.0 22484.4   102400.0    1129.2   4864.0 3997.3 512.0  446.8      86    0.315   0      0.000    0.315
51200.0 51200.0  0.0   30720.0 102400.0 10240.0   102400.0    1129.2   4864.0 3997.3 512.0  446.8      87    0.325   0      0.000    0.325
51200.0 51200.0  0.0   30720.0 102400.0 94164.5   102400.0    1129.2   4864.0 3997.3 512.0  446.8      87    0.325   0      0.000    0.325
51200.0 51200.0  0.0    0.0   102400.0 83924.5   102400.0    1129.2   4864.0 3997.3 512.0  446.8      88    0.326   0      0.000    0.326
51200.0 51200.0  0.0   10240.0 102400.0 73684.5   102400.0    1129.2   4864.0 3997.3 512.0  446.8      89    0.329   0      0.000    0.329
51200.0 51200.0 10240.0  0.0   102400.0 63444.5   102400.0    1129.2   4864.0 3997.3 512.0  446.8      90    0.332   0      0.000    0.332
51200.0 51200.0  0.0   10240.0 102400.0 53204.5   102400.0    1129.2   4864.0 3997.3 512.0  446.8      91    0.336   0      0.000    0.336
51200.0 51200.0  0.0    0.0   102400.0 42964.5   102400.0    1129.2   4864.0 3997.3 512.0  446.8      92    0.337   0      0.000    0.337
51200.0 51200.0  0.0   10240.0 102400.0 32724.4   102400.0    1129.2   4864.0 3997.3 512.0  446.8      93    0.340   0      0.000    0.340
51200.0 51200.0 20480.0  0.0   102400.0 22484.4   102400.0    1129.2   4864.0 3997.3 512.0  446.8      94    0.344   0      0.000    0.344
51200.0 51200.0  0.0   30720.0 102400.0 10240.0   102400.0    1129.2   4864.0 3997.3 512.0  446.8      95    0.354   0      0.000    0.354
51200.0 51200.0  0.0   30720.0 102400.0 94164.5   102400.0    1129.2   4864.0 3997.3 512.0  446.8      95    0.354   0      0.000    0.354
51200.0 51200.0  0.0    0.0   102400.0 83924.5   102400.0    1129.2   4864.0 3997.3 512.0  446.8      96    0.355   0      0.000    0.355
51200.0 51200.0  0.0   10240.0 102400.0 73684.5   102400.0    1129.2   4864.0 3997.3 512.0  446.8      97    0.357   0      0.000    0.357
51200.0 51200.0 10240.0  0.0   102400.0 63444.5   102400.0    1129.2   4864.0 3997.3 512.0  446.8      98    0.360   0      0.000    0.360
51200.0 51200.0  0.0   10240.0 102400.0 53204.5   102400.0    1129.2   4864.0 3997.3 512.0  446.8      99    0.364   0      0.000    0.364
51200.0 51200.0  0.0    0.0   102400.0 42964.5   102400.0    1129.2   4864.0 3997.3 512.0  446.8     100    0.365   0      0.000    0.365
51200.0 51200.0  0.0   10240.0 102400.0 32724.4   102400.0    1129.2   4864.0 3997.3 512.0  446.8     101    0.369   0      0.000    0.369
51200.0 51200.0 20480.0  0.0   102400.0 22484.4   102400.0    1129.2   4864.0 3997.3 512.0  446.8     102    0.376   0      0.000    0.376
51200.0 51200.0  0.0   30720.0 102400.0 10240.0   102400.0    1129.2   4864.0 3997.3 512.0  446.8     103    0.386   0      0.000    0.386
51200.0 51200.0  0.0   30720.0 102400.0 94164.5   102400.0    1129.2   4864.0 3997.3 512.0  446.8     103    0.386   0      0.000    0.386
51200.0 51200.0  0.0    0.0   102400.0   0.0     102400.0    1129.2   4864.0 3997.3 512.0  446.8     104    0.387   0      0.000    0.387
51200.0 51200.0  0.0   10240.0 102400.0   0.0     102400.0    1129.2   4864.0 3997.3 512.0  446.8     105    0.390   0      0.000    0.390
51200.0 51200.0 10240.0  0.0   102400.0   0.0     102400.0    1129.2   4864.0 3997.3 512.0  446.8     106    0.392   0      0.000    0.392
51200.0 51200.0 10240.0  0.0   102400.0 63444.5   102400.0    1129.2   4864.0 3997.3 512.0  446.8     106    0.392   0      0.000    0.392
51200.0 51200.0  0.0   10240.0 102400.0 53204.5   102400.0    1129.2   4864.0 3997.3 512.0  446.8     107    0.396   0      0.000    0.396
51200.0 51200.0  0.0    0.0   102400.0 42964.5   102400.0    1129.2   4864.0 3997.3 512.0  446.8     108    0.397   0      0.000    0.397
51200.0 51200.0  0.0   10240.0 102400.0 32724.4   102400.0    1129.2   4864.0 3997.3 512.0  446.8     109    0.398   0      0.000    0.398
51200.0 51200.0 20480.0  0.0   102400.0 22484.4   102400.0    1129.2   4864.0 3997.3 512.0  446.8     110    0.403   0      0.000    0.403
51200.0 51200.0  0.0   30720.0 102400.0 10240.0   102400.0    1129.2   4864.0 3997.3 512.0  446.8     111    0.408   0      0.000    0.408
51200.0 51200.0  0.0   30720.0 102400.0 94164.5   102400.0    1129.2   4864.0 3997.3 512.0  446.8     111    0.408   0      0.000    0.408
51200.0 51200.0  0.0    0.0   102400.0 83924.5   102400.0    1129.2   4864.0 3997.3 512.0  446.8     112    0.409   0      0.000    0.409
51200.0 51200.0  0.0   10240.0 102400.0 73684.5   102400.0    1129.2   4864.0 3997.3 512.0  446.8     113    0.411   0      0.000    0.411
51200.0 51200.0 10240.0  0.0   102400.0 63444.5   102400.0    1129.2   4864.0 3997.3 512.0  446.8     114    0.413   0      0.000    0.413
51200.0 51200.0  0.0   10240.0 102400.0 53204.5   102400.0    1129.2   4864.0 3997.3 512.0  446.8     115    0.415   0      0.000    0.415
51200.0 51200.0  0.0    0.0   102400.0 42964.5   102400.0    1129.2   4864.0 3997.3 512.0  446.8     116    0.415   0      0.000    0.415
51200.0 51200.0  0.0   10240.0 102400.0 32724.4   102400.0    1129.2   4864.0 3997.3 512.0  446.8     117    0.417   0      0.000    0.417
51200.0 51200.0 20480.0  0.0   102400.0 22484.4   102400.0    1129.2   4864.0 3997.3 512.0  446.8     118    0.421   0      0.000    0.421
51200.0 51200.0  0.0   30720.0 102400.0 10240.0   102400.0    1129.2   4864.0 3997.3 512.0  446.8     119    0.425   0      0.000    0.425
51200.0 51200.0  0.0   30720.0 102400.0 94164.5   102400.0    1129.2   4864.0 3997.3 512.0  446.8     119    0.425   0      0.000    0.425
51200.0 51200.0  0.0    0.0   102400.0 83924.5   102400.0    1129.2   4864.0 3997.3 512.0  446.8     120    0.427   0      0.000    0.427
51200.0 51200.0  0.0   10240.0 102400.0 73684.5   102400.0    1129.2   4864.0 3997.3 512.0  446.8     121    0.430   0      0.000    0.430
51200.0 51200.0 10240.0  0.0   102400.0 63444.5   102400.0    1129.2   4864.0 3997.3 512.0  446.8     122    0.434   0      0.000    0.434
51200.0 51200.0  0.0   10240.0 102400.0 53204.5   102400.0    1129.2   4864.0 3997.3 512.0  446.8     123    0.437   0      0.000    0.437
51200.0 51200.0  0.0    0.0   102400.0 42964.5   102400.0    1129.2   4864.0 3997.3 512.0  446.8     124    0.438   0      0.000    0.438
51200.0 51200.0  0.0   10240.0 102400.0 32724.4   102400.0    1129.2   4864.0 3997.3 512.0  446.8     125    0.440   0      0.000    0.440
51200.0 51200.0 20480.0  0.0   102400.0 22484.4   102400.0    1129.2   4864.0 3997.3 512.0  446.8     126    0.444   0      0.000    0.444
51200.0 51200.0  0.0   30720.0 102400.0 10240.0   102400.0    1129.2   4864.0 3997.3 512.0  446.8     127    0.454   0      0.000    0.454
51200.0 51200.0  0.0   30720.0 102400.0 94164.5   102400.0    1129.2   4864.0 3997.3 512.0  446.8     127    0.454   0      0.000    0.454
51200.0 51200.0  0.0    0.0   102400.0 83924.5   102400.0    1129.2   4864.0 3997.3 512.0  446.8     128    0.455   0      0.000    0.455
51200.0 51200.0  0.0   10240.0 102400.0 73684.5   102400.0    1129.2   4864.0 3997.3 512.0  446.8     129    0.459   0      0.000    0.459
51200.0 51200.0 10240.0  0.0   102400.0 63444.5   102400.0    1129.2   4864.0 3997.3 512.0  446.8     130    0.462   0      0.000    0.462
51200.0 51200.0  0.0   10240.0 102400.0 53204.5   102400.0    1129.2   4864.0 3997.3 512.0  446.8     131    0.464   0      0.000    0.464
51200.0 51200.0  0.0    0.0   102400.0 42964.5   102400.0    1129.2   4864.0 3997.3 512.0  446.8     132    0.465   0      0.000    0.465
51200.0 51200.0  0.0   10240.0 102400.0 32724.4   102400.0    1129.2   4864.0 3997.3 512.0  446.8     133    0.467   0      0.000    0.467
51200.0 51200.0 20480.0  0.0   102400.0 22484.4   102400.0    1129.2   4864.0 3997.3 512.0  446.8     134    0.471   0      0.000    0.471
51200.0 51200.0  0.0   30720.0 102400.0 10240.0   102400.0    1129.2   4864.0 3997.3 512.0  446.8     135    0.482   0      0.000    0.482
51200.0 51200.0  0.0   30720.0 102400.0 94164.5   102400.0    1129.2   4864.0 3997.3 512.0  446.8     135    0.482   0      0.000    0.482
51200.0 51200.0  0.0    0.0   102400.0 83924.5   102400.0    1129.2   4864.0 3997.3 512.0  446.8     136    0.483   0      0.000    0.483
51200.0 51200.0  0.0   10240.0 102400.0 73684.5   102400.0    1129.2   4864.0 3997.3 512.0  446.8     137    0.486   0      0.000    0.486
51200.0 51200.0 10240.0  0.0   102400.0 63444.5   102400.0    1129.2   4864.0 3997.3 512.0  446.8     138    0.490   0      0.000    0.490
51200.0 51200.0  0.0   10240.0 102400.0 53204.5   102400.0    1129.2   4864.0 3997.3 512.0  446.8     139    0.493   0      0.000    0.493
51200.0 51200.0  0.0    0.0   102400.0 42964.5   102400.0    1129.2   4864.0 3997.3 512.0  446.8     140    0.494   0      0.000    0.494
51200.0 51200.0  0.0   10240.0 102400.0 32724.4   102400.0    1129.2   4864.0 3997.3 512.0  446.8     141    0.497   0      0.000    0.497
51200.0 51200.0 20480.0  0.0   102400.0 22484.4   102400.0    1129.2   4864.0 3997.3 512.0  446.8     142    0.500   0      0.000    0.500
51200.0 51200.0  0.0   30720.0 102400.0 10240.0   102400.0    1129.2   4864.0 3997.3 512.0  446.8     143    0.505   0      0.000    0.505
51200.0 51200.0  0.0   30720.0 102400.0 94164.5   102400.0    1129.2   4864.0 3997.3 512.0  446.8     143    0.505   0      0.000    0.505
51200.0 51200.0  0.0    0.0   102400.0 83924.5   102400.0    1129.2   4864.0 3997.3 512.0  446.8     144    0.506   0      0.000    0.506
51200.0 51200.0  0.0   10240.0 102400.0 73684.5   102400.0    1129.2   4864.0 3997.3 512.0  446.8     145    0.510   0      0.000    0.510
51200.0 51200.0 10240.0  0.0   102400.0 63444.5   102400.0    1129.2   4864.0 3997.3 512.0  446.8     146    0.513   0      0.000    0.513
51200.0 51200.0  0.0   10240.0 102400.0 53204.5   102400.0    1129.2   4864.0 3997.3 512.0  446.8     147    0.515   0      0.000    0.515
51200.0 51200.0  0.0    0.0   102400.0 42964.5   102400.0    1129.2   4864.0 3997.3 512.0  446.8     148    0.516   0      0.000    0.516
51200.0 51200.0  0.0   10240.0 102400.0 32724.4   102400.0    1129.2   4864.0 3997.3 512.0  446.8     149    0.520   0      0.000    0.520
51200.0 51200.0 20480.0  0.0   102400.0 22484.4   102400.0    1129.2   4864.0 3997.3 512.0  446.8     150    0.524   0      0.000    0.524
51200.0 51200.0  0.0   30720.0 102400.0 10240.0   102400.0    1129.2   4864.0 3997.3 512.0  446.8     151    0.529   0      0.000    0.529
51200.0 51200.0  0.0   30720.0 102400.0 94164.5   102400.0    1129.2   4864.0 3997.3 512.0  446.8     151    0.529   0      0.000    0.529
51200.0 51200.0  0.0    0.0   102400.0 83924.5   102400.0    1129.2   4864.0 3997.3 512.0  446.8     152    0.530   0      0.000    0.530
51200.0 51200.0  0.0   10240.0 102400.0 73684.5   102400.0    1129.2   4864.0 3997.3 512.0  446.8     153    0.534   0      0.000    0.534
51200.0 51200.0 10240.0  0.0   102400.0 63444.5   102400.0    1129.2   4864.0 3997.3 512.0  446.8     154    0.536   0      0.000    0.536
51200.0 51200.0  0.0   10240.0 102400.0 53204.5   102400.0    1129.2   4864.0 3997.3 512.0  446.8     155    0.538   0      0.000    0.538
51200.0 51200.0  0.0    0.0   102400.0 42964.5   102400.0    1129.2   4864.0 3997.3 512.0  446.8     156    0.539   0      0.000    0.539
51200.0 51200.0  0.0   10240.0 102400.0 32724.4   102400.0    1129.2   4864.0 3997.3 512.0  446.8     157    0.542   0      0.000    0.542
51200.0 51200.0 20480.0  0.0   102400.0 22484.4   102400.0    1129.2   4864.0 3997.3 512.0  446.8     158    0.549   0      0.000    0.549
51200.0 51200.0  0.0   30720.0 102400.0 10240.0   102400.0    1129.2   4864.0 3997.3 512.0  446.8     159    0.554   0      0.000    0.554
51200.0 51200.0  0.0   30720.0 102400.0 94164.5   102400.0    1129.2   4864.0 3997.3 512.0  446.8     159    0.554   0      0.000    0.554
51200.0 51200.0  0.0    0.0   102400.0 83924.5   102400.0    1129.2   4864.0 3997.3 512.0  446.8     160    0.554   0      0.000    0.554
51200.0 51200.0  0.0   10240.0 102400.0 73684.5   102400.0    1129.2   4864.0 3997.3 512.0  446.8     161    0.558   0      0.000    0.558
51200.0 51200.0 10240.0  0.0   102400.0 63444.5   102400.0    1129.2   4864.0 3997.3 512.0  446.8     162    0.561   0      0.000    0.561
51200.0 51200.0  0.0   10240.0 102400.0 53204.5   102400.0    1129.2   4864.0 3997.3 512.0  446.8     163    0.565   0      0.000    0.565
51200.0 51200.0  0.0    0.0   102400.0 42964.5   102400.0    1129.2   4864.0 3997.3 512.0  446.8     164    0.566   0      0.000    0.566
51200.0 51200.0  0.0   10240.0 102400.0 32724.4   102400.0    1129.2   4864.0 3997.3 512.0  446.8     165    0.570   0      0.000    0.570
51200.0 51200.0 20480.0  0.0   102400.0 22484.4   102400.0    1129.2   4864.0 3997.3 512.0  446.8     166    0.577   0      0.000    0.577
51200.0 51200.0  0.0   30720.0 102400.0 10240.0   102400.0    1129.2   4864.0 3997.3 512.0  446.8     167    0.587   0      0.000    0.587
51200.0 51200.0  0.0   30720.0 102400.0 94164.5   102400.0    1129.2   4864.0 3997.3 512.0  446.8     167    0.587   0      0.000    0.587
51200.0 51200.0  0.0    0.0   102400.0 83924.5   102400.0    1129.2   4864.0 3997.3 512.0  446.8     168    0.588   0      0.000    0.588
51200.0 51200.0  0.0   10240.0 102400.0 73684.5   102400.0    1129.2   4864.0 3997.3 512.0  446.8     169    0.592   0      0.000    0.592
51200.0 51200.0 10240.0  0.0   102400.0 63444.5   102400.0    1129.2   4864.0 3997.3 512.0  446.8     170    0.595   0      0.000    0.595
51200.0 51200.0  0.0   10240.0 102400.0 53204.5   102400.0    1129.2   4864.0 3997.3 512.0  446.8     171    0.599   0      0.000    0.599
51200.0 51200.0  0.0    0.0   102400.0 42964.5   102400.0    1129.2   4864.0 3997.3 512.0  446.8     172    0.600   0      0.000    0.600
51200.0 51200.0  0.0   10240.0 102400.0   0.0     102400.0    1129.2   4864.0 3997.3 512.0  446.8     173    0.603   0      0.000    0.603
51200.0 51200.0  0.0   10240.0 102400.0 32724.4   102400.0    1129.2   4864.0 3997.3 512.0  446.8     173    0.603   0      0.000    0.603
51200.0 51200.0 20480.0  0.0   102400.0 22484.4   102400.0    1129.2   4864.0 3997.3 512.0  446.8     174    0.610   0      0.000    0.610
51200.0 51200.0  0.0   30720.0 102400.0 10240.0   102400.0    1129.2   4864.0 3997.3 512.0  446.8     175    0.621   0      0.000    0.621
51200.0 51200.0  0.0   30720.0 102400.0 94164.5   102400.0    1129.2   4864.0 3997.3 512.0  446.8     175    0.621   0      0.000    0.621
51200.0 51200.0  0.0    0.0   102400.0 83924.5   102400.0    1129.2   4864.0 3997.3 512.0  446.8     176    0.621   0      0.000    0.621
51200.0 51200.0  0.0   10240.0 102400.0 73684.5   102400.0    1129.2   4864.0 3997.3 512.0  446.8     177    0.623   0      0.000    0.623
51200.0 51200.0 10240.0  0.0   102400.0 63444.5   102400.0    1129.2   4864.0 3997.3 512.0  446.8     178    0.625   0      0.000    0.625
51200.0 51200.0  0.0   10240.0 102400.0 53204.5   102400.0    1129.2   4864.0 3997.3 512.0  446.8     179    0.627   0      0.000    0.627
51200.0 51200.0  0.0    0.0   102400.0 42964.5   102400.0    1129.2   4864.0 3997.3 512.0  446.8     180    0.628   0      0.000    0.628
51200.0 51200.0  0.0   10240.0 102400.0 32724.4   102400.0    1129.2   4864.0 3997.3 512.0  446.8     181    0.629   0      0.000    0.629
51200.0 51200.0 20480.0  0.0   102400.0 22484.4   102400.0    1129.2   4864.0 3997.3 512.0  446.8     182    0.633   0      0.000    0.633
51200.0 51200.0  0.0   30720.0 102400.0 10240.0   102400.0    1129.2   4864.0 3997.3 512.0  446.8     183    0.638   0      0.000    0.638
51200.0 51200.0  0.0   30720.0 102400.0 94164.5   102400.0    1129.2   4864.0 3997.3 512.0  446.8     183    0.638   0      0.000    0.638
51200.0 51200.0  0.0    0.0   102400.0 83924.5   102400.0    1129.2   4864.0 3997.3 512.0  446.8     184    0.638   0      0.000    0.638
51200.0 51200.0  0.0   10240.0 102400.0 73684.5   102400.0    1129.2   4864.0 3997.3 512.0  446.8     185    0.640   0      0.000    0.640
51200.0 51200.0 10240.0  0.0   102400.0 63444.5   102400.0    1129.2   4864.0 3997.3 512.0  446.8     186    0.644   0      0.000    0.644
51200.0 51200.0  0.0   10240.0 102400.0 53204.5   102400.0    1129.2   4864.0 3997.3 512.0  446.8     187    0.647   0      0.000    0.647
51200.0 51200.0  0.0    0.0   102400.0 42964.5   102400.0    1129.2   4864.0 3997.3 512.0  446.8     188    0.648   0      0.000    0.648
51200.0 51200.0  0.0   10240.0 102400.0 32724.4   102400.0    1129.2   4864.0 3997.3 512.0  446.8     189    0.651   0      0.000    0.651
51200.0 51200.0 20480.0  0.0   102400.0 22484.4   102400.0    1129.2   4864.0 3997.3 512.0  446.8     190    0.655   0      0.000    0.655
51200.0 51200.0  0.0   30720.0 102400.0 10240.0   102400.0    1129.2   4864.0 3997.3 512.0  446.8     191    0.665   0      0.000    0.665
51200.0 51200.0  0.0   30720.0 102400.0 94164.5   102400.0    1129.2   4864.0 3997.3 512.0  446.8     191    0.665   0      0.000    0.665
51200.0 51200.0  0.0    0.0   102400.0 83924.5   102400.0    1129.2   4864.0 3997.3 512.0  446.8     192    0.666   0      0.000    0.666
51200.0 51200.0  0.0   10240.0 102400.0 73684.5   102400.0    1129.2   4864.0 3997.3 512.0  446.8     193    0.669   0      0.000    0.669
51200.0 51200.0 10240.0  0.0   102400.0 63444.5   102400.0    1129.2   4864.0 3997.3 512.0  446.8     194    0.671   0      0.000    0.671
51200.0 51200.0  0.0   10240.0 102400.0 53204.5   102400.0    1129.2   4864.0 3997.3 512.0  446.8     195    0.675   0      0.000    0.675
51200.0 51200.0  0.0    0.0   102400.0 42964.5   102400.0    1129.2   4864.0 3997.3 512.0  446.8     196    0.676   0      0.000    0.676
51200.0 51200.0  0.0   10240.0 102400.0 32724.4   102400.0    1129.2   4864.0 3997.3 512.0  446.8     197    0.678   0      0.000    0.678
51200.0 51200.0 20480.0  0.0   102400.0 22484.4   102400.0    1129.2   4864.0 3997.3 512.0  446.8     198    0.685   0      0.000    0.685
51200.0 51200.0  0.0   30720.0 102400.0 10240.0   102400.0    1129.2   4864.0 3997.3 512.0  446.8     199    0.695   0      0.000    0.695
51200.0 51200.0  0.0   30720.0 102400.0 94164.5   102400.0    1129.2   4864.0 3997.3 512.0  446.8     199    0.695   0      0.000    0.695
51200.0 51200.0  0.0    0.0   102400.0 83924.5   102400.0    1129.2   4864.0 3997.3 512.0  446.8     200    0.696   0      0.000    0.696
51200.0 51200.0  0.0   10240.0 102400.0 73684.5   102400.0    1129.2   4864.0 3997.3 512.0  446.8     201    0.699   0      0.000    0.699
51200.0 51200.0 10240.0  0.0   102400.0 63444.5   102400.0    1129.2   4864.0 3997.3 512.0  446.8     202    0.703   0      0.000    0.703
51200.0 51200.0  0.0   10240.0 102400.0 53204.5   102400.0    1129.2   4864.0 3997.3 512.0  446.8     203    0.707   0      0.000    0.707
51200.0 51200.0  0.0    0.0   102400.0 42964.5   102400.0    1129.2   4864.0 3997.3 512.0  446.8     204    0.708   0      0.000    0.708
51200.0 51200.0  0.0   10240.0 102400.0 32724.4   102400.0    1129.2   4864.0 3997.3 512.0  446.8     205    0.712   0      0.000    0.712
51200.0 51200.0 20480.0  0.0   102400.0 22484.4   102400.0    1129.2   4864.0 3997.3 512.0  446.8     206    0.719   0      0.000    0.719
51200.0 51200.0  0.0   30720.0 102400.0 10240.0   102400.0    1129.2   4864.0 3997.3 512.0  446.8     207    0.729   0      0.000    0.729
51200.0 51200.0  0.0   30720.0 102400.0 94164.5   102400.0    1129.2   4864.0 3997.3 512.0  446.8     207    0.729   0      0.000    0.729
51200.0 51200.0  0.0    0.0   102400.0 83924.5   102400.0    1129.2   4864.0 3997.3 512.0  446.8     208    0.730   0      0.000    0.730
51200.0 51200.0  0.0   10240.0 102400.0 73684.5   102400.0    1129.2   4864.0 3997.3 512.0  446.8     209    0.734   0      0.000    0.734
51200.0 51200.0 10240.0  0.0   102400.0 63444.5   102400.0    1129.2   4864.0 3997.3 512.0  446.8     210    0.737   0      0.000    0.737
51200.0 51200.0  0.0   10240.0 102400.0 53204.5   102400.0    1129.2   4864.0 3997.3 512.0  446.8     211    0.741   0      0.000    0.741
51200.0 51200.0  0.0    0.0   102400.0 42964.5   102400.0    1129.2   4864.0 3997.3 512.0  446.8     212    0.742   0      0.000    0.742
51200.0 51200.0  0.0   10240.0 102400.0 32724.4   102400.0    1129.2   4864.0 3997.3 512.0  446.8     213    0.744   0      0.000    0.744
51200.0 51200.0 20480.0  0.0   102400.0 22484.4   102400.0    1129.2   4864.0 3997.3 512.0  446.8     214    0.747   0      0.000    0.747
51200.0 51200.0  0.0   30720.0 102400.0 10240.0   102400.0    1129.2   4864.0 3997.3 512.0  446.8     215    0.754   0      0.000    0.754
51200.0 51200.0  0.0   30720.0 102400.0 94164.5   102400.0    1129.2   4864.0 3997.3 512.0  446.8     215    0.754   0      0.000    0.754
51200.0 51200.0  0.0    0.0   102400.0 83924.5   102400.0    1129.2   4864.0 3997.3 512.0  446.8     216    0.754   0      0.000    0.754
51200.0 51200.0  0.0   10240.0 102400.0 73684.5   102400.0    1129.2   4864.0 3997.3 512.0  446.8     217    0.758   0      0.000    0.758
51200.0 51200.0 10240.0  0.0   102400.0 63444.5   102400.0    1129.2   4864.0 3997.3 512.0  446.8     218    0.760   0      0.000    0.760
51200.0 51200.0  0.0   10240.0 102400.0 53204.5   102400.0    1129.2   4864.0 3997.3 512.0  446.8     219    0.764   0      0.000    0.764
51200.0 51200.0  0.0    0.0   102400.0 42964.5   102400.0    1129.2   4864.0 3997.3 512.0  446.8     220    0.765   0      0.000    0.765
51200.0 51200.0  0.0   10240.0 102400.0 32724.4   102400.0    1129.2   4864.0 3997.3 512.0  446.8     221    0.768   0      0.000    0.768
51200.0 51200.0 20480.0  0.0   102400.0 22484.4   102400.0    1129.2   4864.0 3997.3 512.0  446.8     222    0.776   0      0.000    0.776
51200.0 51200.0  0.0   30720.0 102400.0 10240.0   102400.0    1129.2   4864.0 3997.3 512.0  446.8     223    0.786   0      0.000    0.786
51200.0 51200.0  0.0   30720.0 102400.0 94164.5   102400.0    1129.2   4864.0 3997.3 512.0  446.8     223    0.786   0      0.000    0.786
51200.0 51200.0  0.0    0.0   102400.0 83924.5   102400.0    1129.2   4864.0 3997.3 512.0  446.8     224    0.787   0      0.000    0.787
51200.0 51200.0  0.0   10240.0 102400.0 73684.5   102400.0    1129.2   4864.0 3997.3 512.0  446.8     225    0.791   0      0.000    0.791
51200.0 51200.0 10240.0  0.0   102400.0 63444.5   102400.0    1129.2   4864.0 3997.3 512.0  446.8     226    0.794   0      0.000    0.794
51200.0 51200.0  0.0   10240.0 102400.0 53204.5   102400.0    1129.2   4864.0 3997.7 512.0  446.8     227    0.798   0      0.000    0.798
51200.0 51200.0  0.0    0.0   102400.0 42964.5   102400.0    1129.2   4864.0 3997.7 512.0  446.8     228    0.799   0      0.000    0.799
51200.0 51200.0  0.0    0.0   102400.0 32739.7   102400.0    1129.2   4864.0 3997.7 512.0  446.8     229    0.800   0      0.000    0.800
51200.0 51200.0  0.0    0.0   102400.0 22494.2   102400.0    1129.2   4864.0 3997.7 512.0  446.8     230    0.801   0      0.000    0.801
51200.0 51200.0  0.0    0.0   102400.0 10240.0   102400.0    1129.2   4864.0 3997.7 512.0  446.8     231    0.802   0      0.000    0.802
51200.0 51200.0  0.0    0.0   102400.0 94170.8   102400.0    1129.2   4864.0 3997.7 512.0  446.8     231    0.802   0      0.000    0.802
51200.0 51200.0  0.0    0.0   102400.0 83928.6   102400.0    1129.2   4864.0 3997.7 512.0  446.8     232    0.803   0      0.000    0.803
51200.0 51200.0  0.0    0.0   102400.0 73687.1   102400.0    1129.2   4864.0 3997.7 512.0  446.8     233    0.803   0      0.000    0.803
51200.0 51200.0  0.0    0.0   102400.0 63446.2   102400.0    1129.2   4864.0 3997.7 512.0  446.8     234    0.804   0      0.000    0.804
51200.0 51200.0  0.0    0.0   102400.0 53205.6   102400.0    1129.2   4864.0 3997.7 512.0  446.8     235    0.805   0      0.000    0.805
51200.0 51200.0  0.0    0.0   102400.0 42965.2   102400.0    1129.2   4864.0 3997.7 512.0  446.8     236    0.806   0      0.000    0.806
51200.0 51200.0  0.0    0.0   102400.0 42965.2   102400.0    1129.2   4864.0 3997.7 512.0  446.8     236    0.806   0      0.000    0.806
51200.0 51200.0  0.0    0.0   102400.0 32724.9   102400.0    1129.2   4864.0 3997.7 512.0  446.8     237    0.807   0      0.000    0.807
51200.0 51200.0  0.0    0.0   102400.0 22484.7   102400.0    1129.2   4864.0 3997.7 512.0  446.8     238    0.808   0      0.000    0.808
51200.0 51200.0  0.0    0.0   102400.0 10240.0   102400.0    1129.2   4864.0 3997.7 512.0  446.8     239    0.809   0      0.000    0.809
51200.0 51200.0  0.0    0.0   102400.0 94164.7   102400.0    1129.2   4864.0 3997.7 512.0  446.8     239    0.809   0      0.000    0.809
51200.0 51200.0  0.0    0.0   102400.0 83924.6   102400.0    1129.2   4864.0 3997.7 512.0  446.8     240    0.809   0      0.000    0.809
51200.0 51200.0  0.0    0.0   102400.0 73684.6   102400.0    1129.2   4864.0 3997.7 512.0  446.8     241    0.810   0      0.000    0.810
51200.0 51200.0  0.0    0.0   102400.0 63444.5   102400.0    1129.2   4864.0 3997.7 512.0  446.8     242    0.810   0      0.000    0.810
51200.0 51200.0  0.0    0.0   102400.0 53204.5   102400.0    1129.2   4864.0 3997.7 512.0  446.8     243    0.811   0      0.000    0.811
51200.0 51200.0  0.0    0.0   102400.0 42964.5   102400.0    1129.2   4864.0 3997.7 512.0  446.8     244    0.811   0      0.000    0.811
51200.0 51200.0  0.0    0.0   102400.0 32724.5   102400.0    1129.2   4864.0 3997.7 512.0  446.8     245    0.812   0      0.000    0.812
51200.0 51200.0  0.0    0.0   102400.0 22484.4   102400.0    1129.2   4864.0 3997.7 512.0  446.8     246    0.813   0      0.000    0.813
51200.0 51200.0  0.0    0.0   102400.0 10240.0   102400.0    1129.2   4864.0 3997.7 512.0  446.8     247    0.814   0      0.000    0.814
51200.0 51200.0  0.0    0.0   102400.0 94164.5   102400.0    1129.2   4864.0 3997.7 512.0  446.8     247    0.814   0      0.000    0.814
51200.0 51200.0  0.0    0.0   102400.0 83924.5   102400.0    1129.2   4864.0 3997.7 512.0  446.8     248    0.815   0      0.000    0.815
51200.0 51200.0  0.0    0.0   102400.0 73684.5   102400.0    1129.2   4864.0 3997.7 512.0  446.8     249    0.816   0      0.000    0.816
51200.0 51200.0  0.0    0.0   102400.0 63444.5   102400.0    1129.2   4864.0 3997.7 512.0  446.8     250    0.816   0      0.000    0.816
51200.0 51200.0  0.0    0.0   102400.0 53204.5   102400.0    1129.2   4864.0 3997.7 512.0  446.8     251    0.817   0      0.000    0.817
51200.0 51200.0  0.0    0.0   102400.0 42964.5   102400.0    1129.2   4864.0 3997.7 512.0  446.8     252    0.818   0      0.000    0.818
51200.0 51200.0  0.0    0.0   102400.0 32724.5   102400.0    1129.2   4864.0 3997.7 512.0  446.8     253    0.819   0      0.000    0.819
51200.0 51200.0  0.0    0.0   102400.0 22484.4   102400.0    1129.2   4864.0 3997.7 512.0  446.8     254    0.819   0      0.000    0.819
51200.0 51200.0  0.0    0.0   102400.0 10240.0   102400.0    1129.2   4864.0 3997.7 512.0  446.8     255    0.820   0      0.000    0.820
51200.0 51200.0  0.0    0.0   102400.0 94164.5   102400.0    1129.2   4864.0 3997.7 512.0  446.8     255    0.820   0      0.000    0.820
51200.0 51200.0  0.0    0.0   102400.0 83924.5   102400.0    1129.2   4864.0 3997.7 512.0  446.8     256    0.820   0      0.000    0.820
51200.0 51200.0  0.0    0.0   102400.0 73684.5   102400.0    1129.2   4864.0 3997.7 512.0  446.8     257    0.821   0      0.000    0.821
51200.0 51200.0  0.0    0.0   102400.0 63444.5   102400.0    1129.2   4864.0 3997.7 512.0  446.8     258    0.822   0      0.000    0.822
51200.0 51200.0  0.0    0.0   102400.0 53204.5   102400.0    1129.2   4864.0 3997.7 512.0  446.8     259    0.823   0      0.000    0.823
51200.0 51200.0  0.0    0.0   102400.0 42964.5   102400.0    1129.2   4864.0 3997.7 512.0  446.8     260    0.824   0      0.000    0.824
51200.0 51200.0  0.0    0.0   102400.0 32724.4   102400.0    1129.2   4864.0 3997.7 512.0  446.8     261    0.824   0      0.000    0.824
51200.0 51200.0  0.0    0.0   102400.0 22484.4   102400.0    1129.2   4864.0 3997.7 512.0  446.8     262    0.825   0      0.000    0.825
51200.0 51200.0  0.0    0.0   102400.0 10240.0   102400.0    1129.2   4864.0 3997.7 512.0  446.8     263    0.825   0      0.000    0.825
51200.0 51200.0  0.0    0.0   102400.0 94164.5   102400.0    1129.2   4864.0 3997.7 512.0  446.8     263    0.825   0      0.000    0.825
51200.0 51200.0  0.0    0.0   102400.0 83924.5   102400.0    1129.2   4864.0 3997.7 512.0  446.8     264    0.826   0      0.000    0.826
51200.0 51200.0  0.0    0.0   102400.0 73684.5   102400.0    1129.2   4864.0 3997.7 512.0  446.8     265    0.827   0      0.000    0.827
51200.0 51200.0  0.0    0.0   102400.0 63444.5   102400.0    1129.2   4864.0 3997.7 512.0  446.8     266    0.828   0      0.000    0.828
51200.0 51200.0  0.0    0.0   102400.0 53204.5   102400.0    1129.2   4864.0 3997.7 512.0  446.8     267    0.829   0      0.000    0.829
51200.0 51200.0  0.0    0.0   102400.0 42964.5   102400.0    1129.2   4864.0 3997.7 512.0  446.8     268    0.829   0      0.000    0.829
51200.0 51200.0  0.0    0.0   102400.0 32724.4   102400.0    1129.2   4864.0 3997.7 512.0  446.8     269    0.830   0      0.000    0.830
51200.0 51200.0  0.0    0.0   102400.0 22484.4   102400.0    1129.2   4864.0 3997.7 512.0  446.8     270    0.831   0      0.000    0.831
51200.0 51200.0  0.0    0.0   102400.0 10240.0   102400.0    1129.2   4864.0 3997.7 512.0  446.8     271    0.832   0      0.000    0.832
51200.0 51200.0  0.0    0.0   102400.0 94164.5   102400.0    1129.2   4864.0 3997.7 512.0  446.8     271    0.832   0      0.000    0.832
51200.0 51200.0  0.0    0.0   102400.0 83924.5   102400.0    1129.2   4864.0 3997.7 512.0  446.8     272    0.832   0      0.000    0.832
51200.0 51200.0  0.0    0.0   102400.0 73684.5   102400.0    1129.2   4864.0 3997.7 512.0  446.8     273    0.833   0      0.000    0.833
51200.0 51200.0  0.0    0.0   102400.0 63444.5   102400.0    1129.2   4864.0 3997.7 512.0  446.8     274    0.834   0      0.000    0.834
51200.0 51200.0  0.0    0.0   102400.0 53204.5   102400.0    1129.2   4864.0 3997.7 512.0  446.8     275    0.835   0      0.000    0.835
51200.0 51200.0  0.0    0.0   102400.0 42964.5   102400.0    1129.2   4864.0 3997.7 512.0  446.8     276    0.836   0      0.000    0.836
51200.0 51200.0  0.0    0.0   102400.0 32724.4   102400.0    1129.2   4864.0 3997.7 512.0  446.8     277    0.837   0      0.000    0.837
51200.0 51200.0  0.0    0.0   102400.0 22484.4   102400.0    1129.2   4864.0 3997.7 512.0  446.8     278    0.837   0      0.000    0.837
51200.0 51200.0  0.0    0.0   102400.0 10240.0   102400.0    1129.2   4864.0 3997.7 512.0  446.8     279    0.838   0      0.000    0.838
51200.0 51200.0  0.0    0.0   102400.0 94164.5   102400.0    1129.2   4864.0 3997.7 512.0  446.8     279    0.838   0      0.000    0.838
51200.0 51200.0  0.0    0.0   102400.0 83924.5   102400.0    1129.2   4864.0 3997.7 512.0  446.8     280    0.839   0      0.000    0.839
51200.0 51200.0  0.0    0.0   102400.0 73684.5   102400.0    1129.2   4864.0 3997.7 512.0  446.8     281    0.840   0      0.000    0.840
51200.0 51200.0  0.0    0.0   102400.0 63444.5   102400.0    1129.2   4864.0 3997.7 512.0  446.8     282    0.841   0      0.000    0.841
51200.0 51200.0  0.0    0.0   102400.0 53204.5   102400.0    1129.2   4864.0 3997.7 512.0  446.8     283    0.842   0      0.000    0.842
51200.0 51200.0  0.0    0.0   102400.0 42964.5   102400.0    1129.2   4864.0 3997.7 512.0  446.8     284    0.843   0      0.000    0.843
51200.0 51200.0  0.0    0.0   102400.0 32724.4   102400.0    1129.2   4864.0 3997.7 512.0  446.8     285    0.844   0      0.000    0.844
51200.0 51200.0  0.0    0.0   102400.0 22484.4   102400.0    1129.2   4864.0 3997.7 512.0  446.8     286    0.845   0      0.000    0.845
51200.0 51200.0  0.0    0.0   102400.0 10240.0   102400.0    1129.2   4864.0 3997.7 512.0  446.8     287    0.845   0      0.000    0.845
51200.0 51200.0  0.0    0.0   102400.0 94164.5   102400.0    1129.2   4864.0 3997.7 512.0  446.8     287    0.845   0      0.000    0.845
51200.0 51200.0  0.0    0.0   102400.0 83924.5   102400.0    1129.2   4864.0 3997.7 512.0  446.8     288    0.846   0      0.000    0.846
51200.0 51200.0  0.0    0.0   102400.0 73684.5   102400.0    1129.2   4864.0 3997.7 512.0  446.8     289    0.847   0      0.000    0.847
51200.0 51200.0  0.0    0.0   102400.0 63444.5   102400.0    1129.2   4864.0 3997.7 512.0  446.8     290    0.848   0      0.000    0.848
51200.0 51200.0  0.0    0.0   102400.0 53204.5   102400.0    1129.2   4864.0 3997.7 512.0  446.8     291    0.849   0      0.000    0.849
51200.0 51200.0  0.0    0.0   102400.0 42964.5   102400.0    1129.2   4864.0 3997.7 512.0  446.8     292    0.850   0      0.000    0.850
51200.0 51200.0  0.0    0.0   102400.0 32724.4   102400.0    1129.2   4864.0 3997.7 512.0  446.8     293    0.851   0      0.000    0.851
51200.0 51200.0  0.0    0.0   102400.0   0.0     102400.0    1129.2   4864.0 3997.7 512.0  446.8     294    0.852   0      0.000    0.852
51200.0 51200.0  0.0    0.0   102400.0 10240.0   102400.0    1129.2   4864.0 3997.7 512.0  446.8     295    0.852   0      0.000    0.852
51200.0 51200.0  0.0    0.0   102400.0 94164.5   102400.0    1129.2   4864.0 3997.7 512.0  446.8     295    0.852   0      0.000    0.852
51200.0 51200.0  0.0    0.0   102400.0   0.0     102400.0    1129.2   4864.0 3997.7 512.0  446.8     296    0.853   0      0.000    0.853
51200.0 51200.0  0.0    0.0   102400.0   0.0     102400.0    1129.2   4864.0 3997.7 512.0  446.8     297    0.854   0      0.000    0.854
51200.0 51200.0  0.0    0.0   102400.0 73684.5   102400.0    1129.2   4864.0 3997.7 512.0  446.8     297    0.854   0      0.000    0.854
51200.0 51200.0  0.0    0.0   102400.0 63444.5   102400.0    1129.2   4864.0 3997.7 512.0  446.8     298    0.855   0      0.000    0.855
51200.0 51200.0  0.0    0.0   102400.0 53204.5   102400.0    1129.2   4864.0 3997.7 512.0  446.8     299    0.856   0      0.000    0.856
51200.0 51200.0  0.0    0.0   102400.0 42964.5   102400.0    1129.2   4864.0 3997.7 512.0  446.8     300    0.857   0      0.000    0.857
51200.0 51200.0  0.0    0.0   102400.0 32724.4   102400.0    1129.2   4864.0 3997.7 512.0  446.8     301    0.858   0      0.000    0.858
51200.0 51200.0  0.0    0.0   102400.0 22484.4   102400.0    1129.2   4864.0 3997.7 512.0  446.8     302    0.859   0      0.000    0.859
51200.0 51200.0  0.0    0.0   102400.0 10240.0   102400.0    1129.2   4864.0 3997.7 512.0  446.8     303    0.859   0      0.000    0.859
51200.0 51200.0  0.0    0.0   102400.0 94164.5   102400.0    1129.2   4864.0 3997.7 512.0  446.8     303    0.859   0      0.000    0.859
51200.0 51200.0  0.0    0.0   102400.0 83924.5   102400.0    1129.2   4864.0 3997.7 512.0  446.8     304    0.860   0      0.000    0.860
51200.0 51200.0  0.0    0.0   102400.0 73684.5   102400.0    1129.2   4864.0 3997.7 512.0  446.8     305    0.861   0      0.000    0.861
51200.0 51200.0  0.0    0.0   102400.0 63444.5   102400.0    1129.2   4864.0 3997.7 512.0  446.8     306    0.862   0      0.000    0.862
51200.0 51200.0  0.0    0.0   102400.0 53204.5   102400.0    1129.2   4864.0 3997.7 512.0  446.8     307    0.863   0      0.000    0.863
51200.0 51200.0  0.0    0.0   102400.0 42964.5   102400.0    1129.2   4864.0 3997.7 512.0  446.8     308    0.864   0      0.000    0.864
51200.0 51200.0  0.0    0.0   102400.0 32724.4   102400.0    1129.2   4864.0 3997.7 512.0  446.8     309    0.864   0      0.000    0.864
51200.0 51200.0  0.0    0.0   102400.0 22484.4   102400.0    1129.2   4864.0 3997.7 512.0  446.8     310    0.865   0      0.000    0.865
51200.0 51200.0  0.0    0.0   102400.0 10240.0   102400.0    1129.2   4864.0 3997.7 512.0  446.8     311    0.866   0      0.000    0.866
51200.0 51200.0  0.0    0.0   102400.0 94164.5   102400.0    1129.2   4864.0 3997.7 512.0  446.8     311    0.866   0      0.000    0.866
51200.0 51200.0  0.0    0.0   102400.0 83924.5   102400.0    1129.2   4864.0 3997.7 512.0  446.8     312    0.867   0      0.000    0.867
51200.0 51200.0  0.0    0.0   102400.0 73684.5   102400.0    1129.2   4864.0 3997.7 512.0  446.8     313    0.868   0      0.000    0.868
51200.0 51200.0  0.0    0.0   102400.0 63444.5   102400.0    1129.2   4864.0 3997.7 512.0  446.8     314    0.869   0      0.000    0.869
51200.0 51200.0  0.0    0.0   102400.0 53204.5   102400.0    1129.2   4864.0 3997.7 512.0  446.8     315    0.870   0      0.000    0.870
51200.0 51200.0  0.0    0.0   102400.0 42964.5   102400.0    1129.2   4864.0 3997.7 512.0  446.8     316    0.871   0      0.000    0.871
51200.0 51200.0  0.0    0.0   102400.0 32724.4   102400.0    1129.2   4864.0 3997.7 512.0  446.8     317    0.872   0      0.000    0.872
51200.0 51200.0  0.0    0.0   102400.0 22484.4   102400.0    1129.2   4864.0 3997.7 512.0  446.8     318    0.873   0      0.000    0.873
51200.0 51200.0  0.0    0.0   102400.0 10240.0   102400.0    1129.2   4864.0 3997.7 512.0  446.8     319    0.874   0      0.000    0.874
51200.0 51200.0  0.0    0.0   102400.0 94164.5   102400.0    1129.2   4864.0 3997.7 512.0  446.8     319    0.874   0      0.000    0.874
51200.0 51200.0  0.0    0.0   102400.0 83924.5   102400.0    1129.2   4864.0 3997.7 512.0  446.8     320    0.874   0      0.000    0.874
51200.0 51200.0  0.0    0.0   102400.0 73684.5   102400.0    1129.2   4864.0 3997.7 512.0  446.8     321    0.875   0      0.000    0.875
51200.0 51200.0  0.0    0.0   102400.0 63444.5   102400.0    1129.2   4864.0 3997.7 512.0  446.8     322    0.876   0      0.000    0.876
51200.0 51200.0  0.0    0.0   102400.0 53204.5   102400.0    1129.2   4864.0 3997.7 512.0  446.8     323    0.877   0      0.000    0.877
51200.0 51200.0  0.0    0.0   102400.0 42964.5   102400.0    1129.2   4864.0 3997.7 512.0  446.8     324    0.877   0      0.000    0.877
51200.0 51200.0  0.0    0.0   102400.0 32724.4   102400.0    1129.2   4864.0 3997.7 512.0  446.8     325    0.878   0      0.000    0.878
51200.0 51200.0  0.0    0.0   102400.0 22484.4   102400.0    1129.2   4864.0 3997.7 512.0  446.8     326    0.879   0      0.000    0.879
51200.0 51200.0  0.0    0.0   102400.0 10240.0   102400.0    1129.2   4864.0 3997.7 512.0  446.8     327    0.880   0      0.000    0.880
51200.0 51200.0  0.0    0.0   102400.0 94164.5   102400.0    1129.2   4864.0 3997.7 512.0  446.8     327    0.880   0      0.000    0.880
51200.0 51200.0  0.0    0.0   102400.0 83924.5   102400.0    1129.2   4864.0 3997.7 512.0  446.8     328    0.881   0      0.000    0.881
51200.0 51200.0  0.0    0.0   102400.0 73684.5   102400.0    1129.2   4864.0 3997.7 512.0  446.8     329    0.882   0      0.000    0.882
51200.0 51200.0  0.0    0.0   102400.0 63444.5   102400.0    1129.2   4864.0 3997.7 512.0  446.8     330    0.883   0      0.000    0.883
51200.0 51200.0  0.0    0.0   102400.0 53204.5   102400.0    1129.2   4864.0 3997.7 512.0  446.8     331    0.883   0      0.000    0.883
51200.0 51200.0  0.0    0.0   102400.0 42964.5   102400.0    1129.2   4864.0 3997.7 512.0  446.8     332    0.884   0      0.000    0.884
51200.0 51200.0  0.0    0.0   102400.0 32724.4   102400.0    1129.2   4864.0 3997.7 512.0  446.8     333    0.885   0      0.000    0.885
51200.0 51200.0  0.0    0.0   102400.0 22484.4   102400.0    1129.2   4864.0 3997.7 512.0  446.8     334    0.887   0      0.000    0.887
51200.0 51200.0  0.0    0.0   102400.0 10240.0   102400.0    1129.2   4864.0 3997.7 512.0  446.8     335    0.887   0      0.000    0.887
51200.0 51200.0  0.0    0.0   102400.0 94164.5   102400.0    1129.2   4864.0 3997.7 512.0  446.8     335    0.887   0      0.000    0.887
51200.0 51200.0  0.0    0.0   102400.0 83924.5   102400.0    1129.2   4864.0 3997.7 512.0  446.8     336    0.888   0      0.000    0.888
51200.0 51200.0  0.0    0.0   102400.0 73684.5   102400.0    1129.2   4864.0 3997.7 512.0  446.8     337    0.889   0      0.000    0.889
51200.0 51200.0  0.0    0.0   102400.0 63444.5   102400.0    1129.2   4864.0 3997.7 512.0  446.8     338    0.890   0      0.000    0.890
51200.0 51200.0  0.0    0.0   102400.0 53204.5   102400.0    1129.2   4864.0 3997.7 512.0  446.8     339    0.891   0      0.000    0.891
51200.0 51200.0  0.0    0.0   102400.0 42964.5   102400.0    1129.2   4864.0 3997.7 512.0  446.8     340    0.892   0      0.000    0.892
51200.0 51200.0  0.0    0.0   102400.0 32724.4   102400.0    1129.2   4864.0 3997.7 512.0  446.8     341    0.893   0      0.000    0.893
51200.0 51200.0  0.0    0.0   102400.0 22484.4   102400.0    1129.2   4864.0 3997.7 512.0  446.8     342    0.894   0      0.000    0.894
51200.0 51200.0  0.0    0.0   102400.0 10240.0   102400.0    1129.2   4864.0 3997.7 512.0  446.8     343    0.895   0      0.000    0.895
51200.0 51200.0  0.0    0.0   102400.0 94164.5   102400.0    1129.2   4864.0 3997.7 512.0  446.8     343    0.895   0      0.000    0.895
51200.0 51200.0  0.0    0.0   102400.0 83924.5   102400.0    1129.2   4864.0 3997.7 512.0  446.8     344    0.896   0      0.000    0.896
51200.0 51200.0  0.0    0.0   102400.0 73684.5   102400.0    1129.2   4864.0 3997.7 512.0  446.8     345    0.897   0      0.000    0.897
51200.0 51200.0  0.0    0.0   102400.0 63444.5   102400.0    1129.2   4864.0 3997.7 512.0  446.8     346    0.898   0      0.000    0.898
51200.0 51200.0  0.0    0.0   102400.0 53204.5   102400.0    1129.2   4864.0 3997.7 512.0  446.8     347    0.898   0      0.000    0.898
51200.0 51200.0  0.0    0.0   102400.0 42964.5   102400.0    1129.2   4864.0 3997.7 512.0  446.8     348    0.899   0      0.000    0.899
51200.0 51200.0  0.0    0.0   102400.0 32724.4   102400.0    1129.2   4864.0 3997.7 512.0  446.8     349    0.899   0      0.000    0.899
51200.0 51200.0  0.0    0.0   102400.0 22484.4   102400.0    1129.2   4864.0 3997.7 512.0  446.8     350    0.900   0      0.000    0.900
51200.0 51200.0  0.0    0.0   102400.0 10240.0   102400.0    1129.2   4864.0 3997.7 512.0  446.8     351    0.900   0      0.000    0.900
51200.0 51200.0  0.0    0.0   102400.0 94164.5   102400.0    1129.2   4864.0 3997.7 512.0  446.8     351    0.900   0      0.000    0.900
51200.0 51200.0  0.0    0.0   102400.0   0.0     102400.0    1129.2   4864.0 3997.7 512.0  446.8     352    0.901   0      0.000    0.901
51200.0 51200.0  0.0    0.0   102400.0   0.0     102400.0    1129.2   4864.0 3997.7 512.0  446.8     353    0.902   0      0.000    0.902
51200.0 51200.0  0.0    0.0   102400.0 73684.5   102400.0    1129.2   4864.0 3997.7 512.0  446.8     353    0.902   0      0.000    0.902
51200.0 51200.0  0.0    0.0   102400.0 63444.5   102400.0    1129.2   4864.0 3997.7 512.0  446.8     354    0.902   0      0.000    0.902
51200.0 51200.0  0.0    0.0   102400.0 53204.5   102400.0    1129.2   4864.0 3997.7 512.0  446.8     355    0.903   0      0.000    0.903
51200.0 51200.0  0.0    0.0   102400.0 42964.5   102400.0    1129.2   4864.0 3997.7 512.0  446.8     356    0.904   0      0.000    0.904
51200.0 51200.0  0.0    0.0   102400.0 32724.4   102400.0    1129.2   4864.0 3997.7 512.0  446.8     357    0.904   0      0.000    0.904
51200.0 51200.0  0.0    0.0   102400.0 22484.4   102400.0    1129.2   4864.0 3997.7 512.0  446.8     358    0.905   0      0.000    0.905
51200.0 51200.0  0.0    0.0   102400.0 10240.0   102400.0    1129.2   4864.0 3997.7 512.0  446.8     359    0.905   0      0.000    0.905
51200.0 51200.0  0.0    0.0   102400.0 94164.5   102400.0    1129.2   4864.0 3997.7 512.0  446.8     359    0.905   0      0.000    0.905
51200.0 51200.0  0.0    0.0   102400.0 83924.5   102400.0    1129.2   4864.0 3997.7 512.0  446.8     360    0.906   0      0.000    0.906
51200.0 51200.0  0.0    0.0   102400.0 73684.5   102400.0    1129.2   4864.0 3997.7 512.0  446.8     361    0.907   0      0.000    0.907
51200.0 51200.0  0.0    0.0   102400.0 63444.5   102400.0    1129.2   4864.0 3997.7 512.0  446.8     362    0.908   0      0.000    0.908
51200.0 51200.0  0.0    0.0   102400.0 53204.5   102400.0    1129.2   4864.0 3997.7 512.0  446.8     363    0.909   0      0.000    0.909
51200.0 51200.0  0.0    0.0   102400.0 42964.5   102400.0    1129.2   4864.0 3997.7 512.0  446.8     364    0.910   0      0.000    0.910
51200.0 51200.0  0.0    0.0   102400.0 32724.4   102400.0    1129.2   4864.0 3997.7 512.0  446.8     365    0.910   0      0.000    0.910
51200.0 51200.0  0.0    0.0   102400.0 22484.4   102400.0    1129.2   4864.0 3997.7 512.0  446.8     366    0.911   0      0.000    0.911
51200.0 51200.0  0.0    0.0   102400.0 10240.0   102400.0    1129.2   4864.0 3997.7 512.0  446.8     367    0.912   0      0.000    0.912
51200.0 51200.0  0.0    0.0   102400.0 94164.5   102400.0    1129.2   4864.0 3997.7 512.0  446.8     367    0.912   0      0.000    0.912
51200.0 51200.0  0.0    0.0   102400.0 83924.5   102400.0    1129.2   4864.0 3997.7 512.0  446.8     368    0.913   0      0.000    0.913
51200.0 51200.0  0.0    0.0   102400.0 73684.5   102400.0    1129.2   4864.0 3997.7 512.0  446.8     369    0.913   0      0.000    0.913
51200.0 51200.0  0.0    0.0   102400.0 63444.5   102400.0    1129.2   4864.0 3997.7 512.0  446.8     370    0.914   0      0.000    0.914
51200.0 51200.0  0.0    0.0   102400.0 53204.5   102400.0    1129.2   4864.0 3997.7 512.0  446.8     371    0.915   0      0.000    0.915
51200.0 51200.0  0.0    0.0   102400.0 42964.5   102400.0    1129.2   4864.0 3997.7 512.0  446.8     372    0.916   0      0.000    0.916
51200.0 51200.0  0.0    0.0   102400.0 32724.4   102400.0    1129.2   4864.0 3997.7 512.0  446.8     373    0.916   0      0.000    0.916
51200.0 51200.0  0.0    0.0   102400.0 22484.4   102400.0    1129.2   4864.0 3997.7 512.0  446.8     374    0.917   0      0.000    0.917
51200.0 51200.0  0.0    0.0   102400.0 10240.0   102400.0    1129.2   4864.0 3997.7 512.0  446.8     375    0.918   0      0.000    0.918
51200.0 51200.0  0.0    0.0   102400.0 94164.5   102400.0    1129.2   4864.0 3997.7 512.0  446.8     375    0.918   0      0.000    0.918
51200.0 51200.0  0.0    0.0   102400.0 83924.5   102400.0    1129.2   4864.0 3997.7 512.0  446.8     376    0.918   0      0.000    0.918
51200.0 51200.0  0.0    0.0   102400.0 73684.5   102400.0    1129.2   4864.0 3997.7 512.0  446.8     377    0.919   0      0.000    0.919
51200.0 51200.0  0.0    0.0   102400.0 63444.5   102400.0    1129.2   4864.0 3997.7 512.0  446.8     378    0.919   0      0.000    0.919
51200.0 51200.0  0.0    0.0   102400.0 53204.5   102400.0    1129.2   4864.0 3997.7 512.0  446.8     379    0.920   0      0.000    0.920
51200.0 51200.0  0.0    0.0   102400.0 42964.5   102400.0    1129.2   4864.0 3997.7 512.0  446.8     380    0.921   0      0.000    0.921
51200.0 51200.0  0.0    0.0   102400.0 32724.4   102400.0    1129.2   4864.0 3997.7 512.0  446.8     381    0.922   0      0.000    0.922
51200.0 51200.0  0.0    0.0   102400.0 22484.4   102400.0    1129.2   4864.0 3997.7 512.0  446.8     382    0.923   0      0.000    0.923
51200.0 51200.0  0.0    0.0   102400.0 10240.0   102400.0    1129.2   4864.0 3997.7 512.0  446.8     383    0.923   0      0.000    0.923
51200.0 51200.0  0.0    0.0   102400.0 94164.5   102400.0    1129.2   4864.0 3997.7 512.0  446.8     383    0.923   0      0.000    0.923
51200.0 51200.0  0.0    0.0   102400.0 83924.5   102400.0    1129.2   4864.0 3997.7 512.0  446.8     384    0.924   0      0.000    0.924
51200.0 51200.0  0.0    0.0   102400.0 73684.5   102400.0    1129.2   4864.0 3997.7 512.0  446.8     385    0.924   0      0.000    0.924
51200.0 51200.0  0.0    0.0   102400.0 63444.5   102400.0    1129.2   4864.0 3997.7 512.0  446.8     386    0.925   0      0.000    0.925
51200.0 51200.0  0.0    0.0   102400.0 53204.5   102400.0    1129.2   4864.0 3997.7 512.0  446.8     387    0.926   0      0.000    0.926
51200.0 51200.0  0.0    0.0   102400.0 42964.5   102400.0    1129.2   4864.0 3997.7 512.0  446.8     388    0.926   0      0.000    0.926
51200.0 51200.0  0.0    0.0   102400.0 32724.4   102400.0    1129.2   4864.0 3997.7 512.0  446.8     389    0.927   0      0.000    0.927
51200.0 51200.0  0.0    0.0   102400.0 22484.4   102400.0    1129.2   4864.0 3997.7 512.0  446.8     390    0.928   0      0.000    0.928
51200.0 51200.0  0.0    0.0   102400.0 10240.0   102400.0    1129.2   4864.0 3997.7 512.0  446.8     391    0.929   0      0.000    0.929
51200.0 51200.0  0.0    0.0   102400.0 94164.5   102400.0    1129.2   4864.0 3997.7 512.0  446.8     391    0.929   0      0.000    0.929
51200.0 51200.0  0.0    0.0   102400.0 83924.5   102400.0    1129.2   4864.0 3997.7 512.0  446.8     392    0.930   0      0.000    0.930
51200.0 51200.0  0.0    0.0   102400.0 73684.5   102400.0    1129.2   4864.0 3997.7 512.0  446.8     393    0.931   0      0.000    0.931
51200.0 51200.0  0.0    0.0   102400.0 63444.5   102400.0    1129.2   4864.0 3997.7 512.0  446.8     394    0.932   0      0.000    0.932
51200.0 51200.0  0.0    0.0   102400.0 53204.5   102400.0    1129.2   4864.0 3997.7 512.0  446.8     395    0.932   0      0.000    0.932
51200.0 51200.0  0.0    0.0   102400.0 42964.5   102400.0    1129.2   4864.0 3997.7 512.0  446.8     396    0.933   0      0.000    0.933
51200.0 51200.0  0.0    0.0   102400.0 32724.4   102400.0    1129.2   4864.0 3997.7 512.0  446.8     397    0.934   0      0.000    0.934
51200.0 51200.0  0.0    0.0   102400.0 22484.4   102400.0    1129.2   4864.0 3997.7 512.0  446.8     398    0.935   0      0.000    0.935
51200.0 51200.0  0.0    0.0   102400.0 10240.0   102400.0    1129.2   4864.0 3997.7 512.0  446.8     399    0.936   0      0.000    0.936
51200.0 51200.0  0.0    0.0   102400.0 94164.5   102400.0    1129.2   4864.0 3997.7 512.0  446.8     399    0.936   0      0.000    0.936
51200.0 51200.0  0.0    0.0   102400.0 83924.5   102400.0    1129.2   4864.0 3997.7 512.0  446.8     400    0.937   0      0.000    0.937
51200.0 51200.0  0.0    0.0   102400.0 73684.5   102400.0    1129.2   4864.0 3997.7 512.0  446.8     401    0.937   0      0.000    0.937
51200.0 51200.0  0.0    0.0   102400.0 63444.5   102400.0    1129.2   4864.0 3997.7 512.0  446.8     402    0.938   0      0.000    0.938
51200.0 51200.0  0.0    0.0   102400.0 53204.5   102400.0    1129.2   4864.0 3997.7 512.0  446.8     403    0.939   0      0.000    0.939
51200.0 51200.0  0.0    0.0   102400.0 42964.5   102400.0    1129.2   4864.0 3997.7 512.0  446.8     404    0.940   0      0.000    0.940
51200.0 51200.0  0.0    0.0   102400.0 32724.4   102400.0    1129.2   4864.0 3997.7 512.0  446.8     405    0.941   0      0.000    0.941
51200.0 51200.0  0.0    0.0   102400.0 22484.4   102400.0    1129.2   4864.0 3997.7 512.0  446.8     406    0.942   0      0.000    0.942
51200.0 51200.0  0.0    0.0   102400.0 10240.0   102400.0    1129.2   4864.0 3997.7 512.0  446.8     407    0.942   0      0.000    0.942
51200.0 51200.0  0.0    0.0   102400.0 94164.5   102400.0    1129.2   4864.0 3997.7 512.0  446.8     407    0.942   0      0.000    0.942
51200.0 51200.0  0.0    0.0   102400.0 83924.5   102400.0    1129.2   4864.0 3997.7 512.0  446.8     408    0.943   0      0.000    0.943
51200.0 51200.0  0.0    0.0   102400.0 73684.5   102400.0    1129.2   4864.0 3997.7 512.0  446.8     409    0.944   0      0.000    0.944
51200.0 51200.0  0.0    0.0   102400.0 63444.5   102400.0    1129.2   4864.0 3997.7 512.0  446.8     410    0.945   0      0.000    0.945
51200.0 51200.0  0.0    0.0   102400.0 53204.5   102400.0    1129.2   4864.0 3997.7 512.0  446.8     411    0.946   0      0.000    0.946
51200.0 51200.0  0.0    0.0   102400.0 42964.5   102400.0    1129.2   4864.0 3997.7 512.0  446.8     412    0.946   0      0.000    0.946
51200.0 51200.0  0.0    0.0   102400.0 32724.4   102400.0    1129.2   4864.0 3997.7 512.0  446.8     413    0.947   0      0.000    0.947
51200.0 51200.0  0.0    0.0   102400.0   0.0     102400.0    1129.2   4864.0 3997.7 512.0  446.8     414    0.947   0      0.000    0.947
51200.0 51200.0  0.0    0.0   102400.0 10240.0   102400.0    1129.2   4864.0 3997.7 512.0  446.8     415    0.948   0      0.000    0.948
51200.0 51200.0  0.0    0.0   102400.0 94164.5   102400.0    1129.2   4864.0 3997.7 512.0  446.8     415    0.948   0      0.000    0.948
51200.0 51200.0  0.0    0.0   102400.0 83924.5   102400.0    1129.2   4864.0 3997.7 512.0  446.8     416    0.949   0      0.000    0.949
51200.0 51200.0  0.0    0.0   102400.0   0.0     102400.0    1129.2   4864.0 3997.7 512.0  446.8     417    0.950   0      0.000    0.950
51200.0 51200.0  0.0    0.0   102400.0 73684.5   102400.0    1129.2   4864.0 3997.7 512.0  446.8     417    0.950   0      0.000    0.950
51200.0 51200.0  0.0    0.0   102400.0 63444.5   102400.0    1129.2   4864.0 3997.7 512.0  446.8     418    0.951   0      0.000    0.951
51200.0 51200.0  0.0    0.0   102400.0 53204.5   102400.0    1129.2   4864.0 3997.7 512.0  446.8     419    0.952   0      0.000    0.952
51200.0 51200.0  0.0    0.0   102400.0 42964.5   102400.0    1129.2   4864.0 3997.7 512.0  446.8     420    0.953   0      0.000    0.953
51200.0 51200.0  0.0    0.0   102400.0 32724.4   102400.0    1129.2   4864.0 3997.7 512.0  446.8     421    0.954   0      0.000    0.954
51200.0 51200.0  0.0    0.0   102400.0 22484.4   102400.0    1129.2   4864.0 3997.7 512.0  446.8     422    0.954   0      0.000    0.954
51200.0 51200.0  0.0    0.0   102400.0 10240.0   102400.0    1129.2   4864.0 3997.7 512.0  446.8     423    0.954   0      0.000    0.954
51200.0 51200.0  0.0    0.0   102400.0 94164.5   102400.0    1129.2   4864.0 3997.7 512.0  446.8     423    0.954   0      0.000    0.954
51200.0 51200.0  0.0    0.0   102400.0 83924.5   102400.0    1129.2   4864.0 3997.7 512.0  446.8     424    0.956   0      0.000    0.956
51200.0 51200.0  0.0    0.0   102400.0 73684.5   102400.0    1129.2   4864.0 3997.7 512.0  446.8     425    0.956   0      0.000    0.956
51200.0 51200.0  0.0    0.0   102400.0 63444.5   102400.0    1129.2   4864.0 3997.7 512.0  446.8     426    0.957   0      0.000    0.957
51200.0 51200.0  0.0    0.0   102400.0 53204.5   102400.0    1129.2   4864.0 3997.7 512.0  446.8     427    0.958   0      0.000    0.958
51200.0 51200.0  0.0    0.0   102400.0 42964.5   102400.0    1129.2   4864.0 3997.7 512.0  446.8     428    0.959   0      0.000    0.959
51200.0 51200.0  0.0    0.0   102400.0 32724.4   102400.0    1129.2   4864.0 3997.7 512.0  446.8     429    0.960   0      0.000    0.960
51200.0 51200.0  0.0    0.0   102400.0 22484.4   102400.0    1129.2   4864.0 3997.7 512.0  446.8     430    0.961   0      0.000    0.961
51200.0 51200.0  0.0    0.0   102400.0 10240.0   102400.0    1129.2   4864.0 3997.7 512.0  446.8     431    0.962   0      0.000    0.962
51200.0 51200.0  0.0    0.0   102400.0 94164.5   102400.0    1129.2   4864.0 3997.7 512.0  446.8     431    0.962   0      0.000    0.962
51200.0 51200.0  0.0    0.0   102400.0 83924.5   102400.0    1129.2   4864.0 3997.7 512.0  446.8     432    0.963   0      0.000    0.963
51200.0 51200.0  0.0    0.0   102400.0 73684.5   102400.0    1129.2   4864.0 3997.7 512.0  446.8     433    0.964   0      0.000    0.964
51200.0 51200.0  0.0    0.0   102400.0 63444.5   102400.0    1129.2   4864.0 3997.7 512.0  446.8     434    0.964   0      0.000    0.964
51200.0 51200.0  0.0    0.0   102400.0 53204.5   102400.0    1129.2   4864.0 3997.7 512.0  446.8     435    0.965   0      0.000    0.965
51200.0 51200.0  0.0    0.0   102400.0 42964.5   102400.0    1129.2   4864.0 3997.7 512.0  446.8     436    0.966   0      0.000    0.966
51200.0 51200.0  0.0    0.0   102400.0 32724.4   102400.0    1129.2   4864.0 3997.7 512.0  446.8     437    0.967   0      0.000    0.967
51200.0 51200.0  0.0    0.0   102400.0 22484.4   102400.0    1129.2   4864.0 3997.7 512.0  446.8     438    0.968   0      0.000    0.968
51200.0 51200.0  0.0    0.0   102400.0 10240.0   102400.0    1129.2   4864.0 3997.7 512.0  446.8     439    0.969   0      0.000    0.969
51200.0 51200.0  0.0    0.0   102400.0 94164.5   102400.0    1129.2   4864.0 3997.7 512.0  446.8     439    0.969   0      0.000    0.969
51200.0 51200.0  0.0    0.0   102400.0 83924.5   102400.0    1129.2   4864.0 3997.7 512.0  446.8     440    0.970   0      0.000    0.970
51200.0 51200.0  0.0    0.0   102400.0 73684.5   102400.0    1129.2   4864.0 3997.7 512.0  446.8     441    0.971   0      0.000    0.971
51200.0 51200.0  0.0    0.0   102400.0 63444.5   102400.0    1129.2   4864.0 3997.7 512.0  446.8     442    0.971   0      0.000    0.971
51200.0 51200.0  0.0    0.0   102400.0 53204.5   102400.0    1129.2   4864.0 3997.7 512.0  446.8     443    0.972   0      0.000    0.972
51200.0 51200.0  0.0    0.0   102400.0 42964.5   102400.0    1129.2   4864.0 3997.7 512.0  446.8     444    0.973   0      0.000    0.973
51200.0 51200.0  0.0    0.0   102400.0 32724.4   102400.0    1129.2   4864.0 3997.7 512.0  446.8     445    0.974   0      0.000    0.974
51200.0 51200.0  0.0    0.0   102400.0 22484.4   102400.0    1129.2   4864.0 3997.7 512.0  446.8     446    0.975   0      0.000    0.975
51200.0 51200.0  0.0    0.0   102400.0 10240.0   102400.0    1129.2   4864.0 3997.7 512.0  446.8     447    0.976   0      0.000    0.976
51200.0 51200.0  0.0    0.0   102400.0 94164.5   102400.0    1129.2   4864.0 3997.7 512.0  446.8     447    0.976   0      0.000    0.976
51200.0 51200.0  0.0    0.0   102400.0 83924.5   102400.0    1129.2   4864.0 3997.7 512.0  446.8     448    0.977   0      0.000    0.977
51200.0 51200.0  0.0    0.0   102400.0 73684.5   102400.0    1129.2   4864.0 3997.7 512.0  446.8     449    0.977   0      0.000    0.977
51200.0 51200.0  0.0    0.0   102400.0 63444.5   102400.0    1129.2   4864.0 3997.7 512.0  446.8     450    0.978   0      0.000    0.978
51200.0 51200.0  0.0    0.0   102400.0 53204.5   102400.0    1129.2   4864.0 3997.7 512.0  446.8     451    0.979   0      0.000    0.979
51200.0 51200.0  0.0    0.0   102400.0 42964.5   102400.0    1129.2   4864.0 3997.7 512.0  446.8     452    0.979   0      0.000    0.979
51200.0 51200.0  0.0    0.0   102400.0 32724.4   102400.0    1129.2   4864.0 3997.7 512.0  446.8     453    0.980   0      0.000    0.980
51200.0 51200.0  0.0    0.0   102400.0 22484.4   102400.0    1129.2   4864.0 3997.7 512.0  446.8     454    0.980   0      0.000    0.980
51200.0 51200.0  0.0    0.0   102400.0 10240.0   102400.0    1129.2   4864.0 3997.7 512.0  446.8     455    0.981   0      0.000    0.981
51200.0 51200.0  0.0    0.0   102400.0 94164.5   102400.0    1129.2   4864.0 3997.7 512.0  446.8     455    0.981   0      0.000    0.981
51200.0 51200.0  0.0    0.0   102400.0 83924.5   102400.0    1129.2   4864.0 3997.7 512.0  446.8     456    0.982   0      0.000    0.982
51200.0 51200.0  0.0    0.0   102400.0 73684.5   102400.0    1129.2   4864.0 3997.7 512.0  446.8     457    0.983   0      0.000    0.983
51200.0 51200.0  0.0    0.0   102400.0 63444.5   102400.0    1129.2   4864.0 3997.7 512.0  446.8     458    0.983   0      0.000    0.983
51200.0 51200.0  0.0    0.0   102400.0 53204.5   102400.0    1129.2   4864.0 3997.7 512.0  446.8     459    0.984   0      0.000    0.984
51200.0 51200.0  0.0    0.0   102400.0 42964.5   102400.0    1129.2   4864.0 3997.7 512.0  446.8     460    0.984   0      0.000    0.984
51200.0 51200.0  0.0    0.0   102400.0 32724.4   102400.0    1129.2   4864.0 3997.7 512.0  446.8     461    0.985   0      0.000    0.985
51200.0 51200.0  0.0    0.0   102400.0 22484.4   102400.0    1129.2   4864.0 3997.7 512.0  446.8     462    0.986   0      0.000    0.986
51200.0 51200.0  0.0    0.0   102400.0 10240.0   102400.0    1129.2   4864.0 3997.7 512.0  446.8     463    0.987   0      0.000    0.987
51200.0 51200.0  0.0    0.0   102400.0 94164.5   102400.0    1129.2   4864.0 3997.7 512.0  446.8     463    0.987   0      0.000    0.987
51200.0 51200.0  0.0    0.0   102400.0 83924.5   102400.0    1129.2   4864.0 3997.7 512.0  446.8     464    0.987   0      0.000    0.987
51200.0 51200.0  0.0    0.0   102400.0 73684.5   102400.0    1129.2   4864.0 3997.7 512.0  446.8     465    0.988   0      0.000    0.988
51200.0 51200.0  0.0    0.0   102400.0 63444.5   102400.0    1129.2   4864.0 3997.7 512.0  446.8     466    0.989   0      0.000    0.989
51200.0 51200.0  0.0    0.0   102400.0 53204.5   102400.0    1129.2   4864.0 3997.7 512.0  446.8     467    0.989   0      0.000    0.989
51200.0 51200.0  0.0    0.0   102400.0 42964.5   102400.0    1129.2   4864.0 3997.7 512.0  446.8     468    0.990   0      0.000    0.990
51200.0 51200.0  0.0    0.0   102400.0 32724.4   102400.0    1129.2   4864.0 3997.7 512.0  446.8     469    0.990   0      0.000    0.990
51200.0 51200.0  0.0    0.0   102400.0 22484.4   102400.0    1129.2   4864.0 3997.7 512.0  446.8     470    0.991   0      0.000    0.991
51200.0 51200.0  0.0    0.0   102400.0 10240.0   102400.0    1129.2   4864.0 3997.7 512.0  446.8     471    0.992   0      0.000    0.992
51200.0 51200.0  0.0    0.0   102400.0 94164.5   102400.0    1129.2   4864.0 3997.7 512.0  446.8     471    0.992   0      0.000    0.992
51200.0 51200.0  0.0    0.0   102400.0 83924.5   102400.0    1129.2   4864.0 3997.7 512.0  446.8     472    0.994   0      0.000    0.994
51200.0 51200.0  0.0    0.0   102400.0 73684.5   102400.0    1129.2   4864.0 3997.7 512.0  446.8     473    0.994   0      0.000    0.994
51200.0 51200.0  0.0    0.0   102400.0 63444.5   102400.0    1129.2   4864.0 3997.7 512.0  446.8     474    0.994   0      0.000    0.994
51200.0 51200.0  0.0    0.0   102400.0 53204.5   102400.0    1129.2   4864.0 3997.7 512.0  446.8     475    0.995   0      0.000    0.995
51200.0 51200.0  0.0    0.0   102400.0 42964.5   102400.0    1129.2   4864.0 3997.7 512.0  446.8     476    0.997   0      0.000    0.997
51200.0 51200.0  0.0    0.0   102400.0 32724.4   102400.0    1129.2   4864.0 3997.7 512.0  446.8     477    0.997   0      0.000    0.997
51200.0 51200.0  0.0    0.0   102400.0 22484.4   102400.0    1129.2   4864.0 3997.7 512.0  446.8     478    0.998   0      0.000    0.998
51200.0 51200.0  0.0    0.0   102400.0 22484.4   102400.0    1129.2   4864.0 3997.7 512.0  446.8     478    0.998   0      0.000    0.998
51200.0 51200.0  0.0    0.0   102400.0 10240.0   102400.0    1129.2   4864.0 3997.7 512.0  446.8     479    0.999   0      0.000    0.999
51200.0 51200.0  0.0    0.0   102400.0 94164.5   102400.0    1129.2   4864.0 3997.7 512.0  446.8     479    0.999   0      0.000    0.999
51200.0 51200.0  0.0    0.0   102400.0 83924.5   102400.0    1129.2   4864.0 3997.7 512.0  446.8     480    1.000   0      0.000    1.000
51200.0 51200.0  0.0    0.0   102400.0 73684.5   102400.0    1129.2   4864.0 3997.7 512.0  446.8     481    1.001   0      0.000    1.001
51200.0 51200.0  0.0    0.0   102400.0 63444.5   102400.0    1129.2   4864.0 3997.7 512.0  446.8     482    1.001   0      0.000    1.001
51200.0 51200.0  0.0    0.0   102400.0 53204.5   102400.0    1129.2   4864.0 3997.7 512.0  446.8     483    1.001   0      0.000    1.001
51200.0 51200.0  0.0    0.0   102400.0 42964.5   102400.0    1129.2   4864.0 3997.7 512.0  446.8     484    1.002   0      0.000    1.002
51200.0 51200.0  0.0    0.0   102400.0 32724.4   102400.0    1129.2   4864.0 3997.7 512.0  446.8     485    1.003   0      0.000    1.003
51200.0 51200.0  0.0    0.0   102400.0 22484.4   102400.0    1129.2   4864.0 3997.7 512.0  446.8     486    1.004   0      0.000    1.004
51200.0 51200.0  0.0    0.0   102400.0 10240.0   102400.0    1129.2   4864.0 3997.7 512.0  446.8     487    1.004   0      0.000    1.004
51200.0 51200.0  0.0    0.0   102400.0 94164.5   102400.0    1129.2   4864.0 3997.7 512.0  446.8     487    1.004   0      0.000    1.004
51200.0 51200.0  0.0    0.0   102400.0 83924.5   102400.0    1129.2   4864.0 3997.7 512.0  446.8     488    1.005   0      0.000    1.005
51200.0 51200.0  0.0    0.0   102400.0 73684.5   102400.0    1129.2   4864.0 3997.7 512.0  446.8     489    1.006   0      0.000    1.006
51200.0 51200.0  0.0    0.0   102400.0 63444.5   102400.0    1129.2   4864.0 3997.7 512.0  446.8     490    1.007   0      0.000    1.007
51200.0 51200.0  0.0    0.0   102400.0 53204.5   102400.0    1129.2   4864.0 3997.7 512.0  446.8     491    1.007   0      0.000    1.007
51200.0 51200.0  0.0    0.0   102400.0 42964.5   102400.0    1129.2   4864.0 3997.7 512.0  446.8     492    1.008   0      0.000    1.008
51200.0 51200.0  0.0    0.0   102400.0 32724.4   102400.0    1129.2   4864.0 3997.7 512.0  446.8     493    1.009   0      0.000    1.009
51200.0 51200.0  0.0    0.0   102400.0 22484.4   102400.0    1129.2   4864.0 3997.7 512.0  446.8     494    1.010   0      0.000    1.010
51200.0 51200.0  0.0    0.0   102400.0 10240.0   102400.0    1129.2   4864.0 3997.7 512.0  446.8     495    1.010   0      0.000    1.010
51200.0 51200.0  0.0    0.0   102400.0 94164.5   102400.0    1129.2   4864.0 3997.7 512.0  446.8     495    1.010   0      0.000    1.010
51200.0 51200.0  0.0    0.0   102400.0 83924.5   102400.0    1129.2   4864.0 3997.7 512.0  446.8     496    1.011   0      0.000    1.011
51200.0 51200.0  0.0    0.0   102400.0 73684.5   102400.0    1129.2   4864.0 3997.7 512.0  446.8     497    1.012   0      0.000    1.012
51200.0 51200.0  0.0    0.0   102400.0 63444.5   102400.0    1129.2   4864.0 3997.7 512.0  446.8     498    1.013   0      0.000    1.013
51200.0 51200.0  0.0    0.0   102400.0 53204.5   102400.0    1129.2   4864.0 3997.7 512.0  446.8     499    1.014   0      0.000    1.014
51200.0 51200.0  0.0    0.0   102400.0 42964.5   102400.0    1129.2   4864.0 3997.7 512.0  446.8     500    1.015   0      0.000    1.015
51200.0 51200.0  0.0    0.0   102400.0 32724.4   102400.0    1129.2   4864.0 3997.7 512.0  446.8     501    1.016   0      0.000    1.016
51200.0 51200.0  0.0    0.0   102400.0 22484.4   102400.0    1129.2   4864.0 3997.7 512.0  446.8     502    1.017   0      0.000    1.017
51200.0 51200.0  0.0    0.0   102400.0 10240.0   102400.0    1129.2   4864.0 3997.7 512.0  446.8     503    1.018   0      0.000    1.018
51200.0 51200.0  0.0    0.0   102400.0 94164.5   102400.0    1129.2   4864.0 3997.7 512.0  446.8     503    1.018   0      0.000    1.018
51200.0 51200.0  0.0    0.0   102400.0 83924.5   102400.0    1129.2   4864.0 3997.7 512.0  446.8     504    1.019   0      0.000    1.019
51200.0 51200.0  0.0    0.0   102400.0 73684.5   102400.0    1129.2   4864.0 3997.7 512.0  446.8     505    1.020   0      0.000    1.020
51200.0 51200.0  0.0    0.0   102400.0 63444.5   102400.0    1129.2   4864.0 3997.7 512.0  446.8     506    1.020   0      0.000    1.020
51200.0 51200.0  0.0    0.0   102400.0 53204.5   102400.0    1129.2   4864.0 3997.7 512.0  446.8     507    1.021   0      0.000    1.021
51200.0 51200.0  0.0    0.0   102400.0 42964.5   102400.0    1129.2   4864.0 3997.7 512.0  446.8     508    1.021   0      0.000    1.021
51200.0 51200.0  0.0    0.0   102400.0 32724.4   102400.0    1129.2   4864.0 3997.7 512.0  446.8     509    1.022   0      0.000    1.022
51200.0 51200.0  0.0    0.0   102400.0 22484.4   102400.0    1129.2   4864.0 3997.7 512.0  446.8     510    1.023   0      0.000    1.023
51200.0 51200.0  0.0    0.0   102400.0 10240.0   102400.0    1129.2   4864.0 3997.7 512.0  446.8     511    1.024   0      0.000    1.024
51200.0 51200.0  0.0    0.0   102400.0 94164.5   102400.0    1129.2   4864.0 3997.7 512.0  446.8     511    1.024   0      0.000    1.024
51200.0 51200.0  0.0    0.0   102400.0 83924.5   102400.0    1129.2   4864.0 3997.7 512.0  446.8     512    1.025   0      0.000    1.025
51200.0 51200.0  0.0    0.0   102400.0 73684.5   102400.0    1129.2   4864.0 3997.7 512.0  446.8     513    1.025   0      0.000    1.025
51200.0 51200.0  0.0    0.0   102400.0 63444.5   102400.0    1129.2   4864.0 3997.7 512.0  446.8     514    1.026   0      0.000    1.026
51200.0 51200.0  0.0    0.0   102400.0 53204.5   102400.0    1129.2   4864.0 3997.7 512.0  446.8     515    1.027   0      0.000    1.027
51200.0 51200.0  0.0    0.0   102400.0 42964.5   102400.0    1129.2   4864.0 3997.7 512.0  446.8     516    1.028   0      0.000    1.028
51200.0 51200.0  0.0    0.0   102400.0 32724.4   102400.0    1129.2   4864.0 3997.7 512.0  446.8     517    1.029   0      0.000    1.029
51200.0 51200.0  0.0    0.0   102400.0 22484.4   102400.0    1129.2   4864.0 3997.7 512.0  446.8     518    1.030   0      0.000    1.030
51200.0 51200.0  0.0    0.0   102400.0 10240.0   102400.0    1129.2   4864.0 3997.7 512.0  446.8     519    1.031   0      0.000    1.031
51200.0 51200.0  0.0    0.0   102400.0 94164.5   102400.0    1129.2   4864.0 3997.7 512.0  446.8     519    1.031   0      0.000    1.031
51200.0 51200.0  0.0    0.0   102400.0 83924.5   102400.0    1129.2   4864.0 3997.7 512.0  446.8     520    1.032   0      0.000    1.032
51200.0 51200.0  0.0    0.0   102400.0 73684.5   102400.0    1129.2   4864.0 3997.7 512.0  446.8     521    1.032   0      0.000    1.032
51200.0 51200.0  0.0    0.0   102400.0 63444.5   102400.0    1129.2   4864.0 3997.7 512.0  446.8     522    1.033   0      0.000    1.033
51200.0 51200.0  0.0    0.0   102400.0 53204.5   102400.0    1129.2   4864.0 3997.7 512.0  446.8     523    1.034   0      0.000    1.034
51200.0 51200.0  0.0    0.0   102400.0 42964.5   102400.0    1129.2   4864.0 3997.7 512.0  446.8     524    1.035   0      0.000    1.035
51200.0 51200.0  0.0    0.0   102400.0 32724.4   102400.0    1129.2   4864.0 3997.7 512.0  446.8     525    1.036   0      0.000    1.036
51200.0 51200.0  0.0    0.0   102400.0 22484.4   102400.0    1129.2   4864.0 3997.7 512.0  446.8     526    1.036   0      0.000    1.036
51200.0 51200.0  0.0    0.0   102400.0 10240.0   102400.0    1129.2   4864.0 3997.7 512.0  446.8     527    1.037   0      0.000    1.037
51200.0 51200.0  0.0    0.0   102400.0 94164.5   102400.0    1129.2   4864.0 3997.7 512.0  446.8     527    1.037   0      0.000    1.037
51200.0 51200.0  0.0    0.0   102400.0 83924.5   102400.0    1129.2   4864.0 3997.7 512.0  446.8     528    1.038   0      0.000    1.038
51200.0 51200.0  0.0    0.0   102400.0 73684.5   102400.0    1129.2   4864.0 3997.7 512.0  446.8     529    1.039   0      0.000    1.039
51200.0 51200.0  0.0    0.0   102400.0 63444.5   102400.0    1129.2   4864.0 3997.7 512.0  446.8     530    1.039   0      0.000    1.039
51200.0 51200.0  0.0    0.0   102400.0 53204.5   102400.0    1129.2   4864.0 3997.7 512.0  446.8     531    1.040   0      0.000    1.040
51200.0 51200.0  0.0    0.0   102400.0 42964.5   102400.0    1129.2   4864.0 3997.7 512.0  446.8     532    1.041   0      0.000    1.041
51200.0 51200.0  0.0    0.0   102400.0 32724.4   102400.0    1129.2   4864.0 3997.7 512.0  446.8     533    1.042   0      0.000    1.042
51200.0 51200.0  0.0    0.0   102400.0 22484.4   102400.0    1129.2   4864.0 3997.7 512.0  446.8     534    1.043   0      0.000    1.043
51200.0 51200.0  0.0    0.0   102400.0 10240.0   102400.0    1129.2   4864.0 3997.7 512.0  446.8     535    1.044   0      0.000    1.044
51200.0 51200.0  0.0    0.0   102400.0 94164.5   102400.0    1129.2   4864.0 3997.7 512.0  446.8     535    1.044   0      0.000    1.044
51200.0 51200.0  0.0    0.0   102400.0 83924.5   102400.0    1129.2   4864.0 3997.7 512.0  446.8     536    1.045   0      0.000    1.045
51200.0 51200.0  0.0    0.0   102400.0 73684.5   102400.0    1129.2   4864.0 3997.7 512.0  446.8     537    1.046   0      0.000    1.046
51200.0 51200.0  0.0    0.0   102400.0   0.0     102400.0    1129.2   4864.0 3997.7 512.0  446.8     538    1.046   0      0.000    1.046
51200.0 51200.0  0.0    0.0   102400.0   0.0     102400.0    1129.2   4864.0 3997.7 512.0  446.8     539    1.047   0      0.000    1.047
51200.0 51200.0  0.0    0.0   102400.0 53204.5   102400.0    1129.2   4864.0 3997.7 512.0  446.8     539    1.047   0      0.000    1.047
51200.0 51200.0  0.0    0.0   102400.0 42964.5   102400.0    1129.2   4864.0 3997.7 512.0  446.8     540    1.048   0      0.000    1.048
51200.0 51200.0  0.0    0.0   102400.0 32724.4   102400.0    1129.2   4864.0 3997.7 512.0  446.8     541    1.049   0      0.000    1.049
51200.0 51200.0  0.0    0.0   102400.0 22484.4   102400.0    1129.2   4864.0 3997.7 512.0  446.8     542    1.050   0      0.000    1.050
51200.0 51200.0  0.0    0.0   102400.0 10240.0   102400.0    1129.2   4864.0 3997.7 512.0  446.8     543    1.050   0      0.000    1.050
51200.0 51200.0  0.0    0.0   102400.0 94164.5   102400.0    1129.2   4864.0 3997.7 512.0  446.8     543    1.050   0      0.000    1.050
51200.0 51200.0  0.0    0.0   102400.0 83924.5   102400.0    1129.2   4864.0 3997.7 512.0  446.8     544    1.051   0      0.000    1.051
51200.0 51200.0  0.0    0.0   102400.0 73684.5   102400.0    1129.2   4864.0 3997.7 512.0  446.8     545    1.051   0      0.000    1.051
51200.0 51200.0  0.0    0.0   102400.0 63444.5   102400.0    1129.2   4864.0 3997.7 512.0  446.8     546    1.052   0      0.000    1.052
51200.0 51200.0  0.0    0.0   102400.0 53204.5   102400.0    1129.2   4864.0 3997.7 512.0  446.8     547    1.053   0      0.000    1.053
51200.0 51200.0  0.0    0.0   102400.0 42964.5   102400.0    1129.2   4864.0 3997.7 512.0  446.8     548    1.054   0      0.000    1.054
51200.0 51200.0  0.0    0.0   102400.0 32724.4   102400.0    1129.2   4864.0 3997.7 512.0  446.8     549    1.054   0      0.000    1.054
51200.0 51200.0  0.0    0.0   102400.0 22484.4   102400.0    1129.2   4864.0 3997.7 512.0  446.8     550    1.055   0      0.000    1.055
51200.0 51200.0  0.0    0.0   102400.0 10240.0   102400.0    1129.2   4864.0 3997.7 512.0  446.8     551    1.056   0      0.000    1.056
51200.0 51200.0  0.0    0.0   102400.0 94164.5   102400.0    1129.2   4864.0 3997.7 512.0  446.8     551    1.056   0      0.000    1.056
51200.0 51200.0  0.0    0.0   102400.0 83924.5   102400.0    1129.2   4864.0 3997.7 512.0  446.8     552    1.056   0      0.000    1.056
51200.0 51200.0  0.0    0.0   102400.0 73684.5   102400.0    1129.2   4864.0 3997.7 512.0  446.8     553    1.057   0      0.000    1.057
51200.0 51200.0  0.0    0.0   102400.0 63444.5   102400.0    1129.2   4864.0 3997.7 512.0  446.8     554    1.058   0      0.000    1.058
51200.0 51200.0  0.0    0.0   102400.0 53204.5   102400.0    1129.2   4864.0 3997.7 512.0  446.8     555    1.059   0      0.000    1.059
51200.0 51200.0  0.0    0.0   102400.0 42964.5   102400.0    1129.2   4864.0 3997.7 512.0  446.8     556    1.060   0      0.000    1.060
51200.0 51200.0  0.0    0.0   102400.0 32724.4   102400.0    1129.2   4864.0 3997.7 512.0  446.8     557    1.061   0      0.000    1.061
51200.0 51200.0  0.0    0.0   102400.0 22484.4   102400.0    1129.2   4864.0 3997.7 512.0  446.8     558    1.061   0      0.000    1.061
51200.0 51200.0  0.0    0.0   102400.0 10240.0   102400.0    1129.2   4864.0 3997.7 512.0  446.8     559    1.062   0      0.000    1.062
51200.0 51200.0  0.0    0.0   102400.0 94164.5   102400.0    1129.2   4864.0 3997.7 512.0  446.8     559    1.062   0      0.000    1.062
51200.0 51200.0  0.0    0.0   102400.0 83924.5   102400.0    1129.2   4864.0 3997.7 512.0  446.8     560    1.063   0      0.000    1.063
51200.0 51200.0  0.0    0.0   102400.0 73684.5   102400.0    1129.2   4864.0 3997.7 512.0  446.8     561    1.064   0      0.000    1.064
51200.0 51200.0  0.0    0.0   102400.0 63444.5   102400.0    1129.2   4864.0 3997.7 512.0  446.8     562    1.064   0      0.000    1.064
51200.0 51200.0  0.0    0.0   102400.0 53204.5   102400.0    1129.2   4864.0 3997.7 512.0  446.8     563    1.065   0      0.000    1.065
51200.0 51200.0  0.0    0.0   102400.0 42964.5   102400.0    1129.2   4864.0 3997.7 512.0  446.8     564    1.066   0      0.000    1.066
51200.0 51200.0  0.0    0.0   102400.0 32724.4   102400.0    1129.2   4864.0 3997.7 512.0  446.8     565    1.067   0      0.000    1.067
51200.0 51200.0  0.0    0.0   102400.0 22484.4   102400.0    1129.2   4864.0 3997.7 512.0  446.8     566    1.067   0      0.000    1.067
51200.0 51200.0  0.0    0.0   102400.0 10240.0   102400.0    1129.2   4864.0 3997.7 512.0  446.8     567    1.067   0      0.000    1.067
51200.0 51200.0  0.0    0.0   102400.0 94164.5   102400.0    1129.2   4864.0 3997.7 512.0  446.8     567    1.067   0      0.000    1.067
51200.0 51200.0  0.0    0.0   102400.0 83924.5   102400.0    1129.2   4864.0 3997.7 512.0  446.8     568    1.069   0      0.000    1.069
51200.0 51200.0  0.0    0.0   102400.0 73684.5   102400.0    1129.2   4864.0 3997.7 512.0  446.8     569    1.070   0      0.000    1.070
51200.0 51200.0  0.0    0.0   102400.0 63444.5   102400.0    1129.2   4864.0 3997.7 512.0  446.8     570    1.071   0      0.000    1.071
51200.0 51200.0  0.0    0.0   102400.0 53204.5   102400.0    1129.2   4864.0 3997.7 512.0  446.8     571    1.072   0      0.000    1.072
51200.0 51200.0  0.0    0.0   102400.0 42964.5   102400.0    1129.2   4864.0 3997.7 512.0  446.8     572    1.073   0      0.000    1.073
51200.0 51200.0  0.0    0.0   102400.0 32724.4   102400.0    1129.2   4864.0 3997.7 512.0  446.8     573    1.074   0      0.000    1.074
51200.0 51200.0  0.0    0.0   102400.0 22484.4   102400.0    1129.2   4864.0 3997.7 512.0  446.8     574    1.074   0      0.000    1.074
51200.0 51200.0  0.0    0.0   102400.0 10240.0   102400.0    1129.2   4864.0 3997.7 512.0  446.8     575    1.075   0      0.000    1.075
51200.0 51200.0  0.0    0.0   102400.0 94164.5   102400.0    1129.2   4864.0 3997.7 512.0  446.8     575    1.075   0      0.000    1.075
51200.0 51200.0  0.0    0.0   102400.0 83924.5   102400.0    1129.2   4864.0 3997.7 512.0  446.8     576    1.076   0      0.000    1.076
51200.0 51200.0  0.0    0.0   102400.0 73684.5   102400.0    1129.2   4864.0 3997.7 512.0  446.8     577    1.077   0      0.000    1.077
51200.0 51200.0  0.0    0.0   102400.0 63444.5   102400.0    1129.2   4864.0 3997.7 512.0  446.8     578    1.078   0      0.000    1.078
51200.0 51200.0  0.0    0.0   102400.0 53204.5   102400.0    1129.2   4864.0 3997.7 512.0  446.8     579    1.079   0      0.000    1.079
51200.0 51200.0  0.0    0.0   102400.0 42964.5   102400.0    1129.2   4864.0 3997.7 512.0  446.8     580    1.080   0      0.000    1.080
51200.0 51200.0  0.0    0.0   102400.0 32724.4   102400.0    1129.2   4864.0 3997.7 512.0  446.8     581    1.081   0      0.000    1.081
51200.0 51200.0  0.0    0.0   102400.0 22484.4   102400.0    1129.2   4864.0 3997.7 512.0  446.8     582    1.082   0      0.000    1.082
51200.0 51200.0  0.0    0.0   102400.0 10240.0   102400.0    1129.2   4864.0 3997.7 512.0  446.8     583    1.083   0      0.000    1.083
51200.0 51200.0  0.0    0.0   102400.0 94164.5   102400.0    1129.2   4864.0 3997.7 512.0  446.8     583    1.083   0      0.000    1.083
51200.0 51200.0  0.0    0.0   102400.0 83924.5   102400.0    1129.2   4864.0 3997.7 512.0  446.8     584    1.083   0      0.000    1.083
51200.0 51200.0  0.0    0.0   102400.0 73684.5   102400.0    1129.2   4864.0 3997.7 512.0  446.8     585    1.083   0      0.000    1.083
51200.0 51200.0  0.0    0.0   102400.0 63444.5   102400.0    1129.2   4864.0 3997.7 512.0  446.8     586    1.084   0      0.000    1.084
51200.0 51200.0  0.0    0.0   102400.0 53204.5   102400.0    1129.2   4864.0 3997.7 512.0  446.8     587    1.085   0      0.000    1.085
51200.0 51200.0  0.0    0.0   102400.0 42964.5   102400.0    1129.2   4864.0 3997.7 512.0  446.8     588    1.086   0      0.000    1.086
51200.0 51200.0  0.0    0.0   102400.0 32724.4   102400.0    1129.2   4864.0 3997.7 512.0  446.8     589    1.086   0      0.000    1.086
51200.0 51200.0  0.0    0.0   102400.0 22484.4   102400.0    1129.2   4864.0 3997.7 512.0  446.8     590    1.087   0      0.000    1.087
51200.0 51200.0  0.0    0.0   102400.0 10240.0   102400.0    1129.2   4864.0 3997.7 512.0  446.8     591    1.088   0      0.000    1.088
51200.0 51200.0  0.0    0.0   102400.0 94164.5   102400.0    1129.2   4864.0 3997.7 512.0  446.8     591    1.088   0      0.000    1.088
51200.0 51200.0  0.0    0.0   102400.0 83924.5   102400.0    1129.2   4864.0 3997.7 512.0  446.8     592    1.089   0      0.000    1.089
51200.0 51200.0  0.0    0.0   102400.0 73684.5   102400.0    1129.2   4864.0 3997.7 512.0  446.8     593    1.090   0      0.000    1.090
51200.0 51200.0  0.0    0.0   102400.0 63444.5   102400.0    1129.2   4864.0 3997.7 512.0  446.8     594    1.091   0      0.000    1.091
51200.0 51200.0  0.0    0.0   102400.0 53204.5   102400.0    1129.2   4864.0 3997.7 512.0  446.8     595    1.091   0      0.000    1.091
51200.0 51200.0  0.0    0.0   102400.0 42964.5   102400.0    1129.2   4864.0 3997.7 512.0  446.8     596    1.092   0      0.000    1.092
51200.0 51200.0  0.0    0.0   102400.0 32724.4   102400.0    1129.2   4864.0 3997.7 512.0  446.8     597    1.093   0      0.000    1.093
51200.0 51200.0  0.0    0.0   102400.0 22484.4   102400.0    1129.2   4864.0 3997.7 512.0  446.8     598    1.094   0      0.000    1.094
51200.0 51200.0  0.0    0.0   102400.0 10240.0   102400.0    1129.2   4864.0 3997.7 512.0  446.8     599    1.095   0      0.000    1.095
51200.0 51200.0  0.0    0.0   102400.0 94164.5   102400.0    1129.2   4864.0 3997.7 512.0  446.8     599    1.095   0      0.000    1.095
51200.0 51200.0  0.0    0.0   102400.0 83924.5   102400.0    1129.2   4864.0 3997.7 512.0  446.8     600    1.096   0      0.000    1.096
51200.0 51200.0  0.0    0.0   102400.0   0.0     102400.0    1129.2   4864.0 3997.7 512.0  446.8     601    1.097   0      0.000    1.097
51200.0 51200.0  0.0    0.0   102400.0   0.0     102400.0    1129.2   4864.0 3997.7 512.0  446.8     602    1.097   0      0.000    1.097
51200.0 51200.0  0.0    0.0   102400.0 63444.5   102400.0    1129.2   4864.0 3997.7 512.0  446.8     602    1.097   0      0.000    1.097
51200.0 51200.0  0.0    0.0   102400.0 53204.5   102400.0    1129.2   4864.0 3997.7 512.0  446.8     603    1.098   0      0.000    1.098
51200.0 51200.0  0.0    0.0   102400.0 42964.5   102400.0    1129.2   4864.0 3997.7 512.0  446.8     604    1.099   0      0.000    1.099
51200.0 51200.0  0.0    0.0   102400.0 32724.4   102400.0    1129.2   4864.0 3997.7 512.0  446.8     605    1.100   0      0.000    1.100
51200.0 51200.0  0.0    0.0   102400.0 22484.4   102400.0    1129.2   4864.0 3997.7 512.0  446.8     606    1.101   0      0.000    1.101
51200.0 51200.0  0.0    0.0   102400.0 10240.0   102400.0    1129.2   4864.0 3997.7 512.0  446.8     607    1.101   0      0.000    1.101
51200.0 51200.0  0.0    0.0   102400.0 94164.5   102400.0    1129.2   4864.0 3997.7 512.0  446.8     607    1.101   0      0.000    1.101
51200.0 51200.0  0.0    0.0   102400.0 83924.5   102400.0    1129.2   4864.0 3997.7 512.0  446.8     608    1.102   0      0.000    1.102
51200.0 51200.0  0.0    0.0   102400.0 73684.5   102400.0    1129.2   4864.0 3997.7 512.0  446.8     609    1.103   0      0.000    1.103
51200.0 51200.0  0.0    0.0   102400.0 63444.5   102400.0    1129.2   4864.0 3997.7 512.0  446.8     610    1.104   0      0.000    1.104
51200.0 51200.0  0.0    0.0   102400.0 53204.5   102400.0    1129.2   4864.0 3997.7 512.0  446.8     611    1.104   0      0.000    1.104
51200.0 51200.0  0.0    0.0   102400.0 42964.5   102400.0    1129.2   4864.0 3997.7 512.0  446.8     612    1.105   0      0.000    1.105
51200.0 51200.0  0.0    0.0   102400.0 32724.4   102400.0    1129.2   4864.0 3997.7 512.0  446.8     613    1.106   0      0.000    1.106
51200.0 51200.0  0.0    0.0   102400.0 22484.4   102400.0    1129.2   4864.0 3997.7 512.0  446.8     614    1.107   0      0.000    1.107
51200.0 51200.0  0.0    0.0   102400.0 10240.0   102400.0    1129.2   4864.0 3997.7 512.0  446.8     615    1.108   0      0.000    1.108
51200.0 51200.0  0.0    0.0   102400.0 94164.5   102400.0    1129.2   4864.0 3997.7 512.0  446.8     615    1.108   0      0.000    1.108
51200.0 51200.0  0.0    0.0   102400.0 83924.5   102400.0    1129.2   4864.0 3997.7 512.0  446.8     616    1.109   0      0.000    1.109
51200.0 51200.0  0.0    0.0   102400.0 73684.5   102400.0    1129.2   4864.0 3997.7 512.0  446.8     617    1.110   0      0.000    1.110
51200.0 51200.0  0.0    0.0   102400.0 63444.5   102400.0    1129.2   4864.0 3997.7 512.0  446.8     618    1.111   0      0.000    1.111
51200.0 51200.0  0.0    0.0   102400.0 53204.5   102400.0    1129.2   4864.0 3997.7 512.0  446.8     619    1.111   0      0.000    1.111
51200.0 51200.0  0.0    0.0   102400.0 42964.5   102400.0    1129.2   4864.0 3997.7 512.0  446.8     620    1.112   0      0.000    1.112
51200.0 51200.0  0.0    0.0   102400.0 32724.4   102400.0    1129.2   4864.0 3997.7 512.0  446.8     621    1.113   0      0.000    1.113
51200.0 51200.0  0.0    0.0   102400.0 22484.4   102400.0    1129.2   4864.0 3997.7 512.0  446.8     622    1.113   0      0.000    1.113
51200.0 51200.0  0.0    0.0   102400.0 10240.0   102400.0    1129.2   4864.0 3997.7 512.0  446.8     623    1.113   0      0.000    1.113
51200.0 51200.0  0.0    0.0   102400.0 94164.5   102400.0    1129.2   4864.0 3997.7 512.0  446.8     623    1.113   0      0.000    1.113
51200.0 51200.0  0.0    0.0   102400.0 83924.5   102400.0    1129.2   4864.0 3997.7 512.0  446.8     624    1.114   0      0.000    1.114
51200.0 51200.0  0.0    0.0   102400.0 73684.5   102400.0    1129.2   4864.0 3997.7 512.0  446.8     625    1.115   0      0.000    1.115
51200.0 51200.0  0.0    0.0   102400.0 63444.5   102400.0    1129.2   4864.0 3997.7 512.0  446.8     626    1.116   0      0.000    1.116
51200.0 51200.0  0.0    0.0   102400.0 53204.5   102400.0    1129.2   4864.0 3997.7 512.0  446.8     627    1.117   0      0.000    1.117
51200.0 51200.0  0.0    0.0   102400.0 42964.5   102400.0    1129.2   4864.0 3997.7 512.0  446.8     628    1.117   0      0.000    1.117
51200.0 51200.0  0.0    0.0   102400.0 32724.4   102400.0    1129.2   4864.0 3997.7 512.0  446.8     629    1.118   0      0.000    1.118
51200.0 51200.0  0.0    0.0   102400.0 22484.4   102400.0    1129.2   4864.0 3997.7 512.0  446.8     630    1.119   0      0.000    1.119
51200.0 51200.0  0.0    0.0   102400.0 10240.0   102400.0    1129.2   4864.0 3997.7 512.0  446.8     631    1.120   0      0.000    1.120
51200.0 51200.0  0.0    0.0   102400.0 94164.5   102400.0    1129.2   4864.0 3997.7 512.0  446.8     631    1.120   0      0.000    1.120
51200.0 51200.0  0.0    0.0   102400.0 83924.5   102400.0    1129.2   4864.0 3997.7 512.0  446.8     632    1.121   0      0.000    1.121
51200.0 51200.0  0.0    0.0   102400.0 73684.5   102400.0    1129.2   4864.0 3997.7 512.0  446.8     633    1.122   0      0.000    1.122
51200.0 51200.0  0.0    0.0   102400.0 63444.5   102400.0    1129.2   4864.0 3997.7 512.0  446.8     634    1.123   0      0.000    1.123
51200.0 51200.0  0.0    0.0   102400.0 53204.5   102400.0    1129.2   4864.0 3997.7 512.0  446.8     635    1.124   0      0.000    1.124
51200.0 51200.0  0.0    0.0   102400.0 42964.5   102400.0    1129.2   4864.0 3997.7 512.0  446.8     636    1.125   0      0.000    1.125
51200.0 51200.0  0.0    0.0   102400.0 32724.4   102400.0    1129.2   4864.0 3997.7 512.0  446.8     637    1.126   0      0.000    1.126
51200.0 51200.0  0.0    0.0   102400.0 22484.4   102400.0    1129.2   4864.0 3997.7 512.0  446.8     638    1.127   0      0.000    1.127
51200.0 51200.0  0.0    0.0   102400.0 10240.0   102400.0    1129.2   4864.0 3997.7 512.0  446.8     639    1.128   0      0.000    1.128
51200.0 51200.0  0.0    0.0   102400.0 94164.5   102400.0    1129.2   4864.0 3997.7 512.0  446.8     639    1.128   0      0.000    1.128
51200.0 51200.0  0.0    0.0   102400.0 83924.5   102400.0    1129.2   4864.0 3997.7 512.0  446.8     640    1.128   0      0.000    1.128
51200.0 51200.0  0.0    0.0   102400.0 73684.5   102400.0    1129.2   4864.0 3997.7 512.0  446.8     641    1.129   0      0.000    1.129
51200.0 51200.0  0.0    0.0   102400.0 63444.5   102400.0    1129.2   4864.0 3997.7 512.0  446.8     642    1.130   0      0.000    1.130
51200.0 51200.0  0.0    0.0   102400.0 53204.5   102400.0    1129.2   4864.0 3997.7 512.0  446.8     643    1.131   0      0.000    1.131
51200.0 51200.0  0.0    0.0   102400.0 42964.5   102400.0    1129.2   4864.0 3997.7 512.0  446.8     644    1.132   0      0.000    1.132
51200.0 51200.0  0.0    0.0   102400.0 32724.4   102400.0    1129.2   4864.0 3997.7 512.0  446.8     645    1.132   0      0.000    1.132
51200.0 51200.0  0.0    0.0   102400.0 22484.4   102400.0    1129.2   4864.0 3997.7 512.0  446.8     646    1.133   0      0.000    1.133
51200.0 51200.0  0.0    0.0   102400.0 10240.0   102400.0    1129.2   4864.0 3997.7 512.0  446.8     647    1.134   0      0.000    1.134
51200.0 51200.0  0.0    0.0   102400.0 94164.5   102400.0    1129.2   4864.0 3997.7 512.0  446.8     647    1.134   0      0.000    1.134
51200.0 51200.0  0.0    0.0   102400.0 83924.5   102400.0    1129.2   4864.0 3997.7 512.0  446.8     648    1.135   0      0.000    1.135
51200.0 51200.0  0.0    0.0   102400.0 73684.5   102400.0    1129.2   4864.0 3997.7 512.0  446.8     649    1.135   0      0.000    1.135
51200.0 51200.0  0.0    0.0   102400.0 63444.5   102400.0    1129.2   4864.0 3997.7 512.0  446.8     650    1.136   0      0.000    1.136
51200.0 51200.0  0.0    0.0   102400.0 53204.5   102400.0    1129.2   4864.0 3997.7 512.0  446.8     651    1.137   0      0.000    1.137
51200.0 51200.0  0.0    0.0   102400.0 42964.5   102400.0    1129.2   4864.0 3997.7 512.0  446.8     652    1.138   0      0.000    1.138
51200.0 51200.0  0.0    0.0   102400.0 32724.4   102400.0    1129.2   4864.0 3997.7 512.0  446.8     653    1.139   0      0.000    1.139
51200.0 51200.0  0.0    0.0   102400.0 22484.4   102400.0    1129.2   4864.0 3997.7 512.0  446.8     654    1.140   0      0.000    1.140
51200.0 51200.0  0.0    0.0   102400.0 10240.0   102400.0    1129.2   4864.0 3997.7 512.0  446.8     655    1.140   0      0.000    1.140
51200.0 51200.0  0.0    0.0   102400.0 94164.5   102400.0    1129.2   4864.0 3997.7 512.0  446.8     655    1.140   0      0.000    1.140
51200.0 51200.0  0.0    0.0   102400.0 83924.5   102400.0    1129.2   4864.0 3997.7 512.0  446.8     656    1.142   0      0.000    1.142
51200.0 51200.0  0.0    0.0   102400.0 73684.5   102400.0    1129.2   4864.0 3997.7 512.0  446.8     657    1.142   0      0.000    1.142
51200.0 51200.0  0.0    0.0   102400.0 63444.5   102400.0    1129.2   4864.0 3997.7 512.0  446.8     658    1.143   0      0.000    1.143
51200.0 51200.0  0.0    0.0   102400.0 53204.5   102400.0    1129.2   4864.0 3997.7 512.0  446.8     659    1.144   0      0.000    1.144
51200.0 51200.0  0.0    0.0   102400.0 42964.5   102400.0    1129.2   4864.0 3997.7 512.0  446.8     660    1.145   0      0.000    1.145
51200.0 51200.0  0.0    0.0   102400.0 32724.4   102400.0    1129.2   4864.0 3997.7 512.0  446.8     661    1.146   0      0.000    1.146
51200.0 51200.0  0.0    0.0   102400.0 22484.4   102400.0    1129.2   4864.0 3997.7 512.0  446.8     662    1.147   0      0.000    1.147
51200.0 51200.0  0.0    0.0   102400.0 10240.0   102400.0    1129.2   4864.0 3997.7 512.0  446.8     663    1.148   0      0.000    1.148
51200.0 51200.0  0.0    0.0   102400.0 94164.5   102400.0    1129.2   4864.0 3997.7 512.0  446.8     663    1.148   0      0.000    1.148
51200.0 51200.0  0.0    0.0   102400.0   0.0     102400.0    1129.2   4864.0 3997.7 512.0  446.8     664    1.149   0      0.000    1.149
51200.0 51200.0  0.0    0.0   102400.0   0.0     102400.0    1129.2   4864.0 3997.7 512.0  446.8     665    1.150   0      0.000    1.150
51200.0 51200.0  0.0    0.0   102400.0   0.0     102400.0    1129.2   4864.0 3997.7 512.0  446.8     666    1.150   0      0.000    1.150
51200.0 51200.0  0.0    0.0   102400.0 63444.5   102400.0    1129.2   4864.0 3997.7 512.0  446.8     666    1.150   0      0.000    1.150
51200.0 51200.0  0.0    0.0   102400.0 53204.5   102400.0    1129.2   4864.0 3997.7 512.0  446.8     667    1.151   0      0.000    1.151
51200.0 51200.0  0.0    0.0   102400.0 42964.5   102400.0    1129.2   4864.0 3997.7 512.0  446.8     668    1.151   0      0.000    1.151
51200.0 51200.0  0.0    0.0   102400.0 32724.4   102400.0    1129.2   4864.0 3997.7 512.0  446.8     669    1.152   0      0.000    1.152
51200.0 51200.0  0.0    0.0   102400.0 22484.4   102400.0    1129.2   4864.0 3997.7 512.0  446.8     670    1.153   0      0.000    1.153
51200.0 51200.0  0.0    0.0   102400.0 10240.0   102400.0    1129.2   4864.0 3997.7 512.0  446.8     671    1.154   0      0.000    1.154
51200.0 51200.0  0.0    0.0   102400.0 94164.5   102400.0    1129.2   4864.0 3997.7 512.0  446.8     671    1.154   0      0.000    1.154
51200.0 51200.0  0.0    0.0   102400.0 83924.5   102400.0    1129.2   4864.0 3997.7 512.0  446.8     672    1.154   0      0.000    1.154
51200.0 51200.0  0.0    0.0   102400.0 73684.5   102400.0    1129.2   4864.0 3997.7 512.0  446.8     673    1.155   0      0.000    1.155
51200.0 51200.0  0.0    0.0   102400.0 63444.5   102400.0    1129.2   4864.0 3997.7 512.0  446.8     674    1.155   0      0.000    1.155
51200.0 51200.0  0.0    0.0   102400.0 53204.5   102400.0    1129.2   4864.0 3997.7 512.0  446.8     675    1.156   0      0.000    1.156
51200.0 51200.0  0.0    0.0   102400.0 42964.5   102400.0    1129.2   4864.0 3997.7 512.0  446.8     676    1.157   0      0.000    1.157
51200.0 51200.0  0.0    0.0   102400.0 32724.4   102400.0    1129.2   4864.0 3997.7 512.0  446.8     677    1.158   0      0.000    1.158
51200.0 51200.0  0.0    0.0   102400.0 22484.4   102400.0    1129.2   4864.0 3997.7 512.0  446.8     678    1.159   0      0.000    1.159
51200.0 51200.0  0.0    0.0   102400.0 10240.0   102400.0    1129.2   4864.0 3997.7 512.0  446.8     679    1.159   0      0.000    1.159
51200.0 51200.0  0.0    0.0   102400.0 94164.5   102400.0    1129.2   4864.0 3997.7 512.0  446.8     679    1.159   0      0.000    1.159
51200.0 51200.0  0.0    0.0   102400.0 83924.5   102400.0    1129.2   4864.0 3997.7 512.0  446.8     680    1.160   0      0.000    1.160
51200.0 51200.0  0.0    0.0   102400.0 73684.5   102400.0    1129.2   4864.0 3997.7 512.0  446.8     681    1.161   0      0.000    1.161
51200.0 51200.0  0.0    0.0   102400.0 63444.5   102400.0    1129.2   4864.0 3997.7 512.0  446.8     682    1.161   0      0.000    1.161
51200.0 51200.0  0.0    0.0   102400.0 53204.5   102400.0    1129.2   4864.0 3997.7 512.0  446.8     683    1.162   0      0.000    1.162
51200.0 51200.0  0.0    0.0   102400.0 42964.5   102400.0    1129.2   4864.0 3997.7 512.0  446.8     684    1.163   0      0.000    1.163
51200.0 51200.0  0.0    0.0   102400.0 32724.4   102400.0    1129.2   4864.0 3997.7 512.0  446.8     685    1.164   0      0.000    1.164
51200.0 51200.0  0.0    0.0   102400.0 22484.4   102400.0    1129.2   4864.0 3997.7 512.0  446.8     686    1.165   0      0.000    1.165
51200.0 51200.0  0.0    0.0   102400.0 10240.0   102400.0    1129.2   4864.0 3997.7 512.0  446.8     687    1.165   0      0.000    1.165
51200.0 51200.0  0.0    0.0   102400.0 94164.5   102400.0    1129.2   4864.0 3997.7 512.0  446.8     687    1.165   0      0.000    1.165
51200.0 51200.0  0.0    0.0   102400.0 83924.5   102400.0    1129.2   4864.0 3997.7 512.0  446.8     688    1.166   0      0.000    1.166
51200.0 51200.0  0.0    0.0   102400.0 73684.5   102400.0    1129.2   4864.0 3997.7 512.0  446.8     689    1.167   0      0.000    1.167
51200.0 51200.0  0.0    0.0   102400.0 63444.5   102400.0    1129.2   4864.0 3997.7 512.0  446.8     690    1.168   0      0.000    1.168
51200.0 51200.0  0.0    0.0   102400.0 53204.5   102400.0    1129.2   4864.0 3997.7 512.0  446.8     691    1.168   0      0.000    1.168
51200.0 51200.0  0.0    0.0   102400.0 42964.5   102400.0    1129.2   4864.0 3997.7 512.0  446.8     692    1.169   0      0.000    1.169
51200.0 51200.0  0.0    0.0   102400.0 32724.4   102400.0    1129.2   4864.0 3997.7 512.0  446.8     693    1.169   0      0.000    1.169
51200.0 51200.0  0.0    0.0   102400.0 22484.4   102400.0    1129.2   4864.0 3997.7 512.0  446.8     694    1.170   0      0.000    1.170
51200.0 51200.0  0.0    0.0   102400.0 10240.0   102400.0    1129.2   4864.0 3997.7 512.0  446.8     695    1.170   0      0.000    1.170
51200.0 51200.0  0.0    0.0   102400.0 94164.5   102400.0    1129.2   4864.0 3997.7 512.0  446.8     695    1.170   0      0.000    1.170
51200.0 51200.0  0.0    0.0   102400.0 83924.5   102400.0    1129.2   4864.0 3997.7 512.0  446.8     696    1.171   0      0.000    1.171
51200.0 51200.0  0.0    0.0   102400.0 73684.5   102400.0    1129.2   4864.0 3997.7 512.0  446.8     697    1.171   0      0.000    1.171
51200.0 51200.0  0.0    0.0   102400.0 63444.5   102400.0    1129.2   4864.0 3997.7 512.0  446.8     698    1.172   0      0.000    1.172
51200.0 51200.0  0.0    0.0   102400.0 53204.5   102400.0    1129.2   4864.0 3997.7 512.0  446.8     699    1.173   0      0.000    1.173
51200.0 51200.0  0.0    0.0   102400.0 42964.5   102400.0    1129.2   4864.0 3997.7 512.0  446.8     700    1.174   0      0.000    1.174
51200.0 51200.0  0.0    0.0   102400.0 32724.4   102400.0    1129.2   4864.0 3997.7 512.0  446.8     701    1.175   0      0.000    1.175
51200.0 51200.0  0.0    0.0   102400.0 22484.4   102400.0    1129.2   4864.0 3997.7 512.0  446.8     702    1.175   0      0.000    1.175
51200.0 51200.0  0.0    0.0   102400.0 10240.0   102400.0    1129.2   4864.0 3997.7 512.0  446.8     703    1.176   0      0.000    1.176
51200.0 51200.0  0.0    0.0   102400.0 94164.5   102400.0    1129.2   4864.0 3997.7 512.0  446.8     703    1.176   0      0.000    1.176
51200.0 51200.0  0.0    0.0   102400.0 83924.5   102400.0    1129.2   4864.0 3997.7 512.0  446.8     704    1.177   0      0.000    1.177
51200.0 51200.0  0.0    0.0   102400.0 73684.5   102400.0    1129.2   4864.0 3997.7 512.0  446.8     705    1.177   0      0.000    1.177
51200.0 51200.0  0.0    0.0   102400.0 63444.5   102400.0    1129.2   4864.0 3997.7 512.0  446.8     706    1.178   0      0.000    1.178
51200.0 51200.0  0.0    0.0   102400.0 53204.5   102400.0    1129.2   4864.0 3997.7 512.0  446.8     707    1.179   0      0.000    1.179
51200.0 51200.0  0.0    0.0   102400.0 42964.5   102400.0    1129.2   4864.0 3997.7 512.0  446.8     708    1.180   0      0.000    1.180
51200.0 51200.0  0.0    0.0   102400.0 32724.4   102400.0    1129.2   4864.0 3997.7 512.0  446.8     709    1.181   0      0.000    1.181
51200.0 51200.0  0.0    0.0   102400.0 22484.4   102400.0    1129.2   4864.0 3997.7 512.0  446.8     710    1.181   0      0.000    1.181
51200.0 51200.0  0.0    0.0   102400.0 10240.0   102400.0    1129.2   4864.0 3997.7 512.0  446.8     711    1.182   0      0.000    1.182
51200.0 51200.0  0.0    0.0   102400.0 94164.5   102400.0    1129.2   4864.0 3997.7 512.0  446.8     711    1.182   0      0.000    1.182
51200.0 51200.0  0.0    0.0   102400.0 83924.5   102400.0    1129.2   4864.0 3997.7 512.0  446.8     712    1.183   0      0.000    1.183
51200.0 51200.0  0.0    0.0   102400.0 73684.5   102400.0    1129.2   4864.0 3997.7 512.0  446.8     713    1.184   0      0.000    1.184
51200.0 51200.0  0.0    0.0   102400.0 63444.5   102400.0    1129.2   4864.0 3997.7 512.0  446.8     714    1.185   0      0.000    1.185
51200.0 51200.0  0.0    0.0   102400.0 53204.5   102400.0    1129.2   4864.0 3997.7 512.0  446.8     715    1.185   0      0.000    1.185
51200.0 51200.0  0.0    0.0   102400.0 42964.5   102400.0    1129.2   4864.0 3997.7 512.0  446.8     716    1.186   0      0.000    1.186
51200.0 51200.0  0.0    0.0   102400.0 32724.4   102400.0    1129.2   4864.0 3997.7 512.0  446.8     717    1.187   0      0.000    1.187
51200.0 51200.0  0.0    0.0   102400.0 22484.4   102400.0    1129.2   4864.0 3997.7 512.0  446.8     718    1.188   0      0.000    1.188
51200.0 51200.0  0.0    0.0   102400.0 10240.0   102400.0    1129.2   4864.0 3997.7 512.0  446.8     719    1.188   0      0.000    1.188
51200.0 51200.0  0.0    0.0   102400.0 94164.5   102400.0    1129.2   4864.0 3997.7 512.0  446.8     719    1.188   0      0.000    1.188
51200.0 51200.0  0.0    0.0   102400.0 83924.5   102400.0    1129.2   4864.0 3997.7 512.0  446.8     720    1.189   0      0.000    1.189
51200.0 51200.0  0.0    0.0   102400.0 73684.5   102400.0    1129.2   4864.0 3997.7 512.0  446.8     721    1.190   0      0.000    1.190
51200.0 51200.0  0.0    0.0   102400.0 63444.5   102400.0    1129.2   4864.0 3997.7 512.0  446.8     722    1.191   0      0.000    1.191
51200.0 51200.0  0.0    0.0   102400.0 53204.5   102400.0    1129.2   4864.0 3997.7 512.0  446.8     723    1.192   0      0.000    1.192
51200.0 51200.0  0.0    0.0   102400.0 42964.5   102400.0    1129.2   4864.0 3997.7 512.0  446.8     724    1.193   0      0.000    1.193
51200.0 51200.0  0.0    0.0   102400.0 32724.4   102400.0    1129.2   4864.0 3997.7 512.0  446.8     725    1.194   0      0.000    1.194
51200.0 51200.0  0.0    0.0   102400.0   0.0     102400.0    1129.2   4864.0 3997.7 512.0  446.8     726    1.195   0      0.000    1.195
51200.0 51200.0  0.0    0.0   102400.0   0.0     102400.0    1129.2   4864.0 3997.7 512.0  446.8     727    1.196   0      0.000    1.196
51200.0 51200.0  0.0    0.0   102400.0 32724.4   102400.0    1129.2   4864.0 3997.7 512.0  446.8     727    1.196   0      0.000    1.196
51200.0 51200.0  0.0    0.0   102400.0 94164.5   102400.0    1129.2   4864.0 3997.7 512.0  446.8     727    1.196   0      0.000    1.196
51200.0 51200.0  0.0    0.0   102400.0 83924.5   102400.0    1129.2   4864.0 3997.7 512.0  446.8     728    1.196   0      0.000    1.196
51200.0 51200.0  0.0    0.0   102400.0 73684.5   102400.0    1129.2   4864.0 3997.7 512.0  446.8     729    1.197   0      0.000    1.197
51200.0 51200.0  0.0    0.0   102400.0 63444.5   102400.0    1129.2   4864.0 3997.7 512.0  446.8     730    1.198   0      0.000    1.198
51200.0 51200.0  0.0    0.0   102400.0 53204.5   102400.0    1129.2   4864.0 3997.7 512.0  446.8     731    1.199   0      0.000    1.199
51200.0 51200.0  0.0    0.0   102400.0 42964.5   102400.0    1129.2   4864.0 3997.7 512.0  446.8     732    1.200   0      0.000    1.200
51200.0 51200.0  0.0    0.0   102400.0 32724.4   102400.0    1129.2   4864.0 3997.7 512.0  446.8     733    1.200   0      0.000    1.200
51200.0 51200.0  0.0    0.0   102400.0 22484.4   102400.0    1129.2   4864.0 3997.7 512.0  446.8     734    1.201   0      0.000    1.201
51200.0 51200.0  0.0    0.0   102400.0 10240.0   102400.0    1129.2   4864.0 3997.7 512.0  446.8     735    1.202   0      0.000    1.202
51200.0 51200.0  0.0    0.0   102400.0 94164.5   102400.0    1129.2   4864.0 3997.7 512.0  446.8     735    1.202   0      0.000    1.202
51200.0 51200.0  0.0    0.0   102400.0 83924.5   102400.0    1129.2   4864.0 3997.7 512.0  446.8     736    1.203   0      0.000    1.203
51200.0 51200.0  0.0    0.0   102400.0 73684.5   102400.0    1129.2   4864.0 3997.7 512.0  446.8     737    1.204   0      0.000    1.204
51200.0 51200.0  0.0    0.0   102400.0 63444.5   102400.0    1129.2   4864.0 3997.7 512.0  446.8     738    1.204   0      0.000    1.204
51200.0 51200.0  0.0    0.0   102400.0 53204.5   102400.0    1129.2   4864.0 3997.7 512.0  446.8     739    1.205   0      0.000    1.205
51200.0 51200.0  0.0    0.0   102400.0 42964.5   102400.0    1129.2   4864.0 3997.7 512.0  446.8     740    1.206   0      0.000    1.206
51200.0 51200.0  0.0    0.0   102400.0 32724.4   102400.0    1129.2   4864.0 3997.7 512.0  446.8     741    1.207   0      0.000    1.207
51200.0 51200.0  0.0    0.0   102400.0 22484.4   102400.0    1129.2   4864.0 3997.7 512.0  446.8     742    1.208   0      0.000    1.208
51200.0 51200.0  0.0    0.0   102400.0 10240.0   102400.0    1129.2   4864.0 3997.7 512.0  446.8     743    1.208   0      0.000    1.208
51200.0 51200.0  0.0    0.0   102400.0 94164.5   102400.0    1129.2   4864.0 3997.7 512.0  446.8     743    1.208   0      0.000    1.208
51200.0 51200.0  0.0    0.0   102400.0 83924.5   102400.0    1129.2   4864.0 3997.7 512.0  446.8     744    1.209   0      0.000    1.209
51200.0 51200.0  0.0    0.0   102400.0 73684.5   102400.0    1129.2   4864.0 3997.7 512.0  446.8     745    1.209   0      0.000    1.209
51200.0 51200.0  0.0    0.0   102400.0 63444.5   102400.0    1129.2   4864.0 3997.7 512.0  446.8     746    1.210   0      0.000    1.210
51200.0 51200.0  0.0    0.0   102400.0 53204.5   102400.0    1129.2   4864.0 3997.7 512.0  446.8     747    1.211   0      0.000    1.211
51200.0 51200.0  0.0    0.0   102400.0 42964.5   102400.0    1129.2   4864.0 3997.7 512.0  446.8     748    1.212   0      0.000    1.212
51200.0 51200.0  0.0    0.0   102400.0 32724.4   102400.0    1129.2   4864.0 3997.7 512.0  446.8     749    1.213   0      0.000    1.213
51200.0 51200.0  0.0    0.0   102400.0 22484.4   102400.0    1129.2   4864.0 3997.7 512.0  446.8     750    1.214   0      0.000    1.214
51200.0 51200.0  0.0    0.0   102400.0 10240.0   102400.0    1129.2   4864.0 3997.7 512.0  446.8     751    1.214   0      0.000    1.214
51200.0 51200.0  0.0    0.0   102400.0 94164.5   102400.0    1129.2   4864.0 3997.7 512.0  446.8     751    1.214   0      0.000    1.214
51200.0 51200.0  0.0    0.0   102400.0 83924.5   102400.0    1129.2   4864.0 3997.7 512.0  446.8     752    1.215   0      0.000    1.215
51200.0 51200.0  0.0    0.0   102400.0 73684.5   102400.0    1129.2   4864.0 3997.7 512.0  446.8     753    1.216   0      0.000    1.216
51200.0 51200.0  0.0    0.0   102400.0 63444.5   102400.0    1129.2   4864.0 3997.7 512.0  446.8     754    1.217   0      0.000    1.217
51200.0 51200.0  0.0    0.0   102400.0 53204.5   102400.0    1129.2   4864.0 3997.7 512.0  446.8     755    1.217   0      0.000    1.217
51200.0 51200.0  0.0    0.0   102400.0 42964.5   102400.0    1129.2   4864.0 3997.7 512.0  446.8     756    1.217   0      0.000    1.217
51200.0 51200.0  0.0    0.0   102400.0 32724.4   102400.0    1129.2   4864.0 3997.7 512.0  446.8     757    1.218   0      0.000    1.218
51200.0 51200.0  0.0    0.0   102400.0 22484.4   102400.0    1129.2   4864.0 3997.7 512.0  446.8     758    1.219   0      0.000    1.219
51200.0 51200.0  0.0    0.0   102400.0 10240.0   102400.0    1129.2   4864.0 3997.7 512.0  446.8     759    1.219   0      0.000    1.219
51200.0 51200.0  0.0    0.0   102400.0 94164.5   102400.0    1129.2   4864.0 3997.7 512.0  446.8     759    1.219   0      0.000    1.219
51200.0 51200.0  0.0    0.0   102400.0 83924.5   102400.0    1129.2   4864.0 3997.7 512.0  446.8     760    1.221   0      0.000    1.221
51200.0 51200.0  0.0    0.0   102400.0 73684.5   102400.0    1129.2   4864.0 3997.7 512.0  446.8     761    1.221   0      0.000    1.221
51200.0 51200.0  0.0    0.0   102400.0 63444.5   102400.0    1129.2   4864.0 3997.7 512.0  446.8     762    1.222   0      0.000    1.222
51200.0 51200.0  0.0    0.0   102400.0 53204.5   102400.0    1129.2   4864.0 3997.7 512.0  446.8     763    1.223   0      0.000    1.223
51200.0 51200.0  0.0    0.0   102400.0 42964.5   102400.0    1129.2   4864.0 3997.7 512.0  446.8     764    1.223   0      0.000    1.223
51200.0 51200.0  0.0    0.0   102400.0 32724.4   102400.0    1129.2   4864.0 3997.7 512.0  446.8     765    1.224   0      0.000    1.224
51200.0 51200.0  0.0    0.0   102400.0 22484.4   102400.0    1129.2   4864.0 3997.7 512.0  446.8     766    1.225   0      0.000    1.225
51200.0 51200.0  0.0    0.0   102400.0 10240.0   102400.0    1129.2   4864.0 3997.7 512.0  446.8     767    1.226   0      0.000    1.226
51200.0 51200.0  0.0    0.0   102400.0 94164.5   102400.0    1129.2   4864.0 3997.7 512.0  446.8     767    1.226   0      0.000    1.226
51200.0 51200.0  0.0    0.0   102400.0 83924.5   102400.0    1129.2   4864.0 3997.7 512.0  446.8     768    1.227   0      0.000    1.227
51200.0 51200.0  0.0    0.0   102400.0 73684.5   102400.0    1129.2   4864.0 3997.7 512.0  446.8     769    1.227   0      0.000    1.227
51200.0 51200.0  0.0    0.0   102400.0 63444.5   102400.0    1129.2   4864.0 3997.7 512.0  446.8     770    1.228   0      0.000    1.228
51200.0 51200.0  0.0    0.0   102400.0 53204.5   102400.0    1129.2   4864.0 3997.7 512.0  446.8     771    1.229   0      0.000    1.229
51200.0 51200.0  0.0    0.0   102400.0 42964.5   102400.0    1129.2   4864.0 3997.7 512.0  446.8     772    1.230   0      0.000    1.230
51200.0 51200.0  0.0    0.0   102400.0 32724.4   102400.0    1129.2   4864.0 3997.7 512.0  446.8     773    1.230   0      0.000    1.230
51200.0 51200.0  0.0    0.0   102400.0 22484.4   102400.0    1129.2   4864.0 3997.7 512.0  446.8     774    1.231   0      0.000    1.231
51200.0 51200.0  0.0    0.0   102400.0 10240.0   102400.0    1129.2   4864.0 3997.7 512.0  446.8     775    1.232   0      0.000    1.232
51200.0 51200.0  0.0    0.0   102400.0 94164.5   102400.0    1129.2   4864.0 3997.7 512.0  446.8     775    1.232   0      0.000    1.232
51200.0 51200.0  0.0    0.0   102400.0 83924.5   102400.0    1129.2   4864.0 3997.7 512.0  446.8     776    1.233   0      0.000    1.233
51200.0 51200.0  0.0    0.0   102400.0 73684.5   102400.0    1129.2   4864.0 3997.7 512.0  446.8     777    1.234   0      0.000    1.234
51200.0 51200.0  0.0    0.0   102400.0 63444.5   102400.0    1129.2   4864.0 3997.7 512.0  446.8     778    1.234   0      0.000    1.234
51200.0 51200.0  0.0    0.0   102400.0 53204.5   102400.0    1129.2   4864.0 3997.7 512.0  446.8     779    1.235   0      0.000    1.235
51200.0 51200.0  0.0    0.0   102400.0 42964.5   102400.0    1129.2   4864.0 3997.7 512.0  446.8     780    1.236   0      0.000    1.236
51200.0 51200.0  0.0    0.0   102400.0 32724.4   102400.0    1129.2   4864.0 3997.7 512.0  446.8     781    1.236   0      0.000    1.236
51200.0 51200.0  0.0    0.0   102400.0 22484.4   102400.0    1129.2   4864.0 3997.7 512.0  446.8     782    1.237   0      0.000    1.237
51200.0 51200.0  0.0    0.0   102400.0 10240.0   102400.0    1129.2   4864.0 3997.7 512.0  446.8     783    1.238   0      0.000    1.238
51200.0 51200.0  0.0    0.0   102400.0 94164.5   102400.0    1129.2   4864.0 3997.7 512.0  446.8     783    1.238   0      0.000    1.238
51200.0 51200.0  0.0    0.0   102400.0 83924.5   102400.0    1129.2   4864.0 3997.7 512.0  446.8     784    1.239   0      0.000    1.239
51200.0 51200.0  0.0    0.0   102400.0 73684.5   102400.0    1129.2   4864.0 3997.7 512.0  446.8     785    1.240   0      0.000    1.240
51200.0 51200.0  0.0    0.0   102400.0 63444.5   102400.0    1129.2   4864.0 3997.7 512.0  446.8     786    1.240   0      0.000    1.240
51200.0 51200.0  0.0    0.0   102400.0 53204.5   102400.0    1129.2   4864.0 3997.7 512.0  446.8     787    1.241   0      0.000    1.241
51200.0 51200.0  0.0    0.0   102400.0 42964.5   102400.0    1129.2   4864.0 3997.7 512.0  446.8     788    1.242   0      0.000    1.242
51200.0 51200.0  0.0    0.0   102400.0 32724.4   102400.0    1129.2   4864.0 3997.7 512.0  446.8     789    1.242   0      0.000    1.242
51200.0 51200.0  0.0    0.0   102400.0 32724.4   102400.0    1129.2   4864.0 3997.7 512.0  446.8     789    1.242   0      0.000    1.242
51200.0 51200.0  0.0    0.0   102400.0 22484.4   102400.0    1129.2   4864.0 3997.7 512.0  446.8     790    1.243   0      0.000    1.243
51200.0 51200.0  0.0    0.0   102400.0 10240.0   102400.0    1129.2   4864.0 3997.7 512.0  446.8     791    1.244   0      0.000    1.244
51200.0 51200.0  0.0    0.0   102400.0 94164.5   102400.0    1129.2   4864.0 3997.7 512.0  446.8     791    1.244   0      0.000    1.244
51200.0 51200.0  0.0    0.0   102400.0 83924.5   102400.0    1129.2   4864.0 3997.7 512.0  446.8     792    1.245   0      0.000    1.245
51200.0 51200.0  0.0    0.0   102400.0 73684.5   102400.0    1129.2   4864.0 3997.7 512.0  446.8     793    1.246   0      0.000    1.246
51200.0 51200.0  0.0    0.0   102400.0 63444.5   102400.0    1129.2   4864.0 3997.7 512.0  446.8     794    1.247   0      0.000    1.247
51200.0 51200.0  0.0    0.0   102400.0 53204.5   102400.0    1129.2   4864.0 3997.7 512.0  446.8     795    1.248   0      0.000    1.248
51200.0 51200.0  0.0    0.0   102400.0 42964.5   102400.0    1129.2   4864.0 3997.7 512.0  446.8     796    1.249   0      0.000    1.249
51200.0 51200.0  0.0    0.0   102400.0 32724.4   102400.0    1129.2   4864.0 3997.7 512.0  446.8     797    1.249   0      0.000    1.249
51200.0 51200.0  0.0    0.0   102400.0 22484.4   102400.0    1129.2   4864.0 3997.7 512.0  446.8     798    1.250   0      0.000    1.250
51200.0 51200.0  0.0    0.0   102400.0 10240.0   102400.0    1129.2   4864.0 3997.7 512.0  446.8     799    1.251   0      0.000    1.251
51200.0 51200.0  0.0    0.0   102400.0 94164.5   102400.0    1129.2   4864.0 3997.7 512.0  446.8     799    1.251   0      0.000    1.251
51200.0 51200.0  0.0    0.0   102400.0 83924.5   102400.0    1129.2   4864.0 3997.7 512.0  446.8     800    1.252   0      0.000    1.252
51200.0 51200.0  0.0    0.0   102400.0 73684.5   102400.0    1129.2   4864.0 3997.7 512.0  446.8     801    1.253   0      0.000    1.253
51200.0 51200.0  0.0    0.0   102400.0 63444.5   102400.0    1129.2   4864.0 3997.7 512.0  446.8     802    1.253   0      0.000    1.253
51200.0 51200.0  0.0    0.0   102400.0 53204.5   102400.0    1129.2   4864.0 3997.7 512.0  446.8     803    1.254   0      0.000    1.254
51200.0 51200.0  0.0    0.0   102400.0 42964.5   102400.0    1129.2   4864.0 3997.7 512.0  446.8     804    1.255   0      0.000    1.255
51200.0 51200.0  0.0    0.0   102400.0 32724.4   102400.0    1129.2   4864.0 3997.7 512.0  446.8     805    1.256   0      0.000    1.256
51200.0 51200.0  0.0    0.0   102400.0 22484.4   102400.0    1129.2   4864.0 3997.7 512.0  446.8     806    1.257   0      0.000    1.257
51200.0 51200.0  0.0    0.0   102400.0 10240.0   102400.0    1129.2   4864.0 3997.7 512.0  446.8     807    1.258   0      0.000    1.258
51200.0 51200.0  0.0    0.0   102400.0 94164.5   102400.0    1129.2   4864.0 3997.7 512.0  446.8     807    1.258   0      0.000    1.258
51200.0 51200.0  0.0    0.0   102400.0 83924.5   102400.0    1129.2   4864.0 3997.7 512.0  446.8     808    1.259   0      0.000    1.259
51200.0 51200.0  0.0    0.0   102400.0 73684.5   102400.0    1129.2   4864.0 3997.7 512.0  446.8     809    1.259   0      0.000    1.259
51200.0 51200.0  0.0    0.0   102400.0 63444.5   102400.0    1129.2   4864.0 3997.7 512.0  446.8     810    1.260   0      0.000    1.260
51200.0 51200.0  0.0    0.0   102400.0 53204.5   102400.0    1129.2   4864.0 3997.7 512.0  446.8     811    1.261   0      0.000    1.261
51200.0 51200.0  0.0    0.0   102400.0 42964.5   102400.0    1129.2   4864.0 3997.7 512.0  446.8     812    1.262   0      0.000    1.262
51200.0 51200.0  0.0    0.0   102400.0 32724.4   102400.0    1129.2   4864.0 3997.7 512.0  446.8     813    1.262   0      0.000    1.262
51200.0 51200.0  0.0    0.0   102400.0 22484.4   102400.0    1129.2   4864.0 3997.7 512.0  446.8     814    1.263   0      0.000    1.263
51200.0 51200.0  0.0    0.0   102400.0 10240.0   102400.0    1129.2   4864.0 3997.7 512.0  446.8     815    1.264   0      0.000    1.264
51200.0 51200.0  0.0    0.0   102400.0 94164.5   102400.0    1129.2   4864.0 3997.7 512.0  446.8     815    1.264   0      0.000    1.264
51200.0 51200.0  0.0    0.0   102400.0 83924.5   102400.0    1129.2   4864.0 3997.7 512.0  446.8     816    1.264   0      0.000    1.264
51200.0 51200.0  0.0    0.0   102400.0 73684.5   102400.0    1129.2   4864.0 3997.7 512.0  446.8     817    1.265   0      0.000    1.265
51200.0 51200.0  0.0    0.0   102400.0 63444.5   102400.0    1129.2   4864.0 3997.7 512.0  446.8     818    1.266   0      0.000    1.266
51200.0 51200.0  0.0    0.0   102400.0 53204.5   102400.0    1129.2   4864.0 3997.7 512.0  446.8     819    1.267   0      0.000    1.267
51200.0 51200.0  0.0    0.0   102400.0 42964.5   102400.0    1129.2   4864.0 3997.7 512.0  446.8     820    1.267   0      0.000    1.267
51200.0 51200.0  0.0    0.0   102400.0 32724.4   102400.0    1129.2   4864.0 3997.7 512.0  446.8     821    1.268   0      0.000    1.268
51200.0 51200.0  0.0    0.0   102400.0 22484.4   102400.0    1129.2   4864.0 3997.7 512.0  446.8     822    1.269   0      0.000    1.269
51200.0 51200.0  0.0    0.0   102400.0 10240.0   102400.0    1129.2   4864.0 3997.7 512.0  446.8     823    1.270   0      0.000    1.270
51200.0 51200.0  0.0    0.0   102400.0 94164.5   102400.0    1129.2   4864.0 3997.7 512.0  446.8     823    1.270   0      0.000    1.270
51200.0 51200.0  0.0    0.0   102400.0 83924.5   102400.0    1129.2   4864.0 3997.7 512.0  446.8     824    1.271   0      0.000    1.271
51200.0 51200.0  0.0    0.0   102400.0 73684.5   102400.0    1129.2   4864.0 3997.7 512.0  446.8     825    1.272   0      0.000    1.272
51200.0 51200.0  0.0    0.0   102400.0 63444.5   102400.0    1129.2   4864.0 3997.7 512.0  446.8     826    1.273   0      0.000    1.273
51200.0 51200.0  0.0    0.0   102400.0 53204.5   102400.0    1129.2   4864.0 3997.7 512.0  446.8     827    1.273   0      0.000    1.273
51200.0 51200.0  0.0    0.0   102400.0 42964.5   102400.0    1129.2   4864.0 3997.7 512.0  446.8     828    1.274   0      0.000    1.274
51200.0 51200.0  0.0    0.0   102400.0 32724.4   102400.0    1129.2   4864.0 3997.7 512.0  446.8     829    1.275   0      0.000    1.275
51200.0 51200.0  0.0    0.0   102400.0 22484.4   102400.0    1129.2   4864.0 3997.7 512.0  446.8     830    1.276   0      0.000    1.276
51200.0 51200.0  0.0    0.0   102400.0 10240.0   102400.0    1129.2   4864.0 3997.7 512.0  446.8     831    1.277   0      0.000    1.277
51200.0 51200.0  0.0    0.0   102400.0 94164.5   102400.0    1129.2   4864.0 3997.7 512.0  446.8     831    1.277   0      0.000    1.277
51200.0 51200.0  0.0    0.0   102400.0 83924.5   102400.0    1129.2   4864.0 3997.7 512.0  446.8     832    1.278   0      0.000    1.278
51200.0 51200.0  0.0    0.0   102400.0 73684.5   102400.0    1129.2   4864.0 3997.7 512.0  446.8     833    1.279   0      0.000    1.279
51200.0 51200.0  0.0    0.0   102400.0 63444.5   102400.0    1129.2   4864.0 3997.7 512.0  446.8     834    1.280   0      0.000    1.280
51200.0 51200.0  0.0    0.0   102400.0 53204.5   102400.0    1129.2   4864.0 3997.7 512.0  446.8     835    1.280   0      0.000    1.280
51200.0 51200.0  0.0    0.0   102400.0 42964.5   102400.0    1129.2   4864.0 3997.7 512.0  446.8     836    1.281   0      0.000    1.281
51200.0 51200.0  0.0    0.0   102400.0 32724.4   102400.0    1129.2   4864.0 3997.7 512.0  446.8     837    1.281   0      0.000    1.281
51200.0 51200.0  0.0    0.0   102400.0 22484.4   102400.0    1129.2   4864.0 3997.7 512.0  446.8     838    1.282   0      0.000    1.282
51200.0 51200.0  0.0    0.0   102400.0 10240.0   102400.0    1129.2   4864.0 3997.7 512.0  446.8     839    1.283   0      0.000    1.283
51200.0 51200.0  0.0    0.0   102400.0 94164.5   102400.0    1129.2   4864.0 3997.7 512.0  446.8     839    1.283   0      0.000    1.283
51200.0 51200.0  0.0    0.0   102400.0 83924.5   102400.0    1129.2   4864.0 3997.7 512.0  446.8     840    1.283   0      0.000    1.283
51200.0 51200.0  0.0    0.0   102400.0 73684.5   102400.0    1129.2   4864.0 3997.7 512.0  446.8     841    1.283   0      0.000    1.283
51200.0 51200.0  0.0    0.0   102400.0 63444.5   102400.0    1129.2   4864.0 3997.7 512.0  446.8     842    1.284   0      0.000    1.284
51200.0 51200.0  0.0    0.0   102400.0 53204.5   102400.0    1129.2   4864.0 3997.7 512.0  446.8     843    1.285   0      0.000    1.285
51200.0 51200.0  0.0    0.0   102400.0 42964.5   102400.0    1129.2   4864.0 3997.7 512.0  446.8     844    1.286   0      0.000    1.286
51200.0 51200.0  0.0    0.0   102400.0 32724.4   102400.0    1129.2   4864.0 3997.7 512.0  446.8     845    1.287   0      0.000    1.287
51200.0 51200.0  0.0    0.0   102400.0 22484.4   102400.0    1129.2   4864.0 3997.7 512.0  446.8     846    1.288   0      0.000    1.288
51200.0 51200.0  0.0    0.0   102400.0 10240.0   102400.0    1129.2   4864.0 3997.7 512.0  446.8     847    1.289   0      0.000    1.289
51200.0 51200.0  0.0    0.0   102400.0 94164.5   102400.0    1129.2   4864.0 3997.7 512.0  446.8     847    1.289   0      0.000    1.289
51200.0 51200.0  0.0    0.0   102400.0 42964.5   102400.0    1129.2   4864.0 3997.7 512.0  446.8     848    1.290   0      0.000    1.290
51200.0 51200.0  0.0    0.0   102400.0 32724.4   102400.0    1129.2   4864.0 3997.7 512.0  446.8     849    1.291   0      0.000    1.291
51200.0 51200.0  0.0    0.0   102400.0 42964.5   102400.0    1129.2   4864.0 3997.7 512.0  446.8     850    1.292   0      0.000    1.292
51200.0 51200.0  0.0    0.0   102400.0 63444.5   102400.0    1129.2   4864.0 3997.7 512.0  446.8     850    1.292   0      0.000    1.292
51200.0 51200.0  0.0    0.0   102400.0 53204.5   102400.0    1129.2   4864.0 3997.7 512.0  446.8     851    1.293   0      0.000    1.293
51200.0 51200.0  0.0    0.0   102400.0 42964.5   102400.0    1129.2   4864.0 3997.7 512.0  446.8     852    1.293   0      0.000    1.293
51200.0 51200.0  0.0    0.0   102400.0 32724.4   102400.0    1129.2   4864.0 3997.7 512.0  446.8     853    1.295   0      0.000    1.295
51200.0 51200.0  0.0    0.0   102400.0 22484.4   102400.0    1129.2   4864.0 3997.7 512.0  446.8     854    1.295   0      0.000    1.295
51200.0 51200.0  0.0    0.0   102400.0 10240.0   102400.0    1129.2   4864.0 3997.7 512.0  446.8     855    1.296   0      0.000    1.296
51200.0 51200.0  0.0    0.0   102400.0 94164.5   102400.0    1129.2   4864.0 3997.7 512.0  446.8     855    1.296   0      0.000    1.296
51200.0 51200.0  0.0    0.0   102400.0 83924.5   102400.0    1129.2   4864.0 3997.7 512.0  446.8     856    1.296   0      0.000    1.296
51200.0 51200.0  0.0    0.0   102400.0 73684.5   102400.0    1129.2   4864.0 3997.7 512.0  446.8     857    1.297   0      0.000    1.297
51200.0 51200.0  0.0    0.0   102400.0 63444.5   102400.0    1129.2   4864.0 3997.7 512.0  446.8     858    1.297   0      0.000    1.297
51200.0 51200.0  0.0    0.0   102400.0 53204.5   102400.0    1129.2   4864.0 3997.7 512.0  446.8     859    1.298   0      0.000    1.298
51200.0 51200.0  0.0    0.0   102400.0 42964.5   102400.0    1129.2   4864.0 3997.7 512.0  446.8     860    1.299   0      0.000    1.299
51200.0 51200.0  0.0    0.0   102400.0 32724.4   102400.0    1129.2   4864.0 3997.7 512.0  446.8     861    1.300   0      0.000    1.300
51200.0 51200.0  0.0    0.0   102400.0 22484.4   102400.0    1129.2   4864.0 3997.7 512.0  446.8     862    1.301   0      0.000    1.301
51200.0 51200.0  0.0    0.0   102400.0 10240.0   102400.0    1129.2   4864.0 3997.7 512.0  446.8     863    1.301   0      0.000    1.301
51200.0 51200.0  0.0    0.0   102400.0 94164.5   102400.0    1129.2   4864.0 3997.7 512.0  446.8     863    1.301   0      0.000    1.301
51200.0 51200.0  0.0    0.0   102400.0 83924.5   102400.0    1129.2   4864.0 3997.7 512.0  446.8     864    1.302   0      0.000    1.302
51200.0 51200.0  0.0    0.0   102400.0 73684.5   102400.0    1129.2   4864.0 3997.7 512.0  446.8     865    1.303   0      0.000    1.303
51200.0 51200.0  0.0    0.0   102400.0 63444.5   102400.0    1129.2   4864.0 3997.7 512.0  446.8     866    1.303   0      0.000    1.303
51200.0 51200.0  0.0    0.0   102400.0 53204.5   102400.0    1129.2   4864.0 3997.7 512.0  446.8     867    1.304   0      0.000    1.304
51200.0 51200.0  0.0    0.0   102400.0 42964.5   102400.0    1129.2   4864.0 3997.7 512.0  446.8     868    1.304   0      0.000    1.304
51200.0 51200.0  0.0    0.0   102400.0 32724.4   102400.0    1129.2   4864.0 3997.7 512.0  446.8     869    1.305   0      0.000    1.305
51200.0 51200.0  0.0    0.0   102400.0 22484.4   102400.0    1129.2   4864.0 3997.7 512.0  446.8     870    1.306   0      0.000    1.306
51200.0 51200.0  0.0    0.0   102400.0 10240.0   102400.0    1129.2   4864.0 3997.7 512.0  446.8     871    1.307   0      0.000    1.307
51200.0 51200.0  0.0    0.0   102400.0 94164.5   102400.0    1129.2   4864.0 3997.7 512.0  446.8     871    1.307   0      0.000    1.307
