$ jstat -gc 120596 1000 1000
 S0C    S1C    S0U    S1U      EC       EU        OC         OU       MC     MU    CCSC   CCSU   YGC     YGCT    FGC    FGCT     GCT
10240.0 10240.0  0.0    0.0   81920.0   8192.2   102400.0     0.0     4480.0 770.4  384.0   75.9       0    0.000   0      0.000    0.000
10240.0 10240.0  0.0    0.0   81920.0   8192.2   102400.0     0.0     4480.0 770.4  384.0   75.9       0    0.000   0      0.000    0.000
10240.0 10240.0  0.0    0.0   81920.0   8192.2   102400.0     0.0     4480.0 770.4  384.0   75.9       0    0.000   0      0.000    0.000
10240.0 10240.0  0.0    0.0   81920.0   8192.2   102400.0     0.0     4480.0 770.4  384.0   75.9       0    0.000   0      0.000    0.000
10240.0 10240.0  0.0    0.0   81920.0   8192.2   102400.0     0.0     4480.0 770.4  384.0   75.9       0    0.000   0      0.000    0.000
10240.0 10240.0  0.0    0.0   81920.0   8192.2   102400.0     0.0     4480.0 770.4  384.0   75.9       0    0.000   0      0.000    0.000
10240.0 10240.0  0.0    0.0   81920.0   8192.2   102400.0     0.0     4480.0 770.4  384.0   75.9       0    0.000   0      0.000    0.000
10240.0 10240.0  0.0    0.0   81920.0   8192.2   102400.0     0.0     4480.0 770.4  384.0   75.9       0    0.000   0      0.000    0.000
10240.0 10240.0  0.0    0.0   81920.0   8192.2   102400.0     0.0     4480.0 770.4  384.0   75.9       0    0.000   0      0.000    0.000
10240.0 10240.0  0.0    0.0   81920.0  11892.8   102400.0     0.0     4480.0 770.4  384.0   75.9       0    0.000   0      0.000    0.000
10240.0 10240.0  0.0    0.0   81920.0  16893.6   102400.0     0.0     4480.0 770.4  384.0   75.9       0    0.000   0      0.000    0.000
10240.0 10240.0  0.0    0.0   81920.0  21894.4   102400.0     0.0     4480.0 770.4  384.0   75.9       0    0.000   0      0.000    0.000
10240.0 10240.0  0.0    0.0   81920.0  26895.2   102400.0     0.0     4480.0 770.4  384.0   75.9       0    0.000   0      0.000    0.000
10240.0 10240.0  0.0    0.0   81920.0  31896.0   102400.0     0.0     4480.0 770.4  384.0   75.9       0    0.000   0      0.000    0.000
10240.0 10240.0  0.0    0.0   81920.0  36896.7   102400.0     0.0     4480.0 770.4  384.0   75.9       0    0.000   0      0.000    0.000
10240.0 10240.0  0.0    0.0   81920.0  41897.5   102400.0     0.0     4480.0 770.4  384.0   75.9       0    0.000   0      0.000    0.000
10240.0 10240.0  0.0    0.0   81920.0  46898.3   102400.0     0.0     4480.0 770.4  384.0   75.9       0    0.000   0      0.000    0.000
10240.0 10240.0  0.0    0.0   81920.0  51899.1   102400.0     0.0     4480.0 770.4  384.0   75.9       0    0.000   0      0.000    0.000
10240.0 10240.0  0.0    0.0   81920.0  56899.9   102400.0     0.0     4480.0 770.4  384.0   75.9       0    0.000   0      0.000    0.000
10240.0 10240.0  0.0    0.0   81920.0  61900.6   102400.0     0.0     4480.0 770.4  384.0   75.9       0    0.000   0      0.000    0.000
10240.0 10240.0  0.0    0.0   81920.0  66901.4   102400.0     0.0     4480.0 770.4  384.0   75.9       0    0.000   0      0.000    0.000
10240.0 10240.0  0.0    0.0   81920.0  71902.2   102400.0     0.0     4480.0 770.4  384.0   75.9       0    0.000   0      0.000    0.000
10240.0 10240.0  0.0    0.0   81920.0  76903.0   102400.0     0.0     4480.0 770.4  384.0   75.9       0    0.000   0      0.000    0.000
10240.0 10240.0  0.0    0.0   81920.0  81903.8   102400.0     0.0     4480.0 770.4  384.0   75.9       0    0.000   0      0.000    0.000
10240.0 10240.0  0.0   1108.3 81920.0   5073.4   102400.0     0.0     4864.0 3996.3 512.0  446.8       1    0.004   0      0.000    0.004
10240.0 10240.0  0.0   1108.3 81920.0  10074.2   102400.0     0.0     4864.0 3996.3 512.0  446.8       1    0.004   0      0.000    0.004
10240.0 10240.0  0.0   1108.3 81920.0  15075.0   102400.0     0.0     4864.0 3996.3 512.0  446.8       1    0.004   0      0.000    0.004
10240.0 10240.0  0.0   1108.3 81920.0  20075.7   102400.0     0.0     4864.0 3996.3 512.0  446.8       1    0.004   0      0.000    0.004
10240.0 10240.0  0.0   1108.3 81920.0  25076.5   102400.0     0.0     4864.0 3996.3 512.0  446.8       1    0.004   0      0.000    0.004
10240.0 10240.0  0.0   1108.3 81920.0  30077.3   102400.0     0.0     4864.0 3996.3 512.0  446.8       1    0.004   0      0.000    0.004
10240.0 10240.0  0.0   1108.3 81920.0  35078.1   102400.0     0.0     4864.0 3996.3 512.0  446.8       1    0.004   0      0.000    0.004
10240.0 10240.0  0.0   1108.3 81920.0  40078.9   102400.0     0.0     4864.0 3996.3 512.0  446.8       1    0.004   0      0.000    0.004
10240.0 10240.0  0.0   1108.3 81920.0  45079.6   102400.0     0.0     4864.0 3996.3 512.0  446.8       1    0.004   0      0.000    0.004
10240.0 10240.0  0.0   1108.3 81920.0  50080.4   102400.0     0.0     4864.0 3996.3 512.0  446.8       1    0.004   0      0.000    0.004
10240.0 10240.0  0.0   1108.3 81920.0  55081.2   102400.0     0.0     4864.0 3996.3 512.0  446.8       1    0.004   0      0.000    0.004
10240.0 10240.0  0.0   1108.3 81920.0  60082.0   102400.0     0.0     4864.0 3996.3 512.0  446.8       1    0.004   0      0.000    0.004
10240.0 10240.0  0.0   1108.3 81920.0  65082.8   102400.0     0.0     4864.0 3996.3 512.0  446.8       1    0.004   0      0.000    0.004
10240.0 10240.0  0.0   1108.3 81920.0  70083.5   102400.0     0.0     4864.0 3996.3 512.0  446.8       1    0.004   0      0.000    0.004
10240.0 10240.0  0.0   1108.3 81920.0  75084.3   102400.0     0.0     4864.0 3996.3 512.0  446.8       1    0.004   0      0.000    0.004
10240.0 10240.0  0.0   1108.3 81920.0  80085.1   102400.0     0.0     4864.0 3996.3 512.0  446.8       1    0.004   0      0.000    0.004
10240.0 10240.0 1554.2  0.0   81920.0   4933.6   102400.0     0.0     4864.0 3996.7 512.0  446.8       2    0.007   0      0.000    0.007
10240.0 10240.0 1554.2  0.0   81920.0   9934.3   102400.0     0.0     4864.0 3996.7 512.0  446.8       2    0.007   0      0.000    0.007
10240.0 10240.0 1554.2  0.0   81920.0  14935.1   102400.0     0.0     4864.0 3996.7 512.0  446.8       2    0.007   0      0.000    0.007
10240.0 10240.0 1554.2  0.0   81920.0  19935.9   102400.0     0.0     4864.0 3996.7 512.0  446.8       2    0.007   0      0.000    0.007
10240.0 10240.0 1554.2  0.0   81920.0  24936.7   102400.0     0.0     4864.0 3996.7 512.0  446.8       2    0.007   0      0.000    0.007
10240.0 10240.0 1554.2  0.0   81920.0  29937.5   102400.0     0.0     4864.0 3996.7 512.0  446.8       2    0.007   0      0.000    0.007
10240.0 10240.0 1554.2  0.0   81920.0  34938.2   102400.0     0.0     4864.0 3996.7 512.0  446.8       2    0.007   0      0.000    0.007
10240.0 10240.0 1554.2  0.0   81920.0  39939.0   102400.0     0.0     4864.0 3996.7 512.0  446.8       2    0.007   0      0.000    0.007
10240.0 10240.0 1554.2  0.0   81920.0  44939.8   102400.0     0.0     4864.0 3996.7 512.0  446.8       2    0.007   0      0.000    0.007
10240.0 10240.0 1554.2  0.0   81920.0  49940.6   102400.0     0.0     4864.0 3996.7 512.0  446.8       2    0.007   0      0.000    0.007
10240.0 10240.0 1554.2  0.0   81920.0  54941.4   102400.0     0.0     4864.0 3996.7 512.0  446.8       2    0.007   0      0.000    0.007
10240.0 10240.0 1554.2  0.0   81920.0  59942.1   102400.0     0.0     4864.0 3996.7 512.0  446.8       2    0.007   0      0.000    0.007
10240.0 10240.0 1554.2  0.0   81920.0  64942.9   102400.0     0.0     4864.0 3996.7 512.0  446.8       2    0.007   0      0.000    0.007
10240.0 10240.0 1554.2  0.0   81920.0  69943.7   102400.0     0.0     4864.0 3996.7 512.0  446.8       2    0.007   0      0.000    0.007
10240.0 10240.0 1554.2  0.0   81920.0  74944.5   102400.0     0.0     4864.0 3996.7 512.0  446.8       2    0.007   0      0.000    0.007
10240.0 10240.0 1554.2  0.0   81920.0  79945.3   102400.0     0.0     4864.0 3996.7 512.0  446.8       2    0.007   0      0.000    0.007
10240.0 10240.0  0.0   1887.9 81920.0   3198.2   102400.0     0.0     4864.0 3996.8 512.0  446.8       3    0.009   0      0.000    0.009
10240.0 10240.0  0.0   1887.9 81920.0   8199.0   102400.0     0.0     4864.0 3996.8 512.0  446.8       3    0.009   0      0.000    0.009
10240.0 10240.0  0.0   1887.9 81920.0  13199.8   102400.0     0.0     4864.0 3996.8 512.0  446.8       3    0.009   0      0.000    0.009
10240.0 10240.0  0.0   1887.9 81920.0  18200.6   102400.0     0.0     4864.0 3996.8 512.0  446.8       3    0.009   0      0.000    0.009
10240.0 10240.0  0.0   1887.9 81920.0  23201.3   102400.0     0.0     4864.0 3996.8 512.0  446.8       3    0.009   0      0.000    0.009
10240.0 10240.0  0.0   1887.9 81920.0  28202.1   102400.0     0.0     4864.0 3996.8 512.0  446.8       3    0.009   0      0.000    0.009
10240.0 10240.0  0.0   1887.9 81920.0  33202.9   102400.0     0.0     4864.0 3996.8 512.0  446.8       3    0.009   0      0.000    0.009
10240.0 10240.0  0.0   1887.9 81920.0  38203.7   102400.0     0.0     4864.0 3996.8 512.0  446.8       3    0.009   0      0.000    0.009
10240.0 10240.0  0.0   1887.9 81920.0  43204.5   102400.0     0.0     4864.0 3996.8 512.0  446.8       3    0.009   0      0.000    0.009
10240.0 10240.0  0.0   1887.9 81920.0  48205.2   102400.0     0.0     4864.0 3996.8 512.0  446.8       3    0.009   0      0.000    0.009
10240.0 10240.0  0.0   1887.9 81920.0  53206.0   102400.0     0.0     4864.0 3996.8 512.0  446.8       3    0.009   0      0.000    0.009
10240.0 10240.0  0.0   1887.9 81920.0  58206.8   102400.0     0.0     4864.0 3996.8 512.0  446.8       3    0.009   0      0.000    0.009
10240.0 10240.0  0.0   1887.9 81920.0  63207.6   102400.0     0.0     4864.0 3996.8 512.0  446.8       3    0.009   0      0.000    0.009
10240.0 10240.0  0.0   1887.9 81920.0  68208.4   102400.0     0.0     4864.0 3996.8 512.0  446.8       3    0.009   0      0.000    0.009
10240.0 10240.0  0.0   1887.9 81920.0  73209.1   102400.0     0.0     4864.0 3996.8 512.0  446.8       3    0.009   0      0.000    0.009
10240.0 10240.0  0.0   1887.9 81920.0  78209.9   102400.0     0.0     4864.0 3996.8 512.0  446.8       3    0.009   0      0.000    0.009
10240.0 10240.0 1689.7  0.0   81920.0   1811.5   102400.0     0.0     4864.0 3996.8 512.0  446.8       4    0.012   0      0.000    0.012
10240.0 10240.0 1689.7  0.0   81920.0   6945.8   102400.0     0.0     4864.0 3996.8 512.0  446.8       4    0.012   0      0.000    0.012
10240.0 10240.0 1689.7  0.0   81920.0  12080.1   102400.0     0.0     4864.0 3996.8 512.0  446.8       4    0.012   0      0.000    0.012
10240.0 10240.0 1689.7  0.0   81920.0  17214.5   102400.0     0.0     4864.0 3996.8 512.0  446.8       4    0.012   0      0.000    0.012
10240.0 10240.0 1689.7  0.0   81920.0  22348.8   102400.0     0.0     4864.0 3996.8 512.0  446.8       4    0.012   0      0.000    0.012
10240.0 10240.0 1689.7  0.0   81920.0  27483.1   102400.0     0.0     4864.0 3996.8 512.0  446.8       4    0.012   0      0.000    0.012
10240.0 10240.0 1689.7  0.0   81920.0  32617.5   102400.0     0.0     4864.0 3996.8 512.0  446.8       4    0.012   0      0.000    0.012
10240.0 10240.0 1689.7  0.0   81920.0  37751.8   102400.0     0.0     4864.0 3996.8 512.0  446.8       4    0.012   0      0.000    0.012
10240.0 10240.0 1689.7  0.0   81920.0  42886.1   102400.0     0.0     4864.0 3996.8 512.0  446.8       4    0.012   0      0.000    0.012
10240.0 10240.0 1689.7  0.0   81920.0  48020.5   102400.0     0.0     4864.0 3996.8 512.0  446.8       4    0.012   0      0.000    0.012
10240.0 10240.0 1689.7  0.0   81920.0  53154.8   102400.0     0.0     4864.0 3996.8 512.0  446.8       4    0.012   0      0.000    0.012
10240.0 10240.0 1689.7  0.0   81920.0  58289.2   102400.0     0.0     4864.0 3996.8 512.0  446.8       4    0.012   0      0.000    0.012
10240.0 10240.0 1689.7  0.0   81920.0  61712.0   102400.0     0.0     4864.0 3996.8 512.0  446.8       4    0.012   0      0.000    0.012
10240.0 10240.0 1689.7  0.0   81920.0  66846.4   102400.0     0.0     4864.0 3996.8 512.0  446.8       4    0.012   0      0.000    0.012
10240.0 10240.0 1689.7  0.0   81920.0  71980.7   102400.0     0.0     4864.0 3996.8 512.0  446.8       4    0.012   0      0.000    0.012
10240.0 10240.0 1689.7  0.0   81920.0  77115.1   102400.0     0.0     4864.0 3996.8 512.0  446.8       4    0.012   0      0.000    0.012
10240.0 10240.0 1689.7  0.0   81920.0  81920.0   102400.0     0.0     4864.0 3996.8 512.0  446.8       4    0.012   0      0.000    0.012
10240.0 10240.0  0.0   1422.9 81920.0   5256.2   102400.0     0.0     4864.0 3996.8 512.0  446.8       5    0.014   0      0.000    0.014
10240.0 10240.0  0.0   1422.9 81920.0  10412.4   102400.0     0.0     4864.0 3996.8 512.0  446.8       5    0.014   0      0.000    0.014
10240.0 10240.0  0.0   1422.9 81920.0  15568.6   102400.0     0.0     4864.0 3996.8 512.0  446.8       5    0.014   0      0.000    0.014
10240.0 10240.0  0.0   1422.9 81920.0  20724.8   102400.0     0.0     4864.0 3996.8 512.0  446.8       5    0.014   0      0.000    0.014
10240.0 10240.0  0.0   1422.9 81920.0  25881.0   102400.0     0.0     4864.0 3996.8 512.0  446.8       5    0.014   0      0.000    0.014
10240.0 10240.0  0.0   1422.9 81920.0  31037.2   102400.0     0.0     4864.0 3996.8 512.0  446.8       5    0.014   0      0.000    0.014
10240.0 10240.0  0.0   1422.9 81920.0  36193.4   102400.0     0.0     4864.0 3996.8 512.0  446.8       5    0.014   0      0.000    0.014
10240.0 10240.0  0.0   1422.9 81920.0  41349.6   102400.0     0.0     4864.0 3996.8 512.0  446.8       5    0.014   0      0.000    0.014
10240.0 10240.0  0.0   1422.9 81920.0  46505.8   102400.0     0.0     4864.0 3996.8 512.0  446.8       5    0.014   0      0.000    0.014
10240.0 10240.0  0.0   1422.9 81920.0  51662.0   102400.0     0.0     4864.0 3996.8 512.0  446.8       5    0.014   0      0.000    0.014
10240.0 10240.0  0.0   1422.9 81920.0  56818.2   102400.0     0.0     4864.0 3996.8 512.0  446.8       5    0.014   0      0.000    0.014
10240.0 10240.0  0.0   1422.9 81920.0  61974.5   102400.0     0.0     4864.0 3996.8 512.0  446.8       5    0.014   0      0.000    0.014
10240.0 10240.0  0.0   1422.9 81920.0  67130.7   102400.0     0.0     4864.0 3996.8 512.0  446.8       5    0.014   0      0.000    0.014
10240.0 10240.0  0.0   1422.9 81920.0  72286.9   102400.0     0.0     4864.0 3996.8 512.0  446.8       5    0.014   0      0.000    0.014
10240.0 10240.0  0.0   1422.9 81920.0  77443.1   102400.0     0.0     4864.0 3996.8 512.0  446.8       5    0.014   0      0.000    0.014
10240.0 10240.0  0.0   1422.9 81920.0  80880.5   102400.0     0.0     4864.0 3996.8 512.0  446.8       5    0.014   0      0.000    0.014
10240.0 10240.0 1655.5  0.0   81920.0   5264.1   102400.0     0.0     4864.0 3996.8 512.0  446.8       6    0.017   0      0.000    0.017
10240.0 10240.0 1655.5  0.0   81920.0  10428.2   102400.0     0.0     4864.0 3996.8 512.0  446.8       6    0.017   0      0.000    0.017
10240.0 10240.0 1655.5  0.0   81920.0  15592.3   102400.0     0.0     4864.0 3996.8 512.0  446.8       6    0.017   0      0.000    0.017
10240.0 10240.0 1655.5  0.0   81920.0  20756.4   102400.0     0.0     4864.0 3996.8 512.0  446.8       6    0.017   0      0.000    0.017
10240.0 10240.0 1655.5  0.0   81920.0  25920.5   102400.0     0.0     4864.0 3996.8 512.0  446.8       6    0.017   0      0.000    0.017
10240.0 10240.0 1655.5  0.0   81920.0  29363.3   102400.0     0.0     4864.0 3996.8 512.0  446.8       6    0.017   0      0.000    0.017
10240.0 10240.0 1655.5  0.0   81920.0  34527.4   102400.0     0.0     4864.0 3996.8 512.0  446.8       6    0.017   0      0.000    0.017
10240.0 10240.0 1655.5  0.0   81920.0  41012.8   102400.0     0.0     4864.0 3996.8 512.0  446.8       6    0.017   0      0.000    0.017
10240.0 10240.0 1655.5  0.0   81920.0  45876.8   102400.0     0.0     4864.0 3996.8 512.0  446.8       6    0.017   0      0.000    0.017
10240.0 10240.0 1655.5  0.0   81920.0  50740.9   102400.0     0.0     4864.0 3996.8 512.0  446.8       6    0.017   0      0.000    0.017
10240.0 10240.0 1655.5  0.0   81920.0  55604.9   102400.0     0.0     4864.0 3996.8 512.0  446.8       6    0.017   0      0.000    0.017
10240.0 10240.0 1655.5  0.0   81920.0  60469.0   102400.0     0.0     4864.0 3996.8 512.0  446.8       6    0.017   0      0.000    0.017
10240.0 10240.0 1655.5  0.0   81920.0  65333.0   102400.0     0.0     4864.0 3996.8 512.0  446.8       6    0.017   0      0.000    0.017
10240.0 10240.0 1655.5  0.0   81920.0  70197.1   102400.0     0.0     4864.0 3996.8 512.0  446.8       6    0.017   0      0.000    0.017
10240.0 10240.0 1655.5  0.0   81920.0  75061.1   102400.0     0.0     4864.0 3996.8 512.0  446.8       6    0.017   0      0.000    0.017
10240.0 10240.0 1655.5  0.0   81920.0  81546.6   102400.0     0.0     4864.0 3996.8 512.0  446.8       6    0.017   0      0.000    0.017
10240.0 10240.0  0.0   1622.0 81920.0   3227.6   102400.0     0.0     4864.0 3997.2 512.0  446.8       7    0.018   0      0.000    0.018
10240.0 10240.0  0.0   1622.0 81920.0   8655.5   102400.0     0.0     4864.0 3997.2 512.0  446.8       7    0.018   0      0.000    0.018
10240.0 10240.0  0.0   1622.0 81920.0  13537.4   102400.0     0.0     4864.0 3997.2 512.0  446.8       7    0.018   0      0.000    0.018
10240.0 10240.0  0.0   1622.0 81920.0  18419.4   102400.0     0.0     4864.0 3997.2 512.0  446.8       7    0.018   0      0.000    0.018
10240.0 10240.0  0.0   1622.0 81920.0  24928.7   102400.0     0.0     4864.0 3997.2 512.0  446.8       7    0.018   0      0.000    0.018
10240.0 10240.0  0.0   1622.0 81920.0  29810.6   102400.0     0.0     4864.0 3997.2 512.0  446.8       7    0.018   0      0.000    0.018
10240.0 10240.0  0.0   1622.0 81920.0  34692.6   102400.0     0.0     4864.0 3997.2 512.0  446.8       7    0.018   0      0.000    0.018
10240.0 10240.0  0.0   1622.0 81920.0  39574.6   102400.0     0.0     4864.0 3997.2 512.0  446.8       7    0.018   0      0.000    0.018
10240.0 10240.0  0.0   1622.0 81920.0  44456.5   102400.0     0.0     4864.0 3997.2 512.0  446.8       7    0.018   0      0.000    0.018
10240.0 10240.0  0.0   1622.0 81920.0  49338.5   102400.0     0.0     4864.0 3997.2 512.0  446.8       7    0.018   0      0.000    0.018
10240.0 10240.0  0.0   1622.0 81920.0  54220.5   102400.0     0.0     4864.0 3997.2 512.0  446.8       7    0.018   0      0.000    0.018
10240.0 10240.0  0.0   1622.0 81920.0  59102.4   102400.0     0.0     4864.0 3997.2 512.0  446.8       7    0.018   0      0.000    0.018
10240.0 10240.0  0.0   1622.0 81920.0  65611.7   102400.0     0.0     4864.0 3997.2 512.0  446.8       7    0.018   0      0.000    0.018
10240.0 10240.0  0.0   1622.0 81920.0  70493.7   102400.0     0.0     4864.0 3997.2 512.0  446.8       7    0.018   0      0.000    0.018
10240.0 10240.0  0.0   1622.0 81920.0  75375.6   102400.0     0.0     4864.0 3997.2 512.0  446.8       7    0.018   0      0.000    0.018
10240.0 10240.0  0.0   1622.0 81920.0  80257.6   102400.0     0.0     4864.0 3997.2 512.0  446.8       7    0.018   0      0.000    0.018
10240.0 10240.0 1578.1  0.0   81920.0   2631.4   102400.0     0.0     4864.0 3997.2 512.0  446.8       8    0.021   0      0.000    0.021
10240.0 10240.0 1578.1  0.0   81920.0   7632.1   102400.0     0.0     4864.0 3997.2 512.0  446.8       8    0.021   0      0.000    0.021
10240.0 10240.0 1578.1  0.0   81920.0  12632.9   102400.0     0.0     4864.0 3997.2 512.0  446.8       8    0.021   0      0.000    0.021
10240.0 10240.0 1578.1  0.0   81920.0  17633.7   102400.0     0.0     4864.0 3997.2 512.0  446.8       8    0.021   0      0.000    0.021
10240.0 10240.0 1578.1  0.0   81920.0  24127.5   102400.0     0.0     4864.0 3997.2 512.0  446.8       8    0.021   0      0.000    0.021
10240.0 10240.0 1578.1  0.0   81920.0  29021.1   102400.0     0.0     4864.0 3997.2 512.0  446.8       8    0.021   0      0.000    0.021
10240.0 10240.0 1578.1  0.0   81920.0  33914.7   102400.0     0.0     4864.0 3997.2 512.0  446.8       8    0.021   0      0.000    0.021
10240.0 10240.0 1578.1  0.0   81920.0  38808.3   102400.0     0.0     4864.0 3997.2 512.0  446.8       8    0.021   0      0.000    0.021
10240.0 10240.0 1578.1  0.0   81920.0  43701.9   102400.0     0.0     4864.0 3997.2 512.0  446.8       8    0.021   0      0.000    0.021
10240.0 10240.0 1578.1  0.0   81920.0  48595.5   102400.0     0.0     4864.0 3997.2 512.0  446.8       8    0.021   0      0.000    0.021
10240.0 10240.0 1578.1  0.0   81920.0  53489.0   102400.0     0.0     4864.0 3997.2 512.0  446.8       8    0.021   0      0.000    0.021
10240.0 10240.0 1578.1  0.0   81920.0  58382.6   102400.0     0.0     4864.0 3997.2 512.0  446.8       8    0.021   0      0.000    0.021
10240.0 10240.0 1578.1  0.0   81920.0  64907.4   102400.0     0.0     4864.0 3997.2 512.0  446.8       8    0.021   0      0.000    0.021
10240.0 10240.0 1578.1  0.0   81920.0  69801.0   102400.0     0.0     4864.0 3997.2 512.0  446.8       8    0.021   0      0.000    0.021
10240.0 10240.0 1578.1  0.0   81920.0  74694.6   102400.0     0.0     4864.0 3997.2 512.0  446.8       8    0.021   0      0.000    0.021
10240.0 10240.0 1578.1  0.0   81920.0  79588.2   102400.0     0.0     4864.0 3997.2 512.0  446.8       8    0.021   0      0.000    0.021
10240.0 10240.0  0.0   1828.4 81920.0   1933.8   102400.0     0.0     4864.0 3997.2 512.0  446.8       9    0.023   0      0.000    0.023
10240.0 10240.0  0.0   1828.4 81920.0   6934.5   102400.0     0.0     4864.0 3997.2 512.0  446.8       9    0.023   0      0.000    0.023
10240.0 10240.0  0.0   1828.4 81920.0  11935.3   102400.0     0.0     4864.0 3997.2 512.0  446.8       9    0.023   0      0.000    0.023
10240.0 10240.0  0.0   1828.4 81920.0  16936.1   102400.0     0.0     4864.0 3997.2 512.0  446.8       9    0.023   0      0.000    0.023
10240.0 10240.0  0.0   1828.4 81920.0  21936.9   102400.0     0.0     4864.0 3997.2 512.0  446.8       9    0.023   0      0.000    0.023
10240.0 10240.0  0.0   1828.4 81920.0  26937.7   102400.0     0.0     4864.0 3997.2 512.0  446.8       9    0.023   0      0.000    0.023
10240.0 10240.0  0.0   1828.4 81920.0  32038.9   102400.0     0.0     4864.0 3997.2 512.0  446.8       9    0.023   0      0.000    0.023
10240.0 10240.0  0.0   1828.4 81920.0  38573.7   102400.0     0.0     4864.0 3997.2 512.0  446.8       9    0.023   0      0.000    0.023
10240.0 10240.0  0.0   1828.4 81920.0  43474.9   102400.0     0.0     4864.0 3997.2 512.0  446.8       9    0.023   0      0.000    0.023
10240.0 10240.0  0.0   1828.4 81920.0  48376.0   102400.0     0.0     4864.0 3997.2 512.0  446.8       9    0.023   0      0.000    0.023
10240.0 10240.0  0.0   1828.4 81920.0  53277.2   102400.0     0.0     4864.0 3997.2 512.0  446.8       9    0.023   0      0.000    0.023
10240.0 10240.0  0.0   1828.4 81920.0  58178.4   102400.0     0.0     4864.0 3997.2 512.0  446.8       9    0.023   0      0.000    0.023
10240.0 10240.0  0.0   1828.4 81920.0  63079.5   102400.0     0.0     4864.0 3997.2 512.0  446.8       9    0.023   0      0.000    0.023
10240.0 10240.0  0.0   1828.4 81920.0  67980.7   102400.0     0.0     4864.0 3997.2 512.0  446.8       9    0.023   0      0.000    0.023
10240.0 10240.0  0.0   1828.4 81920.0  72881.8   102400.0     0.0     4864.0 3997.2 512.0  446.8       9    0.023   0      0.000    0.023
10240.0 10240.0  0.0   1828.4 81920.0  79416.7   102400.0     0.0     4864.0 3997.2 512.0  446.8       9    0.023   0      0.000    0.023
10240.0 10240.0 1197.1  0.0   81920.0   1732.5   102400.0     0.0     4864.0 3997.2 512.0  446.8      10    0.026   0      0.000    0.026
10240.0 10240.0 1197.1  0.0   81920.0   6233.2   102400.0     0.0     4864.0 3997.2 512.0  446.8      10    0.026   0      0.000    0.026
10240.0 10240.0 1197.1  0.0   81920.0  11234.0   102400.0     0.0     4864.0 3997.2 512.0  446.8      10    0.026   0      0.000    0.026
10240.0 10240.0 1197.1  0.0   81920.0  16234.8   102400.0     0.0     4864.0 3997.2 512.0  446.8      10    0.026   0      0.000    0.026
10240.0 10240.0 1197.1  0.0   81920.0  21235.6   102400.0     0.0     4864.0 3997.2 512.0  446.8      10    0.026   0      0.000    0.026
10240.0 10240.0 1197.1  0.0   81920.0  26600.9   102400.0     0.0     4864.0 3997.2 512.0  446.8      10    0.026   0      0.000    0.026
10240.0 10240.0 1197.1  0.0   81920.0  31498.4   102400.0     0.0     4864.0 3997.2 512.0  446.8      10    0.026   0      0.000    0.026
10240.0 10240.0 1197.1  0.0   81920.0  38028.4   102400.0     0.0     4864.0 3997.2 512.0  446.8      10    0.026   0      0.000    0.026
10240.0 10240.0 1197.1  0.0   81920.0  42925.9   102400.0     0.0     4864.0 3997.2 512.0  446.8      10    0.026   0      0.000    0.026
10240.0 10240.0 1197.1  0.0   81920.0  47823.4   102400.0     0.0     4864.0 3997.2 512.0  446.8      10    0.026   0      0.000    0.026
10240.0 10240.0 1197.1  0.0   81920.0  52720.9   102400.0     0.0     4864.0 3997.2 512.0  446.8      10    0.026   0      0.000    0.026
10240.0 10240.0 1197.1  0.0   81920.0  57618.4   102400.0     0.0     4864.0 3997.2 512.0  446.8      10    0.026   0      0.000    0.026
10240.0 10240.0 1197.1  0.0   81920.0  62515.9   102400.0     0.0     4864.0 3997.2 512.0  446.8      10    0.026   0      0.000    0.026
10240.0 10240.0 1197.1  0.0   81920.0  67413.4   102400.0     0.0     4864.0 3997.2 512.0  446.8      10    0.026   0      0.000    0.026
10240.0 10240.0 1197.1  0.0   81920.0  72310.9   102400.0     0.0     4864.0 3997.2 512.0  446.8      10    0.026   0      0.000    0.026
10240.0 10240.0 1197.1  0.0   81920.0  78840.9   102400.0     0.0     4864.0 3997.2 512.0  446.8      10    0.026   0      0.000    0.026
10240.0 10240.0  0.0   1579.8 81920.0   1733.1   102400.0     0.0     4864.0 3997.2 512.0  446.8      11    0.028   0      0.000    0.028
10240.0 10240.0  0.0   1579.8 81920.0   5533.7   102400.0     0.0     4864.0 3997.2 512.0  446.8      11    0.028   0      0.000    0.028
10240.0 10240.0  0.0   1579.8 81920.0  10534.5   102400.0     0.0     4864.0 3997.2 512.0  446.8      11    0.028   0      0.000    0.028
10240.0 10240.0  0.0   1579.8 81920.0  15535.3   102400.0     0.0     4864.0 3997.2 512.0  446.8      11    0.028   0      0.000    0.028
10240.0 10240.0  0.0   1579.8 81920.0  20536.1   102400.0     0.0     4864.0 3997.2 512.0  446.8      11    0.028   0      0.000    0.028
10240.0 10240.0  0.0   1579.8 81920.0  26869.9   102400.0     0.0     4864.0 3997.2 512.0  446.8      11    0.028   0      0.000    0.028
10240.0 10240.0  0.0   1579.8 81920.0  31769.3   102400.0     0.0     4864.0 3997.2 512.0  446.8      11    0.028   0      0.000    0.028
10240.0 10240.0  0.0   1579.8 81920.0  36668.6   102400.0     0.0     4864.0 3997.2 512.0  446.8      11    0.028   0      0.000    0.028
10240.0 10240.0  0.0   1579.8 81920.0  41568.0   102400.0     0.0     4864.0 3997.2 512.0  446.8      11    0.028   0      0.000    0.028
10240.0 10240.0  0.0   1579.8 81920.0  46467.3   102400.0     0.0     4864.0 3997.2 512.0  446.8      11    0.028   0      0.000    0.028
10240.0 10240.0  0.0   1579.8 81920.0  51366.7   102400.0     0.0     4864.0 3997.2 512.0  446.8      11    0.028   0      0.000    0.028
10240.0 10240.0  0.0   1579.8 81920.0  56266.0   102400.0     0.0     4864.0 3997.2 512.0  446.8      11    0.028   0      0.000    0.028
10240.0 10240.0  0.0   1579.8 81920.0  62798.5   102400.0     0.0     4864.0 3997.2 512.0  446.8      11    0.028   0      0.000    0.028
10240.0 10240.0  0.0   1579.8 81920.0  67697.9   102400.0     0.0     4864.0 3997.2 512.0  446.8      11    0.028   0      0.000    0.028
10240.0 10240.0  0.0   1579.8 81920.0  72597.2   102400.0     0.0     4864.0 3997.2 512.0  446.8      11    0.028   0      0.000    0.028
10240.0 10240.0  0.0   1579.8 81920.0  77496.6   102400.0     0.0     4864.0 3997.2 512.0  446.8      11    0.028   0      0.000    0.028
10240.0 10240.0  0.0   1579.8 81920.0  81920.0   102400.0     0.0     4864.0 3997.2 512.0  446.8      11    0.028   0      0.000    0.028
10240.0 10240.0 1567.2  0.0   81920.0   4835.5   102400.0     0.0     4864.0 3997.2 512.0  446.8      12    0.031   0      0.000    0.031
10240.0 10240.0 1567.2  0.0   81920.0   9836.2   102400.0     0.0     4864.0 3997.2 512.0  446.8      12    0.031   0      0.000    0.031
10240.0 10240.0 1567.2  0.0   81920.0  14837.0   102400.0     0.0     4864.0 3997.2 512.0  446.8      12    0.031   0      0.000    0.031
10240.0 10240.0 1567.2  0.0   81920.0  19837.8   102400.0     0.0     4864.0 3997.2 512.0  446.8      12    0.031   0      0.000    0.031
10240.0 10240.0 1567.2  0.0   81920.0  24838.6   102400.0     0.0     4864.0 3997.2 512.0  446.8      12    0.031   0      0.000    0.031
10240.0 10240.0 1567.2  0.0   81920.0  29839.4   102400.0     0.0     4864.0 3997.2 512.0  446.8      12    0.031   0      0.000    0.031
10240.0 10240.0 1567.2  0.0   81920.0  35944.4   102400.0     0.0     4864.0 3997.2 512.0  446.8      12    0.031   0      0.000    0.031
10240.0 10240.0 1567.2  0.0   81920.0  40849.3   102400.0     0.0     4864.0 3997.2 512.0  446.8      12    0.031   0      0.000    0.031
10240.0 10240.0 1567.2  0.0   81920.0  45754.2   102400.0     0.0     4864.0 3997.2 512.0  446.8      12    0.031   0      0.000    0.031
10240.0 10240.0 1567.2  0.0   81920.0  50659.1   102400.0     0.0     4864.0 3997.2 512.0  446.8      12    0.031   0      0.000    0.031
10240.0 10240.0 1567.2  0.0   81920.0  55564.0   102400.0     0.0     4864.0 3997.2 512.0  446.8      12    0.031   0      0.000    0.031
10240.0 10240.0 1567.2  0.0   81920.0  60468.9   102400.0     0.0     4864.0 3997.2 512.0  446.8      12    0.031   0      0.000    0.031
10240.0 10240.0 1567.2  0.0   81920.0  67008.7   102400.0     0.0     4864.0 3997.2 512.0  446.8      12    0.031   0      0.000    0.031
10240.0 10240.0 1567.2  0.0   81920.0  71913.6   102400.0     0.0     4864.0 3997.2 512.0  446.8      12    0.031   0      0.000    0.031
10240.0 10240.0 1567.2  0.0   81920.0  76818.5   102400.0     0.0     4864.0 3997.2 512.0  446.8      12    0.031   0      0.000    0.031
10240.0 10240.0 1567.2  0.0   81920.0  81723.3   102400.0     0.0     4864.0 3997.2 512.0  446.8      12    0.031   0      0.000    0.031
10240.0 10240.0  0.0   1672.6 81920.0   4136.6   102400.0     0.0     4864.0 3997.2 512.0  446.8      13    0.032   0      0.000    0.032
10240.0 10240.0  0.0   1672.6 81920.0   9137.3   102400.0     0.0     4864.0 3997.2 512.0  446.8      13    0.032   0      0.000    0.032
10240.0 10240.0  0.0   1672.6 81920.0  14138.1   102400.0     0.0     4864.0 3997.2 512.0  446.8      13    0.032   0      0.000    0.032
10240.0 10240.0  0.0   1672.6 81920.0  19138.9   102400.0     0.0     4864.0 3997.2 512.0  446.8      13    0.032   0      0.000    0.032
10240.0 10240.0  0.0   1672.6 81920.0  24139.7   102400.0     0.0     4864.0 3997.2 512.0  446.8      13    0.032   0      0.000    0.032
10240.0 10240.0  0.0   1672.6 81920.0  29140.5   102400.0     0.0     4864.0 3997.2 512.0  446.8      13    0.032   0      0.000    0.032
10240.0 10240.0  0.0   1672.6 81920.0  34141.2   102400.0     0.0     4864.0 3997.2 512.0  446.8      13    0.032   0      0.000    0.032
10240.0 10240.0  0.0   1672.6 81920.0  39749.8   102400.0     0.0     4864.0 3997.2 512.0  446.8      13    0.032   0      0.000    0.032
10240.0 10240.0  0.0   1672.6 81920.0  44658.3   102400.0     0.0     4864.0 3997.2 512.0  446.8      13    0.032   0      0.000    0.032
10240.0 10240.0  0.0   1672.6 81920.0  49566.8   102400.0     0.0     4864.0 3997.2 512.0  446.8      13    0.032   0      0.000    0.032
10240.0 10240.0  0.0   1672.6 81920.0  56111.5   102400.0     0.0     4864.0 3997.2 512.0  446.8      13    0.032   0      0.000    0.032
10240.0 10240.0  0.0   1672.6 81920.0  61020.0   102400.0     0.0     4864.0 3997.2 512.0  446.8      13    0.032   0      0.000    0.032
10240.0 10240.0  0.0   1672.6 81920.0  65928.5   102400.0     0.0     4864.0 3997.2 512.0  446.8      13    0.032   0      0.000    0.032
10240.0 10240.0  0.0   1672.6 81920.0  70837.0   102400.0     0.0     4864.0 3997.2 512.0  446.8      13    0.032   0      0.000    0.032
10240.0 10240.0  0.0   1672.6 81920.0  75745.5   102400.0     0.0     4864.0 3997.2 512.0  446.8      13    0.032   0      0.000    0.032
10240.0 10240.0  0.0   1672.6 81920.0  80653.9   102400.0     0.0     4864.0 3997.2 512.0  446.8      13    0.032   0      0.000    0.032
10240.0 10240.0 1376.8  0.0   81920.0   3333.0   102400.0     0.0     4864.0 3997.2 512.0  446.8      14    0.034   0      0.000    0.034
10240.0 10240.0 1376.8  0.0   81920.0   8333.7   102400.0     0.0     4864.0 3997.2 512.0  446.8      14    0.034   0      0.000    0.034
10240.0 10240.0 1376.8  0.0   81920.0  13334.5   102400.0     0.0     4864.0 3997.2 512.0  446.8      14    0.034   0      0.000    0.034
10240.0 10240.0 1376.8  0.0   81920.0  18335.3   102400.0     0.0     4864.0 3997.2 512.0  446.8      14    0.034   0      0.000    0.034
10240.0 10240.0 1376.8  0.0   81920.0  23336.1   102400.0     0.0     4864.0 3997.2 512.0  446.8      14    0.034   0      0.000    0.034
10240.0 10240.0 1376.8  0.0   81920.0  28834.3   102400.0     0.0     4864.0 3997.2 512.0  446.8      14    0.034   0      0.000    0.034
10240.0 10240.0 1376.8  0.0   81920.0  33732.4   102400.0     0.0     4864.0 3997.2 512.0  446.8      14    0.034   0      0.000    0.034
10240.0 10240.0 1376.8  0.0   81920.0  38630.4   102400.0     0.0     4864.0 3997.2 512.0  446.8      14    0.034   0      0.000    0.034
10240.0 10240.0 1376.8  0.0   81920.0  45161.2   102400.0     0.0     4864.0 3997.2 512.0  446.8      14    0.034   0      0.000    0.034
10240.0 10240.0 1376.8  0.0   81920.0  50059.3   102400.0     0.0     4864.0 3997.2 512.0  446.8      14    0.034   0      0.000    0.034
10240.0 10240.0 1376.8  0.0   81920.0  54957.4   102400.0     0.0     4864.0 3997.2 512.0  446.8      14    0.034   0      0.000    0.034
10240.0 10240.0 1376.8  0.0   81920.0  59855.5   102400.0     0.0     4864.0 3997.2 512.0  446.8      14    0.034   0      0.000    0.034
10240.0 10240.0 1376.8  0.0   81920.0  64753.6   102400.0     0.0     4864.0 3997.2 512.0  446.8      14    0.034   0      0.000    0.034
10240.0 10240.0 1376.8  0.0   81920.0  69651.6   102400.0     0.0     4864.0 3997.2 512.0  446.8      14    0.034   0      0.000    0.034
10240.0 10240.0 1376.8  0.0   81920.0  74549.7   102400.0     0.0     4864.0 3997.2 512.0  446.8      14    0.034   0      0.000    0.034
10240.0 10240.0 1376.8  0.0   81920.0  79447.8   102400.0     0.0     4864.0 3997.2 512.0  446.8      14    0.034   0      0.000    0.034
10240.0 10240.0  0.0   1573.1 81920.0   2634.8   102400.0     0.0     4864.0 3997.2 512.0  446.8      15    0.037   0      0.000    0.037
10240.0 10240.0  0.0   1573.1 81920.0   7635.6   102400.0     0.0     4864.0 3997.2 512.0  446.8      15    0.037   0      0.000    0.037
10240.0 10240.0  0.0   1573.1 81920.0  12636.4   102400.0     0.0     4864.0 3997.2 512.0  446.8      15    0.037   0      0.000    0.037
10240.0 10240.0  0.0   1573.1 81920.0  17637.2   102400.0     0.0     4864.0 3997.2 512.0  446.8      15    0.037   0      0.000    0.037
10240.0 10240.0  0.0   1573.1 81920.0  22638.0   102400.0     0.0     4864.0 3997.2 512.0  446.8      15    0.037   0      0.000    0.037
10240.0 10240.0  0.0   1573.1 81920.0  27638.8   102400.0     0.0     4864.0 3997.2 512.0  446.8      15    0.037   0      0.000    0.037
10240.0 10240.0  0.0   1573.1 81920.0  33508.5   102400.0     0.0     4864.0 3997.2 512.0  446.8      15    0.037   0      0.000    0.037
10240.0 10240.0  0.0   1573.1 81920.0  38412.6   102400.0     0.0     4864.0 3997.2 512.0  446.8      15    0.037   0      0.000    0.037
10240.0 10240.0  0.0   1573.1 81920.0  43316.7   102400.0     0.0     4864.0 3997.2 512.0  446.8      15    0.037   0      0.000    0.037
10240.0 10240.0  0.0   1573.1 81920.0  48220.7   102400.0     0.0     4864.0 3997.2 512.0  446.8      15    0.037   0      0.000    0.037
10240.0 10240.0  0.0   1573.1 81920.0  53124.8   102400.0     0.0     4864.0 3997.2 512.0  446.8      15    0.037   0      0.000    0.037
10240.0 10240.0  0.0   1573.1 81920.0  59663.5   102400.0     0.0     4864.0 3997.2 512.0  446.8      15    0.037   0      0.000    0.037
10240.0 10240.0  0.0   1573.1 81920.0  64567.6   102400.0     0.0     4864.0 3997.2 512.0  446.8      15    0.037   0      0.000    0.037
10240.0 10240.0  0.0   1573.1 81920.0  69471.7   102400.0     0.0     4864.0 3997.2 512.0  446.8      15    0.037   0      0.000    0.037
10240.0 10240.0  0.0   1573.1 81920.0  74375.7   102400.0     0.0     4864.0 3997.2 512.0  446.8      15    0.037   0      0.000    0.037
10240.0 10240.0  0.0   1573.1 81920.0  79279.8   102400.0     0.0     4864.0 3997.2 512.0  446.8      15    0.037   0      0.000    0.037
10240.0 10240.0  0.0    0.0   81920.0   1836.0   102400.0    1075.2   4864.0 3997.2 512.0  446.8      16    0.047   0      0.000    0.047
10240.0 10240.0  0.0    0.0   81920.0   6836.8   102400.0    1075.2   4864.0 3997.2 512.0  446.8      16    0.047   0      0.000    0.047
10240.0 10240.0  0.0    0.0   81920.0  11837.6   102400.0    1075.2   4864.0 3997.2 512.0  446.8      16    0.047   0      0.000    0.047
10240.0 10240.0  0.0    0.0   81920.0  16838.4   102400.0    1075.2   4864.0 3997.2 512.0  446.8      16    0.047   0      0.000    0.047
10240.0 10240.0  0.0    0.0   81920.0  21839.1   102400.0    1075.2   4864.0 3997.2 512.0  446.8      16    0.047   0      0.000    0.047
10240.0 10240.0  0.0    0.0   81920.0  26839.9   102400.0    1075.2   4864.0 3997.2 512.0  446.8      16    0.047   0      0.000    0.047
10240.0 10240.0  0.0    0.0   81920.0  31840.7   102400.0    1075.2   4864.0 3997.2 512.0  446.8      16    0.047   0      0.000    0.047
10240.0 10240.0  0.0    0.0   81920.0  37613.1   102400.0    1075.2   4864.0 3997.2 512.0  446.8      16    0.047   0      0.000    0.047
10240.0 10240.0  0.0    0.0   81920.0  42521.0   102400.0    1075.2   4864.0 3997.2 512.0  446.8      16    0.047   0      0.000    0.047
10240.0 10240.0  0.0    0.0   81920.0  47429.0   102400.0    1075.2   4864.0 3997.2 512.0  446.8      16    0.047   0      0.000    0.047
10240.0 10240.0  0.0    0.0   81920.0  52336.9   102400.0    1075.2   4864.0 3997.2 512.0  446.8      16    0.047   0      0.000    0.047
10240.0 10240.0  0.0    0.0   81920.0  58880.9   102400.0    1075.2   4864.0 3997.2 512.0  446.8      16    0.047   0      0.000    0.047
10240.0 10240.0  0.0    0.0   81920.0  63788.8   102400.0    1075.2   4864.0 3997.2 512.0  446.8      16    0.047   0      0.000    0.047
10240.0 10240.0  0.0    0.0   81920.0  68696.8   102400.0    1075.2   4864.0 3997.2 512.0  446.8      16    0.047   0      0.000    0.047
10240.0 10240.0  0.0    0.0   81920.0  73604.7   102400.0    1075.2   4864.0 3997.2 512.0  446.8      16    0.047   0      0.000    0.047
10240.0 10240.0  0.0    0.0   81920.0  78512.7   102400.0    1075.2   4864.0 3997.2 512.0  446.8      16    0.047   0      0.000    0.047
10240.0 10240.0  0.0    0.0   81920.0   1736.8   102400.0    1075.2   4864.0 3997.2 512.0  446.8      17    0.049   0      0.000    0.049
10240.0 10240.0  0.0    0.0   81920.0   6037.5   102400.0    1075.2   4864.0 3997.2 512.0  446.8      17    0.049   0      0.000    0.049
10240.0 10240.0  0.0    0.0   81920.0  11038.3   102400.0    1075.2   4864.0 3997.2 512.0  446.8      17    0.049   0      0.000    0.049
10240.0 10240.0  0.0    0.0   81920.0  16039.1   102400.0    1075.2   4864.0 3997.2 512.0  446.8      17    0.049   0      0.000    0.049
10240.0 10240.0  0.0    0.0   81920.0  21039.9   102400.0    1075.2   4864.0 3997.2 512.0  446.8      17    0.049   0      0.000    0.049
10240.0 10240.0  0.0    0.0   81920.0  26040.6   102400.0    1075.2   4864.0 3997.2 512.0  446.8      17    0.049   0      0.000    0.049
10240.0 10240.0  0.0    0.0   81920.0  31041.4   102400.0    1075.2   4864.0 3997.2 512.0  446.8      17    0.049   0      0.000    0.049
10240.0 10240.0  0.0    0.0   81920.0  36042.2   102400.0    1075.2   4864.0 3997.2 512.0  446.8      17    0.049   0      0.000    0.049
10240.0 10240.0  0.0    0.0   81920.0  41852.8   102400.0    1075.2   4864.0 3997.2 512.0  446.8      17    0.049   0      0.000    0.049
10240.0 10240.0  0.0    0.0   81920.0  46763.3   102400.0    1075.2   4864.0 3997.2 512.0  446.8      17    0.049   0      0.000    0.049
10240.0 10240.0  0.0    0.0   81920.0  51673.8   102400.0    1075.2   4864.0 3997.2 512.0  446.8      17    0.049   0      0.000    0.049
10240.0 10240.0  0.0    0.0   81920.0  56584.3   102400.0    1075.2   4864.0 3997.2 512.0  446.8      17    0.049   0      0.000    0.049
10240.0 10240.0  0.0    0.0   81920.0  63131.6   102400.0    1075.2   4864.0 3997.2 512.0  446.8      17    0.049   0      0.000    0.049
10240.0 10240.0  0.0    0.0   81920.0  68042.1   102400.0    1075.2   4864.0 3997.2 512.0  446.8      17    0.049   0      0.000    0.049
10240.0 10240.0  0.0    0.0   81920.0  72952.6   102400.0    1075.2   4864.0 3997.2 512.0  446.8      17    0.049   0      0.000    0.049
10240.0 10240.0  0.0    0.0   81920.0  77863.0   102400.0    1075.2   4864.0 3997.2 512.0  446.8      17    0.049   0      0.000    0.049
10240.0 10240.0  0.0    0.0   81920.0   1736.6   102400.0    1075.2   4864.0 3997.2 512.0  446.8      18    0.050   0      0.000    0.050
10240.0 10240.0  0.0    0.0   81920.0   5237.2   102400.0    1075.2   4864.0 3997.2 512.0  446.8      18    0.050   0      0.000    0.050
10240.0 10240.0  0.0    0.0   81920.0  10238.0   102400.0    1075.2   4864.0 3997.2 512.0  446.8      18    0.050   0      0.000    0.050
10240.0 10240.0  0.0    0.0   81920.0  15238.8   102400.0    1075.2   4864.0 3997.2 512.0  446.8      18    0.050   0      0.000    0.050
10240.0 10240.0  0.0    0.0   81920.0  20239.5   102400.0    1075.2   4864.0 3997.2 512.0  446.8      18    0.050   0      0.000    0.050
10240.0 10240.0  0.0    0.0   81920.0  25240.3   102400.0    1075.2   4864.0 3997.2 512.0  446.8      18    0.050   0      0.000    0.050
10240.0 10240.0  0.0    0.0   81920.0  30241.1   102400.0    1075.2   4864.0 3997.2 512.0  446.8      18    0.050   0      0.000    0.050
10240.0 10240.0  0.0    0.0   81920.0  35241.9   102400.0    1075.2   4864.0 3997.2 512.0  446.8      18    0.050   0      0.000    0.050
10240.0 10240.0  0.0    0.0   81920.0  41251.9   102400.0    1075.2   4864.0 3997.2 512.0  446.8      18    0.050   0      0.000    0.050
10240.0 10240.0  0.0    0.0   81920.0  46161.8   102400.0    1075.2   4864.0 3997.2 512.0  446.8      18    0.050   0      0.000    0.050
10240.0 10240.0  0.0    0.0   81920.0  51071.7   102400.0    1075.2   4864.0 3997.2 512.0  446.8      18    0.050   0      0.000    0.050
10240.0 10240.0  0.0    0.0   81920.0  55981.5   102400.0    1075.2   4864.0 3997.2 512.0  446.8      18    0.050   0      0.000    0.050
10240.0 10240.0  0.0    0.0   81920.0  60891.4   102400.0    1075.2   4864.0 3997.2 512.0  446.8      18    0.050   0      0.000    0.050
10240.0 10240.0  0.0    0.0   81920.0  67437.9   102400.0    1075.2   4864.0 3997.2 512.0  446.8      18    0.050   0      0.000    0.050
10240.0 10240.0  0.0    0.0   81920.0  72347.8   102400.0    1075.2   4864.0 3997.2 512.0  446.8      18    0.050   0      0.000    0.050
10240.0 10240.0  0.0    0.0   81920.0  77257.7   102400.0    1075.2   4864.0 3997.2 512.0  446.8      18    0.050   0      0.000    0.050
10240.0 10240.0  0.0    0.0   81920.0  81920.0   102400.0    1075.2   4864.0 3997.2 512.0  446.8      18    0.050   0      0.000    0.050
10240.0 10240.0  0.0    0.0   81920.0   4436.9   102400.0    1075.2   4864.0 3997.2 512.0  446.8      19    0.050   0      0.000    0.050
10240.0 10240.0  0.0    0.0   81920.0   9437.7   102400.0    1075.2   4864.0 3997.2 512.0  446.8      19    0.050   0      0.000    0.050
10240.0 10240.0  0.0    0.0   81920.0  14438.5   102400.0    1075.2   4864.0 3997.2 512.0  446.8      19    0.050   0      0.000    0.050
10240.0 10240.0  0.0    0.0   81920.0  19439.3   102400.0    1075.2   4864.0 3997.2 512.0  446.8      19    0.050   0      0.000    0.050
10240.0 10240.0  0.0    0.0   81920.0  24440.1   102400.0    1075.2   4864.0 3997.2 512.0  446.8      19    0.050   0      0.000    0.050
10240.0 10240.0  0.0    0.0   81920.0  29440.8   102400.0    1075.2   4864.0 3997.2 512.0  446.8      19    0.050   0      0.000    0.050
10240.0 10240.0  0.0    0.0   81920.0  34441.6   102400.0    1075.2   4864.0 3997.2 512.0  446.8      19    0.050   0      0.000    0.050
10240.0 10240.0  0.0    0.0   81920.0  40851.4   102400.0    1075.2   4864.0 3997.2 512.0  446.8      19    0.050   0      0.000    0.050
10240.0 10240.0  0.0    0.0   81920.0  45760.9   102400.0    1075.2   4864.0 3997.2 512.0  446.8      19    0.050   0      0.000    0.050
10240.0 10240.0  0.0    0.0   81920.0  50670.4   102400.0    1075.2   4864.0 3997.2 512.0  446.8      19    0.050   0      0.000    0.050
10240.0 10240.0  0.0    0.0   81920.0  55579.9   102400.0    1075.2   4864.0 3997.2 512.0  446.8      19    0.050   0      0.000    0.050
10240.0 10240.0  0.0    0.0   81920.0  60489.4   102400.0    1075.2   4864.0 3997.2 512.0  446.8      19    0.050   0      0.000    0.050
10240.0 10240.0  0.0    0.0   81920.0  65398.9   102400.0    1075.2   4864.0 3997.2 512.0  446.8      19    0.050   0      0.000    0.050
10240.0 10240.0  0.0    0.0   81920.0  70308.4   102400.0    1075.2   4864.0 3997.2 512.0  446.8      19    0.050   0      0.000    0.050
10240.0 10240.0  0.0    0.0   81920.0  76854.4   102400.0    1075.2   4864.0 3997.2 512.0  446.8      19    0.050   0      0.000    0.050
10240.0 10240.0  0.0    0.0   81920.0  81763.9   102400.0    1075.2   4864.0 3997.2 512.0  446.8      19    0.050   0      0.000    0.050
10240.0 10240.0  0.0    0.0   81920.0   3637.5   102400.0    1075.2   4864.0 3997.2 512.0  446.8      20    0.051   0      0.000    0.051
10240.0 10240.0  0.0    0.0   81920.0   8638.3   102400.0    1075.2   4864.0 3997.2 512.0  446.8      20    0.051   0      0.000    0.051
10240.0 10240.0  0.0    0.0   81920.0  13639.0   102400.0    1075.2   4864.0 3997.2 512.0  446.8      20    0.051   0      0.000    0.051
10240.0 10240.0  0.0    0.0   81920.0  18639.8   102400.0    1075.2   4864.0 3997.2 512.0  446.8      20    0.051   0      0.000    0.051
10240.0 10240.0  0.0    0.0   81920.0  23640.6   102400.0    1075.2   4864.0 3997.2 512.0  446.8      20    0.051   0      0.000    0.051
10240.0 10240.0  0.0    0.0   81920.0  28641.4   102400.0    1075.2   4864.0 3997.2 512.0  446.8      20    0.051   0      0.000    0.051
10240.0 10240.0  0.0    0.0   81920.0  33642.2   102400.0    1075.2   4864.0 3997.2 512.0  446.8      20    0.051   0      0.000    0.051
10240.0 10240.0  0.0    0.0   81920.0  39680.0   102400.0    1075.2   4864.0 3997.2 512.0  446.8      20    0.051   0      0.000    0.051
10240.0 10240.0  0.0    0.0   81920.0  44591.5   102400.0    1075.2   4864.0 3997.2 512.0  446.8      20    0.051   0      0.000    0.051
10240.0 10240.0  0.0    0.0   81920.0  49503.0   102400.0    1075.2   4864.0 3997.2 512.0  446.8      20    0.051   0      0.000    0.051
10240.0 10240.0  0.0    0.0   81920.0  54414.5   102400.0    1075.2   4864.0 3997.2 512.0  446.8      20    0.051   0      0.000    0.051
10240.0 10240.0  0.0    0.0   81920.0  59326.0   102400.0    1075.2   4864.0 3997.2 512.0  446.8      20    0.051   0      0.000    0.051
10240.0 10240.0  0.0    0.0   81920.0  64237.5   102400.0    1075.2   4864.0 3997.2 512.0  446.8      20    0.051   0      0.000    0.051
10240.0 10240.0  0.0    0.0   81920.0  70786.1   102400.0    1075.2   4864.0 3997.2 512.0  446.8      20    0.051   0      0.000    0.051
10240.0 10240.0  0.0    0.0   81920.0  75697.6   102400.0    1075.2   4864.0 3997.2 512.0  446.8      20    0.051   0      0.000    0.051
10240.0 10240.0  0.0    0.0   81920.0  80609.1   102400.0    1075.2   4864.0 3997.2 512.0  446.8      20    0.051   0      0.000    0.051
10240.0 10240.0  0.0    0.0   81920.0   2737.8   102400.0    1075.2   4864.0 3997.2 512.0  446.8      21    0.052   0      0.000    0.052
10240.0 10240.0  0.0    0.0   81920.0   7738.5   102400.0    1075.2   4864.0 3997.2 512.0  446.8      21    0.052   0      0.000    0.052
10240.0 10240.0  0.0    0.0   81920.0  12739.3   102400.0    1075.2   4864.0 3997.2 512.0  446.8      21    0.052   0      0.000    0.052
10240.0 10240.0  0.0    0.0   81920.0  17740.1   102400.0    1075.2   4864.0 3997.2 512.0  446.8      21    0.052   0      0.000    0.052
10240.0 10240.0  0.0    0.0   81920.0  22740.9   102400.0    1075.2   4864.0 3997.2 512.0  446.8      21    0.052   0      0.000    0.052
10240.0 10240.0  0.0    0.0   81920.0  27741.7   102400.0    1075.2   4864.0 3997.2 512.0  446.8      21    0.052   0      0.000    0.052
10240.0 10240.0  0.0    0.0   81920.0  32742.5   102400.0    1075.2   4864.0 3997.2 512.0  446.8      21    0.052   0      0.000    0.052
10240.0 10240.0  0.0    0.0   81920.0  37743.2   102400.0    1075.2   4864.0 3997.2 512.0  446.8      21    0.052   0      0.000    0.052
10240.0 10240.0  0.0    0.0   81920.0  44256.3   102400.0    1075.2   4864.0 3997.2 512.0  446.8      21    0.052   0      0.000    0.052
10240.0 10240.0  0.0    0.0   81920.0  49169.0   102400.0    1075.2   4864.0 3997.2 512.0  446.8      21    0.052   0      0.000    0.052
10240.0 10240.0  0.0    0.0   81920.0  54081.8   102400.0    1075.2   4864.0 3997.2 512.0  446.8      21    0.052   0      0.000    0.052
10240.0 10240.0  0.0    0.0   81920.0  58994.6   102400.0    1075.2   4864.0 3997.2 512.0  446.8      21    0.052   0      0.000    0.052
10240.0 10240.0  0.0    0.0   81920.0  63907.4   102400.0    1075.2   4864.0 3997.2 512.0  446.8      21    0.052   0      0.000    0.052
10240.0 10240.0  0.0    0.0   81920.0  68820.2   102400.0    1075.2   4864.0 3997.2 512.0  446.8      21    0.052   0      0.000    0.052
10240.0 10240.0  0.0    0.0   81920.0  73733.0   102400.0    1075.2   4864.0 3997.2 512.0  446.8      21    0.052   0      0.000    0.052
10240.0 10240.0  0.0    0.0   81920.0  78645.7   102400.0    1075.2   4864.0 3997.2 512.0  446.8      21    0.052   0      0.000    0.052
10240.0 10240.0  0.0    0.0   81920.0   1830.9   102400.0    1075.2   4864.0 3997.2 512.0  446.8      22    0.053   0      0.000    0.053
10240.0 10240.0  0.0    0.0   81920.0   6831.6   102400.0    1075.2   4864.0 3997.2 512.0  446.8      22    0.053   0      0.000    0.053
10240.0 10240.0  0.0    0.0   81920.0  11832.4   102400.0    1075.2   4864.0 3997.2 512.0  446.8      22    0.053   0      0.000    0.053
10240.0 10240.0  0.0    0.0   81920.0  16833.2   102400.0    1075.2   4864.0 3997.2 512.0  446.8      22    0.053   0      0.000    0.053
10240.0 10240.0  0.0    0.0   81920.0  22925.8   102400.0    1075.2   4864.0 3997.2 512.0  446.8      22    0.053   0      0.000    0.053
10240.0 10240.0  0.0    0.0   81920.0  27818.3   102400.0    1075.2   4864.0 3997.2 512.0  446.8      22    0.053   0      0.000    0.053
10240.0 10240.0  0.0    0.0   81920.0  32710.8   102400.0    1075.2   4864.0 3997.2 512.0  446.8      22    0.053   0      0.000    0.053
10240.0 10240.0  0.0    0.0   81920.0  37603.2   102400.0    1075.2   4864.0 3997.2 512.0  446.8      22    0.053   0      0.000    0.053
10240.0 10240.0  0.0    0.0   81920.0  42495.7   102400.0    1075.2   4864.0 3997.2 512.0  446.8      22    0.053   0      0.000    0.053
10240.0 10240.0  0.0    0.0   81920.0  47388.1   102400.0    1075.2   4864.0 3997.2 512.0  446.8      22    0.053   0      0.000    0.053
10240.0 10240.0  0.0    0.0   81920.0  53911.4   102400.0    1075.2   4864.0 3997.2 512.0  446.8      22    0.053   0      0.000    0.053
10240.0 10240.0  0.0    0.0   81920.0  58803.9   102400.0    1075.2   4864.0 3997.2 512.0  446.8      22    0.053   0      0.000    0.053
10240.0 10240.0  0.0    0.0   81920.0  63696.4   102400.0    1075.2   4864.0 3997.2 512.0  446.8      22    0.053   0      0.000    0.053
10240.0 10240.0  0.0    0.0   81920.0  68588.8   102400.0    1075.2   4864.0 3997.2 512.0  446.8      22    0.053   0      0.000    0.053
10240.0 10240.0  0.0    0.0   81920.0  73481.3   102400.0    1075.2   4864.0 3997.2 512.0  446.8      22    0.053   0      0.000    0.053
10240.0 10240.0  0.0    0.0   81920.0  78373.7   102400.0    1075.2   4864.0 3997.2 512.0  446.8      22    0.053   0      0.000    0.053
10240.0 10240.0  0.0    0.0   81920.0   1733.5   102400.0    1075.2   4864.0 3997.2 512.0  446.8      23    0.053   0      0.000    0.053
10240.0 10240.0  0.0    0.0   81920.0   6234.2   102400.0    1075.2   4864.0 3997.2 512.0  446.8      23    0.053   0      0.000    0.053
10240.0 10240.0  0.0    0.0   81920.0  11235.0   102400.0    1075.2   4864.0 3997.2 512.0  446.8      23    0.053   0      0.000    0.053
10240.0 10240.0  0.0    0.0   81920.0  16235.8   102400.0    1075.2   4864.0 3997.2 512.0  446.8      23    0.053   0      0.000    0.053
10240.0 10240.0  0.0    0.0   81920.0  21236.5   102400.0    1075.2   4864.0 3997.2 512.0  446.8      23    0.053   0      0.000    0.053
10240.0 10240.0  0.0    0.0   81920.0  26237.3   102400.0    1075.2   4864.0 3997.2 512.0  446.8      23    0.053   0      0.000    0.053
10240.0 10240.0  0.0    0.0   81920.0  31337.8   102400.0    1075.2   4864.0 3997.2 512.0  446.8      23    0.053   0      0.000    0.053
10240.0 10240.0  0.0    0.0   81920.0  37871.7   102400.0    1075.2   4864.0 3997.2 512.0  446.8      23    0.053   0      0.000    0.053
10240.0 10240.0  0.0    0.0   81920.0  42772.1   102400.0    1075.2   4864.0 3997.2 512.0  446.8      23    0.053   0      0.000    0.053
10240.0 10240.0  0.0    0.0   81920.0  47672.5   102400.0    1075.2   4864.0 3997.2 512.0  446.8      23    0.053   0      0.000    0.053
10240.0 10240.0  0.0    0.0   81920.0  52573.0   102400.0    1075.2   4864.0 3997.2 512.0  446.8      23    0.053   0      0.000    0.053
10240.0 10240.0  0.0    0.0   81920.0  57473.4   102400.0    1075.2   4864.0 3997.2 512.0  446.8      23    0.053   0      0.000    0.053
10240.0 10240.0  0.0    0.0   81920.0  62373.8   102400.0    1075.2   4864.0 3997.2 512.0  446.8      23    0.053   0      0.000    0.053
10240.0 10240.0  0.0    0.0   81920.0  67274.3   102400.0    1075.2   4864.0 3997.2 512.0  446.8      23    0.053   0      0.000    0.053
10240.0 10240.0  0.0    0.0   81920.0  72174.7   102400.0    1075.2   4864.0 3997.2 512.0  446.8      23    0.053   0      0.000    0.053
10240.0 10240.0  0.0    0.0   81920.0  78708.6   102400.0    1075.2   4864.0 3997.2 512.0  446.8      23    0.053   0      0.000    0.053
10240.0 10240.0  0.0    0.0   81920.0   1728.9   102400.0    1075.2   4864.0 3997.2 512.0  446.8      24    0.054   0      0.000    0.054
10240.0 10240.0  0.0    0.0   81920.0   5529.5   102400.0    1075.2   4864.0 3997.2 512.0  446.8      24    0.054   0      0.000    0.054
10240.0 10240.0  0.0    0.0   81920.0  10530.2   102400.0    1075.2   4864.0 3997.2 512.0  446.8      24    0.054   0      0.000    0.054
10240.0 10240.0  0.0    0.0   81920.0  16717.0   102400.0    1075.2   4864.0 3997.2 512.0  446.8      24    0.054   0      0.000    0.054
10240.0 10240.0  0.0    0.0   81920.0  21603.5   102400.0    1075.2   4864.0 3997.2 512.0  446.8      24    0.054   0      0.000    0.054
10240.0 10240.0  0.0    0.0   81920.0  26490.0   102400.0    1075.2   4864.0 3997.2 512.0  446.8      24    0.054   0      0.000    0.054
10240.0 10240.0  0.0    0.0   81920.0  31376.6   102400.0    1075.2   4864.0 3997.2 512.0  446.8      24    0.054   0      0.000    0.054
10240.0 10240.0  0.0    0.0   81920.0  36263.1   102400.0    1075.2   4864.0 3997.2 512.0  446.8      24    0.054   0      0.000    0.054
10240.0 10240.0  0.0    0.0   81920.0  41149.6   102400.0    1075.2   4864.0 3997.2 512.0  446.8      24    0.054   0      0.000    0.054
10240.0 10240.0  0.0    0.0   81920.0  47665.0   102400.0    1075.2   4864.0 3997.2 512.0  446.8      24    0.054   0      0.000    0.054
10240.0 10240.0  0.0    0.0   81920.0  52551.5   102400.0    1075.2   4864.0 3997.2 512.0  446.8      24    0.054   0      0.000    0.054
10240.0 10240.0  0.0    0.0   81920.0  57438.1   102400.0    1075.2   4864.0 3997.2 512.0  446.8      24    0.054   0      0.000    0.054
10240.0 10240.0  0.0    0.0   81920.0  62324.6   102400.0    1075.2   4864.0 3997.2 512.0  446.8      24    0.054   0      0.000    0.054
10240.0 10240.0  0.0    0.0   81920.0  67211.1   102400.0    1075.2   4864.0 3997.2 512.0  446.8      24    0.054   0      0.000    0.054
10240.0 10240.0  0.0    0.0   81920.0  72097.7   102400.0    1075.2   4864.0 3997.2 512.0  446.8      24    0.054   0      0.000    0.054
10240.0 10240.0  0.0    0.0   81920.0  76984.2   102400.0    1075.2   4864.0 3997.2 512.0  446.8      24    0.054   0      0.000    0.054
10240.0 10240.0  0.0    0.0   81920.0  81870.7   102400.0    1075.2   4864.0 3997.2 512.0  446.8      24    0.054   0      0.000    0.054
10240.0 10240.0  0.0    0.0   81920.0   4932.7   102400.0    1075.2   4864.0 3997.2 512.0  446.8      25    0.055   0      0.000    0.055
10240.0 10240.0  0.0    0.0   81920.0   9933.5   102400.0    1075.2   4864.0 3997.2 512.0  446.8      25    0.055   0      0.000    0.055
10240.0 10240.0  0.0    0.0   81920.0  14934.3   102400.0    1075.2   4864.0 3997.2 512.0  446.8      25    0.055   0      0.000    0.055
10240.0 10240.0  0.0    0.0   81920.0  19935.0   102400.0    1075.2   4864.0 3997.2 512.0  446.8      25    0.055   0      0.000    0.055
10240.0 10240.0  0.0    0.0   81920.0  25599.8   102400.0    1075.2   4864.0 3997.2 512.0  446.8      25    0.055   0      0.000    0.055
10240.0 10240.0  0.0    0.0   81920.0  30496.4   102400.0    1075.2   4864.0 3997.2 512.0  446.8      25    0.055   0      0.000    0.055
10240.0 10240.0  0.0    0.0   81920.0  35392.9   102400.0    1075.2   4864.0 3997.2 512.0  446.8      25    0.055   0      0.000    0.055
10240.0 10240.0  0.0    0.0   81920.0  40289.5   102400.0    1075.2   4864.0 3997.2 512.0  446.8      25    0.055   0      0.000    0.055
10240.0 10240.0  0.0    0.0   81920.0  46818.2   102400.0    1075.2   4864.0 3997.2 512.0  446.8      25    0.055   0      0.000    0.055
10240.0 10240.0  0.0    0.0   81920.0  51714.8   102400.0    1075.2   4864.0 3997.2 512.0  446.8      25    0.055   0      0.000    0.055
10240.0 10240.0  0.0    0.0   81920.0  56611.4   102400.0    1075.2   4864.0 3997.2 512.0  446.8      25    0.055   0      0.000    0.055
10240.0 10240.0  0.0    0.0   81920.0  61507.9   102400.0    1075.2   4864.0 3997.2 512.0  446.8      25    0.055   0      0.000    0.055
10240.0 10240.0  0.0    0.0   81920.0  66404.5   102400.0    1075.2   4864.0 3997.2 512.0  446.8      25    0.055   0      0.000    0.055
10240.0 10240.0  0.0    0.0   81920.0  71301.0   102400.0    1075.2   4864.0 3997.2 512.0  446.8      25    0.055   0      0.000    0.055
10240.0 10240.0  0.0    0.0   81920.0  76197.6   102400.0    1075.2   4864.0 3997.2 512.0  446.8      25    0.055   0      0.000    0.055
10240.0 10240.0  0.0    0.0   81920.0  81094.2   102400.0    1075.2   4864.0 3997.2 512.0  446.8      25    0.055   0      0.000    0.055
10240.0 10240.0  0.0    0.0   81920.0   4231.9   102400.0    1075.2   4864.0 3997.2 512.0  446.8      26    0.056   0      0.000    0.056
10240.0 10240.0  0.0    0.0   81920.0   9232.7   102400.0    1075.2   4864.0 3997.2 512.0  446.8      26    0.056   0      0.000    0.056
10240.0 10240.0  0.0    0.0   81920.0  14233.5   102400.0    1075.2   4864.0 3997.2 512.0  446.8      26    0.056   0      0.000    0.056
10240.0 10240.0  0.0    0.0   81920.0  19234.3   102400.0    1075.2   4864.0 3997.2 512.0  446.8      26    0.056   0      0.000    0.056
10240.0 10240.0  0.0    0.0   81920.0  25028.9   102400.0    1075.2   4864.0 3997.2 512.0  446.8      26    0.056   0      0.000    0.056
10240.0 10240.0  0.0    0.0   81920.0  29923.4   102400.0    1075.2   4864.0 3997.2 512.0  446.8      26    0.056   0      0.000    0.056
10240.0 10240.0  0.0    0.0   81920.0  34818.0   102400.0    1075.2   4864.0 3997.2 512.0  446.8      26    0.056   0      0.000    0.056
10240.0 10240.0  0.0    0.0   81920.0  39712.5   102400.0    1075.2   4864.0 3997.2 512.0  446.8      26    0.056   0      0.000    0.056
10240.0 10240.0  0.0    0.0   81920.0  46238.5   102400.0    1075.2   4864.0 3997.2 512.0  446.8      26    0.056   0      0.000    0.056
10240.0 10240.0  0.0    0.0   81920.0  51133.0   102400.0    1075.2   4864.0 3997.2 512.0  446.8      26    0.056   0      0.000    0.056
10240.0 10240.0  0.0    0.0   81920.0  56027.6   102400.0    1075.2   4864.0 3997.2 512.0  446.8      26    0.056   0      0.000    0.056
10240.0 10240.0  0.0    0.0   81920.0  60922.1   102400.0    1075.2   4864.0 3997.2 512.0  446.8      26    0.056   0      0.000    0.056
10240.0 10240.0  0.0    0.0   81920.0  65816.6   102400.0    1075.2   4864.0 3997.2 512.0  446.8      26    0.056   0      0.000    0.056
10240.0 10240.0  0.0    0.0   81920.0  70711.1   102400.0    1075.2   4864.0 3997.2 512.0  446.8      26    0.056   0      0.000    0.056
10240.0 10240.0  0.0    0.0   81920.0  75605.7   102400.0    1075.2   4864.0 3997.2 512.0  446.8      26    0.056   0      0.000    0.056
10240.0 10240.0  0.0    0.0   81920.0  80500.2   102400.0    1075.2   4864.0 3997.2 512.0  446.8      26    0.056   0      0.000    0.056
10240.0 10240.0  0.0    0.0   81920.0   3534.2   102400.0    1075.2   4864.0 3997.2 512.0  446.8      27    0.057   0      0.000    0.057
10240.0 10240.0  0.0    0.0   81920.0   8535.0   102400.0    1075.2   4864.0 3997.2 512.0  446.8      27    0.057   0      0.000    0.057
10240.0 10240.0  0.0    0.0   81920.0  13535.8   102400.0    1075.2   4864.0 3997.2 512.0  446.8      27    0.057   0      0.000    0.057
10240.0 10240.0  0.0    0.0   81920.0  18536.6   102400.0    1075.2   4864.0 3997.2 512.0  446.8      27    0.057   0      0.000    0.057
10240.0 10240.0  0.0    0.0   81920.0  23537.3   102400.0    1075.2   4864.0 3997.2 512.0  446.8      27    0.057   0      0.000    0.057
10240.0 10240.0  0.0    0.0   81920.0  29471.9   102400.0    1075.2   4864.0 3997.2 512.0  446.8      27    0.057   0      0.000    0.057
10240.0 10240.0  0.0    0.0   81920.0  34373.7   102400.0    1075.2   4864.0 3997.2 512.0  446.8      27    0.057   0      0.000    0.057
10240.0 10240.0  0.0    0.0   81920.0  39275.5   102400.0    1075.2   4864.0 3997.2 512.0  446.8      27    0.057   0      0.000    0.057
10240.0 10240.0  0.0    0.0   81920.0  44177.2   102400.0    1075.2   4864.0 3997.2 512.0  446.8      27    0.057   0      0.000    0.057
10240.0 10240.0  0.0    0.0   81920.0  49079.0   102400.0    1075.2   4864.0 3997.2 512.0  446.8      27    0.057   0      0.000    0.057
10240.0 10240.0  0.0    0.0   81920.0  55614.7   102400.0    1075.2   4864.0 3997.2 512.0  446.8      27    0.057   0      0.000    0.057
10240.0 10240.0  0.0    0.0   81920.0  60516.5   102400.0    1075.2   4864.0 3997.2 512.0  446.8      27    0.057   0      0.000    0.057
10240.0 10240.0  0.0    0.0   81920.0  65418.2   102400.0    1075.2   4864.0 3997.2 512.0  446.8      27    0.057   0      0.000    0.057
10240.0 10240.0  0.0    0.0   81920.0  70320.0   102400.0    1075.2   4864.0 3997.2 512.0  446.8      27    0.057   0      0.000    0.057
10240.0 10240.0  0.0    0.0   81920.0  75221.8   102400.0    1075.2   4864.0 3997.2 512.0  446.8      27    0.057   0      0.000    0.057
10240.0 10240.0  0.0    0.0   81920.0  80123.5   102400.0    1075.2   4864.0 3997.2 512.0  446.8      27    0.057   0      0.000    0.057
10240.0 10240.0  0.0    0.0   81920.0   2835.7   102400.0    1075.2   4864.0 3997.2 512.0  446.8      28    0.058   0      0.000    0.058
10240.0 10240.0  0.0    0.0   81920.0   7836.5   102400.0    1075.2   4864.0 3997.2 512.0  446.8      28    0.058   0      0.000    0.058
10240.0 10240.0  0.0    0.0   81920.0  12837.2   102400.0    1075.2   4864.0 3997.2 512.0  446.8      28    0.058   0      0.000    0.058
10240.0 10240.0  0.0    0.0   81920.0  17838.0   102400.0    1075.2   4864.0 3997.2 512.0  446.8      28    0.058   0      0.000    0.058
10240.0 10240.0  0.0    0.0   81920.0  22838.8   102400.0    1075.2   4864.0 3997.2 512.0  446.8      28    0.058   0      0.000    0.058
10240.0 10240.0  0.0    0.0   81920.0  27839.6   102400.0    1075.2   4864.0 3997.2 512.0  446.8      28    0.058   0      0.000    0.058
10240.0 10240.0  0.0    0.0   81920.0  34375.8   102400.0    1075.2   4864.0 3997.2 512.0  446.8      28    0.058   0      0.000    0.058
10240.0 10240.0  0.0    0.0   81920.0  39282.3   102400.0    1075.2   4864.0 3997.2 512.0  446.8      28    0.058   0      0.000    0.058
10240.0 10240.0  0.0    0.0   81920.0  44188.7   102400.0    1075.2   4864.0 3997.2 512.0  446.8      28    0.058   0      0.000    0.058
10240.0 10240.0  0.0    0.0   81920.0  49095.2   102400.0    1075.2   4864.0 3997.2 512.0  446.8      28    0.058   0      0.000    0.058
10240.0 10240.0  0.0    0.0   81920.0  54001.6   102400.0    1075.2   4864.0 3997.2 512.0  446.8      28    0.058   0      0.000    0.058
10240.0 10240.0  0.0    0.0   81920.0  58908.1   102400.0    1075.2   4864.0 3997.2 512.0  446.8      28    0.058   0      0.000    0.058
10240.0 10240.0  0.0    0.0   81920.0  63814.5   102400.0    1075.2   4864.0 3997.2 512.0  446.8      28    0.058   0      0.000    0.058
10240.0 10240.0  0.0    0.0   81920.0  68721.0   102400.0    1075.2   4864.0 3997.2 512.0  446.8      28    0.058   0      0.000    0.058
10240.0 10240.0  0.0    0.0   81920.0  75262.9   102400.0    1075.2   4864.0 3997.2 512.0  446.8      28    0.058   0      0.000    0.058
10240.0 10240.0  0.0    0.0   81920.0  80169.4   102400.0    1075.2   4864.0 3997.2 512.0  446.8      28    0.058   0      0.000    0.058
10240.0 10240.0  0.0    0.0   81920.0   2036.6   102400.0    1075.2   4864.0 3997.2 512.0  446.8      29    0.058   0      0.000    0.058
10240.0 10240.0  0.0    0.0   81920.0   7037.4   102400.0    1075.2   4864.0 3997.2 512.0  446.8      29    0.058   0      0.000    0.058
10240.0 10240.0  0.0    0.0   81920.0  12038.1   102400.0    1075.2   4864.0 3997.2 512.0  446.8      29    0.058   0      0.000    0.058
10240.0 10240.0  0.0    0.0   81920.0  17038.9   102400.0    1075.2   4864.0 3997.2 512.0  446.8      29    0.058   0      0.000    0.058
10240.0 10240.0  0.0    0.0   81920.0  22039.7   102400.0    1075.2   4864.0 3997.2 512.0  446.8      29    0.058   0      0.000    0.058
10240.0 10240.0  0.0    0.0   81920.0  27040.5   102400.0    1075.2   4864.0 3997.2 512.0  446.8      29    0.058   0      0.000    0.058
10240.0 10240.0  0.0    0.0   81920.0  32041.3   102400.0    1075.2   4864.0 3997.2 512.0  446.8      29    0.058   0      0.000    0.058
10240.0 10240.0  0.0    0.0   81920.0  37578.4   102400.0    1075.2   4864.0 3997.2 512.0  446.8      29    0.058   0      0.000    0.058
10240.0 10240.0  0.0    0.0   81920.0  42487.9   102400.0    1075.2   4864.0 3997.2 512.0  446.8      29    0.058   0      0.000    0.058
10240.0 10240.0  0.0    0.0   81920.0  47397.4   102400.0    1075.2   4864.0 3997.2 512.0  446.8      29    0.058   0      0.000    0.058
10240.0 10240.0  0.0    0.0   81920.0  53943.5   102400.0    1075.2   4864.0 3997.2 512.0  446.8      29    0.058   0      0.000    0.058
10240.0 10240.0  0.0    0.0   81920.0  58853.0   102400.0    1075.2   4864.0 3997.2 512.0  446.8      29    0.058   0      0.000    0.058
10240.0 10240.0  0.0    0.0   81920.0  63762.5   102400.0    1075.2   4864.0 3997.2 512.0  446.8      29    0.058   0      0.000    0.058
10240.0 10240.0  0.0    0.0   81920.0  68672.0   102400.0    1075.2   4864.0 3997.2 512.0  446.8      29    0.058   0      0.000    0.058
10240.0 10240.0  0.0    0.0   81920.0  73581.5   102400.0    1075.2   4864.0 3997.2 512.0  446.8      29    0.058   0      0.000    0.058
10240.0 10240.0  0.0    0.0   81920.0  78491.1   102400.0    1075.2   4864.0 3997.2 512.0  446.8      29    0.058   0      0.000    0.058
10240.0 10240.0  0.0    0.0   81920.0   1737.2   102400.0    1075.2   4864.0 3997.2 512.0  446.8      30    0.059   0      0.000    0.059
10240.0 10240.0  0.0    0.0   81920.0   6237.9   102400.0    1075.2   4864.0 3997.2 512.0  446.8      30    0.059   0      0.000    0.059
10240.0 10240.0  0.0    0.0   81920.0  11238.7   102400.0    1075.2   4864.0 3997.2 512.0  446.8      30    0.059   0      0.000    0.059
10240.0 10240.0  0.0    0.0   81920.0  16239.4   102400.0    1075.2   4864.0 3997.2 512.0  446.8      30    0.059   0      0.000    0.059
10240.0 10240.0  0.0    0.0   81920.0  21240.2   102400.0    1075.2   4864.0 3997.2 512.0  446.8      30    0.059   0      0.000    0.059
10240.0 10240.0  0.0    0.0   81920.0  26241.0   102400.0    1075.2   4864.0 3997.2 512.0  446.8      30    0.059   0      0.000    0.059
10240.0 10240.0  0.0    0.0   81920.0  31241.8   102400.0    1075.2   4864.0 3997.2 512.0  446.8      30    0.059   0      0.000    0.059
10240.0 10240.0  0.0    0.0   81920.0  36242.6   102400.0    1075.2   4864.0 3997.2 512.0  446.8      30    0.059   0      0.000    0.059
10240.0 10240.0  0.0    0.0   81920.0  41317.2   102400.0    1075.2   4864.0 3997.2 512.0  446.8      30    0.059   0      0.000    0.059
10240.0 10240.0  0.0    0.0   81920.0  47865.8   102400.0    1075.2   4864.0 3997.2 512.0  446.8      30    0.059   0      0.000    0.059
10240.0 10240.0  0.0    0.0   81920.0  52777.3   102400.0    1075.2   4864.0 3997.2 512.0  446.8      30    0.059   0      0.000    0.059
10240.0 10240.0  0.0    0.0   81920.0  57688.8   102400.0    1075.2   4864.0 3997.2 512.0  446.8      30    0.059   0      0.000    0.059
10240.0 10240.0  0.0    0.0   81920.0  62600.3   102400.0    1075.2   4864.0 3997.2 512.0  446.8      30    0.059   0      0.000    0.059
10240.0 10240.0  0.0    0.0   81920.0  67511.8   102400.0    1075.2   4864.0 3997.2 512.0  446.8      30    0.059   0      0.000    0.059
10240.0 10240.0  0.0    0.0   81920.0  72423.3   102400.0    1075.2   4864.0 3997.2 512.0  446.8      30    0.059   0      0.000    0.059
10240.0 10240.0  0.0    0.0   81920.0  77334.8   102400.0    1075.2   4864.0 3997.2 512.0  446.8      30    0.059   0      0.000    0.059
10240.0 10240.0  0.0    0.0   81920.0   1737.6   102400.0    1075.2   4864.0 3997.2 512.0  446.8      31    0.060   0      0.000    0.060
10240.0 10240.0  0.0    0.0   81920.0   5338.2   102400.0    1075.2   4864.0 3997.2 512.0  446.8      31    0.060   0      0.000    0.060
10240.0 10240.0  0.0    0.0   81920.0  10339.0   102400.0    1075.2   4864.0 3997.2 512.0  446.8      31    0.060   0      0.000    0.060
10240.0 10240.0  0.0    0.0   81920.0  15339.7   102400.0    1075.2   4864.0 3997.2 512.0  446.8      31    0.060   0      0.000    0.060
10240.0 10240.0  0.0    0.0   81920.0  20340.5   102400.0    1075.2   4864.0 3997.2 512.0  446.8      31    0.060   0      0.000    0.060
10240.0 10240.0  0.0    0.0   81920.0  25341.3   102400.0    1075.2   4864.0 3997.2 512.0  446.8      31    0.060   0      0.000    0.060
10240.0 10240.0  0.0    0.0   81920.0  30342.1   102400.0    1075.2   4864.0 3997.2 512.0  446.8      31    0.060   0      0.000    0.060
10240.0 10240.0  0.0    0.0   81920.0  35342.9   102400.0    1075.2   4864.0 3997.2 512.0  446.8      31    0.060   0      0.000    0.060
10240.0 10240.0  0.0    0.0   81920.0  40981.1   102400.0    1075.2   4864.0 3997.2 512.0  446.8      31    0.060   0      0.000    0.060
10240.0 10240.0  0.0    0.0   81920.0  45893.9   102400.0    1075.2   4864.0 3997.2 512.0  446.8      31    0.060   0      0.000    0.060
10240.0 10240.0  0.0    0.0   81920.0  50806.6   102400.0    1075.2   4864.0 3997.2 512.0  446.8      31    0.060   0      0.000    0.060
10240.0 10240.0  0.0    0.0   81920.0  55719.4   102400.0    1075.2   4864.0 3997.2 512.0  446.8      31    0.060   0      0.000    0.060
10240.0 10240.0  0.0    0.0   81920.0  62269.8   102400.0    1075.2   4864.0 3997.2 512.0  446.8      31    0.060   0      0.000    0.060
10240.0 10240.0  0.0    0.0   81920.0  67182.6   102400.0    1075.2   4864.0 3997.2 512.0  446.8      31    0.060   0      0.000    0.060
10240.0 10240.0  0.0    0.0   81920.0  72095.4   102400.0    1075.2   4864.0 3997.2 512.0  446.8      31    0.060   0      0.000    0.060
10240.0 10240.0  0.0    0.0   81920.0  77008.1   102400.0    1075.2   4864.0 3997.2 512.0  446.8      31    0.060   0      0.000    0.060
10240.0 10240.0  0.0    0.0   81920.0  81920.0   102400.0    1075.2   4864.0 3997.2 512.0  446.8      31    0.060   0      0.000    0.060
10240.0 10240.0  0.0    0.0   81920.0   4431.3   102400.0    1075.2   4864.0 3997.2 512.0  446.8      32    0.060   0      0.000    0.060
10240.0 10240.0  0.0    0.0   81920.0   9432.0   102400.0    1075.2   4864.0 3997.2 512.0  446.8      32    0.060   0      0.000    0.060
10240.0 10240.0  0.0    0.0   81920.0  14432.8   102400.0    1075.2   4864.0 3997.2 512.0  446.8      32    0.060   0      0.000    0.060
10240.0 10240.0  0.0    0.0   81920.0  19664.2   102400.0    1075.2   4864.0 3997.2 512.0  446.8      32    0.060   0      0.000    0.060
10240.0 10240.0  0.0    0.0   81920.0  24556.7   102400.0    1075.2   4864.0 3997.2 512.0  446.8      32    0.060   0      0.000    0.060
10240.0 10240.0  0.0    0.0   81920.0  31080.0   102400.0    1075.2   4864.0 3997.2 512.0  446.8      32    0.060   0      0.000    0.060
10240.0 10240.0  0.0    0.0   81920.0  35972.5   102400.0    1075.2   4864.0 3997.2 512.0  446.8      32    0.060   0      0.000    0.060
10240.0 10240.0  0.0    0.0   81920.0  40865.0   102400.0    1075.2   4864.0 3997.2 512.0  446.8      32    0.060   0      0.000    0.060
10240.0 10240.0  0.0    0.0   81920.0  45757.5   102400.0    1075.2   4864.0 3997.2 512.0  446.8      32    0.060   0      0.000    0.060
10240.0 10240.0  0.0    0.0   81920.0  50650.0   102400.0    1075.2   4864.0 3997.2 512.0  446.8      32    0.060   0      0.000    0.060
10240.0 10240.0  0.0    0.0   81920.0  55542.4   102400.0    1075.2   4864.0 3997.2 512.0  446.8      32    0.060   0      0.000    0.060
10240.0 10240.0  0.0    0.0   81920.0  60434.9   102400.0    1075.2   4864.0 3997.2 512.0  446.8      32    0.060   0      0.000    0.060
10240.0 10240.0  0.0    0.0   81920.0  65327.4   102400.0    1075.2   4864.0 3997.2 512.0  446.8      32    0.060   0      0.000    0.060
10240.0 10240.0  0.0    0.0   81920.0  71850.7   102400.0    1075.2   4864.0 3997.2 512.0  446.8      32    0.060   0      0.000    0.060
10240.0 10240.0  0.0    0.0   81920.0  76743.2   102400.0    1075.2   4864.0 3997.2 512.0  446.8      32    0.060   0      0.000    0.060
10240.0 10240.0  0.0    0.0   81920.0  81635.7   102400.0    1075.2   4864.0 3997.2 512.0  446.8      32    0.060   0      0.000    0.060
10240.0 10240.0  0.0    0.0   81920.0   3833.8   102400.0    1075.2   4864.0 3997.2 512.0  446.8      33    0.061   0      0.000    0.061
10240.0 10240.0  0.0    0.0   81920.0   8834.6   102400.0    1075.2   4864.0 3997.2 512.0  446.8      33    0.061   0      0.000    0.061
10240.0 10240.0  0.0    0.0   81920.0  13835.4   102400.0    1075.2   4864.0 3997.2 512.0  446.8      33    0.061   0      0.000    0.061
10240.0 10240.0  0.0    0.0   81920.0  18836.2   102400.0    1075.2   4864.0 3997.2 512.0  446.8      33    0.061   0      0.000    0.061
10240.0 10240.0  0.0    0.0   81920.0  23836.9   102400.0    1075.2   4864.0 3997.2 512.0  446.8      33    0.061   0      0.000    0.061
10240.0 10240.0  0.0    0.0   81920.0  29704.3   102400.0    1075.2   4864.0 3997.2 512.0  446.8      33    0.061   0      0.000    0.061
10240.0 10240.0  0.0    0.0   81920.0  34604.7   102400.0    1075.2   4864.0 3997.2 512.0  446.8      33    0.061   0      0.000    0.061
10240.0 10240.0  0.0    0.0   81920.0  39505.2   102400.0    1075.2   4864.0 3997.2 512.0  446.8      33    0.061   0      0.000    0.061
10240.0 10240.0  0.0    0.0   81920.0  44405.6   102400.0    1075.2   4864.0 3997.2 512.0  446.8      33    0.061   0      0.000    0.061
10240.0 10240.0  0.0    0.0   81920.0  49306.0   102400.0    1075.2   4864.0 3997.2 512.0  446.8      33    0.061   0      0.000    0.061
10240.0 10240.0  0.0    0.0   81920.0  55839.9   102400.0    1075.2   4864.0 3997.2 512.0  446.8      33    0.061   0      0.000    0.061
10240.0 10240.0  0.0    0.0   81920.0  60740.4   102400.0    1075.2   4864.0 3997.2 512.0  446.8      33    0.061   0      0.000    0.061
10240.0 10240.0  0.0    0.0   81920.0  65640.8   102400.0    1075.2   4864.0 3997.2 512.0  446.8      33    0.061   0      0.000    0.061
10240.0 10240.0  0.0    0.0   81920.0  70541.2   102400.0    1075.2   4864.0 3997.2 512.0  446.8      33    0.061   0      0.000    0.061
10240.0 10240.0  0.0    0.0   81920.0  75441.6   102400.0    1075.2   4864.0 3997.2 512.0  446.8      33    0.061   0      0.000    0.061
10240.0 10240.0  0.0    0.0   81920.0  80342.1   102400.0    1075.2   4864.0 3997.2 512.0  446.8      33    0.061   0      0.000    0.061
10240.0 10240.0  0.0    0.0   81920.0   3129.1   102400.0    1075.2   4864.0 3997.2 512.0  446.8      34    0.062   0      0.000    0.062
10240.0 10240.0  0.0    0.0   81920.0   8129.9   102400.0    1075.2   4864.0 3997.2 512.0  446.8      34    0.062   0      0.000    0.062
10240.0 10240.0  0.0    0.0   81920.0  13459.3   102400.0    1075.2   4864.0 3997.2 512.0  446.8      34    0.062   0      0.000    0.062
10240.0 10240.0  0.0    0.0   81920.0  18345.8   102400.0    1075.2   4864.0 3997.2 512.0  446.8      34    0.062   0      0.000    0.062
10240.0 10240.0  0.0    0.0   81920.0  24861.2   102400.0    1075.2   4864.0 3997.2 512.0  446.8      34    0.062   0      0.000    0.062
10240.0 10240.0  0.0    0.0   81920.0  29747.7   102400.0    1075.2   4864.0 3997.2 512.0  446.8      34    0.062   0      0.000    0.062
10240.0 10240.0  0.0    0.0   81920.0  34634.2   102400.0    1075.2   4864.0 3997.2 512.0  446.8      34    0.062   0      0.000    0.062
10240.0 10240.0  0.0    0.0   81920.0  39520.8   102400.0    1075.2   4864.0 3997.2 512.0  446.8      34    0.062   0      0.000    0.062
10240.0 10240.0  0.0    0.0   81920.0  44407.3   102400.0    1075.2   4864.0 3997.2 512.0  446.8      34    0.062   0      0.000    0.062
10240.0 10240.0  0.0    0.0   81920.0  49293.8   102400.0    1075.2   4864.0 3997.2 512.0  446.8      34    0.062   0      0.000    0.062
10240.0 10240.0  0.0    0.0   81920.0  54180.4   102400.0    1075.2   4864.0 3997.2 512.0  446.8      34    0.062   0      0.000    0.062
10240.0 10240.0  0.0    0.0   81920.0  59066.9   102400.0    1075.2   4864.0 3997.2 512.0  446.8      34    0.062   0      0.000    0.062
10240.0 10240.0  0.0    0.0   81920.0  65582.3   102400.0    1075.2   4864.0 3997.2 512.0  446.8      34    0.062   0      0.000    0.062
10240.0 10240.0  0.0    0.0   81920.0  70468.8   102400.0    1075.2   4864.0 3997.2 512.0  446.8      34    0.062   0      0.000    0.062
10240.0 10240.0  0.0    0.0   81920.0  75355.3   102400.0    1075.2   4864.0 3997.2 512.0  446.8      34    0.062   0      0.000    0.062
10240.0 10240.0  0.0    0.0   81920.0  80241.9   102400.0    1075.2   4864.0 3997.2 512.0  446.8      34    0.062   0      0.000    0.062
10240.0 10240.0  0.0    0.0   81920.0   2532.3   102400.0    1075.2   4864.0 3997.2 512.0  446.8      35    0.063   0      0.000    0.063
10240.0 10240.0  0.0    0.0   81920.0   7533.1   102400.0    1075.2   4864.0 3997.2 512.0  446.8      35    0.063   0      0.000    0.063
10240.0 10240.0  0.0    0.0   81920.0  12533.9   102400.0    1075.2   4864.0 3997.2 512.0  446.8      35    0.063   0      0.000    0.063
10240.0 10240.0  0.0    0.0   81920.0  17534.7   102400.0    1075.2   4864.0 3997.2 512.0  446.8      35    0.063   0      0.000    0.063
10240.0 10240.0  0.0    0.0   81920.0  23967.6   102400.0    1075.2   4864.0 3997.2 512.0  446.8      35    0.063   0      0.000    0.063
10240.0 10240.0  0.0    0.0   81920.0  28864.2   102400.0    1075.2   4864.0 3997.2 512.0  446.8      35    0.063   0      0.000    0.063
10240.0 10240.0  0.0    0.0   81920.0  33760.7   102400.0    1075.2   4864.0 3997.2 512.0  446.8      35    0.063   0      0.000    0.063
10240.0 10240.0  0.0    0.0   81920.0  38657.3   102400.0    1075.2   4864.0 3997.2 512.0  446.8      35    0.063   0      0.000    0.063
10240.0 10240.0  0.0    0.0   81920.0  43553.9   102400.0    1075.2   4864.0 3997.2 512.0  446.8      35    0.063   0      0.000    0.063
10240.0 10240.0  0.0    0.0   81920.0  48450.4   102400.0    1075.2   4864.0 3997.2 512.0  446.8      35    0.063   0      0.000    0.063
10240.0 10240.0  0.0    0.0   81920.0  53347.0   102400.0    1075.2   4864.0 3997.2 512.0  446.8      35    0.063   0      0.000    0.063
10240.0 10240.0  0.0    0.0   81920.0  58243.5   102400.0    1075.2   4864.0 3997.2 512.0  446.8      35    0.063   0      0.000    0.063
10240.0 10240.0  0.0    0.0   81920.0  64772.3   102400.0    1075.2   4864.0 3997.2 512.0  446.8      35    0.063   0      0.000    0.063
10240.0 10240.0  0.0    0.0   81920.0  69668.9   102400.0    1075.2   4864.0 3997.2 512.0  446.8      35    0.063   0      0.000    0.063
10240.0 10240.0  0.0    0.0   81920.0  74565.4   102400.0    1075.2   4864.0 3997.2 512.0  446.8      35    0.063   0      0.000    0.063
10240.0 10240.0  0.0    0.0   81920.0  79462.0   102400.0    1075.2   4864.0 3997.2 512.0  446.8      35    0.063   0      0.000    0.063
10240.0 10240.0  0.0    0.0   81920.0   1831.5   102400.0    1075.2   4864.0 3997.2 512.0  446.8      36    0.063   0      0.000    0.063
10240.0 10240.0  0.0    0.0   81920.0   6832.3   102400.0    1075.2   4864.0 3997.2 512.0  446.8      36    0.063   0      0.000    0.063
10240.0 10240.0  0.0    0.0   81920.0  11833.1   102400.0    1075.2   4864.0 3997.2 512.0  446.8      36    0.063   0      0.000    0.063
10240.0 10240.0  0.0    0.0   81920.0  16833.9   102400.0    1075.2   4864.0 3997.2 512.0  446.8      36    0.063   0      0.000    0.063
10240.0 10240.0  0.0    0.0   81920.0  23397.4   102400.0    1075.2   4864.0 3997.2 512.0  446.8      36    0.063   0      0.000    0.063
10240.0 10240.0  0.0    0.0   81920.0  28291.9   102400.0    1075.2   4864.0 3997.2 512.0  446.8      36    0.063   0      0.000    0.063
10240.0 10240.0  0.0    0.0   81920.0  33186.5   102400.0    1075.2   4864.0 3997.2 512.0  446.8      36    0.063   0      0.000    0.063
10240.0 10240.0  0.0    0.0   81920.0  38081.0   102400.0    1075.2   4864.0 3997.2 512.0  446.8      36    0.063   0      0.000    0.063
10240.0 10240.0  0.0    0.0   81920.0  42975.5   102400.0    1075.2   4864.0 3997.2 512.0  446.8      36    0.063   0      0.000    0.063
10240.0 10240.0  0.0    0.0   81920.0  47870.0   102400.0    1075.2   4864.0 3997.2 512.0  446.8      36    0.063   0      0.000    0.063
10240.0 10240.0  0.0    0.0   81920.0  52764.6   102400.0    1075.2   4864.0 3997.2 512.0  446.8      36    0.063   0      0.000    0.063
10240.0 10240.0  0.0    0.0   81920.0  57659.1   102400.0    1075.2   4864.0 3997.2 512.0  446.8      36    0.063   0      0.000    0.063
10240.0 10240.0  0.0    0.0   81920.0  64185.1   102400.0    1075.2   4864.0 3997.2 512.0  446.8      36    0.063   0      0.000    0.063
10240.0 10240.0  0.0    0.0   81920.0  69079.6   102400.0    1075.2   4864.0 3997.2 512.0  446.8      36    0.063   0      0.000    0.063
10240.0 10240.0  0.0    0.0   81920.0  73974.2   102400.0    1075.2   4864.0 3997.2 512.0  446.8      36    0.063   0      0.000    0.063
10240.0 10240.0  0.0    0.0   81920.0  78868.7   102400.0    1075.2   4864.0 3997.2 512.0  446.8      36    0.063   0      0.000    0.063
10240.0 10240.0  0.0    0.0   81920.0   1733.9   102400.0    1075.2   4864.0 3997.2 512.0  446.8      37    0.064   0      0.000    0.064
10240.0 10240.0  0.0    0.0   81920.0   6134.6   102400.0    1075.2   4864.0 3997.2 512.0  446.8      37    0.064   0      0.000    0.064
10240.0 10240.0  0.0    0.0   81920.0  11135.4   102400.0    1075.2   4864.0 3997.2 512.0  446.8      37    0.064   0      0.000    0.064
10240.0 10240.0  0.0    0.0   81920.0  16136.2   102400.0    1075.2   4864.0 3997.2 512.0  446.8      37    0.064   0      0.000    0.064
10240.0 10240.0  0.0    0.0   81920.0  21137.0   102400.0    1075.2   4864.0 3997.2 512.0  446.8      37    0.064   0      0.000    0.064
10240.0 10240.0  0.0    0.0   81920.0  26137.8   102400.0    1075.2   4864.0 3997.2 512.0  446.8      37    0.064   0      0.000    0.064
10240.0 10240.0  0.0    0.0   81920.0  32739.8   102400.0    1075.2   4864.0 3997.2 512.0  446.8      37    0.064   0      0.000    0.064
10240.0 10240.0  0.0    0.0   81920.0  37641.5   102400.0    1075.2   4864.0 3997.2 512.0  446.8      37    0.064   0      0.000    0.064
10240.0 10240.0  0.0    0.0   81920.0  42543.3   102400.0    1075.2   4864.0 3997.2 512.0  446.8      37    0.064   0      0.000    0.064
10240.0 10240.0  0.0    0.0   81920.0  47445.1   102400.0    1075.2   4864.0 3997.2 512.0  446.8      37    0.064   0      0.000    0.064
10240.0 10240.0  0.0    0.0   81920.0  52346.8   102400.0    1075.2   4864.0 3997.2 512.0  446.8      37    0.064   0      0.000    0.064
10240.0 10240.0  0.0    0.0   81920.0  57248.6   102400.0    1075.2   4864.0 3997.2 512.0  446.8      37    0.064   0      0.000    0.064
10240.0 10240.0  0.0    0.0   81920.0  62150.4   102400.0    1075.2   4864.0 3997.2 512.0  446.8      37    0.064   0      0.000    0.064
10240.0 10240.0  0.0    0.0   81920.0  67052.1   102400.0    1075.2   4864.0 3997.2 512.0  446.8      37    0.064   0      0.000    0.064
10240.0 10240.0  0.0    0.0   81920.0  73587.8   102400.0    1075.2   4864.0 3997.2 512.0  446.8      37    0.064   0      0.000    0.064
10240.0 10240.0  0.0    0.0   81920.0  78489.6   102400.0    1075.2   4864.0 3997.2 512.0  446.8      37    0.064   0      0.000    0.064
10240.0 10240.0  0.0    0.0   81920.0   1735.5   102400.0    1075.2   4864.0 3997.2 512.0  446.8      38    0.065   0      0.000    0.065
10240.0 10240.0  0.0    0.0   81920.0   5436.1   102400.0    1075.2   4864.0 3997.2 512.0  446.8      38    0.065   0      0.000    0.065
10240.0 10240.0  0.0    0.0   81920.0  10436.9   102400.0    1075.2   4864.0 3997.2 512.0  446.8      38    0.065   0      0.000    0.065
10240.0 10240.0  0.0    0.0   81920.0  15437.6   102400.0    1075.2   4864.0 3997.2 512.0  446.8      38    0.065   0      0.000    0.065
10240.0 10240.0  0.0    0.0   81920.0  20438.4   102400.0    1075.2   4864.0 3997.2 512.0  446.8      38    0.065   0      0.000    0.065
10240.0 10240.0  0.0    0.0   81920.0  25439.2   102400.0    1075.2   4864.0 3997.2 512.0  446.8      38    0.065   0      0.000    0.065
10240.0 10240.0  0.0    0.0   81920.0  30440.0   102400.0    1075.2   4864.0 3997.2 512.0  446.8      38    0.065   0      0.000    0.065
10240.0 10240.0  0.0    0.0   81920.0  36011.3   102400.0    1075.2   4864.0 3997.2 512.0  446.8      38    0.065   0      0.000    0.065
10240.0 10240.0  0.0    0.0   81920.0  40917.8   102400.0    1075.2   4864.0 3997.2 512.0  446.8      38    0.065   0      0.000    0.065
10240.0 10240.0  0.0    0.0   81920.0  45824.2   102400.0    1075.2   4864.0 3997.2 512.0  446.8      38    0.065   0      0.000    0.065
10240.0 10240.0  0.0    0.0   81920.0  52366.2   102400.0    1075.2   4864.0 3997.2 512.0  446.8      38    0.065   0      0.000    0.065
10240.0 10240.0  0.0    0.0   81920.0  57272.6   102400.0    1075.2   4864.0 3997.2 512.0  446.8      38    0.065   0      0.000    0.065
10240.0 10240.0  0.0    0.0   81920.0  62179.1   102400.0    1075.2   4864.0 3997.2 512.0  446.8      38    0.065   0      0.000    0.065
10240.0 10240.0  0.0    0.0   81920.0  67085.5   102400.0    1075.2   4864.0 3997.2 512.0  446.8      38    0.065   0      0.000    0.065
10240.0 10240.0  0.0    0.0   81920.0  71992.0   102400.0    1075.2   4864.0 3997.2 512.0  446.8      38    0.065   0      0.000    0.065
10240.0 10240.0  0.0    0.0   81920.0  76898.4   102400.0    1075.2   4864.0 3997.2 512.0  446.8      38    0.065   0      0.000    0.065
10240.0 10240.0  0.0    0.0   81920.0  81804.9   102400.0    1075.2   4864.0 3997.2 512.0  446.8      38    0.065   0      0.000    0.065
10240.0 10240.0  0.0    0.0   81920.0   4637.0   102400.0    1075.2   4864.0 3997.2 512.0  446.8      39    0.066   0      0.000    0.066
10240.0 10240.0  0.0    0.0   81920.0   9637.8   102400.0    1075.2   4864.0 3997.2 512.0  446.8      39    0.066   0      0.000    0.066
10240.0 10240.0  0.0    0.0   81920.0  14638.5   102400.0    1075.2   4864.0 3997.2 512.0  446.8      39    0.066   0      0.000    0.066
10240.0 10240.0  0.0    0.0   81920.0  19639.3   102400.0    1075.2   4864.0 3997.2 512.0  446.8      39    0.066   0      0.000    0.066
10240.0 10240.0  0.0    0.0   81920.0  24640.1   102400.0    1075.2   4864.0 3997.2 512.0  446.8      39    0.066   0      0.000    0.066
10240.0 10240.0  0.0    0.0   81920.0  29640.9   102400.0    1075.2   4864.0 3997.2 512.0  446.8      39    0.066   0      0.000    0.066
10240.0 10240.0  0.0    0.0   81920.0  34641.7   102400.0    1075.2   4864.0 3997.2 512.0  446.8      39    0.066   0      0.000    0.066
10240.0 10240.0  0.0    0.0   81920.0  40851.4   102400.0    1075.2   4864.0 3997.2 512.0  446.8      39    0.066   0      0.000    0.066
10240.0 10240.0  0.0    0.0   81920.0  45760.9   102400.0    1075.2   4864.0 3997.2 512.0  446.8      39    0.066   0      0.000    0.066
10240.0 10240.0  0.0    0.0   81920.0  50670.4   102400.0    1075.2   4864.0 3997.2 512.0  446.8      39    0.066   0      0.000    0.066
10240.0 10240.0  0.0    0.0   81920.0  55580.0   102400.0    1075.2   4864.0 3997.2 512.0  446.8      39    0.066   0      0.000    0.066
10240.0 10240.0  0.0    0.0   81920.0  60489.5   102400.0    1075.2   4864.0 3997.2 512.0  446.8      39    0.066   0      0.000    0.066
10240.0 10240.0  0.0    0.0   81920.0  65399.0   102400.0    1075.2   4864.0 3997.2 512.0  446.8      39    0.066   0      0.000    0.066
10240.0 10240.0  0.0    0.0   81920.0  71945.0   102400.0    1075.2   4864.0 3997.2 512.0  446.8      39    0.066   0      0.000    0.066
10240.0 10240.0  0.0    0.0   81920.0  76854.6   102400.0    1075.2   4864.0 3997.2 512.0  446.8      39    0.066   0      0.000    0.066
10240.0 10240.0  0.0    0.0   81920.0  81764.1   102400.0    1075.2   4864.0 3997.2 512.0  446.8      39    0.066   0      0.000    0.066
10240.0 10240.0  0.0    0.0   81920.0   3837.5   102400.0    1075.2   4864.0 3997.2 512.0  446.8      40    0.067   0      0.000    0.067
10240.0 10240.0  0.0    0.0   81920.0   8838.3   102400.0    1075.2   4864.0 3997.2 512.0  446.8      40    0.067   0      0.000    0.067
10240.0 10240.0  0.0    0.0   81920.0  13839.1   102400.0    1075.2   4864.0 3997.2 512.0  446.8      40    0.067   0      0.000    0.067
10240.0 10240.0  0.0    0.0   81920.0  18839.9   102400.0    1075.2   4864.0 3997.2 512.0  446.8      40    0.067   0      0.000    0.067
10240.0 10240.0  0.0    0.0   81920.0  23840.6   102400.0    1075.2   4864.0 3997.2 512.0  446.8      40    0.067   0      0.000    0.067
10240.0 10240.0  0.0    0.0   81920.0  28841.4   102400.0    1075.2   4864.0 3997.2 512.0  446.8      40    0.067   0      0.000    0.067
10240.0 10240.0  0.0    0.0   81920.0  33842.2   102400.0    1075.2   4864.0 3997.2 512.0  446.8      40    0.067   0      0.000    0.067
10240.0 10240.0  0.0    0.0   81920.0  39680.0   102400.0    1075.2   4864.0 3997.2 512.0  446.8      40    0.067   0      0.000    0.067
10240.0 10240.0  0.0    0.0   81920.0  44591.5   102400.0    1075.2   4864.0 3997.2 512.0  446.8      40    0.067   0      0.000    0.067
10240.0 10240.0  0.0    0.0   81920.0  49503.0   102400.0    1075.2   4864.0 3997.2 512.0  446.8      40    0.067   0      0.000    0.067
10240.0 10240.0  0.0    0.0   81920.0  54414.5   102400.0    1075.2   4864.0 3997.2 512.0  446.8      40    0.067   0      0.000    0.067
10240.0 10240.0  0.0    0.0   81920.0  59326.0   102400.0    1075.2   4864.0 3997.2 512.0  446.8      40    0.067   0      0.000    0.067
10240.0 10240.0  0.0    0.0   81920.0  65874.6   102400.0    1075.2   4864.0 3997.2 512.0  446.8      40    0.067   0      0.000    0.067
10240.0 10240.0  0.0    0.0   81920.0  70786.1   102400.0    1075.2   4864.0 3997.2 512.0  446.8      40    0.067   0      0.000    0.067
10240.0 10240.0  0.0    0.0   81920.0  75697.6   102400.0    1075.2   4864.0 3997.2 512.0  446.8      40    0.067   0      0.000    0.067
10240.0 10240.0  0.0    0.0   81920.0  80609.1   102400.0    1075.2   4864.0 3997.2 512.0  446.8      40    0.067   0      0.000    0.067
10240.0 10240.0  0.0    0.0   81920.0   2937.8   102400.0    1075.2   4864.0 3997.2 512.0  446.8      41    0.067   0      0.000    0.067
10240.0 10240.0  0.0    0.0   81920.0   7938.6   102400.0    1075.2   4864.0 3997.2 512.0  446.8      41    0.067   0      0.000    0.067
10240.0 10240.0  0.0    0.0   81920.0  12939.4   102400.0    1075.2   4864.0 3997.2 512.0  446.8      41    0.067   0      0.000    0.067
10240.0 10240.0  0.0    0.0   81920.0  17940.1   102400.0    1075.2   4864.0 3997.2 512.0  446.8      41    0.067   0      0.000    0.067
10240.0 10240.0  0.0    0.0   81920.0  22940.9   102400.0    1075.2   4864.0 3997.2 512.0  446.8      41    0.067   0      0.000    0.067
10240.0 10240.0  0.0    0.0   81920.0  27941.7   102400.0    1075.2   4864.0 3997.2 512.0  446.8      41    0.067   0      0.000    0.067
10240.0 10240.0  0.0    0.0   81920.0  32942.5   102400.0    1075.2   4864.0 3997.2 512.0  446.8      41    0.067   0      0.000    0.067
10240.0 10240.0  0.0    0.0   81920.0  37943.3   102400.0    1075.2   4864.0 3997.2 512.0  446.8      41    0.067   0      0.000    0.067
10240.0 10240.0  0.0    0.0   81920.0  44256.3   102400.0    1075.2   4864.0 3997.2 512.0  446.8      41    0.067   0      0.000    0.067
10240.0 10240.0  0.0    0.0   81920.0  49169.0   102400.0    1075.2   4864.0 3997.2 512.0  446.8      41    0.067   0      0.000    0.067
10240.0 10240.0  0.0    0.0   81920.0  54081.8   102400.0    1075.2   4864.0 3997.2 512.0  446.8      41    0.067   0      0.000    0.067
10240.0 10240.0  0.0    0.0   81920.0  58994.6   102400.0    1075.2   4864.0 3997.2 512.0  446.8      41    0.067   0      0.000    0.067
10240.0 10240.0  0.0    0.0   81920.0  63907.4   102400.0    1075.2   4864.0 3997.2 512.0  446.8      41    0.067   0      0.000    0.067
10240.0 10240.0  0.0    0.0   81920.0  68820.2   102400.0    1075.2   4864.0 3997.2 512.0  446.8      41    0.067   0      0.000    0.067
10240.0 10240.0  0.0    0.0   81920.0  73733.0   102400.0    1075.2   4864.0 3997.2 512.0  446.8      41    0.067   0      0.000    0.067
10240.0 10240.0  0.0    0.0   81920.0  80283.3   102400.0    1075.2   4864.0 3997.2 512.0  446.8      41    0.067   0      0.000    0.067
10240.0 10240.0  0.0    0.0   81920.0   2030.9   102400.0    1075.2   4864.0 3997.2 512.0  446.8      42    0.068   0      0.000    0.068
10240.0 10240.0  0.0    0.0   81920.0   7031.7   102400.0    1075.2   4864.0 3997.2 512.0  446.8      42    0.068   0      0.000    0.068
10240.0 10240.0  0.0    0.0   81920.0  12032.5   102400.0    1075.2   4864.0 3997.2 512.0  446.8      42    0.068   0      0.000    0.068
10240.0 10240.0  0.0    0.0   81920.0  17033.2   102400.0    1075.2   4864.0 3997.2 512.0  446.8      42    0.068   0      0.000    0.068
10240.0 10240.0  0.0    0.0   81920.0  22925.9   102400.0    1075.2   4864.0 3997.2 512.0  446.8      42    0.068   0      0.000    0.068
10240.0 10240.0  0.0    0.0   81920.0  27818.4   102400.0    1075.2   4864.0 3997.2 512.0  446.8      42    0.068   0      0.000    0.068
10240.0 10240.0  0.0    0.0   81920.0  32710.8   102400.0    1075.2   4864.0 3997.2 512.0  446.8      42    0.068   0      0.000    0.068
10240.0 10240.0  0.0    0.0   81920.0  37603.3   102400.0    1075.2   4864.0 3997.2 512.0  446.8      42    0.068   0      0.000    0.068
10240.0 10240.0  0.0    0.0   81920.0  42495.8   102400.0    1075.2   4864.0 3997.2 512.0  446.8      42    0.068   0      0.000    0.068
10240.0 10240.0  0.0    0.0   81920.0  49019.1   102400.0    1075.2   4864.0 3997.2 512.0  446.8      42    0.068   0      0.000    0.068
10240.0 10240.0  0.0    0.0   81920.0  53911.6   102400.0    1075.2   4864.0 3997.2 512.0  446.8      42    0.068   0      0.000    0.068
10240.0 10240.0  0.0    0.0   81920.0  58804.1   102400.0    1075.2   4864.0 3997.2 512.0  446.8      42    0.068   0      0.000    0.068
10240.0 10240.0  0.0    0.0   81920.0  63696.6   102400.0    1075.2   4864.0 3997.2 512.0  446.8      42    0.068   0      0.000    0.068
10240.0 10240.0  0.0    0.0   81920.0  68589.1   102400.0    1075.2   4864.0 3997.2 512.0  446.8      42    0.068   0      0.000    0.068
10240.0 10240.0  0.0    0.0   81920.0  73481.5   102400.0    1075.2   4864.0 3997.2 512.0  446.8      42    0.068   0      0.000    0.068
10240.0 10240.0  0.0    0.0   81920.0  78374.0   102400.0    1075.2   4864.0 3997.2 512.0  446.8      42    0.068   0      0.000    0.068
10240.0 10240.0  0.0    0.0   81920.0   1733.5   102400.0    1075.2   4864.0 3997.2 512.0  446.8      43    0.069   0      0.000    0.069
10240.0 10240.0  0.0    0.0   81920.0   6434.2   102400.0    1075.2   4864.0 3997.2 512.0  446.8      43    0.069   0      0.000    0.069
10240.0 10240.0  0.0    0.0   81920.0  11435.0   102400.0    1075.2   4864.0 3997.2 512.0  446.8      43    0.069   0      0.000    0.069
10240.0 10240.0  0.0    0.0   81920.0  16435.8   102400.0    1075.2   4864.0 3997.2 512.0  446.8      43    0.069   0      0.000    0.069
10240.0 10240.0  0.0    0.0   81920.0  21436.6   102400.0    1075.2   4864.0 3997.2 512.0  446.8      43    0.069   0      0.000    0.069
10240.0 10240.0  0.0    0.0   81920.0  26437.4   102400.0    1075.2   4864.0 3997.2 512.0  446.8      43    0.069   0      0.000    0.069
10240.0 10240.0  0.0    0.0   81920.0  32971.3   102400.0    1075.2   4864.0 3997.2 512.0  446.8      43    0.069   0      0.000    0.069
10240.0 10240.0  0.0    0.0   81920.0  37871.7   102400.0    1075.2   4864.0 3997.2 512.0  446.8      43    0.069   0      0.000    0.069
10240.0 10240.0  0.0    0.0   81920.0  42772.1   102400.0    1075.2   4864.0 3997.2 512.0  446.8      43    0.069   0      0.000    0.069
10240.0 10240.0  0.0    0.0   81920.0  47672.5   102400.0    1075.2   4864.0 3997.2 512.0  446.8      43    0.069   0      0.000    0.069
10240.0 10240.0  0.0    0.0   81920.0  52573.0   102400.0    1075.2   4864.0 3997.2 512.0  446.8      43    0.069   0      0.000    0.069
10240.0 10240.0  0.0    0.0   81920.0  57473.4   102400.0    1075.2   4864.0 3997.2 512.0  446.8      43    0.069   0      0.000    0.069
10240.0 10240.0  0.0    0.0   81920.0  62373.8   102400.0    1075.2   4864.0 3997.2 512.0  446.8      43    0.069   0      0.000    0.069
10240.0 10240.0  0.0    0.0   81920.0  67274.3   102400.0    1075.2   4864.0 3997.2 512.0  446.8      43    0.069   0      0.000    0.069
10240.0 10240.0  0.0    0.0   81920.0  73808.2   102400.0    1075.2   4864.0 3997.2 512.0  446.8      43    0.069   0      0.000    0.069
10240.0 10240.0  0.0    0.0   81920.0  78708.6   102400.0    1075.2   4864.0 3997.2 512.0  446.8      43    0.069   0      0.000    0.069
10240.0 10240.0  0.0    0.0   81920.0   1728.9   102400.0    1075.2   4864.0 3997.2 512.0  446.8      44    0.070   0      0.000    0.070
10240.0 10240.0  0.0    0.0   81920.0   5729.5   102400.0    1075.2   4864.0 3997.2 512.0  446.8      44    0.070   0      0.000    0.070
10240.0 10240.0  0.0    0.0   81920.0  10730.3   102400.0    1075.2   4864.0 3997.2 512.0  446.8      44    0.070   0      0.000    0.070
10240.0 10240.0  0.0    0.0   81920.0  16717.0   102400.0    1075.2   4864.0 3997.2 512.0  446.8      44    0.070   0      0.000    0.070
10240.0 10240.0  0.0    0.0   81920.0  21603.5   102400.0    1075.2   4864.0 3997.2 512.0  446.8      44    0.070   0      0.000    0.070
10240.0 10240.0  0.0    0.0   81920.0  26490.0   102400.0    1075.2   4864.0 3997.2 512.0  446.8      44    0.070   0      0.000    0.070
10240.0 10240.0  0.0    0.0   81920.0  31376.6   102400.0    1075.2   4864.0 3997.2 512.0  446.8      44    0.070   0      0.000    0.070
10240.0 10240.0  0.0    0.0   81920.0  36263.1   102400.0    1075.2   4864.0 3997.2 512.0  446.8      44    0.070   0      0.000    0.070
10240.0 10240.0  0.0    0.0   81920.0  42778.5   102400.0    1075.2   4864.0 3997.2 512.0  446.8      44    0.070   0      0.000    0.070
10240.0 10240.0  0.0    0.0   81920.0  47665.0   102400.0    1075.2   4864.0 3997.2 512.0  446.8      44    0.070   0      0.000    0.070
10240.0 10240.0  0.0    0.0   81920.0  52551.5   102400.0    1075.2   4864.0 3997.2 512.0  446.8      44    0.070   0      0.000    0.070
10240.0 10240.0  0.0    0.0   81920.0  57438.1   102400.0    1075.2   4864.0 3997.2 512.0  446.8      44    0.070   0      0.000    0.070
10240.0 10240.0  0.0    0.0   81920.0  62324.6   102400.0    1075.2   4864.0 3997.2 512.0  446.8      44    0.070   0      0.000    0.070
10240.0 10240.0  0.0    0.0   81920.0  67211.1   102400.0    1075.2   4864.0 3997.2 512.0  446.8      44    0.070   0      0.000    0.070
10240.0 10240.0  0.0    0.0   81920.0  72097.7   102400.0    1075.2   4864.0 3997.2 512.0  446.8      44    0.070   0      0.000    0.070
10240.0 10240.0  0.0    0.0   81920.0  76984.2   102400.0    1075.2   4864.0 3997.2 512.0  446.8      44    0.070   0      0.000    0.070
10240.0 10240.0  0.0    0.0   81920.0   100.0    102400.0    1075.2   4864.0 3997.2 512.0  446.8      45    0.071   0      0.000    0.071
10240.0 10240.0  0.0    0.0   81920.0   5132.7   102400.0    1075.2   4864.0 3997.2 512.0  446.8      45    0.071   0      0.000    0.071
10240.0 10240.0  0.0    0.0   81920.0  10133.5   102400.0    1075.2   4864.0 3997.2 512.0  446.8      45    0.071   0      0.000    0.071
10240.0 10240.0  0.0    0.0   81920.0  15134.3   102400.0    1075.2   4864.0 3997.2 512.0  446.8      45    0.071   0      0.000    0.071
10240.0 10240.0  0.0    0.0   81920.0  20135.1   102400.0    1075.2   4864.0 3997.2 512.0  446.8      45    0.071   0      0.000    0.071
10240.0 10240.0  0.0    0.0   81920.0  25599.8   102400.0    1075.2   4864.0 3997.2 512.0  446.8      45    0.071   0      0.000    0.071
10240.0 10240.0  0.0    0.0   81920.0  30496.4   102400.0    1075.2   4864.0 3997.2 512.0  446.8      45    0.071   0      0.000    0.071
10240.0 10240.0  0.0    0.0   81920.0  35392.9   102400.0    1075.2   4864.0 3997.2 512.0  446.8      45    0.071   0      0.000    0.071
10240.0 10240.0  0.0    0.0   81920.0  41921.7   102400.0    1075.2   4864.0 3997.2 512.0  446.8      45    0.071   0      0.000    0.071
10240.0 10240.0  0.0    0.0   81920.0  46818.2   102400.0    1075.2   4864.0 3997.2 512.0  446.8      45    0.071   0      0.000    0.071
10240.0 10240.0  0.0    0.0   81920.0  51714.8   102400.0    1075.2   4864.0 3997.2 512.0  446.8      45    0.071   0      0.000    0.071
10240.0 10240.0  0.0    0.0   81920.0  56611.4   102400.0    1075.2   4864.0 3997.2 512.0  446.8      45    0.071   0      0.000    0.071
10240.0 10240.0  0.0    0.0   81920.0  61507.9   102400.0    1075.2   4864.0 3997.2 512.0  446.8      45    0.071   0      0.000    0.071
10240.0 10240.0  0.0    0.0   81920.0  66404.5   102400.0    1075.2   4864.0 3997.2 512.0  446.8      45    0.071   0      0.000    0.071
10240.0 10240.0  0.0    0.0   81920.0  71301.0   102400.0    1075.2   4864.0 3997.2 512.0  446.8      45    0.071   0      0.000    0.071
10240.0 10240.0  0.0    0.0   81920.0  76197.6   102400.0    1075.2   4864.0 3997.2 512.0  446.8      45    0.071   0      0.000    0.071
10240.0 10240.0  0.0    0.0   81920.0  81920.0   102400.0    1075.2   4864.0 3997.2 512.0  446.8      45    0.071   0      0.000    0.071
10240.0 10240.0  0.0    0.0   81920.0   4431.9   102400.0    1075.2   4864.0 3997.2 512.0  446.8      46    0.072   0      0.000    0.072
10240.0 10240.0  0.0    0.0   81920.0   9432.7   102400.0    1075.2   4864.0 3997.2 512.0  446.8      46    0.072   0      0.000    0.072
10240.0 10240.0  0.0    0.0   81920.0  14433.5   102400.0    1075.2   4864.0 3997.2 512.0  446.8      46    0.072   0      0.000    0.072
10240.0 10240.0  0.0    0.0   81920.0  19434.3   102400.0    1075.2   4864.0 3997.2 512.0  446.8      46    0.072   0      0.000    0.072
10240.0 10240.0  0.0    0.0   81920.0  25028.9   102400.0    1075.2   4864.0 3997.2 512.0  446.8      46    0.072   0      0.000    0.072
10240.0 10240.0  0.0    0.0   81920.0  29923.4   102400.0    1075.2   4864.0 3997.2 512.0  446.8      46    0.072   0      0.000    0.072
10240.0 10240.0  0.0    0.0   81920.0  34818.0   102400.0    1075.2   4864.0 3997.2 512.0  446.8      46    0.072   0      0.000    0.072
10240.0 10240.0  0.0    0.0   81920.0  41344.0   102400.0    1075.2   4864.0 3997.2 512.0  446.8      46    0.072   0      0.000    0.072
10240.0 10240.0  0.0    0.0   81920.0  46238.5   102400.0    1075.2   4864.0 3997.2 512.0  446.8      46    0.072   0      0.000    0.072
10240.0 10240.0  0.0    0.0   81920.0  51133.0   102400.0    1075.2   4864.0 3997.2 512.0  446.8      46    0.072   0      0.000    0.072
10240.0 10240.0  0.0    0.0   81920.0  56027.6   102400.0    1075.2   4864.0 3997.2 512.0  446.8      46    0.072   0      0.000    0.072
10240.0 10240.0  0.0    0.0   81920.0  60922.1   102400.0    1075.2   4864.0 3997.2 512.0  446.8      46    0.072   0      0.000    0.072
10240.0 10240.0  0.0    0.0   81920.0  65816.6   102400.0    1075.2   4864.0 3997.2 512.0  446.8      46    0.072   0      0.000    0.072
10240.0 10240.0  0.0    0.0   81920.0  70711.1   102400.0    1075.2   4864.0 3997.2 512.0  446.8      46    0.072   0      0.000    0.072
10240.0 10240.0  0.0    0.0   81920.0  75605.7   102400.0    1075.2   4864.0 3997.2 512.0  446.8      46    0.072   0      0.000    0.072
10240.0 10240.0  0.0    0.0   81920.0  81920.0   102400.0    1075.2   4864.0 3997.2 512.0  446.8      46    0.072   0      0.000    0.072
10240.0 10240.0  0.0    0.0   81920.0   3734.2   102400.0    1075.2   4864.0 3997.2 512.0  446.8      47    0.073   0      0.000    0.073
10240.0 10240.0  0.0    0.0   81920.0   8735.0   102400.0    1075.2   4864.0 3997.2 512.0  446.8      47    0.073   0      0.000    0.073
10240.0 10240.0  0.0    0.0   81920.0  13735.8   102400.0    1075.2   4864.0 3997.2 512.0  446.8      47    0.073   0      0.000    0.073
10240.0 10240.0  0.0    0.0   81920.0  18736.6   102400.0    1075.2   4864.0 3997.2 512.0  446.8      47    0.073   0      0.000    0.073
10240.0 10240.0  0.0    0.0   81920.0  23737.4   102400.0    1075.2   4864.0 3997.2 512.0  446.8      47    0.073   0      0.000    0.073
10240.0 10240.0  0.0    0.0   81920.0  29672.0   102400.0    1075.2   4864.0 3997.2 512.0  446.8      47    0.073   0      0.000    0.073
10240.0 10240.0  0.0    0.0   81920.0  33772.6   102400.0    1075.2   4864.0 3997.2 512.0  446.8      47    0.073   0      0.000    0.073
10240.0 10240.0  0.0    0.0   81920.0  38773.4   102400.0    1075.2   4864.0 3997.2 512.0  446.8      47    0.073   0      0.000    0.073
10240.0 10240.0  0.0    0.0   81920.0  43774.2   102400.0    1075.2   4864.0 3997.2 512.0  446.8      47    0.073   0      0.000    0.073
10240.0 10240.0  0.0    0.0   81920.0  48775.0   102400.0    1075.2   4864.0 3997.2 512.0  446.8      47    0.073   0      0.000    0.073
10240.0 10240.0  0.0    0.0   81920.0  53775.7   102400.0    1075.2   4864.0 3997.2 512.0  446.8      47    0.073   0      0.000    0.073
10240.0 10240.0  0.0    0.0   81920.0  58810.2   102400.0    1075.2   4864.0 3997.2 512.0  446.8      47    0.073   0      0.000    0.073
10240.0 10240.0  0.0    0.0   81920.0  63811.0   102400.0    1075.2   4864.0 3997.2 512.0  446.8      47    0.073   0      0.000    0.073
10240.0 10240.0  0.0    0.0   81920.0  68811.8   102400.0    1075.2   4864.0 3997.2 512.0  446.8      47    0.073   0      0.000    0.073
10240.0 10240.0  0.0    0.0   81920.0  73812.5   102400.0    1075.2   4864.0 3997.2 512.0  446.8      47    0.073   0      0.000    0.073
10240.0 10240.0  0.0    0.0   81920.0  78813.3   102400.0    1075.2   4864.0 3997.2 512.0  446.8      47    0.073   0      0.000    0.073
10240.0 10240.0  0.0    0.0   81920.0   3545.8   102400.0    1075.2   4864.0 3997.2 512.0  446.8      48    0.074   0      0.000    0.074
10240.0 10240.0  0.0    0.0   81920.0   6991.6   102400.0    1075.2   4864.0 3997.2 512.0  446.8      48    0.074   0      0.000    0.074
10240.0 10240.0  0.0    0.0   81920.0  12160.2   102400.0    1075.2   4864.0 3997.2 512.0  446.8      48    0.074   0      0.000    0.074
10240.0 10240.0  0.0    0.0   81920.0  17328.9   102400.0    1075.2   4864.0 3997.2 512.0  446.8      48    0.074   0      0.000    0.074
10240.0 10240.0  0.0    0.0   81920.0  22497.6   102400.0    1075.2   4864.0 3997.2 512.0  446.8      48    0.074   0      0.000    0.074
10240.0 10240.0  0.0    0.0   81920.0  27666.3   102400.0    1075.2   4864.0 3997.2 512.0  446.8      48    0.074   0      0.000    0.074
10240.0 10240.0  0.0    0.0   81920.0  32834.9   102400.0    1075.2   4864.0 3997.2 512.0  446.8      48    0.074   0      0.000    0.074
10240.0 10240.0  0.0    0.0   81920.0  38003.6   102400.0    1075.2   4864.0 3997.2 512.0  446.8      48    0.074   0      0.000    0.074
10240.0 10240.0  0.0    0.0   81920.0  43172.3   102400.0    1075.2   4864.0 3997.2 512.0  446.8      48    0.074   0      0.000    0.074
10240.0 10240.0  0.0    0.0   81920.0  48341.0   102400.0    1075.2   4864.0 3997.2 512.0  446.8      48    0.074   0      0.000    0.074
10240.0 10240.0  0.0    0.0   81920.0  53509.6   102400.0    1075.2   4864.0 3997.2 512.0  446.8      48    0.074   0      0.000    0.074
10240.0 10240.0  0.0    0.0   81920.0  58678.3   102400.0    1075.2   4864.0 3997.2 512.0  446.8      48    0.074   0      0.000    0.074
10240.0 10240.0  0.0    0.0   81920.0  63847.0   102400.0    1075.2   4864.0 3997.2 512.0  446.8      48    0.074   0      0.000    0.074
10240.0 10240.0  0.0    0.0   81920.0  69015.6   102400.0    1075.2   4864.0 3997.2 512.0  446.8      48    0.074   0      0.000    0.074
10240.0 10240.0  0.0    0.0   81920.0  74184.3   102400.0    1075.2   4864.0 3997.2 512.0  446.8      48    0.074   0      0.000    0.074
10240.0 10240.0  0.0    0.0   81920.0  79353.0   102400.0    1075.2   4864.0 3997.2 512.0  446.8      48    0.074   0      0.000    0.074
10240.0 10240.0  0.0    0.0   81920.0   1826.9   102400.0    1075.2   4864.0 3997.2 512.0  446.8      49    0.074   0      0.000    0.074
10240.0 10240.0  0.0    0.0   81920.0   7354.4   102400.0    1075.2   4864.0 3997.2 512.0  446.8      49    0.074   0      0.000    0.074
10240.0 10240.0  0.0    0.0   81920.0  11155.0   102400.0    1075.2   4864.0 3997.2 512.0  446.8      49    0.074   0      0.000    0.074
10240.0 10240.0  0.0    0.0   81920.0  16182.3   102400.0    1075.2   4864.0 3997.2 512.0  446.8      49    0.074   0      0.000    0.074
10240.0 10240.0  0.0    0.0   81920.0  21209.7   102400.0    1075.2   4864.0 3997.2 512.0  446.8      49    0.074   0      0.000    0.074
10240.0 10240.0  0.0    0.0   81920.0  26237.1   102400.0    1075.2   4864.0 3997.2 512.0  446.8      49    0.074   0      0.000    0.074
10240.0 10240.0  0.0    0.0   81920.0  31264.5   102400.0    1075.2   4864.0 3997.2 512.0  446.8      49    0.074   0      0.000    0.074
10240.0 10240.0  0.0    0.0   81920.0  36291.9   102400.0    1075.2   4864.0 3997.2 512.0  446.8      49    0.074   0      0.000    0.074
10240.0 10240.0  0.0    0.0   81920.0  41319.3   102400.0    1075.2   4864.0 3997.2 512.0  446.8      49    0.074   0      0.000    0.074
10240.0 10240.0  0.0    0.0   81920.0  46346.7   102400.0    1075.2   4864.0 3997.2 512.0  446.8      49    0.074   0      0.000    0.074
10240.0 10240.0  0.0    0.0   81920.0  51574.1   102400.0    1075.2   4864.0 3997.2 512.0  446.8      49    0.074   0      0.000    0.074
10240.0 10240.0  0.0    0.0   81920.0  57101.6   102400.0    1075.2   4864.0 3997.2 512.0  446.8      49    0.074   0      0.000    0.074
10240.0 10240.0  0.0    0.0   81920.0  62629.0   102400.0    1075.2   4864.0 3997.2 512.0  446.8      49    0.074   0      0.000    0.074
10240.0 10240.0  0.0    0.0   81920.0  66429.6   102400.0    1075.2   4864.0 3997.2 512.0  446.8      49    0.074   0      0.000    0.074
10240.0 10240.0  0.0    0.0   81920.0  71457.0   102400.0    1075.2   4864.0 3997.2 512.0  446.8      49    0.074   0      0.000    0.074
10240.0 10240.0  0.0    0.0   81920.0  76484.4   102400.0    1075.2   4864.0 3997.2 512.0  446.8      49    0.074   0      0.000    0.074
10240.0 10240.0  0.0    0.0   81920.0  81511.8   102400.0    1075.2   4864.0 3997.2 512.0  446.8      49    0.074   0      0.000    0.074
10240.0 10240.0  0.0    0.0   81920.0   5265.5   102400.0    1075.2   4864.0 3997.2 512.0  446.8      50    0.075   0      0.000    0.075
10240.0 10240.0  0.0    0.0   81920.0  10430.9   102400.0    1075.2   4864.0 3997.2 512.0  446.8      50    0.075   0      0.000    0.075
10240.0 10240.0  0.0    0.0   81920.0  15596.3   102400.0    1075.2   4864.0 3997.2 512.0  446.8      50    0.075   0      0.000    0.075
10240.0 10240.0  0.0    0.0   81920.0  20761.8   102400.0    1075.2   4864.0 3997.2 512.0  446.8      50    0.075   0      0.000    0.075
10240.0 10240.0  0.0    0.0   81920.0  25927.2   102400.0    1075.2   4864.0 3997.2 512.0  446.8      50    0.075   0      0.000    0.075
10240.0 10240.0  0.0    0.0   81920.0  31092.6   102400.0    1075.2   4864.0 3997.2 512.0  446.8      50    0.075   0      0.000    0.075
10240.0 10240.0  0.0    0.0   81920.0  36258.1   102400.0    1075.2   4864.0 3997.2 512.0  446.8      50    0.075   0      0.000    0.075
10240.0 10240.0  0.0    0.0   81920.0  41423.5   102400.0    1075.2   4864.0 3997.2 512.0  446.8      50    0.075   0      0.000    0.075
10240.0 10240.0  0.0    0.0   81920.0  46589.0   102400.0    1075.2   4864.0 3997.2 512.0  446.8      50    0.075   0      0.000    0.075
10240.0 10240.0  0.0    0.0   81920.0  51754.4   102400.0    1075.2   4864.0 3997.2 512.0  446.8      50    0.075   0      0.000    0.075
10240.0 10240.0  0.0    0.0   81920.0  56919.8   102400.0    1075.2   4864.0 3997.2 512.0  446.8      50    0.075   0      0.000    0.075
10240.0 10240.0  0.0    0.0   81920.0  60363.5   102400.0    1075.2   4864.0 3997.2 512.0  446.8      50    0.075   0      0.000    0.075
10240.0 10240.0  0.0    0.0   81920.0  65528.9   102400.0    1075.2   4864.0 3997.2 512.0  446.8      50    0.075   0      0.000    0.075
10240.0 10240.0  0.0    0.0   81920.0  70694.3   102400.0    1075.2   4864.0 3997.2 512.0  446.8      50    0.075   0      0.000    0.075
10240.0 10240.0  0.0    0.0   81920.0  75859.8   102400.0    1075.2   4864.0 3997.2 512.0  446.8      50    0.075   0      0.000    0.075
10240.0 10240.0  0.0    0.0   81920.0  81025.2   102400.0    1075.2   4864.0 3997.2 512.0  446.8      50    0.075   0      0.000    0.075
10240.0 10240.0  0.0    0.0   81920.0   5152.6   102400.0    1075.2   4864.0 3997.2 512.0  446.8      51    0.076   0      0.000    0.076
10240.0 10240.0  0.0    0.0   81920.0   8879.1   102400.0    1075.2   4864.0 3997.2 512.0  446.8      51    0.076   0      0.000    0.076
10240.0 10240.0  0.0    0.0   81920.0  15131.9   102400.0    1075.2   4864.0 3997.2 512.0  446.8      51    0.076   0      0.000    0.076
10240.0 10240.0  0.0    0.0   81920.0  18958.4   102400.0    1075.2   4864.0 3997.2 512.0  446.8      51    0.076   0      0.000    0.076
10240.0 10240.0  0.0    0.0   81920.0  25111.1   102400.0    1075.2   4864.0 3997.2 512.0  446.8      51    0.076   0      0.000    0.076
10240.0 10240.0  0.0    0.0   81920.0  29037.7   102400.0    1075.2   4864.0 3997.2 512.0  446.8      51    0.076   0      0.000    0.076
10240.0 10240.0  0.0    0.0   81920.0  35090.4   102400.0    1075.2   4864.0 3997.2 512.0  446.8      51    0.076   0      0.000    0.076
10240.0 10240.0  0.0    0.0   81920.0  39116.9   102400.0    1075.2   4864.0 3997.2 512.0  446.8      51    0.076   0      0.000    0.076
10240.0 10240.0  0.0    0.0   81920.0  45069.7   102400.0    1075.2   4864.0 3997.2 512.0  446.8      51    0.076   0      0.000    0.076
10240.0 10240.0  0.0    0.0   81920.0  49196.2   102400.0    1075.2   4864.0 3997.2 512.0  446.8      51    0.076   0      0.000    0.076
10240.0 10240.0  0.0    0.0   81920.0  55048.9   102400.0    1075.2   4864.0 3997.2 512.0  446.8      51    0.076   0      0.000    0.076
10240.0 10240.0  0.0    0.0   81920.0  59275.5   102400.0    1075.2   4864.0 3997.2 512.0  446.8      51    0.076   0      0.000    0.076
10240.0 10240.0  0.0    0.0   81920.0  65028.2   102400.0    1075.2   4864.0 3997.2 512.0  446.8      51    0.076   0      0.000    0.076
10240.0 10240.0  0.0    0.0   81920.0  69354.8   102400.0    1075.2   4864.0 3997.2 512.0  446.8      51    0.076   0      0.000    0.076
10240.0 10240.0  0.0    0.0   81920.0  75007.5   102400.0    1075.2   4864.0 3997.2 512.0  446.8      51    0.076   0      0.000    0.076
10240.0 10240.0  0.0    0.0   81920.0  79434.1   102400.0    1075.2   4864.0 3997.2 512.0  446.8      51    0.076   0      0.000    0.076
10240.0 10240.0  0.0    0.0   81920.0   3539.2   102400.0    1075.2   4864.0 3997.2 512.0  446.8      52    0.076   0      0.000    0.076
10240.0 10240.0  0.0    0.0   81920.0   8698.1   102400.0    1075.2   4864.0 3997.2 512.0  446.8      52    0.076   0      0.000    0.076
10240.0 10240.0  0.0    0.0   81920.0  13857.0   102400.0    1075.2   4864.0 3997.2 512.0  446.8      52    0.076   0      0.000    0.076
10240.0 10240.0  0.0    0.0   81920.0  19015.8   102400.0    1075.2   4864.0 3997.2 512.0  446.8      52    0.076   0      0.000    0.076
10240.0 10240.0  0.0    0.0   81920.0  24174.7   102400.0    1075.2   4864.0 3997.2 512.0  446.8      52    0.076   0      0.000    0.076
10240.0 10240.0  0.0    0.0   81920.0  29333.5   102400.0    1075.2   4864.0 3997.2 512.0  446.8      52    0.076   0      0.000    0.076
10240.0 10240.0  0.0    0.0   81920.0  34492.4   102400.0    1075.2   4864.0 3997.2 512.0  446.8      52    0.076   0      0.000    0.076
10240.0 10240.0  0.0    0.0   81920.0  39651.2   102400.0    1075.2   4864.0 3997.2 512.0  446.8      52    0.076   0      0.000    0.076
10240.0 10240.0  0.0    0.0   81920.0  43090.4   102400.0    1075.2   4864.0 3997.2 512.0  446.8      52    0.076   0      0.000    0.076
10240.0 10240.0  0.0    0.0   81920.0  48249.3   102400.0    1075.2   4864.0 3997.2 512.0  446.8      52    0.076   0      0.000    0.076
10240.0 10240.0  0.0    0.0   81920.0  53408.1   102400.0    1075.2   4864.0 3997.2 512.0  446.8      52    0.076   0      0.000    0.076
10240.0 10240.0  0.0    0.0   81920.0  58567.0   102400.0    1075.2   4864.0 3997.2 512.0  446.8      52    0.076   0      0.000    0.076
10240.0 10240.0  0.0    0.0   81920.0  63725.9   102400.0    1075.2   4864.0 3997.2 512.0  446.8      52    0.076   0      0.000    0.076
10240.0 10240.0  0.0    0.0   81920.0  68884.7   102400.0    1075.2   4864.0 3997.2 512.0  446.8      52    0.076   0      0.000    0.076
10240.0 10240.0  0.0    0.0   81920.0  74043.6   102400.0    1075.2   4864.0 3997.2 512.0  446.8      52    0.076   0      0.000    0.076
10240.0 10240.0  0.0    0.0   81920.0  79202.4   102400.0    1075.2   4864.0 3997.2 512.0  446.8      52    0.076   0      0.000    0.076
10240.0 10240.0  0.0    0.0   81920.0   1824.8   102400.0    1075.2   4864.0 3997.2 512.0  446.8      53    0.077   0      0.000    0.077
10240.0 10240.0  0.0    0.0   81920.0   6999.0   102400.0    1075.2   4864.0 3997.2 512.0  446.8      53    0.077   0      0.000    0.077
10240.0 10240.0  0.0    0.0   81920.0  12173.2   102400.0    1075.2   4864.0 3997.2 512.0  446.8      53    0.077   0      0.000    0.077
10240.0 10240.0  0.0    0.0   81920.0  17347.4   102400.0    1075.2   4864.0 3997.2 512.0  446.8      53    0.077   0      0.000    0.077
10240.0 10240.0  0.0    0.0   81920.0  22521.7   102400.0    1075.2   4864.0 3997.2 512.0  446.8      53    0.077   0      0.000    0.077
10240.0 10240.0  0.0    0.0   81920.0  27695.9   102400.0    1075.2   4864.0 3997.2 512.0  446.8      53    0.077   0      0.000    0.077
10240.0 10240.0  0.0    0.0   81920.0  32870.1   102400.0    1075.2   4864.0 3997.2 512.0  446.8      53    0.077   0      0.000    0.077
10240.0 10240.0  0.0    0.0   81920.0  38044.3   102400.0    1075.2   4864.0 3997.2 512.0  446.8      53    0.077   0      0.000    0.077
10240.0 10240.0  0.0    0.0   81920.0  43218.6   102400.0    1075.2   4864.0 3997.2 512.0  446.8      53    0.077   0      0.000    0.077
10240.0 10240.0  0.0    0.0   81920.0  48392.8   102400.0    1075.2   4864.0 3997.2 512.0  446.8      53    0.077   0      0.000    0.077
10240.0 10240.0  0.0    0.0   81920.0  53567.0   102400.0    1075.2   4864.0 3997.2 512.0  446.8      53    0.077   0      0.000    0.077
10240.0 10240.0  0.0    0.0   81920.0  58741.2   102400.0    1075.2   4864.0 3997.2 512.0  446.8      53    0.077   0      0.000    0.077
10240.0 10240.0  0.0    0.0   81920.0  63915.5   102400.0    1075.2   4864.0 3997.2 512.0  446.8      53    0.077   0      0.000    0.077
10240.0 10240.0  0.0    0.0   81920.0  69089.7   102400.0    1075.2   4864.0 3997.2 512.0  446.8      53    0.077   0      0.000    0.077
10240.0 10240.0  0.0    0.0   81920.0  74263.9   102400.0    1075.2   4864.0 3997.2 512.0  446.8      53    0.077   0      0.000    0.077
10240.0 10240.0  0.0    0.0   81920.0  79438.2   102400.0    1075.2   4864.0 3997.2 512.0  446.8      53    0.077   0      0.000    0.077
10240.0 10240.0  0.0    0.0   81920.0   1822.5   102400.0    1075.2   4864.0 3997.2 512.0  446.8      54    0.078   0      0.000    0.078
10240.0 10240.0  0.0    0.0   81920.0   6989.9   102400.0    1075.2   4864.0 3997.2 512.0  446.8      54    0.078   0      0.000    0.078
10240.0 10240.0  0.0    0.0   81920.0  12157.4   102400.0    1075.2   4864.0 3997.2 512.0  446.8      54    0.078   0      0.000    0.078
10240.0 10240.0  0.0    0.0   81920.0  17324.8   102400.0    1075.2   4864.0 3997.2 512.0  446.8      54    0.078   0      0.000    0.078
10240.0 10240.0  0.0    0.0   81920.0  22492.2   102400.0    1075.2   4864.0 3997.2 512.0  446.8      54    0.078   0      0.000    0.078
10240.0 10240.0  0.0    0.0   81920.0  27659.6   102400.0    1075.2   4864.0 3997.2 512.0  446.8      54    0.078   0      0.000    0.078
10240.0 10240.0  0.0    0.0   81920.0  32827.1   102400.0    1075.2   4864.0 3997.2 512.0  446.8      54    0.078   0      0.000    0.078
10240.0 10240.0  0.0    0.0   81920.0  37994.5   102400.0    1075.2   4864.0 3997.2 512.0  446.8      54    0.078   0      0.000    0.078
10240.0 10240.0  0.0    0.0   81920.0  43161.9   102400.0    1075.2   4864.0 3997.2 512.0  446.8      54    0.078   0      0.000    0.078
10240.0 10240.0  0.0    0.0   81920.0  46606.9   102400.0    1075.2   4864.0 3997.2 512.0  446.8      54    0.078   0      0.000    0.078
10240.0 10240.0  0.0    0.0   81920.0  51774.3   102400.0    1075.2   4864.0 3997.2 512.0  446.8      54    0.078   0      0.000    0.078
10240.0 10240.0  0.0    0.0   81920.0  56941.7   102400.0    1075.2   4864.0 3997.2 512.0  446.8      54    0.078   0      0.000    0.078
10240.0 10240.0  0.0    0.0   81920.0  62109.2   102400.0    1075.2   4864.0 3997.2 512.0  446.8      54    0.078   0      0.000    0.078
10240.0 10240.0  0.0    0.0   81920.0  67276.6   102400.0    1075.2   4864.0 3997.2 512.0  446.8      54    0.078   0      0.000    0.078
10240.0 10240.0  0.0    0.0   81920.0  72444.0   102400.0    1075.2   4864.0 3997.2 512.0  446.8      54    0.078   0      0.000    0.078
10240.0 10240.0  0.0    0.0   81920.0  77611.5   102400.0    1075.2   4864.0 3997.2 512.0  446.8      54    0.078   0      0.000    0.078
10240.0 10240.0  0.0    0.0   81920.0   1819.6   102400.0    1075.2   4864.0 3997.2 512.0  446.8      55    0.079   0      0.000    0.079
10240.0 10240.0  0.0    0.0   81920.0   5258.8   102400.0    1075.2   4864.0 3997.2 512.0  446.8      55    0.079   0      0.000    0.079
10240.0 10240.0  0.0    0.0   81920.0  10417.6   102400.0    1075.2   4864.0 3997.2 512.0  446.8      55    0.079   0      0.000    0.079
10240.0 10240.0  0.0    0.0   81920.0  15576.4   102400.0    1075.2   4864.0 3997.2 512.0  446.8      55    0.079   0      0.000    0.079
10240.0 10240.0  0.0    0.0   81920.0  20735.2   102400.0    1075.2   4864.0 3997.2 512.0  446.8      55    0.079   0      0.000    0.079
10240.0 10240.0  0.0    0.0   81920.0  25894.0   102400.0    1075.2   4864.0 3997.2 512.0  446.8      55    0.079   0      0.000    0.079
10240.0 10240.0  0.0    0.0   81920.0  31052.8   102400.0    1075.2   4864.0 3997.2 512.0  446.8      55    0.079   0      0.000    0.079
10240.0 10240.0  0.0    0.0   81920.0  36211.6   102400.0    1075.2   4864.0 3997.2 512.0  446.8      55    0.079   0      0.000    0.079
10240.0 10240.0  0.0    0.0   81920.0  41370.5   102400.0    1075.2   4864.0 3997.2 512.0  446.8      55    0.079   0      0.000    0.079
10240.0 10240.0  0.0    0.0   81920.0  46529.3   102400.0    1075.2   4864.0 3997.2 512.0  446.8      55    0.079   0      0.000    0.079
10240.0 10240.0  0.0    0.0   81920.0  51688.1   102400.0    1075.2   4864.0 3997.2 512.0  446.8      55    0.079   0      0.000    0.079
10240.0 10240.0  0.0    0.0   81920.0  56846.9   102400.0    1075.2   4864.0 3997.2 512.0  446.8      55    0.079   0      0.000    0.079
10240.0 10240.0  0.0    0.0   81920.0  62005.7   102400.0    1075.2   4864.0 3997.2 512.0  446.8      55    0.079   0      0.000    0.079
10240.0 10240.0  0.0    0.0   81920.0  67164.5   102400.0    1075.2   4864.0 3997.2 512.0  446.8      55    0.079   0      0.000    0.079
10240.0 10240.0  0.0    0.0   81920.0  72323.3   102400.0    1075.2   4864.0 3997.2 512.0  446.8      55    0.079   0      0.000    0.079
10240.0 10240.0  0.0    0.0   81920.0  77482.1   102400.0    1075.2   4864.0 3997.2 512.0  446.8      55    0.079   0      0.000    0.079
10240.0 10240.0  0.0    0.0   81920.0  81920.0   102400.0    1075.2   4864.0 3997.2 512.0  446.8      55    0.079   0      0.000    0.079
10240.0 10240.0  0.0    0.0   81920.0   5255.3   102400.0    1075.2   4864.0 3997.2 512.0  446.8      56    0.079   0      0.000    0.079
10240.0 10240.0  0.0    0.0   81920.0  10410.6   102400.0    1075.2   4864.0 3997.2 512.0  446.8      56    0.079   0      0.000    0.079
10240.0 10240.0  0.0    0.0   81920.0  15565.9   102400.0    1075.2   4864.0 3997.2 512.0  446.8      56    0.079   0      0.000    0.079
10240.0 10240.0  0.0    0.0   81920.0  20721.2   102400.0    1075.2   4864.0 3997.2 512.0  446.8      56    0.079   0      0.000    0.079
10240.0 10240.0  0.0    0.0   81920.0  25876.5   102400.0    1075.2   4864.0 3997.2 512.0  446.8      56    0.079   0      0.000    0.079
10240.0 10240.0  0.0    0.0   81920.0  31031.8   102400.0    1075.2   4864.0 3997.2 512.0  446.8      56    0.079   0      0.000    0.079
10240.0 10240.0  0.0    0.0   81920.0  36187.0   102400.0    1075.2   4864.0 3997.2 512.0  446.8      56    0.079   0      0.000    0.079
10240.0 10240.0  0.0    0.0   81920.0  41342.3   102400.0    1075.2   4864.0 3997.2 512.0  446.8      56    0.079   0      0.000    0.079
10240.0 10240.0  0.0    0.0   81920.0  44779.2   102400.0    1075.2   4864.0 3997.2 512.0  446.8      56    0.079   0      0.000    0.079
10240.0 10240.0  0.0    0.0   81920.0  49934.5   102400.0    1075.2   4864.0 3997.2 512.0  446.8      56    0.079   0      0.000    0.079
10240.0 10240.0  0.0    0.0   81920.0  55089.8   102400.0    1075.2   4864.0 3997.2 512.0  446.8      56    0.079   0      0.000    0.079
10240.0 10240.0  0.0    0.0   81920.0  60245.1   102400.0    1075.2   4864.0 3997.2 512.0  446.8      56    0.079   0      0.000    0.079
10240.0 10240.0  0.0    0.0   81920.0  65400.3   102400.0    1075.2   4864.0 3997.2 512.0  446.8      56    0.079   0      0.000    0.079
10240.0 10240.0  0.0    0.0   81920.0  70555.6   102400.0    1075.2   4864.0 3997.2 512.0  446.8      56    0.079   0      0.000    0.079
10240.0 10240.0  0.0    0.0   81920.0  75710.9   102400.0    1075.2   4864.0 3997.2 512.0  446.8      56    0.079   0      0.000    0.079
10240.0 10240.0  0.0    0.0   81920.0  80866.2   102400.0    1075.2   4864.0 3997.2 512.0  446.8      56    0.079   0      0.000    0.079
10240.0 10240.0  0.0    0.0   81920.0   3536.8   102400.0    1075.2   4864.0 3997.2 512.0  446.8      57    0.080   0      0.000    0.080
10240.0 10240.0  0.0    0.0   81920.0   8691.9   102400.0    1075.2   4864.0 3997.2 512.0  446.8      57    0.080   0      0.000    0.080
10240.0 10240.0  0.0    0.0   81920.0  13847.0   102400.0    1075.2   4864.0 3997.2 512.0  446.8      57    0.080   0      0.000    0.080
10240.0 10240.0  0.0    0.0   81920.0  19002.1   102400.0    1075.2   4864.0 3997.2 512.0  446.8      57    0.080   0      0.000    0.080
10240.0 10240.0  0.0    0.0   81920.0  24157.3   102400.0    1075.2   4864.0 3997.2 512.0  446.8      57    0.080   0      0.000    0.080
10240.0 10240.0  0.0    0.0   81920.0  29312.4   102400.0    1075.2   4864.0 3997.2 512.0  446.8      57    0.080   0      0.000    0.080
10240.0 10240.0  0.0    0.0   81920.0  34467.5   102400.0    1075.2   4864.0 3997.2 512.0  446.8      57    0.080   0      0.000    0.080
10240.0 10240.0  0.0    0.0   81920.0  39622.6   102400.0    1075.2   4864.0 3997.2 512.0  446.8      57    0.080   0      0.000    0.080
10240.0 10240.0  0.0    0.0   81920.0  44777.8   102400.0    1075.2   4864.0 3997.2 512.0  446.8      57    0.080   0      0.000    0.080
10240.0 10240.0  0.0    0.0   81920.0  49932.9   102400.0    1075.2   4864.0 3997.2 512.0  446.8      57    0.080   0      0.000    0.080
10240.0 10240.0  0.0    0.0   81920.0  55088.0   102400.0    1075.2   4864.0 3997.2 512.0  446.8      57    0.080   0      0.000    0.080
10240.0 10240.0  0.0    0.0   81920.0  60243.1   102400.0    1075.2   4864.0 3997.2 512.0  446.8      57    0.080   0      0.000    0.080
10240.0 10240.0  0.0    0.0   81920.0  65398.3   102400.0    1075.2   4864.0 3997.2 512.0  446.8      57    0.080   0      0.000    0.080
10240.0 10240.0  0.0    0.0   81920.0  70553.4   102400.0    1075.2   4864.0 3997.2 512.0  446.8      57    0.080   0      0.000    0.080
10240.0 10240.0  0.0    0.0   81920.0  75708.5   102400.0    1075.2   4864.0 3997.2 512.0  446.8      57    0.080   0      0.000    0.080
10240.0 10240.0  0.0    0.0   81920.0  79145.3   102400.0    1075.2   4864.0 3997.2 512.0  446.8      57    0.080   0      0.000    0.080
10240.0 10240.0  0.0    0.0   81920.0   3538.1   102400.0    1075.2   4864.0 3997.2 512.0  446.8      58    0.081   0      0.000    0.081
10240.0 10240.0  0.0    0.0   81920.0   8695.2   102400.0    1075.2   4864.0 3997.2 512.0  446.8      58    0.081   0      0.000    0.081
10240.0 10240.0  0.0    0.0   81920.0  13852.3   102400.0    1075.2   4864.0 3997.2 512.0  446.8      58    0.081   0      0.000    0.081
10240.0 10240.0  0.0    0.0   81920.0  19009.4   102400.0    1075.2   4864.0 3997.2 512.0  446.8      58    0.081   0      0.000    0.081
10240.0 10240.0  0.0    0.0   81920.0  24166.6   102400.0    1075.2   4864.0 3997.2 512.0  446.8      58    0.081   0      0.000    0.081
10240.0 10240.0  0.0    0.0   81920.0  27604.6   102400.0    1075.2   4864.0 3997.2 512.0  446.8      58    0.081   0      0.000    0.081
10240.0 10240.0  0.0    0.0   81920.0  32761.8   102400.0    1075.2   4864.0 3997.2 512.0  446.8      58    0.081   0      0.000    0.081
10240.0 10240.0  0.0    0.0   81920.0  37918.9   102400.0    1075.2   4864.0 3997.2 512.0  446.8      58    0.081   0      0.000    0.081
10240.0 10240.0  0.0    0.0   81920.0  43076.0   102400.0    1075.2   4864.0 3997.2 512.0  446.8      58    0.081   0      0.000    0.081
10240.0 10240.0  0.0    0.0   81920.0  48233.1   102400.0    1075.2   4864.0 3997.2 512.0  446.8      58    0.081   0      0.000    0.081
10240.0 10240.0  0.0    0.0   81920.0  53390.2   102400.0    1075.2   4864.0 3997.2 512.0  446.8      58    0.081   0      0.000    0.081
10240.0 10240.0  0.0    0.0   81920.0  58547.3   102400.0    1075.2   4864.0 3997.2 512.0  446.8      58    0.081   0      0.000    0.081
10240.0 10240.0  0.0    0.0   81920.0  63704.5   102400.0    1075.2   4864.0 3997.2 512.0  446.8      58    0.081   0      0.000    0.081
10240.0 10240.0  0.0    0.0   81920.0  68861.6   102400.0    1075.2   4864.0 3997.2 512.0  446.8      58    0.081   0      0.000    0.081
10240.0 10240.0  0.0    0.0   81920.0  74018.7   102400.0    1075.2   4864.0 3997.2 512.0  446.8      58    0.081   0      0.000    0.081
10240.0 10240.0  0.0    0.0   81920.0  79175.8   102400.0    1075.2   4864.0 3997.2 512.0  446.8      58    0.081   0      0.000    0.081
10240.0 10240.0  0.0    0.0   81920.0   1825.8   102400.0    1075.2   4864.0 3997.2 512.0  446.8      59    0.082   0      0.000    0.082
10240.0 10240.0  0.0    0.0   81920.0   6377.6   102400.0    1075.2   4864.0 3997.2 512.0  446.8      59    0.082   0      0.000    0.082
10240.0 10240.0  0.0    0.0   81920.0  12955.3   102400.0    1075.2   4864.0 3997.2 512.0  446.8      59    0.082   0      0.000    0.082
10240.0 10240.0  0.0    0.0   81920.0  17407.1   102400.0    1075.2   4864.0 3997.2 512.0  446.8      59    0.082   0      0.000    0.082
10240.0 10240.0  0.0    0.0   81920.0  21858.9   102400.0    1075.2   4864.0 3997.2 512.0  446.8      59    0.082   0      0.000    0.082
10240.0 10240.0  0.0    0.0   81920.0  26610.8   102400.0    1075.2   4864.0 3997.2 512.0  446.8      59    0.082   0      0.000    0.082
10240.0 10240.0  0.0    0.0   81920.0  32988.4   102400.0    1075.2   4864.0 3997.2 512.0  446.8      59    0.082   0      0.000    0.082
10240.0 10240.0  0.0    0.0   81920.0  37440.2   102400.0    1075.2   4864.0 3997.2 512.0  446.8      59    0.082   0      0.000    0.082
10240.0 10240.0  0.0    0.0   81920.0  41892.0   102400.0    1075.2   4864.0 3997.2 512.0  446.8      59    0.082   0      0.000    0.082
10240.0 10240.0  0.0    0.0   81920.0  46843.9   102400.0    1075.2   4864.0 3997.2 512.0  446.8      59    0.082   0      0.000    0.082
10240.0 10240.0  0.0    0.0   81920.0  53021.5   102400.0    1075.2   4864.0 3997.2 512.0  446.8      59    0.082   0      0.000    0.082
10240.0 10240.0  0.0    0.0   81920.0  57473.3   102400.0    1075.2   4864.0 3997.2 512.0  446.8      59    0.082   0      0.000    0.082
10240.0 10240.0  0.0    0.0   81920.0  62025.1   102400.0    1075.2   4864.0 3997.2 512.0  446.8      59    0.082   0      0.000    0.082
10240.0 10240.0  0.0    0.0   81920.0  68602.8   102400.0    1075.2   4864.0 3997.2 512.0  446.8      59    0.082   0      0.000    0.082
10240.0 10240.0  0.0    0.0   81920.0  73054.6   102400.0    1075.2   4864.0 3997.2 512.0  446.8      59    0.082   0      0.000    0.082
10240.0 10240.0  0.0    0.0   81920.0  77506.4   102400.0    1075.2   4864.0 3997.2 512.0  446.8      59    0.082   0      0.000    0.082
10240.0 10240.0  0.0    0.0   81920.0   1812.0   102400.0    1075.2   4864.0 3997.2 512.0  446.8      60    0.083   0      0.000    0.083
10240.0 10240.0  0.0    0.0   81920.0   6947.9   102400.0    1075.2   4864.0 3997.2 512.0  446.8      60    0.083   0      0.000    0.083
10240.0 10240.0  0.0    0.0   81920.0  12083.8   102400.0    1075.2   4864.0 3997.2 512.0  446.8      60    0.083   0      0.000    0.083
10240.0 10240.0  0.0    0.0   81920.0  15507.7   102400.0    1075.2   4864.0 3997.2 512.0  446.8      60    0.083   0      0.000    0.083
10240.0 10240.0  0.0    0.0   81920.0  20643.6   102400.0    1075.2   4864.0 3997.2 512.0  446.8      60    0.083   0      0.000    0.083
10240.0 10240.0  0.0    0.0   81920.0  25779.5   102400.0    1075.2   4864.0 3997.2 512.0  446.8      60    0.083   0      0.000    0.083
10240.0 10240.0  0.0    0.0   81920.0  30915.5   102400.0    1075.2   4864.0 3997.2 512.0  446.8      60    0.083   0      0.000    0.083
10240.0 10240.0  0.0    0.0   81920.0  36051.4   102400.0    1075.2   4864.0 3997.2 512.0  446.8      60    0.083   0      0.000    0.083
10240.0 10240.0  0.0    0.0   81920.0  41187.3   102400.0    1075.2   4864.0 3997.2 512.0  446.8      60    0.083   0      0.000    0.083
10240.0 10240.0  0.0    0.0   81920.0  46323.2   102400.0    1075.2   4864.0 3997.2 512.0  446.8      60    0.083   0      0.000    0.083
10240.0 10240.0  0.0    0.0   81920.0  51459.1   102400.0    1075.2   4864.0 3997.2 512.0  446.8      60    0.083   0      0.000    0.083
10240.0 10240.0  0.0    0.0   81920.0  56595.0   102400.0    1075.2   4864.0 3997.2 512.0  446.8      60    0.083   0      0.000    0.083
10240.0 10240.0  0.0    0.0   81920.0  61730.9   102400.0    1075.2   4864.0 3997.2 512.0  446.8      60    0.083   0      0.000    0.083
10240.0 10240.0  0.0    0.0   81920.0  66866.8   102400.0    1075.2   4864.0 3997.2 512.0  446.8      60    0.083   0      0.000    0.083
10240.0 10240.0  0.0    0.0   81920.0  72002.7   102400.0    1075.2   4864.0 3997.2 512.0  446.8      60    0.083   0      0.000    0.083
10240.0 10240.0  0.0    0.0   81920.0  77138.6   102400.0    1075.2   4864.0 3997.2 512.0  446.8      60    0.083   0      0.000    0.083
10240.0 10240.0  0.0    0.0   81920.0  81920.0   102400.0    1075.2   4864.0 3997.2 512.0  446.8      60    0.083   0      0.000    0.083
10240.0 10240.0  0.0    0.0   81920.0   5257.2   102400.0    1075.2   4864.0 3997.2 512.0  446.8      61    0.084   0      0.000    0.084
10240.0 10240.0  0.0    0.0   81920.0  10414.5   102400.0    1075.2   4864.0 3997.2 512.0  446.8      61    0.084   0      0.000    0.084
10240.0 10240.0  0.0    0.0   81920.0  15571.7   102400.0    1075.2   4864.0 3997.2 512.0  446.8      61    0.084   0      0.000    0.084
10240.0 10240.0  0.0    0.0   81920.0  20729.0   102400.0    1075.2   4864.0 3997.2 512.0  446.8      61    0.084   0      0.000    0.084
10240.0 10240.0  0.0    0.0   81920.0  25886.2   102400.0    1075.2   4864.0 3997.2 512.0  446.8      61    0.084   0      0.000    0.084
10240.0 10240.0  0.0    0.0   81920.0  31043.4   102400.0    1075.2   4864.0 3997.2 512.0  446.8      61    0.084   0      0.000    0.084
