 S0C    S1C    S0U    S1U      EC       EU        OC         OU       MC     MU    CCSC   CCSU   YGC     YGCT    FGC    FGCT     GCT
10240.0 10240.0  0.0    0.0   81920.0   8192.2   102400.0     0.0     4480.0 770.4  384.0   75.9       0    0.000   0      0.000    0.000
10240.0 10240.0  0.0    0.0   81920.0   8192.2   102400.0     0.0     4480.0 770.4  384.0   75.9       0    0.000   0      0.000    0.000
10240.0 10240.0  0.0    0.0   81920.0   8192.2   102400.0     0.0     4480.0 770.4  384.0   75.9       0    0.000   0      0.000    0.000
10240.0 10240.0  0.0    0.0   81920.0   8192.2   102400.0     0.0     4480.0 770.4  384.0   75.9       0    0.000   0      0.000    0.000
10240.0 10240.0  0.0    0.0   81920.0   8192.2   102400.0     0.0     4480.0 770.4  384.0   75.9       0    0.000   0      0.000    0.000
10240.0 10240.0  0.0    0.0   81920.0   8192.2   102400.0     0.0     4480.0 770.4  384.0   75.9       0    0.000   0      0.000    0.000
10240.0 10240.0  0.0    0.0   81920.0   8192.2   102400.0     0.0     4480.0 770.4  384.0   75.9       0    0.000   0      0.000    0.000
10240.0 10240.0  0.0    0.0   81920.0   8192.2   102400.0     0.0     4480.0 770.4  384.0   75.9       0    0.000   0      0.000    0.000
10240.0 10240.0  0.0    0.0   81920.0   8192.2   102400.0     0.0     4480.0 770.4  384.0   75.9       0    0.000   0      0.000    0.000
10240.0 10240.0  0.0    0.0   81920.0   8192.2   102400.0     0.0     4480.0 770.4  384.0   75.9       0    0.000   0      0.000    0.000
10240.0 10240.0  0.0   1103.1 81920.0  10240.0   102400.0   30722.1   4864.0 3996.0 512.0  446.8       1    0.020   0      0.000    0.020
10240.0 10240.0 1549.2  0.0   81920.0  23622.6   102400.0   51204.2   4864.0 3996.4 512.0  446.8       2    0.047   1      0.001    0.048
10240.0 10240.0  0.0   1504.6 81920.0  32247.1   102400.0   61444.2   4864.0 3996.5 512.0  446.8       3    0.059   1      0.001    0.060
10240.0 10240.0 1548.8  0.0   81920.0  42514.1   102400.0   30724.1   4864.0 3996.5 512.0  446.8       4    0.062   2      0.004    0.066
10240.0 10240.0  0.0   1615.8 81920.0  52771.5   102400.0   40964.2   4864.0 3996.5 512.0  446.8       5    0.066   2      0.004    0.070
10240.0 10240.0 1499.5  0.0   81920.0  63022.6   102400.0   51204.2   4864.0 3996.5 512.0  446.8       6    0.071   2      0.004    0.074
10240.0 10240.0  0.0   1547.5 81920.0  73269.8   102400.0   61444.2   4864.0 3996.5 512.0  446.8       7    0.075   3      0.005    0.079
10240.0 10240.0  0.0   1562.5 81920.0  10240.0   102400.0   40966.2   4864.0 3996.5 512.0  446.8       9    0.104   4      0.008    0.112
10240.0 10240.0 1563.2  0.0   81920.0  22079.2   102400.0   61446.2   4864.0 3996.5 512.0  446.8      10    0.112   5      0.009    0.120
10240.0 10240.0  0.0   1619.4 81920.0  32320.4   102400.0   30726.2   4864.0 3996.5 512.0  446.8      11    0.116   6      0.012    0.128
10240.0 10240.0 1750.5  0.0   81920.0  42561.2   102400.0   30726.2   4864.0 3996.5 512.0  446.8      12    0.119   6      0.012    0.131
10240.0 10240.0  0.0   1442.1 81920.0  52801.7   102400.0   40966.2   4864.0 3996.5 512.0  446.8      13    0.123   6      0.012    0.135
10240.0 10240.0 1413.0  0.0   81920.0  63042.1   102400.0   51206.2   4864.0 3996.5 512.0  446.8      14    0.125   6      0.012    0.137
10240.0 10240.0  0.0   1525.9 81920.0  73282.3   102400.0   61446.2   4864.0 3996.5 512.0  446.8      15    0.130   6      0.012    0.142
10240.0 10240.0  0.0    0.0   81920.0  10240.0   102400.0   31766.3   4864.0 3996.5 512.0  446.8      17    0.145   8      0.027    0.172
10240.0 10240.0  0.0    0.0   81920.0  22082.5   102400.0   52248.4   4864.0 3996.5 512.0  446.8      18    0.153   8      0.027    0.179
10240.0 10240.0  0.0    0.0   81920.0  32322.5   102400.0   62488.4   4864.0 3996.5 512.0  446.8      19    0.156   9      0.030    0.187
10240.0 10240.0  0.0    0.0   81920.0  42562.6   102400.0   62488.4   4864.0 3996.5 512.0  446.8      20    0.157   9      0.030    0.188
10240.0 10240.0  0.0    0.0   81920.0    0.0     102400.0   72728.4   4864.0 3996.5 512.0  446.8      21    0.160  10      0.031    0.190
10240.0 10240.0  0.0    0.0   81920.0    0.0     102400.0   82970.5   4864.0 3996.5 512.0  446.8      22    0.162  10      0.031    0.193
10240.0 10240.0  0.0    0.0   81920.0    0.0     102400.0   31770.4   4864.0 3996.5 512.0  446.8      23    0.166  11      0.033    0.199
10240.0 10240.0  0.0    0.0   81920.0  73282.7   102400.0   31770.4   4864.0 3996.5 512.0  446.8      23    0.166  11      0.033    0.199
10240.0 10240.0  0.0    0.0   81920.0  10240.0   102400.0   62490.5   4864.0 3996.5 512.0  446.8      25    0.177  12      0.033    0.210
10240.0 10240.0  0.0    0.0   81920.0  22082.6   102400.0   52250.5   4864.0 3996.5 512.0  446.8      26    0.180  13      0.035    0.215
10240.0 10240.0  0.0    0.0   81920.0  32322.6   102400.0   62490.5   4864.0 3996.5 512.0  446.8      27    0.182  14      0.035    0.217
10240.0 10240.0  0.0    0.0   81920.0  42562.6   102400.0   11290.4   4864.0 3996.5 512.0  446.8      28    0.183  15      0.038    0.220
10240.0 10240.0  0.0    0.0   81920.0  52802.6   102400.0   21530.4   4864.0 3996.5 512.0  446.8      29    0.185  15      0.038    0.223
10240.0 10240.0  0.0    0.0   81920.0  63042.7   102400.0   31770.4   4864.0 3996.5 512.0  446.8      30    0.187  15      0.038    0.224
10240.0 10240.0  0.0    0.0   81920.0  73282.7   102400.0   42010.4   4864.0 3996.5 512.0  446.8      31    0.189  15      0.038    0.227
10240.0 10240.0  0.0    0.0   81920.0  10240.0   102400.0   72730.5   4864.0 3996.5 512.0  446.8      33    0.194  16      0.038    0.232
10240.0 10240.0  0.0    0.0   81920.0  22082.6   102400.0   21526.3   4864.0 3996.5 512.0  446.8      34    0.194  17      0.047    0.241
10240.0 10240.0  0.0    0.0   81920.0  32322.6   102400.0   31768.4   4864.0 3996.5 512.0  446.8      35    0.198  17      0.047    0.244
10240.0 10240.0  0.0    0.0   81920.0  42562.6   102400.0   31768.4   4864.0 3996.5 512.0  446.8      36    0.199  17      0.047    0.245
10240.0 10240.0  0.0    0.0   81920.0  52802.6   102400.0   42008.4   4864.0 3996.5 512.0  446.8      37    0.203  17      0.047    0.250
10240.0 10240.0  0.0    0.0   81920.0  63042.7   102400.0   52248.4   4864.0 3996.5 512.0  446.8      38    0.207  17      0.047    0.254
10240.0 10240.0  0.0    0.0   81920.0  73282.7   102400.0   62490.5   4864.0 3996.5 512.0  446.8      39    0.211  17      0.047    0.257
10240.0 10240.0  0.0    0.0   81920.0  10240.0   102400.0   31772.5   4864.0 3996.5 512.0  446.8      41    0.222  19      0.049    0.272
10240.0 10240.0  0.0    0.0   81920.0  22082.6   102400.0   52252.5   4864.0 3996.5 512.0  446.8      42    0.230  20      0.050    0.280
10240.0 10240.0  0.0    0.0   81920.0  32322.6   102400.0   62492.5   4864.0 3996.5 512.0  446.8      43    0.234  20      0.050    0.283
10240.0 10240.0  0.0    0.0   81920.0  42562.6   102400.0   31772.5   4864.0 3996.5 512.0  446.8      44    0.234  21      0.052    0.286
10240.0 10240.0  0.0    0.0   81920.0  52802.6   102400.0   42012.5   4864.0 3996.5 512.0  446.8      45    0.238  21      0.052    0.290
10240.0 10240.0  0.0    0.0   81920.0  63042.7   102400.0   52252.5   4864.0 3996.5 512.0  446.8      46    0.243  21      0.052    0.295
10240.0 10240.0  0.0    0.0   81920.0  73282.7   102400.0   62492.5   4864.0 3996.5 512.0  446.8      47    0.247  21      0.052    0.299
10240.0 10240.0  0.0    0.0   81920.0  10240.0   102400.0   31772.5   4864.0 3996.5 512.0  446.8      49    0.258  23      0.053    0.311
10240.0 10240.0  0.0    0.0   81920.0  22082.6   102400.0   52252.5   4864.0 3996.5 512.0  446.8      50    0.264  24      0.053    0.318
10240.0 10240.0  0.0    0.0   81920.0  32322.6   102400.0   62492.5   4864.0 3996.5 512.0  446.8      51    0.267  24      0.053    0.320
10240.0 10240.0  0.0    0.0   81920.0  42562.6   102400.0   31772.5   4864.0 3996.5 512.0  446.8      52    0.268  25      0.057    0.324
10240.0 10240.0  0.0    0.0   81920.0  52802.6   102400.0   42012.5   4864.0 3996.5 512.0  446.8      53    0.271  25      0.057    0.328
10240.0 10240.0  0.0    0.0   81920.0  63042.7   102400.0   52252.5   4864.0 3996.5 512.0  446.8      54    0.275  25      0.057    0.332
10240.0 10240.0  0.0    0.0   81920.0  73282.7   102400.0   62492.5   4864.0 3996.5 512.0  446.8      55    0.279  25      0.057    0.336
10240.0 10240.0  0.0    0.0   81920.0  10240.0   102400.0   31772.5   4864.0 3996.5 512.0  446.8      57    0.290  27      0.060    0.350
10240.0 10240.0  0.0    0.0   81920.0  22082.6   102400.0   52252.5   4864.0 3996.5 512.0  446.8      58    0.297  28      0.060    0.357
10240.0 10240.0  0.0    0.0   81920.0  32322.6   102400.0   62492.5   4864.0 3996.5 512.0  446.8      59    0.301  28      0.060    0.361
10240.0 10240.0  0.0    0.0   81920.0  42562.6   102400.0   31772.5   4864.0 3996.5 512.0  446.8      60    0.302  29      0.062    0.364
10240.0 10240.0  0.0    0.0   81920.0  52802.6   102400.0   42012.5   4864.0 3996.5 512.0  446.8      61    0.306  29      0.062    0.368
10240.0 10240.0  0.0    0.0   81920.0  63042.7   102400.0   52252.5   4864.0 3996.5 512.0  446.8      62    0.308  29      0.062    0.371
10240.0 10240.0  0.0    0.0   81920.0  73282.7   102400.0   62492.5   4864.0 3996.5 512.0  446.8      63    0.312  29      0.062    0.375
10240.0 10240.0  0.0    0.0   81920.0  10240.0   102400.0   31772.5   4864.0 3996.5 512.0  446.8      65    0.323  31      0.065    0.389
10240.0 10240.0  0.0    0.0   81920.0  22082.6   102400.0   52252.5   4864.0 3996.5 512.0  446.8      66    0.331  32      0.066    0.396
10240.0 10240.0  0.0    0.0   81920.0  32322.6   102400.0   62492.5   4864.0 3996.5 512.0  446.8      67    0.332  32      0.066    0.398
10240.0 10240.0  0.0    0.0   81920.0  42562.6   102400.0   31772.5   4864.0 3996.5 512.0  446.8      68    0.333  33      0.068    0.401
10240.0 10240.0  0.0    0.0   81920.0  52802.6   102400.0   42012.5   4864.0 3996.5 512.0  446.8      69    0.336  33      0.068    0.404
10240.0 10240.0  0.0    0.0   81920.0  63042.7   102400.0   52252.5   4864.0 3996.5 512.0  446.8      70    0.339  33      0.068    0.408
10240.0 10240.0  0.0    0.0   81920.0  73282.7   102400.0   62492.5   4864.0 3996.5 512.0  446.8      71    0.343  33      0.068    0.411
10240.0 10240.0  0.0    0.0   81920.0  10240.0   102400.0   31772.5   4864.0 3996.5 512.0  446.8      73    0.355  35      0.070    0.425
10240.0 10240.0  0.0    0.0   81920.0  22082.6   102400.0   52252.5   4864.0 3996.5 512.0  446.8      74    0.358  36      0.070    0.428
10240.0 10240.0  0.0    0.0   81920.0  32322.6   102400.0   62492.5   4864.0 3996.5 512.0  446.8      75    0.362  36      0.070    0.432
10240.0 10240.0  0.0    0.0   81920.0  42562.6   102400.0   31772.5   4864.0 3996.5 512.0  446.8      76    0.362  37      0.073    0.435
10240.0 10240.0  0.0    0.0   81920.0  52802.6   102400.0   42012.5   4864.0 3996.5 512.0  446.8      77    0.364  37      0.073    0.437
10240.0 10240.0  0.0    0.0   81920.0  63042.7   102400.0   52252.5   4864.0 3996.5 512.0  446.8      78    0.368  37      0.073    0.441
10240.0 10240.0  0.0    0.0   81920.0  73282.7   102400.0   62492.5   4864.0 3996.5 512.0  446.8      79    0.370  37      0.073    0.443
10240.0 10240.0  0.0    0.0   81920.0  10240.0   102400.0   31772.5   4864.0 3996.5 512.0  446.8      81    0.376  39      0.075    0.451
10240.0 10240.0  0.0    0.0   81920.0  22082.6   102400.0   52252.5   4864.0 3996.5 512.0  446.8      82    0.379  40      0.075    0.454
10240.0 10240.0  0.0    0.0   81920.0  32322.6   102400.0   62492.5   4864.0 3996.5 512.0  446.8      83    0.382  40      0.075    0.457
10240.0 10240.0  0.0    0.0   81920.0  42562.6   102400.0   31772.5   4864.0 3996.5 512.0  446.8      84    0.383  41      0.078    0.460
10240.0 10240.0  0.0    0.0   81920.0  52802.6   102400.0   42012.5   4864.0 3996.5 512.0  446.8      85    0.386  41      0.078    0.464
10240.0 10240.0  0.0    0.0   81920.0  63042.7   102400.0   52252.5   4864.0 3996.5 512.0  446.8      86    0.390  41      0.078    0.468
10240.0 10240.0  0.0    0.0   81920.0  73282.7   102400.0   62492.5   4864.0 3996.5 512.0  446.8      87    0.394  41      0.078    0.472
10240.0 10240.0  0.0    0.0   81920.0  10240.0   102400.0   31772.5   4864.0 3996.5 512.0  446.8      89    0.401  43      0.080    0.481
10240.0 10240.0  0.0    0.0   81920.0    0.0     102400.0   52252.5   4864.0 3996.5 512.0  446.8      90    0.409  44      0.080    0.489
10240.0 10240.0  0.0    0.0   81920.0    0.0     102400.0   62492.5   4864.0 3996.5 512.0  446.8      91    0.412  44      0.080    0.492
10240.0 10240.0  0.0    0.0   81920.0    0.0     102400.0   62492.5   4864.0 3996.5 512.0  446.8      92    0.413  45      0.082    0.494
10240.0 10240.0  0.0    0.0   81920.0  42562.6   102400.0   31772.5   4864.0 3996.5 512.0  446.8      92    0.413  45      0.082    0.494
10240.0 10240.0  0.0    0.0   81920.0  52802.6   102400.0   42012.5   4864.0 3996.5 512.0  446.8      93    0.416  45      0.082    0.498
10240.0 10240.0  0.0    0.0   81920.0  63042.7   102400.0   52252.5   4864.0 3996.5 512.0  446.8      94    0.420  45      0.082    0.502
10240.0 10240.0  0.0    0.0   81920.0  73282.7   102400.0   62492.5   4864.0 3996.5 512.0  446.8      95    0.425  45      0.082    0.507
10240.0 10240.0  0.0    0.0   81920.0  10240.0   102400.0   31772.5   4864.0 3996.5 512.0  446.8      97    0.432  47      0.083    0.515
10240.0 10240.0  0.0    0.0   81920.0  22082.6   102400.0   52252.5   4864.0 3996.5 512.0  446.8      98    0.436  48      0.083    0.519
10240.0 10240.0  0.0    0.0   81920.0  32322.6   102400.0   62492.5   4864.0 3996.5 512.0  446.8      99    0.438  48      0.083    0.521
10240.0 10240.0  0.0    0.0   81920.0  42562.6   102400.0   31772.5   4864.0 3996.5 512.0  446.8     100    0.438  49      0.085    0.523
10240.0 10240.0  0.0    0.0   81920.0  52802.6   102400.0   42012.5   4864.0 3996.5 512.0  446.8     101    0.440  49      0.085    0.525
10240.0 10240.0  0.0    0.0   81920.0  63042.7   102400.0   52252.5   4864.0 3996.5 512.0  446.8     102    0.442  49      0.085    0.527
10240.0 10240.0  0.0    0.0   81920.0  73282.7   102400.0   62492.5   4864.0 3996.5 512.0  446.8     103    0.446  50      0.086    0.531
10240.0 10240.0  0.0    0.0   81920.0  10240.0   102400.0   42012.5   4864.0 3996.5 512.0  446.8     105    0.457  51      0.089    0.546
10240.0 10240.0  0.0    0.0   81920.0  22082.6   102400.0   62492.5   4864.0 3996.5 512.0  446.8     106    0.464  52      0.089    0.553
10240.0 10240.0  0.0    0.0   81920.0  32322.6   102400.0   31772.5   4864.0 3996.5 512.0  446.8     107    0.468  53      0.092    0.560
10240.0 10240.0  0.0    0.0   81920.0  42562.6   102400.0   31772.5   4864.0 3996.5 512.0  446.8     108    0.469  53      0.092    0.560
10240.0 10240.0  0.0    0.0   81920.0  52802.6   102400.0   42012.5   4864.0 3996.5 512.0  446.8     109    0.470  53      0.092    0.562
10240.0 10240.0  0.0    0.0   81920.0  63042.7   102400.0   52252.5   4864.0 3996.5 512.0  446.8     110    0.472  53      0.092    0.564
10240.0 10240.0  0.0    0.0   81920.0  73282.7   102400.0   62492.5   4864.0 3996.5 512.0  446.8     111    0.476  53      0.092    0.568
10240.0 10240.0  0.0    0.0   81920.0  10240.0   102400.0   31772.5   4864.0 3996.5 512.0  446.8     113    0.487  55      0.094    0.581
10240.0 10240.0  0.0    0.0   81920.0  22082.6   102400.0   52252.5   4864.0 3996.5 512.0  446.8     114    0.497  56      0.094    0.592
10240.0 10240.0  0.0    0.0   81920.0  32322.6   102400.0   62492.5   4864.0 3996.5 512.0  446.8     115    0.500  56      0.094    0.594
10240.0 10240.0  0.0    0.0   81920.0  42562.6   102400.0   31772.5   4864.0 3996.5 512.0  446.8     116    0.500  57      0.096    0.596
10240.0 10240.0  0.0    0.0   81920.0  52802.6   102400.0   42012.5   4864.0 3996.5 512.0  446.8     117    0.502  57      0.096    0.598
10240.0 10240.0  0.0    0.0   81920.0  63042.7   102400.0   52252.5   4864.0 3996.5 512.0  446.8     118    0.506  57      0.096    0.602
10240.0 10240.0  0.0    0.0   81920.0  73282.7   102400.0   62492.5   4864.0 3996.5 512.0  446.8     119    0.510  57      0.096    0.606
10240.0 10240.0  0.0    0.0   81920.0  10240.0   102400.0   31772.5   4864.0 3996.5 512.0  446.8     121    0.521  59      0.098    0.618
10240.0 10240.0  0.0    0.0   81920.0  22082.6   102400.0   52252.5   4864.0 3996.5 512.0  446.8     122    0.524  60      0.098    0.622
10240.0 10240.0  0.0    0.0   81920.0  32322.6   102400.0   62492.5   4864.0 3996.5 512.0  446.8     123    0.526  60      0.098    0.624
10240.0 10240.0  0.0    0.0   81920.0  42562.6   102400.0   31772.5   4864.0 3996.5 512.0  446.8     124    0.526  61      0.100    0.626
10240.0 10240.0  0.0    0.0   81920.0  52802.6   102400.0   42012.5   4864.0 3996.5 512.0  446.8     125    0.530  61      0.100    0.630
10240.0 10240.0  0.0    0.0   81920.0  63042.7   102400.0   52252.5   4864.0 3996.5 512.0  446.8     126    0.534  61      0.100    0.634
10240.0 10240.0  0.0    0.0   81920.0  73282.7   102400.0   62492.5   4864.0 3996.5 512.0  446.8     127    0.538  61      0.100    0.638
10240.0 10240.0  0.0    0.0   81920.0  10240.0   102400.0   31719.6   4864.0 3996.5 512.0  446.8     129    0.549  63      0.102    0.651
10240.0 10240.0  0.0    0.0   81920.0  22082.6   102400.0   52199.6   4864.0 3996.5 512.0  446.8     130    0.556  64      0.102    0.658
10240.0 10240.0  0.0    0.0   81920.0  32322.6   102400.0   62439.7   4864.0 3996.5 512.0  446.8     131    0.558  64      0.102    0.660
10240.0 10240.0  0.0    0.0   81920.0  42562.6   102400.0   31719.6   4864.0 3996.5 512.0  446.8     132    0.559  65      0.106    0.664
10240.0 10240.0  0.0    0.0   81920.0  52802.6   102400.0   41959.6   4864.0 3996.5 512.0  446.8     133    0.562  65      0.106    0.668
10240.0 10240.0  0.0    0.0   81920.0  63042.7   102400.0   52199.6   4864.0 3996.5 512.0  446.8     134    0.566  65      0.106    0.672
10240.0 10240.0  0.0    0.0   81920.0  73282.7   102400.0   62439.7   4864.0 3996.5 512.0  446.8     135    0.570  65      0.106    0.676
10240.0 10240.0  0.0    0.0   81920.0  10240.0   102400.0   31719.6   4864.0 3996.5 512.0  446.8     137    0.582  67      0.109    0.691
10240.0 10240.0  0.0    0.0   81920.0  22082.6   102400.0   52199.6   4864.0 3996.5 512.0  446.8     138    0.585  68      0.109    0.694
10240.0 10240.0  0.0    0.0   81920.0  32322.6   102400.0   62439.7   4864.0 3996.5 512.0  446.8     139    0.589  68      0.109    0.698
10240.0 10240.0  0.0    0.0   81920.0  42562.6   102400.0   31719.6   4864.0 3996.5 512.0  446.8     140    0.590  69      0.112    0.702
10240.0 10240.0  0.0    0.0   81920.0  52802.6   102400.0   41959.6   4864.0 3996.5 512.0  446.8     141    0.594  69      0.112    0.706
10240.0 10240.0  0.0    0.0   81920.0  63042.7   102400.0   52199.6   4864.0 3996.5 512.0  446.8     142    0.596  69      0.112    0.708
10240.0 10240.0  0.0    0.0   81920.0  73282.7   102400.0   62439.7   4864.0 3996.5 512.0  446.8     143    0.597  69      0.112    0.710
10240.0 10240.0  0.0    0.0   81920.0  10240.0   102400.0   31719.6   4864.0 3996.5 512.0  446.8     145    0.609  71      0.116    0.724
10240.0 10240.0  0.0    0.0   81920.0  22082.6   102400.0   52199.6   4864.0 3996.5 512.0  446.8     146    0.616  72      0.116    0.732
10240.0 10240.0  0.0    0.0   81920.0  32322.6   102400.0   62439.7   4864.0 3996.5 512.0  446.8     147    0.620  72      0.116    0.735
10240.0 10240.0  0.0    0.0   81920.0  42562.6   102400.0   31719.6   4864.0 3996.5 512.0  446.8     148    0.620  73      0.118    0.738
10240.0 10240.0  0.0    0.0   81920.0  52802.6   102400.0   41959.6   4864.0 3996.5 512.0  446.8     149    0.624  73      0.118    0.742
10240.0 10240.0  0.0    0.0   81920.0  63042.7   102400.0   52199.6   4864.0 3996.5 512.0  446.8     150    0.628  73      0.118    0.746
10240.0 10240.0  0.0    0.0   81920.0  73282.7   102400.0   62439.7   4864.0 3996.5 512.0  446.8     151    0.630  73      0.118    0.748
10240.0 10240.0  0.0    0.0   81920.0  10240.0   102400.0   31719.6   4864.0 3996.5 512.0  446.8     153    0.636  75      0.119    0.755
10240.0 10240.0  0.0    0.0   81920.0  22082.6   102400.0   52199.6   4864.0 3996.5 512.0  446.8     154    0.643  76      0.120    0.762
10240.0 10240.0  0.0    0.0   81920.0  32322.6   102400.0   62439.7   4864.0 3996.5 512.0  446.8     155    0.646  76      0.120    0.766
10240.0 10240.0  0.0    0.0   81920.0  42562.6   102400.0   31719.6   4864.0 3996.5 512.0  446.8     156    0.647  77      0.123    0.770
10240.0 10240.0  0.0    0.0   81920.0  52802.6   102400.0   41959.6   4864.0 3996.5 512.0  446.8     157    0.651  77      0.123    0.774
10240.0 10240.0  0.0    0.0   81920.0  63042.7   102400.0   52199.6   4864.0 3996.5 512.0  446.8     158    0.655  77      0.123    0.778
10240.0 10240.0  0.0    0.0   81920.0  73282.7   102400.0   62439.7   4864.0 3996.5 512.0  446.8     159    0.659  77      0.123    0.782
10240.0 10240.0  0.0    0.0   81920.0  10240.0   102400.0   93159.7   4864.0 3996.5 512.0  446.8     161    0.670  79      0.125    0.796
10240.0 10240.0  0.0    0.0   81920.0    0.0     102400.0   52199.6   4864.0 3996.5 512.0  446.8     162    0.677  79      0.125    0.803
10240.0 10240.0  0.0    0.0   81920.0  22082.6   102400.0   52199.6   4864.0 3996.5 512.0  446.8     162    0.677  80      0.126    0.803
10240.0 10240.0  0.0    0.0   81920.0  32322.6   102400.0   62439.7   4864.0 3996.5 512.0  446.8     163    0.682  80      0.126    0.807
10240.0 10240.0  0.0    0.0   81920.0  42562.6   102400.0   31719.6   4864.0 3996.5 512.0  446.8     164    0.682  81      0.129    0.811
10240.0 10240.0  0.0    0.0   81920.0  52802.6   102400.0   41959.6   4864.0 3996.5 512.0  446.8     165    0.686  81      0.129    0.815
10240.0 10240.0  0.0    0.0   81920.0  63042.7   102400.0   52199.6   4864.0 3996.5 512.0  446.8     166    0.688  81      0.129    0.817
10240.0 10240.0  0.0    0.0   81920.0  73282.7   102400.0   62439.7   4864.0 3996.5 512.0  446.8     167    0.692  81      0.129    0.821
10240.0 10240.0  0.0    0.0   81920.0  10240.0   102400.0   31719.6   4864.0 3996.5 512.0  446.8     169    0.699  83      0.130    0.830
10240.0 10240.0  0.0    0.0   81920.0  22082.6   102400.0   52199.6   4864.0 3996.5 512.0  446.8     170    0.706  84      0.131    0.837
10240.0 10240.0  0.0    0.0   81920.0  32322.6   102400.0   62439.7   4864.0 3996.5 512.0  446.8     171    0.710  84      0.131    0.841
10240.0 10240.0  0.0    0.0   81920.0  42562.6   102400.0   31719.6   4864.0 3996.5 512.0  446.8     172    0.711  85      0.132    0.843
10240.0 10240.0  0.0    0.0   81920.0  52802.6   102400.0   41959.6   4864.0 3996.5 512.0  446.8     173    0.714  85      0.132    0.846
10240.0 10240.0  0.0    0.0   81920.0  63042.7   102400.0   52199.6   4864.0 3996.5 512.0  446.8     174    0.718  85      0.132    0.850
10240.0 10240.0  0.0    0.0   81920.0  73282.7   102400.0   62439.7   4864.0 3996.5 512.0  446.8     175    0.720  86      0.132    0.852
10240.0 10240.0  0.0    0.0   81920.0  10240.0   102400.0   41959.6   4864.0 3996.5 512.0  446.8     177    0.731  87      0.136    0.867
10240.0 10240.0  0.0    0.0   81920.0  22082.6   102400.0   62439.7   4864.0 3996.5 512.0  446.8     178    0.739  88      0.136    0.874
10240.0 10240.0  0.0    0.0   81920.0  32322.6   102400.0   72679.7   4864.0 3996.5 512.0  446.8     179    0.742  88      0.136    0.878
10240.0 10240.0  0.0    0.0   81920.0  42562.6   102400.0   31719.6   4864.0 3996.5 512.0  446.8     180    0.743  89      0.139    0.882
10240.0 10240.0  0.0    0.0   81920.0  52802.6   102400.0   41959.6   4864.0 3996.5 512.0  446.8     181    0.746  89      0.139    0.884
10240.0 10240.0  0.0    0.0   81920.0  63042.7   102400.0   52199.6   4864.0 3996.5 512.0  446.8     182    0.749  89      0.139    0.888
10240.0 10240.0  0.0    0.0   81920.0  73282.7   102400.0   62439.7   4864.0 3996.5 512.0  446.8     183    0.752  90      0.139    0.890
10240.0 10240.0  0.0    0.0   81920.0  10240.0   102400.0   41959.6   4864.0 3996.5 512.0  446.8     185    0.764  91      0.141    0.905
10240.0 10240.0  0.0    0.0   81920.0  22082.6   102400.0   62439.7   4864.0 3996.5 512.0  446.8     186    0.767  92      0.141    0.908
10240.0 10240.0  0.0    0.0   81920.0  32322.6   102400.0   72679.7   4864.0 3996.5 512.0  446.8     187    0.771  92      0.141    0.912
10240.0 10240.0  0.0    0.0   81920.0  42562.6   102400.0   31719.6   4864.0 3996.5 512.0  446.8     188    0.772  93      0.143    0.916
10240.0 10240.0  0.0    0.0   81920.0  52802.6   102400.0   41959.6   4864.0 3996.5 512.0  446.8     189    0.776  93      0.143    0.919
10240.0 10240.0  0.0    0.0   81920.0  63042.7   102400.0   52199.6   4864.0 3996.5 512.0  446.8     190    0.780  93      0.143    0.923
10240.0 10240.0  0.0    0.0   81920.0  73282.7   102400.0   62439.7   4864.0 3996.5 512.0  446.8     191    0.784  94      0.144    0.927
10240.0 10240.0  0.0    0.0   81920.0  10240.0   102400.0   41959.6   4864.0 3996.5 512.0  446.8     193    0.795  95      0.147    0.942
10240.0 10240.0  0.0    0.0   81920.0  22082.6   102400.0   62439.7   4864.0 3996.5 512.0  446.8     194    0.803  96      0.147    0.950
10240.0 10240.0  0.0    0.0   81920.0  32322.6   102400.0   31719.6   4864.0 3996.5 512.0  446.8     195    0.807  97      0.150    0.957
10240.0 10240.0  0.0    0.0   81920.0  42562.6   102400.0   31719.6   4864.0 3996.5 512.0  446.8     196    0.808  97      0.150    0.957
10240.0 10240.0  0.0    0.0   81920.0  52802.6   102400.0   41959.6   4864.0 3996.5 512.0  446.8     197    0.812  97      0.150    0.961
10240.0 10240.0  0.0    0.0   81920.0  63042.7   102400.0   52199.6   4864.0 3996.5 512.0  446.8     198    0.816  97      0.150    0.965
10240.0 10240.0  0.0    0.0   81920.0  73282.7   102400.0   62439.7   4864.0 3996.5 512.0  446.8     199    0.820  97      0.150    0.970
10240.0 10240.0  0.0    0.0   81920.0  10240.0   102400.0   31719.6   4864.0 3996.5 512.0  446.8     201    0.831  99      0.151    0.983
10240.0 10240.0  0.0    0.0   81920.0  22082.6   102400.0   52199.6   4864.0 3996.5 512.0  446.8     202    0.838  100     0.151    0.989
10240.0 10240.0  0.0    0.0   81920.0  32322.6   102400.0   62439.7   4864.0 3996.5 512.0  446.8     203    0.842  100     0.151    0.994
10240.0 10240.0  0.0    0.0   81920.0  42562.6   102400.0   31719.6   4864.0 3996.5 512.0  446.8     204    0.843  101     0.155    0.998
10240.0 10240.0  0.0    0.0   81920.0  52802.6   102400.0   41959.6   4864.0 3996.5 512.0  446.8     205    0.847  101     0.155    1.002
10240.0 10240.0  0.0    0.0   81920.0  63042.7   102400.0   52199.6   4864.0 3996.5 512.0  446.8     206    0.851  101     0.155    1.006
10240.0 10240.0  0.0    0.0   81920.0  73282.7   102400.0   62439.7   4864.0 3996.5 512.0  446.8     207    0.853  101     0.155    1.007
10240.0 10240.0  0.0    0.0   81920.0  10240.0   102400.0   31719.6   4864.0 3996.5 512.0  446.8     209    0.864  103     0.158    1.022
10240.0 10240.0  0.0    0.0   81920.0  22082.6   102400.0   52199.6   4864.0 3996.5 512.0  446.8     210    0.871  104     0.158    1.029
10240.0 10240.0  0.0    0.0   81920.0  32322.6   102400.0   62441.7   4864.0 3996.5 512.0  446.8     211    0.875  104     0.158    1.033
10240.0 10240.0  0.0    0.0   81920.0  42562.6   102400.0   31721.7   4864.0 3996.5 512.0  446.8     212    0.876  105     0.161    1.037
10240.0 10240.0  0.0    0.0   81920.0  52802.6   102400.0   41961.7   4864.0 3996.5 512.0  446.8     213    0.880  105     0.161    1.041
10240.0 10240.0  0.0    0.0   81920.0  63042.7   102400.0   52201.7   4864.0 3996.5 512.0  446.8     214    0.884  105     0.161    1.045
10240.0 10240.0  0.0    0.0   81920.0  73282.7   102400.0   62441.7   4864.0 3996.5 512.0  446.8     215    0.888  105     0.161    1.048
10240.0 10240.0  0.0    0.0   81920.0  10240.0   102400.0   31721.7   4864.0 3996.5 512.0  446.8     217    0.899  107     0.164    1.063
10240.0 10240.0  0.0    0.0   81920.0  22082.6   102400.0   52201.7   4864.0 3996.5 512.0  446.8     218    0.907  108     0.164    1.071
10240.0 10240.0  0.0    0.0   81920.0  32322.6   102400.0   62441.7   4864.0 3996.5 512.0  446.8     219    0.910  108     0.164    1.073
10240.0 10240.0  0.0    0.0   81920.0  42562.6   102400.0   31721.7   4864.0 3996.5 512.0  446.8     220    0.910  109     0.166    1.076
10240.0 10240.0  0.0    0.0   81920.0  52802.6   102400.0   41961.7   4864.0 3996.5 512.0  446.8     221    0.912  109     0.166    1.077
10240.0 10240.0  0.0    0.0   81920.0  63042.7   102400.0   52201.7   4864.0 3996.5 512.0  446.8     222    0.916  109     0.166    1.081
10240.0 10240.0  0.0    0.0   81920.0  73282.7   102400.0   62441.7   4864.0 3996.5 512.0  446.8     223    0.919  109     0.166    1.084
10240.0 10240.0  0.0    0.0   81920.0  10240.0   102400.0   31721.7   4864.0 3996.5 512.0  446.8     225    0.931  111     0.168    1.099
10240.0 10240.0  0.0    0.0   81920.0  22082.6   102400.0   52201.7   4864.0 3996.5 512.0  446.8     226    0.938  112     0.168    1.106
10240.0 10240.0  0.0    0.0   81920.0  32322.6   102400.0   62441.7   4864.0 3996.5 512.0  446.8     227    0.942  112     0.168    1.110
10240.0 10240.0  0.0    0.0   81920.0    0.0     102400.0   62441.7   4864.0 3996.5 512.0  446.8     228    0.943  113     0.168    1.112
10240.0 10240.0  0.0    0.0   81920.0  42562.6   102400.0   31721.7   4864.0 3996.5 512.0  446.8     228    0.943  113     0.172    1.116
10240.0 10240.0  0.0    0.0   81920.0  52802.6   102400.0   41961.7   4864.0 3996.5 512.0  446.8     229    0.946  113     0.172    1.118
10240.0 10240.0  0.0    0.0   81920.0  63042.7   102400.0   52201.7   4864.0 3996.5 512.0  446.8     230    0.948  113     0.172    1.120
10240.0 10240.0  0.0    0.0   81920.0  73282.7   102400.0   62441.7   4864.0 3996.5 512.0  446.8     231    0.952  113     0.172    1.124
10240.0 10240.0  0.0    0.0   81920.0  10240.0   102400.0   31721.7   4864.0 3996.5 512.0  446.8     233    0.957  115     0.174    1.131
10240.0 10240.0  0.0    0.0   81920.0  22082.6   102400.0   52201.7   4864.0 3996.5 512.0  446.8     234    0.964  116     0.174    1.138
10240.0 10240.0  0.0    0.0   81920.0  32322.6   102400.0   62441.7   4864.0 3996.5 512.0  446.8     235    0.966  116     0.174    1.140
10240.0 10240.0  0.0    0.0   81920.0  42562.6   102400.0   31721.7   4864.0 3996.5 512.0  446.8     236    0.966  117     0.177    1.144
10240.0 10240.0  0.0    0.0   81920.0  52802.6   102400.0   41961.7   4864.0 3996.5 512.0  446.8     237    0.969  117     0.177    1.147
10240.0 10240.0  0.0    0.0   81920.0  63042.7   102400.0   52201.7   4864.0 3996.5 512.0  446.8     238    0.973  117     0.177    1.151
10240.0 10240.0  0.0    0.0   81920.0  73282.7   102400.0   62441.7   4864.0 3996.5 512.0  446.8     239    0.977  117     0.177    1.154
10240.0 10240.0  0.0    0.0   81920.0  10240.0   102400.0   31721.7   4864.0 3996.5 512.0  446.8     241    0.987  119     0.179    1.166
10240.0 10240.0  0.0    0.0   81920.0  22082.6   102400.0   52201.7   4864.0 3996.5 512.0  446.8     242    0.991  120     0.179    1.170
10240.0 10240.0  0.0    0.0   81920.0  32322.6   102400.0   62441.7   4864.0 3996.5 512.0  446.8     243    0.994  120     0.179    1.173
10240.0 10240.0  0.0    0.0   81920.0  42562.6   102400.0   31721.7   4864.0 3996.5 512.0  446.8     244    0.995  121     0.182    1.177
10240.0 10240.0  0.0    0.0   81920.0  52802.6   102400.0   41961.7   4864.0 3996.5 512.0  446.8     245    1.000  121     0.182    1.182
10240.0 10240.0  0.0    0.0   81920.0  63042.7   102400.0   52201.7   4864.0 3996.5 512.0  446.8     246    1.002  121     0.182    1.185
10240.0 10240.0  0.0    0.0   81920.0  73282.7   102400.0   62441.7   4864.0 3996.5 512.0  446.8     247    1.006  121     0.182    1.188
10240.0 10240.0  0.0    0.0   81920.0  10240.0   102400.0   31721.7   4864.0 3996.5 512.0  446.8     249    1.018  123     0.186    1.204
10240.0 10240.0  0.0    0.0   81920.0  22082.6   102400.0   52201.7   4864.0 3996.5 512.0  446.8     250    1.021  124     0.186    1.207
10240.0 10240.0  0.0    0.0   81920.0  32322.6   102400.0   62441.7   4864.0 3996.5 512.0  446.8     251    1.025  124     0.186    1.211
10240.0 10240.0  0.0    0.0   81920.0  42562.6   102400.0   31721.7   4864.0 3996.5 512.0  446.8     252    1.026  125     0.188    1.214
10240.0 10240.0  0.0    0.0   81920.0  52802.6   102400.0   41961.7   4864.0 3996.5 512.0  446.8     253    1.030  125     0.188    1.218
10240.0 10240.0  0.0    0.0   81920.0  63042.7   102400.0   52201.7   4864.0 3996.5 512.0  446.8     254    1.032  125     0.188    1.220
10240.0 10240.0  0.0    0.0   81920.0  73282.7   102400.0   62441.7   4864.0 3996.5 512.0  446.8     255    1.036  125     0.188    1.225
10240.0 10240.0  0.0    0.0   81920.0  10240.0   102400.0   31721.7   4864.0 3996.5 512.0  446.8     257    1.048  127     0.192    1.239
10240.0 10240.0  0.0    0.0   81920.0  22082.6   102400.0   52201.7   4864.0 3996.5 512.0  446.8     258    1.055  128     0.192    1.247
10240.0 10240.0  0.0    0.0   81920.0  32322.6   102400.0   62441.7   4864.0 3996.5 512.0  446.8     259    1.059  128     0.192    1.251
10240.0 10240.0  0.0    0.0   81920.0  42562.6   102400.0   31721.7   4864.0 3996.5 512.0  446.8     260    1.059  129     0.196    1.255
10240.0 10240.0  0.0    0.0   81920.0  52802.6   102400.0   41961.7   4864.0 3996.5 512.0  446.8     261    1.063  129     0.196    1.259
10240.0 10240.0  0.0    0.0   81920.0  63042.7   102400.0   52201.7   4864.0 3996.5 512.0  446.8     262    1.068  129     0.196    1.264
10240.0 10240.0  0.0    0.0   81920.0  73282.7   102400.0   62441.7   4864.0 3996.5 512.0  446.8     263    1.072  129     0.196    1.268
10240.0 10240.0  0.0    0.0   81920.0  10240.0   102400.0   31721.7   4864.0 3996.5 512.0  446.8     265    1.083  131     0.199    1.283
10240.0 10240.0  0.0    0.0   81920.0  22082.6   102400.0   52201.7   4864.0 3996.5 512.0  446.8     266    1.090  132     0.200    1.290
10240.0 10240.0  0.0    0.0   81920.0  32322.6   102400.0   62441.7   4864.0 3996.5 512.0  446.8     267    1.094  132     0.200    1.294
10240.0 10240.0  0.0    0.0   81920.0  42562.6   102400.0   31721.7   4864.0 3996.5 512.0  446.8     268    1.095  133     0.202    1.297
10240.0 10240.0  0.0    0.0   81920.0  52802.6   102400.0   41961.7   4864.0 3996.5 512.0  446.8     269    1.101  133     0.202    1.303
10240.0 10240.0  0.0    0.0   81920.0  63042.7   102400.0   52201.7   4864.0 3996.5 512.0  446.8     270    1.105  133     0.202    1.307
10240.0 10240.0  0.0    0.0   81920.0  73282.7   102400.0   62441.7   4864.0 3996.5 512.0  446.8     271    1.109  133     0.202    1.312
10240.0 10240.0  0.0    0.0   81920.0  10240.0   102400.0   31721.7   4864.0 3996.5 512.0  446.8     273    1.121  135     0.205    1.326
10240.0 10240.0  0.0    0.0   81920.0  22082.6   102400.0   52201.7   4864.0 3996.5 512.0  446.8     274    1.128  136     0.206    1.333
10240.0 10240.0  0.0    0.0   81920.0  32322.6   102400.0   62441.7   4864.0 3996.5 512.0  446.8     275    1.131  136     0.206    1.337
10240.0 10240.0  0.0    0.0   81920.0  42562.6   102400.0   31721.7   4864.0 3996.5 512.0  446.8     276    1.132  137     0.208    1.340
10240.0 10240.0  0.0    0.0   81920.0  52802.6   102400.0   41961.7   4864.0 3996.5 512.0  446.8     277    1.134  137     0.208    1.342
10240.0 10240.0  0.0    0.0   81920.0  63042.7   102400.0   52201.7   4864.0 3996.5 512.0  446.8     278    1.138  137     0.208    1.346
10240.0 10240.0  0.0    0.0   81920.0  73282.7   102400.0   62441.7   4864.0 3996.5 512.0  446.8     279    1.140  137     0.208    1.348
10240.0 10240.0  0.0    0.0   81920.0  10240.0   102400.0   31721.7   4864.0 3996.5 512.0  446.8     281    1.151  139     0.210    1.361
10240.0 10240.0  0.0    0.0   81920.0  22082.6   102400.0   52201.7   4864.0 3996.5 512.0  446.8     282    1.159  140     0.210    1.369
10240.0 10240.0  0.0    0.0   81920.0  32322.6   102400.0   62441.7   4864.0 3996.5 512.0  446.8     283    1.163  140     0.210    1.373
10240.0 10240.0  0.0    0.0   81920.0  42562.6   102400.0   31721.7   4864.0 3996.5 512.0  446.8     284    1.164  141     0.214    1.378
10240.0 10240.0  0.0    0.0   81920.0  52802.6   102400.0   41961.7   4864.0 3996.5 512.0  446.8     285    1.168  141     0.214    1.382
10240.0 10240.0  0.0    0.0   81920.0  63042.7   102400.0   52201.7   4864.0 3996.5 512.0  446.8     286    1.171  141     0.214    1.384
10240.0 10240.0  0.0    0.0   81920.0  73282.7   102400.0   62441.7   4864.0 3996.5 512.0  446.8     287    1.175  141     0.214    1.388
10240.0 10240.0  0.0    0.0   81920.0  10240.0   102400.0   31721.7   4864.0 3996.5 512.0  446.8     289    1.181  143     0.216    1.396
10240.0 10240.0  0.0    0.0   81920.0  22082.6   102400.0   52201.7   4864.0 3996.5 512.0  446.8     290    1.184  144     0.216    1.400
10240.0 10240.0  0.0    0.0   81920.0  32322.6   102400.0   62441.7   4864.0 3996.5 512.0  446.8     291    1.188  144     0.216    1.404
10240.0 10240.0  0.0    0.0   81920.0  42562.6   102400.0   62441.7   4864.0 3996.9 512.0  446.8     292    1.189  144     0.216    1.404
10240.0 10240.0  0.0    0.0   81920.0  52802.6   102400.0   31721.7   4864.0 3996.9 512.0  446.8     293    1.190  145     0.218    1.408
10240.0 10240.0  0.0    0.0   81920.0  63055.2   102400.0   31721.7   4864.0 3996.9 512.0  446.8     294    1.190  145     0.218    1.408
10240.0 10240.0  0.0    0.0   81920.0  10240.0   102400.0   31721.7   4864.0 3996.9 512.0  446.8     295    1.192  145     0.218    1.410
10240.0 10240.0  0.0    0.0   81920.0    0.0     102400.0   31721.7   4864.0 3996.9 512.0  446.8     297    1.193  145     0.218    1.411
10240.0 10240.0  0.0    0.0   81920.0  32325.9   102400.0   31721.7   4864.0 3996.9 512.0  446.8     297    1.193  145     0.218    1.411
10240.0 10240.0  0.0    0.0   81920.0  22084.7   102400.0   31721.7   4864.0 3996.9 512.0  446.8     298    1.194  145     0.218    1.412
10240.0 10240.0  0.0    0.0   81920.0  32324.0   102400.0   31721.7   4864.0 3996.9 512.0  446.8     299    1.195  145     0.218    1.413
10240.0 10240.0  0.0    0.0   81920.0  42563.5   102400.0   31721.7   4864.0 3996.9 512.0  446.8     300    1.196  145     0.218    1.414
10240.0 10240.0  0.0    0.0   81920.0  52803.2   102400.0   31721.7   4864.0 3996.9 512.0  446.8     301    1.196  145     0.218    1.414
10240.0 10240.0  0.0    0.0   81920.0  63043.0   102400.0   31721.7   4864.0 3996.9 512.0  446.8     302    1.197  145     0.218    1.415
10240.0 10240.0  0.0    0.0   81920.0  73282.9   102400.0   31721.7   4864.0 3996.9 512.0  446.8     303    1.197  145     0.218    1.415
10240.0 10240.0  0.0    0.0   81920.0  10240.0   102400.0   31721.7   4864.0 3996.9 512.0  446.8     305    1.199  145     0.218    1.417
10240.0 10240.0  0.0    0.0   81920.0  22082.7   102400.0   31721.7   4864.0 3996.9 512.0  446.8     306    1.200  145     0.218    1.418
10240.0 10240.0  0.0    0.0   81920.0  32322.7   102400.0   31721.7   4864.0 3996.9 512.0  446.8     307    1.201  145     0.218    1.419
10240.0 10240.0  0.0    0.0   81920.0  42562.7   102400.0   31721.7   4864.0 3996.9 512.0  446.8     308    1.201  145     0.218    1.419
10240.0 10240.0  0.0    0.0   81920.0  52802.7   102400.0   31721.7   4864.0 3996.9 512.0  446.8     309    1.202  145     0.218    1.420
10240.0 10240.0  0.0    0.0   81920.0  63042.7   102400.0   31721.7   4864.0 3996.9 512.0  446.8     310    1.203  145     0.218    1.421
10240.0 10240.0  0.0    0.0   81920.0  73282.7   102400.0   31721.7   4864.0 3996.9 512.0  446.8     311    1.204  145     0.218    1.422
10240.0 10240.0  0.0    0.0   81920.0  10240.0   102400.0   31721.7   4864.0 3996.9 512.0  446.8     313    1.205  145     0.218    1.423
10240.0 10240.0  0.0    0.0   81920.0  22082.6   102400.0   31721.7   4864.0 3996.9 512.0  446.8     314    1.205  145     0.218    1.423
10240.0 10240.0  0.0    0.0   81920.0  32322.6   102400.0   31721.7   4864.0 3996.9 512.0  446.8     315    1.206  145     0.218    1.424
10240.0 10240.0  0.0    0.0   81920.0  42562.6   102400.0   31721.7   4864.0 3996.9 512.0  446.8     316    1.207  145     0.218    1.425
10240.0 10240.0  0.0    0.0   81920.0  52802.6   102400.0   31721.7   4864.0 3996.9 512.0  446.8     317    1.208  145     0.218    1.426
10240.0 10240.0  0.0    0.0   81920.0  63042.7   102400.0   31721.7   4864.0 3996.9 512.0  446.8     318    1.208  145     0.218    1.427
10240.0 10240.0  0.0    0.0   81920.0  73282.7   102400.0   31721.7   4864.0 3996.9 512.0  446.8     319    1.209  145     0.218    1.427
10240.0 10240.0  0.0    0.0   81920.0  10240.0   102400.0   31721.7   4864.0 3996.9 512.0  446.8     321    1.211  145     0.218    1.429
10240.0 10240.0  0.0    0.0   81920.0  22082.6   102400.0   31721.7   4864.0 3996.9 512.0  446.8     322    1.212  145     0.218    1.430
10240.0 10240.0  0.0    0.0   81920.0  32322.6   102400.0   31721.7   4864.0 3996.9 512.0  446.8     323    1.213  145     0.218    1.431
10240.0 10240.0  0.0    0.0   81920.0  42562.6   102400.0   31721.7   4864.0 3996.9 512.0  446.8     324    1.213  145     0.218    1.431
10240.0 10240.0  0.0    0.0   81920.0  52802.6   102400.0   31721.7   4864.0 3996.9 512.0  446.8     325    1.214  145     0.218    1.432
10240.0 10240.0  0.0    0.0   81920.0  63042.7   102400.0   31721.7   4864.0 3996.9 512.0  446.8     326    1.215  145     0.218    1.433
10240.0 10240.0  0.0    0.0   81920.0  73282.7   102400.0   31721.7   4864.0 3996.9 512.0  446.8     327    1.215  145     0.218    1.434
10240.0 10240.0  0.0    0.0   81920.0  10240.0   102400.0   31721.7   4864.0 3996.9 512.0  446.8     329    1.217  145     0.218    1.435
10240.0 10240.0  0.0    0.0   81920.0  22082.6   102400.0   31721.7   4864.0 3996.9 512.0  446.8     330    1.218  145     0.218    1.436
10240.0 10240.0  0.0    0.0   81920.0  32322.6   102400.0   31721.7   4864.0 3996.9 512.0  446.8     331    1.219  145     0.218    1.437
10240.0 10240.0  0.0    0.0   81920.0  42562.6   102400.0   31721.7   4864.0 3996.9 512.0  446.8     332    1.220  145     0.218    1.438
10240.0 10240.0  0.0    0.0   81920.0  52802.6   102400.0   31721.7   4864.0 3996.9 512.0  446.8     333    1.220  145     0.218    1.439
10240.0 10240.0  0.0    0.0   81920.0  63042.7   102400.0   31721.7   4864.0 3996.9 512.0  446.8     334    1.221  145     0.218    1.439
10240.0 10240.0  0.0    0.0   81920.0  73282.7   102400.0   31721.7   4864.0 3996.9 512.0  446.8     335    1.222  145     0.218    1.440
10240.0 10240.0  0.0    0.0   81920.0  10240.0   102400.0   31721.7   4864.0 3996.9 512.0  446.8     337    1.223  145     0.218    1.441
10240.0 10240.0  0.0    0.0   81920.0  22082.6   102400.0   31721.7   4864.0 3996.9 512.0  446.8     338    1.224  145     0.218    1.442
10240.0 10240.0  0.0    0.0   81920.0  32322.6   102400.0   31721.7   4864.0 3996.9 512.0  446.8     339    1.225  145     0.218    1.443
10240.0 10240.0  0.0    0.0   81920.0  42562.6   102400.0   31721.7   4864.0 3996.9 512.0  446.8     340    1.226  145     0.218    1.444
10240.0 10240.0  0.0    0.0   81920.0  52802.6   102400.0   31721.7   4864.0 3996.9 512.0  446.8     341    1.226  145     0.218    1.444
10240.0 10240.0  0.0    0.0   81920.0  63042.7   102400.0   31721.7   4864.0 3996.9 512.0  446.8     342    1.227  145     0.218    1.445
10240.0 10240.0  0.0    0.0   81920.0  73282.7   102400.0   31721.7   4864.0 3996.9 512.0  446.8     343    1.228  145     0.218    1.446
10240.0 10240.0  0.0    0.0   81920.0  10240.0   102400.0   31721.7   4864.0 3996.9 512.0  446.8     345    1.230  145     0.218    1.448
10240.0 10240.0  0.0    0.0   81920.0  22082.6   102400.0   31721.7   4864.0 3996.9 512.0  446.8     346    1.231  145     0.218    1.449
10240.0 10240.0  0.0    0.0   81920.0  32322.6   102400.0   31721.7   4864.0 3996.9 512.0  446.8     347    1.231  145     0.218    1.449
10240.0 10240.0  0.0    0.0   81920.0  42562.6   102400.0   31721.7   4864.0 3996.9 512.0  446.8     348    1.232  145     0.218    1.450
10240.0 10240.0  0.0    0.0   81920.0  52802.6   102400.0   31721.7   4864.0 3996.9 512.0  446.8     349    1.233  145     0.218    1.451
10240.0 10240.0  0.0    0.0   81920.0  63042.7   102400.0   31721.7   4864.0 3996.9 512.0  446.8     350    1.234  145     0.218    1.452
10240.0 10240.0  0.0    0.0   81920.0  73282.7   102400.0   31721.7   4864.0 3996.9 512.0  446.8     351    1.234  145     0.218    1.453
10240.0 10240.0  0.0    0.0   81920.0  10240.0   102400.0   31721.7   4864.0 3996.9 512.0  446.8     353    1.236  145     0.218    1.454
10240.0 10240.0  0.0    0.0   81920.0  22082.6   102400.0   31721.7   4864.0 3996.9 512.0  446.8     354    1.237  145     0.218    1.455
10240.0 10240.0  0.0    0.0   81920.0  32322.6   102400.0   31721.7   4864.0 3996.9 512.0  446.8     355    1.238  145     0.218    1.456
10240.0 10240.0  0.0    0.0   81920.0  42562.6   102400.0   31721.7   4864.0 3996.9 512.0  446.8     356    1.238  145     0.218    1.457
10240.0 10240.0  0.0    0.0   81920.0  52802.6   102400.0   31721.7   4864.0 3996.9 512.0  446.8     357    1.239  145     0.218    1.457
10240.0 10240.0  0.0    0.0   81920.0  63042.7   102400.0   31721.7   4864.0 3996.9 512.0  446.8     358    1.240  145     0.218    1.458
10240.0 10240.0  0.0    0.0   81920.0  73282.7   102400.0   31721.7   4864.0 3996.9 512.0  446.8     359    1.241  145     0.218    1.459
10240.0 10240.0  0.0    0.0   81920.0  10240.0   102400.0   31721.7   4864.0 3996.9 512.0  446.8     361    1.242  145     0.218    1.460
10240.0 10240.0  0.0    0.0   81920.0  22082.6   102400.0   31721.7   4864.0 3996.9 512.0  446.8     362    1.243  145     0.218    1.461
10240.0 10240.0  0.0    0.0   81920.0  32322.6   102400.0   31721.7   4864.0 3996.9 512.0  446.8     363    1.244  145     0.218    1.462
10240.0 10240.0  0.0    0.0   81920.0  42562.6   102400.0   31721.7   4864.0 3996.9 512.0  446.8     364    1.245  145     0.218    1.463
10240.0 10240.0  0.0    0.0   81920.0  52802.6   102400.0   31721.7   4864.0 3996.9 512.0  446.8     365    1.246  145     0.218    1.464
10240.0 10240.0  0.0    0.0   81920.0  63042.7   102400.0   31721.7   4864.0 3996.9 512.0  446.8     366    1.246  145     0.218    1.465
10240.0 10240.0  0.0    0.0   81920.0  73282.7   102400.0   31721.7   4864.0 3996.9 512.0  446.8     367    1.247  145     0.218    1.465
10240.0 10240.0  0.0    0.0   81920.0    0.0     102400.0   31721.7   4864.0 3996.9 512.0  446.8     369    1.249  145     0.218    1.467
10240.0 10240.0  0.0    0.0   81920.0    0.0     102400.0   31721.7   4864.0 3996.9 512.0  446.8     370    1.250  145     0.218    1.468
10240.0 10240.0  0.0    0.0   81920.0  32322.6   102400.0   31721.7   4864.0 3996.9 512.0  446.8     371    1.250  145     0.218    1.468
10240.0 10240.0  0.0    0.0   81920.0    0.0     102400.0   31721.7   4864.0 3996.9 512.0  446.8     372    1.251  145     0.218    1.469
10240.0 10240.0  0.0    0.0   81920.0  42562.6   102400.0   31721.7   4864.0 3996.9 512.0  446.8     372    1.251  145     0.218    1.469
10240.0 10240.0  0.0    0.0   81920.0  52802.6   102400.0   31721.7   4864.0 3996.9 512.0  446.8     373    1.252  145     0.218    1.470
10240.0 10240.0  0.0    0.0   81920.0  63042.7   102400.0   31721.7   4864.0 3996.9 512.0  446.8     374    1.253  145     0.218    1.471
10240.0 10240.0  0.0    0.0   81920.0  73282.7   102400.0   31721.7   4864.0 3996.9 512.0  446.8     375    1.254  145     0.218    1.472
10240.0 10240.0  0.0    0.0   81920.0  10240.0   102400.0   31721.7   4864.0 3996.9 512.0  446.8     377    1.255  145     0.218    1.473
10240.0 10240.0  0.0    0.0   81920.0  22082.6   102400.0   31721.7   4864.0 3996.9 512.0  446.8     378    1.255  145     0.218    1.474
10240.0 10240.0  0.0    0.0   81920.0  32322.6   102400.0   31721.7   4864.0 3996.9 512.0  446.8     379    1.256  145     0.218    1.474
10240.0 10240.0  0.0    0.0   81920.0  42562.6   102400.0   31721.7   4864.0 3996.9 512.0  446.8     380    1.257  145     0.218    1.475
10240.0 10240.0  0.0    0.0   81920.0  52802.6   102400.0   31721.7   4864.0 3996.9 512.0  446.8     381    1.257  145     0.218    1.475
10240.0 10240.0  0.0    0.0   81920.0  63042.7   102400.0   31721.7   4864.0 3996.9 512.0  446.8     382    1.257  145     0.218    1.476
10240.0 10240.0  0.0    0.0   81920.0  73282.7   102400.0   31721.7   4864.0 3996.9 512.0  446.8     383    1.258  145     0.218    1.476
10240.0 10240.0  0.0    0.0   81920.0  10240.0   102400.0   31721.7   4864.0 3996.9 512.0  446.8     385    1.260  145     0.218    1.478
10240.0 10240.0  0.0    0.0   81920.0  22082.6   102400.0   31721.7   4864.0 3996.9 512.0  446.8     386    1.261  145     0.218    1.479
10240.0 10240.0  0.0    0.0   81920.0  32322.6   102400.0   31721.7   4864.0 3996.9 512.0  446.8     387    1.262  145     0.218    1.480
10240.0 10240.0  0.0    0.0   81920.0  42562.6   102400.0   31721.7   4864.0 3996.9 512.0  446.8     388    1.262  145     0.218    1.481
10240.0 10240.0  0.0    0.0   81920.0  52802.6   102400.0   31721.7   4864.0 3996.9 512.0  446.8     389    1.263  145     0.218    1.481
10240.0 10240.0  0.0    0.0   81920.0  63042.7   102400.0   31721.7   4864.0 3996.9 512.0  446.8     390    1.264  145     0.218    1.482
10240.0 10240.0  0.0    0.0   81920.0  73282.7   102400.0   31721.7   4864.0 3996.9 512.0  446.8     391    1.265  145     0.218    1.483
10240.0 10240.0  0.0    0.0   81920.0  10240.0   102400.0   31721.7   4864.0 3996.9 512.0  446.8     393    1.267  145     0.218    1.485
10240.0 10240.0  0.0    0.0   81920.0  22082.6   102400.0   31721.7   4864.0 3996.9 512.0  446.8     394    1.268  145     0.218    1.486
10240.0 10240.0  0.0    0.0   81920.0  32322.6   102400.0   31721.7   4864.0 3996.9 512.0  446.8     395    1.269  145     0.218    1.487
10240.0 10240.0  0.0    0.0   81920.0  42562.6   102400.0   31721.7   4864.0 3996.9 512.0  446.8     396    1.269  145     0.218    1.487
10240.0 10240.0  0.0    0.0   81920.0  52802.6   102400.0   31721.7   4864.0 3996.9 512.0  446.8     397    1.270  145     0.218    1.488
10240.0 10240.0  0.0    0.0   81920.0  63042.7   102400.0   31721.7   4864.0 3996.9 512.0  446.8     398    1.271  145     0.218    1.489
10240.0 10240.0  0.0    0.0   81920.0  73282.7   102400.0   31721.7   4864.0 3996.9 512.0  446.8     399    1.271  145     0.218    1.490
10240.0 10240.0  0.0    0.0   81920.0  10240.0   102400.0   31721.7   4864.0 3996.9 512.0  446.8     401    1.273  145     0.218    1.492
10240.0 10240.0  0.0    0.0   81920.0  22082.6   102400.0   31721.7   4864.0 3996.9 512.0  446.8     402    1.274  145     0.218    1.492
10240.0 10240.0  0.0    0.0   81920.0  32322.6   102400.0   31721.7   4864.0 3996.9 512.0  446.8     403    1.275  145     0.218    1.493
10240.0 10240.0  0.0    0.0   81920.0  42562.6   102400.0   31721.7   4864.0 3996.9 512.0  446.8     404    1.276  145     0.218    1.494
10240.0 10240.0  0.0    0.0   81920.0  52802.6   102400.0   31721.7   4864.0 3996.9 512.0  446.8     405    1.277  145     0.218    1.495
10240.0 10240.0  0.0    0.0   81920.0  63042.7   102400.0   31721.7   4864.0 3996.9 512.0  446.8     406    1.277  145     0.218    1.495
10240.0 10240.0  0.0    0.0   81920.0  73282.7   102400.0   31721.7   4864.0 3996.9 512.0  446.8     407    1.278  145     0.218    1.496
10240.0 10240.0  0.0    0.0   81920.0  10240.0   102400.0   31721.7   4864.0 3996.9 512.0  446.8     409    1.280  145     0.218    1.498
10240.0 10240.0  0.0    0.0   81920.0  22082.6   102400.0   31721.7   4864.0 3996.9 512.0  446.8     410    1.281  145     0.218    1.499
10240.0 10240.0  0.0    0.0   81920.0  32322.6   102400.0   31721.7   4864.0 3996.9 512.0  446.8     411    1.281  145     0.218    1.500
10240.0 10240.0  0.0    0.0   81920.0  42562.6   102400.0   31721.7   4864.0 3996.9 512.0  446.8     412    1.282  145     0.218    1.500
10240.0 10240.0  0.0    0.0   81920.0  52802.6   102400.0   31721.7   4864.0 3996.9 512.0  446.8     413    1.283  145     0.218    1.501
10240.0 10240.0  0.0    0.0   81920.0  63042.7   102400.0   31721.7   4864.0 3996.9 512.0  446.8     414    1.284  145     0.218    1.502
10240.0 10240.0  0.0    0.0   81920.0  73282.7   102400.0   31721.7   4864.0 3996.9 512.0  446.8     415    1.284  145     0.218    1.502
10240.0 10240.0  0.0    0.0   81920.0  10240.0   102400.0   31721.7   4864.0 3996.9 512.0  446.8     417    1.285  145     0.218    1.503
10240.0 10240.0  0.0    0.0   81920.0  22082.6   102400.0   31721.7   4864.0 3996.9 512.0  446.8     418    1.285  145     0.218    1.504
10240.0 10240.0  0.0    0.0   81920.0  32322.6   102400.0   31721.7   4864.0 3996.9 512.0  446.8     419    1.286  145     0.218    1.505
10240.0 10240.0  0.0    0.0   81920.0  42562.6   102400.0   31721.7   4864.0 3996.9 512.0  446.8     420    1.287  145     0.218    1.505
10240.0 10240.0  0.0    0.0   81920.0  52802.6   102400.0   31721.7   4864.0 3996.9 512.0  446.8     421    1.288  145     0.218    1.506
10240.0 10240.0  0.0    0.0   81920.0  63042.7   102400.0   31721.7   4864.0 3996.9 512.0  446.8     422    1.288  145     0.218    1.506
10240.0 10240.0  0.0    0.0   81920.0  73282.7   102400.0   31721.7   4864.0 3996.9 512.0  446.8     423    1.289  145     0.218    1.507
10240.0 10240.0  0.0    0.0   81920.0  10240.0   102400.0   31721.7   4864.0 3996.9 512.0  446.8     425    1.291  145     0.218    1.509
10240.0 10240.0  0.0    0.0   81920.0  22082.6   102400.0   31721.7   4864.0 3996.9 512.0  446.8     426    1.292  145     0.218    1.510
10240.0 10240.0  0.0    0.0   81920.0  32322.6   102400.0   31721.7   4864.0 3996.9 512.0  446.8     427    1.292  145     0.218    1.510
10240.0 10240.0  0.0    0.0   81920.0  42562.6   102400.0   31721.7   4864.0 3996.9 512.0  446.8     428    1.293  145     0.218    1.511
10240.0 10240.0  0.0    0.0   81920.0  52802.6   102400.0   31721.7   4864.0 3996.9 512.0  446.8     429    1.294  145     0.218    1.512
10240.0 10240.0  0.0    0.0   81920.0  63042.7   102400.0   31721.7   4864.0 3996.9 512.0  446.8     430    1.294  145     0.218    1.512
10240.0 10240.0  0.0    0.0   81920.0  73282.7   102400.0   31721.7   4864.0 3996.9 512.0  446.8     431    1.295  145     0.218    1.513
10240.0 10240.0  0.0    0.0   81920.0  10240.0   102400.0   31721.7   4864.0 3996.9 512.0  446.8     433    1.297  145     0.218    1.515
10240.0 10240.0  0.0    0.0   81920.0  22082.6   102400.0   31721.7   4864.0 3996.9 512.0  446.8     434    1.298  145     0.218    1.516
10240.0 10240.0  0.0    0.0   81920.0  32322.6   102400.0   31721.7   4864.0 3996.9 512.0  446.8     435    1.298  145     0.218    1.516
10240.0 10240.0  0.0    0.0   81920.0  42562.6   102400.0   31721.7   4864.0 3996.9 512.0  446.8     436    1.299  145     0.218    1.517
10240.0 10240.0  0.0    0.0   81920.0  52802.6   102400.0   31721.7   4864.0 3996.9 512.0  446.8     437    1.300  145     0.218    1.518
10240.0 10240.0  0.0    0.0   81920.0  63042.7   102400.0   31721.7   4864.0 3996.9 512.0  446.8     438    1.300  145     0.218    1.518
10240.0 10240.0  0.0    0.0   81920.0  73282.7   102400.0   31721.7   4864.0 3996.9 512.0  446.8     439    1.301  145     0.218    1.519
10240.0 10240.0  0.0    0.0   81920.0  10240.0   102400.0   31721.7   4864.0 3996.9 512.0  446.8     441    1.303  145     0.218    1.521
10240.0 10240.0  0.0    0.0   81920.0  22082.6   102400.0   31721.7   4864.0 3996.9 512.0  446.8     442    1.303  145     0.218    1.522
10240.0 10240.0  0.0    0.0   81920.0  32322.6   102400.0   31721.7   4864.0 3996.9 512.0  446.8     443    1.304  145     0.218    1.522
10240.0 10240.0  0.0    0.0   81920.0  42562.6   102400.0   31721.7   4864.0 3996.9 512.0  446.8     444    1.305  145     0.218    1.523
10240.0 10240.0  0.0    0.0   81920.0  52802.6   102400.0   31721.7   4864.0 3996.9 512.0  446.8     445    1.306  145     0.218    1.524
10240.0 10240.0  0.0    0.0   81920.0  63042.7   102400.0   31721.7   4864.0 3996.9 512.0  446.8     446    1.306  145     0.218    1.525
10240.0 10240.0  0.0    0.0   81920.0  73282.7   102400.0   31721.7   4864.0 3996.9 512.0  446.8     447    1.307  145     0.218    1.525
10240.0 10240.0  0.0    0.0   81920.0  10240.0   102400.0   31721.7   4864.0 3996.9 512.0  446.8     449    1.309  145     0.218    1.527
10240.0 10240.0  0.0    0.0   81920.0  22082.6   102400.0   31721.7   4864.0 3996.9 512.0  446.8     450    1.310  145     0.218    1.528
10240.0 10240.0  0.0    0.0   81920.0    0.0     102400.0   31721.7   4864.0 3996.9 512.0  446.8     451    1.311  145     0.218    1.529
10240.0 10240.0  0.0    0.0   81920.0    0.0     102400.0   31721.7   4864.0 3996.9 512.0  446.8     452    1.311  145     0.218    1.529
10240.0 10240.0  0.0    0.0   81920.0    0.0     102400.0   31721.7   4864.0 3996.9 512.0  446.8     453    1.311  145     0.218    1.530
10240.0 10240.0  0.0    0.0   81920.0  52802.6   102400.0   31721.7   4864.0 3996.9 512.0  446.8     453    1.311  145     0.218    1.530
10240.0 10240.0  0.0    0.0   81920.0  63042.7   102400.0   31721.7   4864.0 3996.9 512.0  446.8     454    1.312  145     0.218    1.530
10240.0 10240.0  0.0    0.0   81920.0  73282.7   102400.0   31721.7   4864.0 3996.9 512.0  446.8     455    1.313  145     0.218    1.532
10240.0 10240.0  0.0    0.0   81920.0  10240.0   102400.0   31721.7   4864.0 3996.9 512.0  446.8     457    1.316  145     0.218    1.534
10240.0 10240.0  0.0    0.0   81920.0  22082.6   102400.0   31721.7   4864.0 3996.9 512.0  446.8     458    1.317  145     0.218    1.535
10240.0 10240.0  0.0    0.0   81920.0  32322.6   102400.0   31721.7   4864.0 3996.9 512.0  446.8     459    1.317  145     0.218    1.535
10240.0 10240.0  0.0    0.0   81920.0  42562.6   102400.0   31721.7   4864.0 3996.9 512.0  446.8     460    1.318  145     0.218    1.536
10240.0 10240.0  0.0    0.0   81920.0  52802.6   102400.0   31721.7   4864.0 3996.9 512.0  446.8     461    1.319  145     0.218    1.537
10240.0 10240.0  0.0    0.0   81920.0  63042.7   102400.0   31721.7   4864.0 3996.9 512.0  446.8     462    1.319  145     0.218    1.538
10240.0 10240.0  0.0    0.0   81920.0  73282.7   102400.0   31721.7   4864.0 3996.9 512.0  446.8     463    1.321  145     0.218    1.539
10240.0 10240.0  0.0    0.0   81920.0  10240.0   102400.0   31721.7   4864.0 3996.9 512.0  446.8     465    1.322  145     0.218    1.540
10240.0 10240.0  0.0    0.0   81920.0  22082.6   102400.0   31721.7   4864.0 3996.9 512.0  446.8     466    1.323  145     0.218    1.541
10240.0 10240.0  0.0    0.0   81920.0  32322.6   102400.0   31721.7   4864.0 3996.9 512.0  446.8     467    1.324  145     0.218    1.542
10240.0 10240.0  0.0    0.0   81920.0  42562.6   102400.0   31721.7   4864.0 3996.9 512.0  446.8     468    1.324  145     0.218    1.542
10240.0 10240.0  0.0    0.0   81920.0  52802.6   102400.0   31721.7   4864.0 3996.9 512.0  446.8     469    1.325  145     0.218    1.543
10240.0 10240.0  0.0    0.0   81920.0  63042.7   102400.0   31721.7   4864.0 3996.9 512.0  446.8     470    1.326  145     0.218    1.544
10240.0 10240.0  0.0    0.0   81920.0  73282.7   102400.0   31721.7   4864.0 3996.9 512.0  446.8     471    1.326  145     0.218    1.545
10240.0 10240.0  0.0    0.0   81920.0  10240.0   102400.0   31721.7   4864.0 3996.9 512.0  446.8     473    1.328  145     0.218    1.546
10240.0 10240.0  0.0    0.0   81920.0  22082.6   102400.0   31721.7   4864.0 3996.9 512.0  446.8     474    1.329  145     0.218    1.547
10240.0 10240.0  0.0    0.0   81920.0  32322.6   102400.0   31721.7   4864.0 3996.9 512.0  446.8     475    1.330  145     0.218    1.548
10240.0 10240.0  0.0    0.0   81920.0  42562.6   102400.0   31721.7   4864.0 3996.9 512.0  446.8     476    1.331  145     0.218    1.549
10240.0 10240.0  0.0    0.0   81920.0  52802.6   102400.0   31721.7   4864.0 3996.9 512.0  446.8     477    1.331  145     0.218    1.549
10240.0 10240.0  0.0    0.0   81920.0  63042.7   102400.0   31721.7   4864.0 3996.9 512.0  446.8     478    1.332  145     0.218    1.550
10240.0 10240.0  0.0    0.0   81920.0  73282.7   102400.0   31721.7   4864.0 3996.9 512.0  446.8     479    1.332  145     0.218    1.551
10240.0 10240.0  0.0    0.0   81920.0  10240.0   102400.0   31721.7   4864.0 3996.9 512.0  446.8     481    1.334  145     0.218    1.552
10240.0 10240.0  0.0    0.0   81920.0  22082.6   102400.0   31721.7   4864.0 3996.9 512.0  446.8     482    1.335  145     0.218    1.553
10240.0 10240.0  0.0    0.0   81920.0  32322.6   102400.0   31721.7   4864.0 3996.9 512.0  446.8     483    1.335  145     0.218    1.553
10240.0 10240.0  0.0    0.0   81920.0  42562.6   102400.0   31721.7   4864.0 3996.9 512.0  446.8     484    1.336  145     0.218    1.554
10240.0 10240.0  0.0    0.0   81920.0  52802.6   102400.0   31721.7   4864.0 3996.9 512.0  446.8     485    1.337  145     0.218    1.555
10240.0 10240.0  0.0    0.0   81920.0  63042.7   102400.0   31721.7   4864.0 3996.9 512.0  446.8     486    1.337  145     0.218    1.555
10240.0 10240.0  0.0    0.0   81920.0  73282.7   102400.0   31721.7   4864.0 3996.9 512.0  446.8     487    1.337  145     0.218    1.556
10240.0 10240.0  0.0    0.0   81920.0  10240.0   102400.0   31721.7   4864.0 3996.9 512.0  446.8     489    1.339  145     0.218    1.557
10240.0 10240.0  0.0    0.0   81920.0  22082.6   102400.0   31721.7   4864.0 3996.9 512.0  446.8     490    1.340  145     0.218    1.558
10240.0 10240.0  0.0    0.0   81920.0  32322.6   102400.0   31721.7   4864.0 3996.9 512.0  446.8     491    1.341  145     0.218    1.559
10240.0 10240.0  0.0    0.0   81920.0  42562.6   102400.0   31721.7   4864.0 3996.9 512.0  446.8     492    1.342  145     0.218    1.560
10240.0 10240.0  0.0    0.0   81920.0  52802.6   102400.0   31721.7   4864.0 3996.9 512.0  446.8     493    1.343  145     0.218    1.561
10240.0 10240.0  0.0    0.0   81920.0  63042.7   102400.0   31721.7   4864.0 3996.9 512.0  446.8     494    1.344  145     0.218    1.562
10240.0 10240.0  0.0    0.0   81920.0  73282.7   102400.0   31721.7   4864.0 3996.9 512.0  446.8     495    1.344  145     0.218    1.562
10240.0 10240.0  0.0    0.0   81920.0  10240.0   102400.0   31721.7   4864.0 3996.9 512.0  446.8     497    1.346  145     0.218    1.565
10240.0 10240.0  0.0    0.0   81920.0  22082.6   102400.0   31721.7   4864.0 3996.9 512.0  446.8     498    1.347  145     0.218    1.566
10240.0 10240.0  0.0    0.0   81920.0  32322.6   102400.0   31721.7   4864.0 3996.9 512.0  446.8     499    1.348  145     0.218    1.566
10240.0 10240.0  0.0    0.0   81920.0  42562.6   102400.0   31721.7   4864.0 3996.9 512.0  446.8     500    1.349  145     0.218    1.567
10240.0 10240.0  0.0    0.0   81920.0  52802.6   102400.0   31721.7   4864.0 3996.9 512.0  446.8     501    1.349  145     0.218    1.568
10240.0 10240.0  0.0    0.0   81920.0  63042.7   102400.0   31721.7   4864.0 3996.9 512.0  446.8     502    1.350  145     0.218    1.568
10240.0 10240.0  0.0    0.0   81920.0  73282.7   102400.0   31721.7   4864.0 3996.9 512.0  446.8     503    1.351  145     0.218    1.569
10240.0 10240.0  0.0    0.0   81920.0  10240.0   102400.0   31721.7   4864.0 3996.9 512.0  446.8     505    1.353  145     0.218    1.571
10240.0 10240.0  0.0    0.0   81920.0  22082.6   102400.0   31721.7   4864.0 3996.9 512.0  446.8     506    1.353  145     0.218    1.572
10240.0 10240.0  0.0    0.0   81920.0  32322.6   102400.0   31721.7   4864.0 3996.9 512.0  446.8     507    1.354  145     0.218    1.572
10240.0 10240.0  0.0    0.0   81920.0  42562.6   102400.0   31721.7   4864.0 3996.9 512.0  446.8     508    1.354  145     0.218    1.572
10240.0 10240.0  0.0    0.0   81920.0  52802.6   102400.0   31721.7   4864.0 3996.9 512.0  446.8     509    1.355  145     0.218    1.573
10240.0 10240.0  0.0    0.0   81920.0  63042.7   102400.0   31721.7   4864.0 3996.9 512.0  446.8     510    1.356  145     0.218    1.574
10240.0 10240.0  0.0    0.0   81920.0  73282.7   102400.0   31721.7   4864.0 3996.9 512.0  446.8     511    1.357  145     0.218    1.575
10240.0 10240.0  0.0    0.0   81920.0  10240.0   102400.0   31721.7   4864.0 3996.9 512.0  446.8     513    1.358  145     0.218    1.577
10240.0 10240.0  0.0    0.0   81920.0  22082.6   102400.0   31721.7   4864.0 3996.9 512.0  446.8     514    1.359  145     0.218    1.577
10240.0 10240.0  0.0    0.0   81920.0  32322.6   102400.0   31721.7   4864.0 3996.9 512.0  446.8     515    1.360  145     0.218    1.578
10240.0 10240.0  0.0    0.0   81920.0  42562.6   102400.0   31721.7   4864.0 3996.9 512.0  446.8     516    1.361  145     0.218    1.579
10240.0 10240.0  0.0    0.0   81920.0  52802.6   102400.0   31721.7   4864.0 3996.9 512.0  446.8     517    1.362  145     0.218    1.580
10240.0 10240.0  0.0    0.0   81920.0  63042.7   102400.0   31721.7   4864.0 3996.9 512.0  446.8     518    1.362  145     0.218    1.580
10240.0 10240.0  0.0    0.0   81920.0  73282.7   102400.0   31721.7   4864.0 3996.9 512.0  446.8     519    1.363  145     0.218    1.581
10240.0 10240.0  0.0    0.0   81920.0  10240.0   102400.0   31721.7   4864.0 3996.9 512.0  446.8     521    1.364  145     0.218    1.582
10240.0 10240.0  0.0    0.0   81920.0  22082.6   102400.0   31721.7   4864.0 3996.9 512.0  446.8     522    1.364  145     0.218    1.582
10240.0 10240.0  0.0    0.0   81920.0  32322.6   102400.0   31721.7   4864.0 3996.9 512.0  446.8     523    1.365  145     0.218    1.583
10240.0 10240.0  0.0    0.0   81920.0  42562.6   102400.0   31721.7   4864.0 3996.9 512.0  446.8     524    1.365  145     0.218    1.583
10240.0 10240.0  0.0    0.0   81920.0  52802.6   102400.0   31721.7   4864.0 3996.9 512.0  446.8     525    1.366  145     0.218    1.584
10240.0 10240.0  0.0    0.0   81920.0    0.0     102400.0   31721.7   4864.0 3996.9 512.0  446.8     526    1.367  145     0.218    1.585
10240.0 10240.0  0.0    0.0   81920.0  22082.6   102400.0   31721.7   4864.0 3996.9 512.0  446.8     527    1.368  145     0.218    1.586
10240.0 10240.0  0.0    0.0   81920.0  42562.6   102400.0   31721.7   4864.0 3996.9 512.0  446.8     528    1.368  145     0.218    1.587
10240.0 10240.0  0.0    0.0   81920.0  10240.0   102400.0   31721.7   4864.0 3996.9 512.0  446.8     529    1.369  145     0.218    1.587
10240.0 10240.0  0.0    0.0   81920.0  22082.6   102400.0   31721.7   4864.0 3996.9 512.0  446.8     530    1.370  145     0.218    1.588
10240.0 10240.0  0.0    0.0   81920.0  32322.6   102400.0   31721.7   4864.0 3996.9 512.0  446.8     531    1.371  145     0.218    1.589
10240.0 10240.0  0.0    0.0   81920.0  42562.6   102400.0   31721.7   4864.0 3996.9 512.0  446.8     532    1.372  145     0.218    1.590
10240.0 10240.0  0.0    0.0   81920.0  52802.6   102400.0   31721.7   4864.0 3996.9 512.0  446.8     533    1.372  145     0.218    1.590
10240.0 10240.0  0.0    0.0   81920.0  63042.7   102400.0   31721.7   4864.0 3996.9 512.0  446.8     534    1.373  145     0.218    1.591
10240.0 10240.0  0.0    0.0   81920.0  73282.7   102400.0   31721.7   4864.0 3996.9 512.0  446.8     535    1.373  145     0.218    1.591
10240.0 10240.0  0.0    0.0   81920.0  10240.0   102400.0   31721.7   4864.0 3996.9 512.0  446.8     537    1.374  145     0.218    1.592
10240.0 10240.0  0.0    0.0   81920.0  22082.6   102400.0   31721.7   4864.0 3996.9 512.0  446.8     538    1.375  145     0.218    1.593
10240.0 10240.0  0.0    0.0   81920.0  32322.6   102400.0   31721.7   4864.0 3996.9 512.0  446.8     539    1.375  145     0.218    1.593
10240.0 10240.0  0.0    0.0   81920.0  42562.6   102400.0   31721.7   4864.0 3996.9 512.0  446.8     540    1.376  145     0.218    1.594
10240.0 10240.0  0.0    0.0   81920.0  52802.6   102400.0   31721.7   4864.0 3996.9 512.0  446.8     541    1.376  145     0.218    1.595
10240.0 10240.0  0.0    0.0   81920.0  63042.7   102400.0   31721.7   4864.0 3996.9 512.0  446.8     542    1.377  145     0.218    1.595
10240.0 10240.0  0.0    0.0   81920.0  73282.7   102400.0   31721.7   4864.0 3996.9 512.0  446.8     543    1.378  145     0.218    1.596
10240.0 10240.0  0.0    0.0   81920.0  10240.0   102400.0   31721.7   4864.0 3996.9 512.0  446.8     545    1.379  145     0.218    1.597
10240.0 10240.0  0.0    0.0   81920.0  22082.6   102400.0   31721.7   4864.0 3996.9 512.0  446.8     546    1.379  145     0.218    1.597
10240.0 10240.0  0.0    0.0   81920.0  32322.6   102400.0   31721.7   4864.0 3996.9 512.0  446.8     547    1.380  145     0.218    1.598
10240.0 10240.0  0.0    0.0   81920.0  42562.6   102400.0   31721.7   4864.0 3996.9 512.0  446.8     548    1.381  145     0.218    1.599
10240.0 10240.0  0.0    0.0   81920.0  52802.6   102400.0   31721.7   4864.0 3996.9 512.0  446.8     549    1.381  145     0.218    1.600
10240.0 10240.0  0.0    0.0   81920.0  63042.7   102400.0   31721.7   4864.0 3996.9 512.0  446.8     550    1.382  145     0.218    1.600
10240.0 10240.0  0.0    0.0   81920.0  73282.7   102400.0   31721.7   4864.0 3996.9 512.0  446.8     551    1.383  145     0.218    1.601
10240.0 10240.0  0.0    0.0   81920.0  10240.0   102400.0   31721.7   4864.0 3996.9 512.0  446.8     553    1.384  145     0.218    1.602
10240.0 10240.0  0.0    0.0   81920.0  22082.6   102400.0   31721.7   4864.0 3996.9 512.0  446.8     554    1.385  145     0.218    1.603
10240.0 10240.0  0.0    0.0   81920.0  32322.6   102400.0   31721.7   4864.0 3996.9 512.0  446.8     555    1.386  145     0.218    1.604
10240.0 10240.0  0.0    0.0   81920.0  42562.6   102400.0   31721.7   4864.0 3996.9 512.0  446.8     556    1.387  145     0.218    1.605
10240.0 10240.0  0.0    0.0   81920.0  52802.6   102400.0   31721.7   4864.0 3996.9 512.0  446.8     557    1.387  145     0.218    1.605
10240.0 10240.0  0.0    0.0   81920.0  63042.7   102400.0   31721.7   4864.0 3996.9 512.0  446.8     558    1.388  145     0.218    1.606
10240.0 10240.0  0.0    0.0   81920.0  73282.7   102400.0   31721.7   4864.0 3996.9 512.0  446.8     559    1.389  145     0.218    1.607
10240.0 10240.0  0.0    0.0   81920.0  10240.0   102400.0   31721.7   4864.0 3996.9 512.0  446.8     561    1.391  145     0.218    1.609
10240.0 10240.0  0.0    0.0   81920.0  22082.6   102400.0   31721.7   4864.0 3996.9 512.0  446.8     562    1.391  145     0.218    1.609
10240.0 10240.0  0.0    0.0   81920.0  32322.6   102400.0   31721.7   4864.0 3996.9 512.0  446.8     563    1.392  145     0.218    1.610
10240.0 10240.0  0.0    0.0   81920.0  42562.6   102400.0   31721.7   4864.0 3996.9 512.0  446.8     564    1.392  145     0.218    1.611
10240.0 10240.0  0.0    0.0   81920.0  52802.6   102400.0   31721.7   4864.0 3996.9 512.0  446.8     565    1.393  145     0.218    1.611
10240.0 10240.0  0.0    0.0   81920.0  63042.7   102400.0   31721.7   4864.0 3996.9 512.0  446.8     566    1.394  145     0.218    1.612
10240.0 10240.0  0.0    0.0   81920.0  73282.7   102400.0   31721.7   4864.0 3996.9 512.0  446.8     567    1.395  145     0.218    1.613
10240.0 10240.0  0.0    0.0   81920.0  10240.0   102400.0   31721.7   4864.0 3996.9 512.0  446.8     569    1.396  145     0.218    1.615
10240.0 10240.0  0.0    0.0   81920.0  22082.6   102400.0   31721.7   4864.0 3996.9 512.0  446.8     570    1.397  145     0.218    1.615
10240.0 10240.0  0.0    0.0   81920.0  32322.6   102400.0   31721.7   4864.0 3996.9 512.0  446.8     571    1.398  145     0.218    1.616
10240.0 10240.0  0.0    0.0   81920.0  42562.6   102400.0   31721.7   4864.0 3996.9 512.0  446.8     572    1.398  145     0.218    1.617
10240.0 10240.0  0.0    0.0   81920.0  52802.6   102400.0   31721.7   4864.0 3996.9 512.0  446.8     573    1.400  145     0.218    1.618
10240.0 10240.0  0.0    0.0   81920.0  63042.7   102400.0   31721.7   4864.0 3996.9 512.0  446.8     574    1.400  145     0.218    1.618
10240.0 10240.0  0.0    0.0   81920.0  73282.7   102400.0   31721.7   4864.0 3996.9 512.0  446.8     575    1.400  145     0.218    1.619
10240.0 10240.0  0.0    0.0   81920.0  10240.0   102400.0   31721.7   4864.0 3996.9 512.0  446.8     577    1.402  145     0.218    1.620
10240.0 10240.0  0.0    0.0   81920.0  22082.6   102400.0   31721.7   4864.0 3996.9 512.0  446.8     578    1.403  145     0.218    1.621
10240.0 10240.0  0.0    0.0   81920.0  32322.6   102400.0   31721.7   4864.0 3996.9 512.0  446.8     579    1.403  145     0.218    1.621
10240.0 10240.0  0.0    0.0   81920.0  42562.6   102400.0   31721.7   4864.0 3996.9 512.0  446.8     580    1.404  145     0.218    1.622
10240.0 10240.0  0.0    0.0   81920.0  52802.6   102400.0   31721.7   4864.0 3996.9 512.0  446.8     581    1.405  145     0.218    1.623
10240.0 10240.0  0.0    0.0   81920.0  63042.7   102400.0   31721.7   4864.0 3996.9 512.0  446.8     582    1.405  145     0.218    1.624
10240.0 10240.0  0.0    0.0   81920.0  73282.7   102400.0   31721.7   4864.0 3996.9 512.0  446.8     583    1.406  145     0.218    1.624
10240.0 10240.0  0.0    0.0   81920.0  10240.0   102400.0   31721.7   4864.0 3996.9 512.0  446.8     585    1.408  145     0.218    1.626
10240.0 10240.0  0.0    0.0   81920.0  22082.6   102400.0   31721.7   4864.0 3996.9 512.0  446.8     586    1.408  145     0.218    1.626
10240.0 10240.0  0.0    0.0   81920.0  32322.6   102400.0   31721.7   4864.0 3996.9 512.0  446.8     587    1.409  145     0.218    1.627
10240.0 10240.0  0.0    0.0   81920.0  42562.6   102400.0   31721.7   4864.0 3996.9 512.0  446.8     588    1.410  145     0.218    1.628
10240.0 10240.0  0.0    0.0   81920.0  52802.6   102400.0   31721.7   4864.0 3996.9 512.0  446.8     589    1.410  145     0.218    1.628
10240.0 10240.0  0.0    0.0   81920.0  63042.7   102400.0   31721.7   4864.0 3996.9 512.0  446.8     590    1.411  145     0.218    1.629
10240.0 10240.0  0.0    0.0   81920.0  73282.7   102400.0   31721.7   4864.0 3996.9 512.0  446.8     591    1.412  145     0.218    1.630
10240.0 10240.0  0.0    0.0   81920.0  10240.0   102400.0   31721.7   4864.0 3996.9 512.0  446.8     593    1.414  145     0.218    1.632
10240.0 10240.0  0.0    0.0   81920.0  22082.6   102400.0   31721.7   4864.0 3996.9 512.0  446.8     594    1.414  145     0.218    1.633
10240.0 10240.0  0.0    0.0   81920.0  32322.6   102400.0   31721.7   4864.0 3996.9 512.0  446.8     595    1.415  145     0.218    1.633
10240.0 10240.0  0.0    0.0   81920.0  42562.6   102400.0   31721.7   4864.0 3996.9 512.0  446.8     596    1.416  145     0.218    1.634
10240.0 10240.0  0.0    0.0   81920.0  52802.6   102400.0   31721.7   4864.0 3996.9 512.0  446.8     597    1.416  145     0.218    1.634
10240.0 10240.0  0.0    0.0   81920.0  63042.7   102400.0   31721.7   4864.0 3996.9 512.0  446.8     598    1.417  145     0.218    1.635
10240.0 10240.0  0.0    0.0   81920.0  73282.7   102400.0   31721.7   4864.0 3996.9 512.0  446.8     599    1.418  145     0.218    1.636
10240.0 10240.0  0.0    0.0   81920.0  10240.0   102400.0   31721.7   4864.0 3996.9 512.0  446.8     601    1.419  145     0.218    1.637
10240.0 10240.0  0.0    0.0   81920.0  22082.6   102400.0   31721.7   4864.0 3996.9 512.0  446.8     602    1.420  145     0.218    1.638
10240.0 10240.0  0.0    0.0   81920.0  32322.6   102400.0   31721.7   4864.0 3996.9 512.0  446.8     603    1.420  145     0.218    1.638
10240.0 10240.0  0.0    0.0   81920.0  42562.6   102400.0   31721.7   4864.0 3996.9 512.0  446.8     604    1.421  145     0.218    1.639
10240.0 10240.0  0.0    0.0   81920.0  52802.6   102400.0   31721.7   4864.0 3996.9 512.0  446.8     605    1.421  145     0.218    1.639
10240.0 10240.0  0.0    0.0   81920.0  63042.7   102400.0   31721.7   4864.0 3996.9 512.0  446.8     606    1.422  145     0.218    1.640
10240.0 10240.0  0.0    0.0   81920.0  73282.7   102400.0   31721.7   4864.0 3996.9 512.0  446.8     607    1.422  145     0.218    1.640
10240.0 10240.0  0.0    0.0   81920.0    0.0     102400.0   31721.7   4864.0 3996.9 512.0  446.8     609    1.424  145     0.218    1.642
10240.0 10240.0  0.0    0.0   81920.0    0.0     102400.0   31721.7   4864.0 3996.9 512.0  446.8     610    1.424  145     0.218    1.642
10240.0 10240.0  0.0    0.0   81920.0  22082.6   102400.0   31721.7   4864.0 3996.9 512.0  446.8     610    1.424  145     0.218    1.642
10240.0 10240.0  0.0    0.0   81920.0  32322.6   102400.0   31721.7   4864.0 3996.9 512.0  446.8     611    1.425  145     0.218    1.643
10240.0 10240.0  0.0    0.0   81920.0  42562.6   102400.0   31721.7   4864.0 3996.9 512.0  446.8     612    1.426  145     0.218    1.644
10240.0 10240.0  0.0    0.0   81920.0  52802.6   102400.0   31721.7   4864.0 3996.9 512.0  446.8     613    1.426  145     0.218    1.644
10240.0 10240.0  0.0    0.0   81920.0  63042.7   102400.0   31721.7   4864.0 3996.9 512.0  446.8     614    1.427  145     0.218    1.645
10240.0 10240.0  0.0    0.0   81920.0  73282.7   102400.0   31721.7   4864.0 3996.9 512.0  446.8     615    1.427  145     0.218    1.646
10240.0 10240.0  0.0    0.0   81920.0  10240.0   102400.0   31721.7   4864.0 3996.9 512.0  446.8     617    1.429  145     0.218    1.647
10240.0 10240.0  0.0    0.0   81920.0  22082.6   102400.0   31721.7   4864.0 3996.9 512.0  446.8     618    1.429  145     0.218    1.647
10240.0 10240.0  0.0    0.0   81920.0  32322.6   102400.0   31721.7   4864.0 3996.9 512.0  446.8     619    1.429  145     0.218    1.647
10240.0 10240.0  0.0    0.0   81920.0  42562.6   102400.0   31721.7   4864.0 3996.9 512.0  446.8     620    1.430  145     0.218    1.648
10240.0 10240.0  0.0    0.0   81920.0  52802.6   102400.0   31721.7   4864.0 3996.9 512.0  446.8     621    1.431  145     0.218    1.649
10240.0 10240.0  0.0    0.0   81920.0  63042.7   102400.0   31721.7   4864.0 3996.9 512.0  446.8     622    1.432  145     0.218    1.650
10240.0 10240.0  0.0    0.0   81920.0  73282.7   102400.0   31721.7   4864.0 3996.9 512.0  446.8     623    1.433  145     0.218    1.651
10240.0 10240.0  0.0    0.0   81920.0  10240.0   102400.0   31721.7   4864.0 3996.9 512.0  446.8     625    1.434  145     0.218    1.652
10240.0 10240.0  0.0    0.0   81920.0  22082.6   102400.0   31721.7   4864.0 3996.9 512.0  446.8     626    1.435  145     0.218    1.653
10240.0 10240.0  0.0    0.0   81920.0  32322.6   102400.0   31721.7   4864.0 3996.9 512.0  446.8     627    1.435  145     0.218    1.654
10240.0 10240.0  0.0    0.0   81920.0  42562.6   102400.0   31721.7   4864.0 3996.9 512.0  446.8     628    1.436  145     0.218    1.654
10240.0 10240.0  0.0    0.0   81920.0  52802.6   102400.0   31721.7   4864.0 3996.9 512.0  446.8     629    1.437  145     0.218    1.655
10240.0 10240.0  0.0    0.0   81920.0  63042.7   102400.0   31721.7   4864.0 3996.9 512.0  446.8     630    1.438  145     0.218    1.656
10240.0 10240.0  0.0    0.0   81920.0  73282.7   102400.0   31721.7   4864.0 3996.9 512.0  446.8     631    1.439  145     0.218    1.657
10240.0 10240.0  0.0    0.0   81920.0  10240.0   102400.0   31721.7   4864.0 3996.9 512.0  446.8     633    1.440  145     0.218    1.658
10240.0 10240.0  0.0    0.0   81920.0  22082.6   102400.0   31721.7   4864.0 3996.9 512.0  446.8     634    1.440  145     0.218    1.658
10240.0 10240.0  0.0    0.0   81920.0  32322.6   102400.0   31721.7   4864.0 3996.9 512.0  446.8     635    1.441  145     0.218    1.659
10240.0 10240.0  0.0    0.0   81920.0  42562.6   102400.0   31721.7   4864.0 3996.9 512.0  446.8     636    1.442  145     0.218    1.660
10240.0 10240.0  0.0    0.0   81920.0  52802.6   102400.0   31721.7   4864.0 3996.9 512.0  446.8     637    1.443  145     0.218    1.661
10240.0 10240.0  0.0    0.0   81920.0  63042.7   102400.0   31721.7   4864.0 3996.9 512.0  446.8     638    1.443  145     0.218    1.661
10240.0 10240.0  0.0    0.0   81920.0  73282.7   102400.0   31721.7   4864.0 3996.9 512.0  446.8     639    1.444  145     0.218    1.662
10240.0 10240.0  0.0    0.0   81920.0  10240.0   102400.0   31721.7   4864.0 3996.9 512.0  446.8     641    1.446  145     0.218    1.664
10240.0 10240.0  0.0    0.0   81920.0  22082.6   102400.0   31721.7   4864.0 3996.9 512.0  446.8     642    1.446  145     0.218    1.664
10240.0 10240.0  0.0    0.0   81920.0  32322.6   102400.0   31721.7   4864.0 3996.9 512.0  446.8     643    1.446  145     0.218    1.665
10240.0 10240.0  0.0    0.0   81920.0  42562.6   102400.0   31721.7   4864.0 3996.9 512.0  446.8     644    1.447  145     0.218    1.665
10240.0 10240.0  0.0    0.0   81920.0  52802.6   102400.0   31721.7   4864.0 3996.9 512.0  446.8     645    1.448  145     0.218    1.666
10240.0 10240.0  0.0    0.0   81920.0  63042.7   102400.0   31721.7   4864.0 3996.9 512.0  446.8     646    1.449  145     0.218    1.667
10240.0 10240.0  0.0    0.0   81920.0  73282.7   102400.0   31721.7   4864.0 3996.9 512.0  446.8     647    1.449  145     0.218    1.667
10240.0 10240.0  0.0    0.0   81920.0  10240.0   102400.0   31721.7   4864.0 3996.9 512.0  446.8     649    1.451  145     0.218    1.669
10240.0 10240.0  0.0    0.0   81920.0  22082.6   102400.0   31721.7   4864.0 3996.9 512.0  446.8     650    1.452  145     0.218    1.670
10240.0 10240.0  0.0    0.0   81920.0  32322.6   102400.0   31721.7   4864.0 3996.9 512.0  446.8     651    1.452  145     0.218    1.670
10240.0 10240.0  0.0    0.0   81920.0  42562.6   102400.0   31721.7   4864.0 3996.9 512.0  446.8     652    1.453  145     0.218    1.671
10240.0 10240.0  0.0    0.0   81920.0  52802.6   102400.0   31721.7   4864.0 3996.9 512.0  446.8     653    1.454  145     0.218    1.672
10240.0 10240.0  0.0    0.0   81920.0  63042.7   102400.0   31721.7   4864.0 3996.9 512.0  446.8     654    1.455  145     0.218    1.673
10240.0 10240.0  0.0    0.0   81920.0  73282.7   102400.0   31721.7   4864.0 3996.9 512.0  446.8     655    1.456  145     0.218    1.674
10240.0 10240.0  0.0    0.0   81920.0  10240.0   102400.0   31721.7   4864.0 3996.9 512.0  446.8     657    1.457  145     0.218    1.675
10240.0 10240.0  0.0    0.0   81920.0  22082.6   102400.0   31721.7   4864.0 3996.9 512.0  446.8     658    1.458  145     0.218    1.676
10240.0 10240.0  0.0    0.0   81920.0  32322.6   102400.0   31721.7   4864.0 3996.9 512.0  446.8     659    1.458  145     0.218    1.676
10240.0 10240.0  0.0    0.0   81920.0  42562.6   102400.0   31721.7   4864.0 3996.9 512.0  446.8     660    1.459  145     0.218    1.677
10240.0 10240.0  0.0    0.0   81920.0  52802.6   102400.0   31721.7   4864.0 3996.9 512.0  446.8     661    1.460  145     0.218    1.678
10240.0 10240.0  0.0    0.0   81920.0  63042.7   102400.0   31721.7   4864.0 3996.9 512.0  446.8     662    1.460  145     0.218    1.678
10240.0 10240.0  0.0    0.0   81920.0  73282.7   102400.0   31721.7   4864.0 3996.9 512.0  446.8     663    1.460  145     0.218    1.678
10240.0 10240.0  0.0    0.0   81920.0  10240.0   102400.0   31721.7   4864.0 3996.9 512.0  446.8     665    1.462  145     0.218    1.680
10240.0 10240.0  0.0    0.0   81920.0  22082.6   102400.0   31721.7   4864.0 3996.9 512.0  446.8     666    1.463  145     0.218    1.681
10240.0 10240.0  0.0    0.0   81920.0  32322.6   102400.0   31721.7   4864.0 3996.9 512.0  446.8     667    1.464  145     0.218    1.682
10240.0 10240.0  0.0    0.0   81920.0  42562.6   102400.0   31721.7   4864.0 3996.9 512.0  446.8     668    1.465  145     0.218    1.683
10240.0 10240.0  0.0    0.0   81920.0  52802.6   102400.0   31721.7   4864.0 3996.9 512.0  446.8     669    1.465  145     0.218    1.684
10240.0 10240.0  0.0    0.0   81920.0  63042.7   102400.0   31721.7   4864.0 3996.9 512.0  446.8     670    1.466  145     0.218    1.684
10240.0 10240.0  0.0    0.0   81920.0  73282.7   102400.0   31721.7   4864.0 3996.9 512.0  446.8     671    1.467  145     0.218    1.685
10240.0 10240.0  0.0    0.0   81920.0  10240.0   102400.0   31721.7   4864.0 3996.9 512.0  446.8     673    1.469  145     0.218    1.687
10240.0 10240.0  0.0    0.0   81920.0  22082.6   102400.0   31721.7   4864.0 3996.9 512.0  446.8     674    1.469  145     0.218    1.688
10240.0 10240.0  0.0    0.0   81920.0  32322.6   102400.0   31721.7   4864.0 3996.9 512.0  446.8     675    1.470  145     0.218    1.688
10240.0 10240.0  0.0    0.0   81920.0  42562.6   102400.0   31721.7   4864.0 3996.9 512.0  446.8     676    1.471  145     0.218    1.689
10240.0 10240.0  0.0    0.0   81920.0  52802.6   102400.0   31721.7   4864.0 3996.9 512.0  446.8     677    1.471  145     0.218    1.689
10240.0 10240.0  0.0    0.0   81920.0  63042.7   102400.0   31721.7   4864.0 3996.9 512.0  446.8     678    1.472  145     0.218    1.690
10240.0 10240.0  0.0    0.0   81920.0  73282.7   102400.0   31721.7   4864.0 3996.9 512.0  446.8     679    1.473  145     0.218    1.691
10240.0 10240.0  0.0    0.0   81920.0  10240.0   102400.0   31721.7   4864.0 3996.9 512.0  446.8     681    1.474  145     0.218    1.692
10240.0 10240.0  0.0    0.0   81920.0  22082.6   102400.0   31721.7   4864.0 3996.9 512.0  446.8     682    1.475  145     0.218    1.693
10240.0 10240.0  0.0    0.0   81920.0  32322.6   102400.0   31721.7   4864.0 3996.9 512.0  446.8     683    1.476  145     0.218    1.694
10240.0 10240.0  0.0    0.0   81920.0  42562.6   102400.0   31721.7   4864.0 3996.9 512.0  446.8     684    1.476  145     0.218    1.694
10240.0 10240.0  0.0    0.0   81920.0  52802.6   102400.0   31721.7   4864.0 3996.9 512.0  446.8     685    1.477  145     0.218    1.695
10240.0 10240.0  0.0    0.0   81920.0  63042.7   102400.0   31721.7   4864.0 3996.9 512.0  446.8     686    1.477  145     0.218    1.695
10240.0 10240.0  0.0    0.0   81920.0    0.0     102400.0   31721.7   4864.0 3996.9 512.0  446.8     687    1.478  145     0.218    1.696
10240.0 10240.0  0.0    0.0   81920.0    0.0     102400.0   31721.7   4864.0 3996.9 512.0  446.8     689    1.480  145     0.218    1.698
10240.0 10240.0  0.0    0.0   81920.0  10240.0   102400.0   31721.7   4864.0 3996.9 512.0  446.8     689    1.480  145     0.218    1.698
10240.0 10240.0  0.0    0.0   81920.0  22082.6   102400.0   31721.7   4864.0 3996.9 512.0  446.8     690    1.480  145     0.218    1.699
10240.0 10240.0  0.0    0.0   81920.0  32322.6   102400.0   31721.7   4864.0 3996.9 512.0  446.8     691    1.481  145     0.218    1.699
10240.0 10240.0  0.0    0.0   81920.0  42562.6   102400.0   31721.7   4864.0 3996.9 512.0  446.8     692    1.482  145     0.218    1.700
10240.0 10240.0  0.0    0.0   81920.0  52802.6   102400.0   31721.7   4864.0 3996.9 512.0  446.8     693    1.482  145     0.218    1.701
10240.0 10240.0  0.0    0.0   81920.0  63042.7   102400.0   31721.7   4864.0 3996.9 512.0  446.8     694    1.483  145     0.218    1.701
10240.0 10240.0  0.0    0.0   81920.0  73282.7   102400.0   31721.7   4864.0 3996.9 512.0  446.8     695    1.484  145     0.218    1.702
10240.0 10240.0  0.0    0.0   81920.0  10240.0   102400.0   31721.7   4864.0 3996.9 512.0  446.8     697    1.484  145     0.218    1.702
10240.0 10240.0  0.0    0.0   81920.0  22082.6   102400.0   31721.7   4864.0 3996.9 512.0  446.8     698    1.485  145     0.218    1.703
10240.0 10240.0  0.0    0.0   81920.0  32322.6   102400.0   31721.7   4864.0 3996.9 512.0  446.8     699    1.486  145     0.218    1.704
10240.0 10240.0  0.0    0.0   81920.0  42562.6   102400.0   31721.7   4864.0 3996.9 512.0  446.8     700    1.487  145     0.218    1.705
10240.0 10240.0  0.0    0.0   81920.0  52802.6   102400.0   31721.7   4864.0 3996.9 512.0  446.8     701    1.487  145     0.218    1.705
10240.0 10240.0  0.0    0.0   81920.0  63042.7   102400.0   31721.7   4864.0 3996.9 512.0  446.8     702    1.488  145     0.218    1.706
10240.0 10240.0  0.0    0.0   81920.0  73282.7   102400.0   31721.7   4864.0 3996.9 512.0  446.8     703    1.489  145     0.218    1.707
10240.0 10240.0  0.0    0.0   81920.0  10240.0   102400.0   31721.7   4864.0 3996.9 512.0  446.8     705    1.490  145     0.218    1.708
10240.0 10240.0  0.0    0.0   81920.0  22082.6   102400.0   31721.7   4864.0 3996.9 512.0  446.8     706    1.491  145     0.218    1.709
10240.0 10240.0  0.0    0.0   81920.0  32322.6   102400.0   31721.7   4864.0 3996.9 512.0  446.8     707    1.492  145     0.218    1.710
10240.0 10240.0  0.0    0.0   81920.0  42562.6   102400.0   31721.7   4864.0 3996.9 512.0  446.8     708    1.492  145     0.218    1.711
10240.0 10240.0  0.0    0.0   81920.0  52802.6   102400.0   31721.7   4864.0 3996.9 512.0  446.8     709    1.493  145     0.218    1.711
10240.0 10240.0  0.0    0.0   81920.0  63042.7   102400.0   31721.7   4864.0 3996.9 512.0  446.8     710    1.494  145     0.218    1.712
10240.0 10240.0  0.0    0.0   81920.0  73282.7   102400.0   31721.7   4864.0 3996.9 512.0  446.8     711    1.494  145     0.218    1.712
10240.0 10240.0  0.0    0.0   81920.0  10240.0   102400.0   31721.7   4864.0 3996.9 512.0  446.8     713    1.496  145     0.218    1.714
10240.0 10240.0  0.0    0.0   81920.0  22082.6   102400.0   31721.7   4864.0 3996.9 512.0  446.8     714    1.496  145     0.218    1.715
10240.0 10240.0  0.0    0.0   81920.0  32322.6   102400.0   31721.7   4864.0 3996.9 512.0  446.8     715    1.497  145     0.218    1.715
10240.0 10240.0  0.0    0.0   81920.0  42562.6   102400.0   31721.7   4864.0 3996.9 512.0  446.8     716    1.498  145     0.218    1.716
10240.0 10240.0  0.0    0.0   81920.0  52802.6   102400.0   31721.7   4864.0 3996.9 512.0  446.8     717    1.499  145     0.218    1.717
10240.0 10240.0  0.0    0.0   81920.0  63042.7   102400.0   31721.7   4864.0 3996.9 512.0  446.8     718    1.500  145     0.218    1.718
10240.0 10240.0  0.0    0.0   81920.0  73282.7   102400.0   31721.7   4864.0 3996.9 512.0  446.8     719    1.501  145     0.218    1.719
10240.0 10240.0  0.0    0.0   81920.0  10240.0   102400.0   31721.7   4864.0 3996.9 512.0  446.8     721    1.502  145     0.218    1.720
10240.0 10240.0  0.0    0.0   81920.0  22082.6   102400.0   31721.7   4864.0 3996.9 512.0  446.8     722    1.503  145     0.218    1.721
10240.0 10240.0  0.0    0.0   81920.0  32322.6   102400.0   31721.7   4864.0 3996.9 512.0  446.8     723    1.503  145     0.218    1.721
10240.0 10240.0  0.0    0.0   81920.0  42562.6   102400.0   31721.7   4864.0 3996.9 512.0  446.8     724    1.504  145     0.218    1.722
10240.0 10240.0  0.0    0.0   81920.0  52802.6   102400.0   31721.7   4864.0 3996.9 512.0  446.8     725    1.505  145     0.218    1.723
10240.0 10240.0  0.0    0.0   81920.0  63042.7   102400.0   31721.7   4864.0 3996.9 512.0  446.8     726    1.505  145     0.218    1.723
10240.0 10240.0  0.0    0.0   81920.0  73282.7   102400.0   31721.7   4864.0 3996.9 512.0  446.8     727    1.505  145     0.218    1.723
10240.0 10240.0  0.0    0.0   81920.0  10240.0   102400.0   31721.7   4864.0 3996.9 512.0  446.8     729    1.507  145     0.218    1.725
10240.0 10240.0  0.0    0.0   81920.0  22082.6   102400.0   31721.7   4864.0 3996.9 512.0  446.8     730    1.507  145     0.218    1.725
10240.0 10240.0  0.0    0.0   81920.0  32322.6   102400.0   31721.7   4864.0 3996.9 512.0  446.8     731    1.508  145     0.218    1.726
10240.0 10240.0  0.0    0.0   81920.0  42562.6   102400.0   31721.7   4864.0 3996.9 512.0  446.8     732    1.509  145     0.218    1.727
10240.0 10240.0  0.0    0.0   81920.0  52802.6   102400.0   31721.7   4864.0 3996.9 512.0  446.8     733    1.510  145     0.218    1.728
10240.0 10240.0  0.0    0.0   81920.0  63042.7   102400.0   31721.7   4864.0 3996.9 512.0  446.8     734    1.511  145     0.218    1.729
10240.0 10240.0  0.0    0.0   81920.0  73282.7   102400.0   31721.7   4864.0 3996.9 512.0  446.8     735    1.511  145     0.218    1.729
10240.0 10240.0  0.0    0.0   81920.0  10240.0   102400.0   31721.7   4864.0 3996.9 512.0  446.8     737    1.512  145     0.218    1.730
10240.0 10240.0  0.0    0.0   81920.0  22082.6   102400.0   31721.7   4864.0 3996.9 512.0  446.8     738    1.513  145     0.218    1.731
10240.0 10240.0  0.0    0.0   81920.0  32322.6   102400.0   31721.7   4864.0 3996.9 512.0  446.8     739    1.514  145     0.218    1.732
10240.0 10240.0  0.0    0.0   81920.0  42562.6   102400.0   31721.7   4864.0 3996.9 512.0  446.8     740    1.514  145     0.218    1.732
10240.0 10240.0  0.0    0.0   81920.0  52802.6   102400.0   31721.7   4864.0 3996.9 512.0  446.8     741    1.514  145     0.218    1.732
10240.0 10240.0  0.0    0.0   81920.0  63042.7   102400.0   31721.7   4864.0 3996.9 512.0  446.8     742    1.515  145     0.218    1.733
10240.0 10240.0  0.0    0.0   81920.0  73282.7   102400.0   31721.7   4864.0 3996.9 512.0  446.8     743    1.516  145     0.218    1.734
10240.0 10240.0  0.0    0.0   81920.0  10240.0   102400.0   31721.7   4864.0 3996.9 512.0  446.8     745    1.518  145     0.218    1.736
10240.0 10240.0  0.0    0.0   81920.0  22082.6   102400.0   31721.7   4864.0 3996.9 512.0  446.8     746    1.519  145     0.218    1.737
10240.0 10240.0  0.0    0.0   81920.0  32322.6   102400.0   31721.7   4864.0 3996.9 512.0  446.8     747    1.519  145     0.218    1.737
10240.0 10240.0  0.0    0.0   81920.0  42562.6   102400.0   31721.7   4864.0 3996.9 512.0  446.8     748    1.520  145     0.218    1.738
10240.0 10240.0  0.0    0.0   81920.0  52802.6   102400.0   31721.7   4864.0 3996.9 512.0  446.8     749    1.521  145     0.218    1.739
10240.0 10240.0  0.0    0.0   81920.0  63042.7   102400.0   31721.7   4864.0 3996.9 512.0  446.8     750    1.521  145     0.218    1.739
10240.0 10240.0  0.0    0.0   81920.0  73282.7   102400.0   31721.7   4864.0 3996.9 512.0  446.8     751    1.522  145     0.218    1.740
10240.0 10240.0  0.0    0.0   81920.0  10240.0   102400.0   31721.7   4864.0 3996.9 512.0  446.8     753    1.524  145     0.218    1.742
10240.0 10240.0  0.0    0.0   81920.0  22082.6   102400.0   31721.7   4864.0 3996.9 512.0  446.8     754    1.524  145     0.218    1.742
10240.0 10240.0  0.0    0.0   81920.0  32322.6   102400.0   31721.7   4864.0 3996.9 512.0  446.8     755    1.525  145     0.218    1.743
10240.0 10240.0  0.0    0.0   81920.0  42562.6   102400.0   31721.7   4864.0 3996.9 512.0  446.8     756    1.526  145     0.218    1.744
10240.0 10240.0  0.0    0.0   81920.0  52802.6   102400.0   31721.7   4864.0 3996.9 512.0  446.8     757    1.527  145     0.218    1.745
10240.0 10240.0  0.0    0.0   81920.0  63042.7   102400.0   31721.7   4864.0 3996.9 512.0  446.8     758    1.528  145     0.218    1.746
10240.0 10240.0  0.0    0.0   81920.0  73282.7   102400.0   31721.7   4864.0 3996.9 512.0  446.8     759    1.529  145     0.218    1.747
10240.0 10240.0  0.0    0.0   81920.0  10240.0   102400.0   31721.7   4864.0 3996.9 512.0  446.8     761    1.530  145     0.218    1.748
10240.0 10240.0  0.0    0.0   81920.0  22082.6   102400.0   31721.7   4864.0 3996.9 512.0  446.8     762    1.530  145     0.218    1.749
10240.0 10240.0  0.0    0.0   81920.0  32322.6   102400.0   31721.7   4864.0 3996.9 512.0  446.8     763    1.531  145     0.218    1.749
10240.0 10240.0  0.0    0.0   81920.0  42562.6   102400.0   31721.7   4864.0 3996.9 512.0  446.8     764    1.531  145     0.218    1.749
10240.0 10240.0  0.0    0.0   81920.0  52802.6   102400.0   31721.7   4864.0 3996.9 512.0  446.8     765    1.532  145     0.218    1.750
10240.0 10240.0  0.0    0.0   81920.0  63042.7   102400.0   31721.7   4864.0 3996.9 512.0  446.8     766    1.533  145     0.218    1.751
10240.0 10240.0  0.0    0.0   81920.0  73282.7   102400.0   31721.7   4864.0 3996.9 512.0  446.8     767    1.533  145     0.218    1.751
10240.0 10240.0  0.0    0.0   81920.0    0.0     102400.0   31721.7   4864.0 3996.9 512.0  446.8     769    1.534  145     0.218    1.752
10240.0 10240.0  0.0    0.0   81920.0    0.0     102400.0   31721.7   4864.0 3996.9 512.0  446.8     770    1.535  145     0.218    1.753
10240.0 10240.0  0.0    0.0   81920.0  22082.6   102400.0   31721.7   4864.0 3996.9 512.0  446.8     770    1.535  145     0.218    1.753
10240.0 10240.0  0.0    0.0   81920.0  32322.6   102400.0   31721.7   4864.0 3996.9 512.0  446.8     771    1.535  145     0.218    1.754
10240.0 10240.0  0.0    0.0   81920.0  42562.6   102400.0   31721.7   4864.0 3996.9 512.0  446.8     772    1.536  145     0.218    1.754
10240.0 10240.0  0.0    0.0   81920.0  52802.6   102400.0   31721.7   4864.0 3996.9 512.0  446.8     773    1.537  145     0.218    1.755
10240.0 10240.0  0.0    0.0   81920.0  63042.7   102400.0   31721.7   4864.0 3996.9 512.0  446.8     774    1.538  145     0.218    1.756
10240.0 10240.0  0.0    0.0   81920.0  73282.7   102400.0   31721.7   4864.0 3996.9 512.0  446.8     775    1.538  145     0.218    1.757
10240.0 10240.0  0.0    0.0   81920.0  10240.0   102400.0   31721.7   4864.0 3996.9 512.0  446.8     777    1.540  145     0.218    1.758
10240.0 10240.0  0.0    0.0   81920.0  22082.6   102400.0   31721.7   4864.0 3996.9 512.0  446.8     778    1.541  145     0.218    1.759
10240.0 10240.0  0.0    0.0   81920.0  32322.6   102400.0   31721.7   4864.0 3996.9 512.0  446.8     779    1.542  145     0.218    1.760
10240.0 10240.0  0.0    0.0   81920.0  42562.6   102400.0   31721.7   4864.0 3996.9 512.0  446.8     780    1.542  145     0.218    1.761
10240.0 10240.0  0.0    0.0   81920.0  52802.6   102400.0   31721.7   4864.0 3996.9 512.0  446.8     781    1.543  145     0.218    1.762
10240.0 10240.0  0.0    0.0   81920.0  63042.7   102400.0   31721.7   4864.0 3996.9 512.0  446.8     782    1.544  145     0.218    1.762
10240.0 10240.0  0.0    0.0   81920.0  73282.7   102400.0   31721.7   4864.0 3996.9 512.0  446.8     783    1.545  145     0.218    1.763
10240.0 10240.0  0.0    0.0   81920.0  10240.0   102400.0   31721.7   4864.0 3996.9 512.0  446.8     785    1.547  145     0.218    1.765
10240.0 10240.0  0.0    0.0   81920.0  22082.6   102400.0   31721.7   4864.0 3996.9 512.0  446.8     786    1.548  145     0.218    1.767
10240.0 10240.0  0.0    0.0   81920.0  32322.6   102400.0   31721.7   4864.0 3996.9 512.0  446.8     787    1.549  145     0.218    1.767
10240.0 10240.0  0.0    0.0   81920.0  42562.6   102400.0   31721.7   4864.0 3996.9 512.0  446.8     788    1.550  145     0.218    1.768
10240.0 10240.0  0.0    0.0   81920.0  52802.6   102400.0   31721.7   4864.0 3996.9 512.0  446.8     789    1.551  145     0.218    1.769
10240.0 10240.0  0.0    0.0   81920.0  63042.7   102400.0   31721.7   4864.0 3996.9 512.0  446.8     790    1.552  145     0.218    1.770
10240.0 10240.0  0.0    0.0   81920.0  73282.7   102400.0   31721.7   4864.0 3996.9 512.0  446.8     791    1.553  145     0.218    1.771
10240.0 10240.0  0.0    0.0   81920.0  10240.0   102400.0   31721.7   4864.0 3996.9 512.0  446.8     793    1.554  145     0.218    1.772
10240.0 10240.0  0.0    0.0   81920.0  22082.6   102400.0   31721.7   4864.0 3996.9 512.0  446.8     794    1.555  145     0.218    1.773
10240.0 10240.0  0.0    0.0   81920.0  32322.6   102400.0   31721.7   4864.0 3996.9 512.0  446.8     795    1.555  145     0.218    1.774
10240.0 10240.0  0.0    0.0   81920.0  42562.6   102400.0   31721.7   4864.0 3996.9 512.0  446.8     796    1.556  145     0.218    1.774
10240.0 10240.0  0.0    0.0   81920.0  52802.6   102400.0   31721.7   4864.0 3996.9 512.0  446.8     797    1.557  145     0.218    1.775
10240.0 10240.0  0.0    0.0   81920.0  63042.7   102400.0   31721.7   4864.0 3996.9 512.0  446.8     798    1.558  145     0.218    1.776
10240.0 10240.0  0.0    0.0   81920.0  73282.7   102400.0   31721.7   4864.0 3996.9 512.0  446.8     799    1.558  145     0.218    1.777
10240.0 10240.0  0.0    0.0   81920.0  10240.0   102400.0   31721.7   4864.0 3996.9 512.0  446.8     801    1.560  145     0.218    1.778
10240.0 10240.0  0.0    0.0   81920.0  22082.6   102400.0   31721.7   4864.0 3996.9 512.0  446.8     802    1.560  145     0.218    1.778
10240.0 10240.0  0.0    0.0   81920.0  32322.6   102400.0   31721.7   4864.0 3996.9 512.0  446.8     803    1.561  145     0.218    1.779
10240.0 10240.0  0.0    0.0   81920.0  42562.6   102400.0   31721.7   4864.0 3996.9 512.0  446.8     804    1.562  145     0.218    1.780
10240.0 10240.0  0.0    0.0   81920.0  52802.6   102400.0   31721.7   4864.0 3996.9 512.0  446.8     805    1.563  145     0.218    1.781
10240.0 10240.0  0.0    0.0   81920.0  63042.7   102400.0   31721.7   4864.0 3996.9 512.0  446.8     806    1.563  145     0.218    1.781
10240.0 10240.0  0.0    0.0   81920.0  73282.7   102400.0   31721.7   4864.0 3996.9 512.0  446.8     807    1.564  145     0.218    1.782
10240.0 10240.0  0.0    0.0   81920.0  10240.0   102400.0   31721.7   4864.0 3996.9 512.0  446.8     809    1.566  145     0.218    1.784
10240.0 10240.0  0.0    0.0   81920.0  22082.6   102400.0   31721.7   4864.0 3996.9 512.0  446.8     810    1.567  145     0.218    1.785
10240.0 10240.0  0.0    0.0   81920.0  32322.6   102400.0   31721.7   4864.0 3996.9 512.0  446.8     811    1.568  145     0.218    1.786
10240.0 10240.0  0.0    0.0   81920.0  42562.6   102400.0   31721.7   4864.0 3996.9 512.0  446.8     812    1.569  145     0.218    1.787
10240.0 10240.0  0.0    0.0   81920.0  52802.6   102400.0   31721.7   4864.0 3996.9 512.0  446.8     813    1.569  145     0.218    1.788
10240.0 10240.0  0.0    0.0   81920.0  63042.7   102400.0   31721.7   4864.0 3996.9 512.0  446.8     814    1.570  145     0.218    1.788
10240.0 10240.0  0.0    0.0   81920.0  73282.7   102400.0   31721.7   4864.0 3996.9 512.0  446.8     815    1.571  145     0.218    1.789
10240.0 10240.0  0.0    0.0   81920.0  10240.0   102400.0   31721.7   4864.0 3996.9 512.0  446.8     817    1.573  145     0.218    1.791
10240.0 10240.0  0.0    0.0   81920.0  22082.6   102400.0   31721.7   4864.0 3996.9 512.0  446.8     818    1.574  145     0.218    1.792
10240.0 10240.0  0.0    0.0   81920.0  32322.6   102400.0   31721.7   4864.0 3996.9 512.0  446.8     819    1.575  145     0.218    1.793
10240.0 10240.0  0.0    0.0   81920.0  42562.6   102400.0   31721.7   4864.0 3996.9 512.0  446.8     820    1.575  145     0.218    1.793
10240.0 10240.0  0.0    0.0   81920.0  52802.6   102400.0   31721.7   4864.0 3996.9 512.0  446.8     821    1.576  145     0.218    1.794
10240.0 10240.0  0.0    0.0   81920.0  63042.7   102400.0   31721.7   4864.0 3996.9 512.0  446.8     822    1.576  145     0.218    1.794
10240.0 10240.0  0.0    0.0   81920.0  73282.7   102400.0   31721.7   4864.0 3996.9 512.0  446.8     823    1.576  145     0.218    1.795
10240.0 10240.0  0.0    0.0   81920.0  10240.0   102400.0   31721.7   4864.0 3996.9 512.0  446.8     825    1.577  145     0.218    1.795
10240.0 10240.0  0.0    0.0   81920.0  22082.6   102400.0   31721.7   4864.0 3996.9 512.0  446.8     826    1.578  145     0.218    1.796
10240.0 10240.0  0.0    0.0   81920.0  32322.6   102400.0   31721.7   4864.0 3996.9 512.0  446.8     827    1.578  145     0.218    1.796
10240.0 10240.0  0.0    0.0   81920.0  42562.6   102400.0   31721.7   4864.0 3996.9 512.0  446.8     828    1.579  145     0.218    1.797
10240.0 10240.0  0.0    0.0   81920.0  52802.6   102400.0   31721.7   4864.0 3996.9 512.0  446.8     829    1.580  145     0.218    1.798
10240.0 10240.0  0.0    0.0   81920.0  63042.7   102400.0   31721.7   4864.0 3996.9 512.0  446.8     830    1.581  145     0.218    1.799
10240.0 10240.0  0.0    0.0   81920.0  73282.7   102400.0   31721.7   4864.0 3996.9 512.0  446.8     831    1.581  145     0.218    1.799
10240.0 10240.0  0.0    0.0   81920.0  10240.0   102400.0   31721.7   4864.0 3996.9 512.0  446.8     833    1.582  145     0.218    1.801
10240.0 10240.0  0.0    0.0   81920.0  22082.6   102400.0   31721.7   4864.0 3996.9 512.0  446.8     834    1.583  145     0.218    1.801
10240.0 10240.0  0.0    0.0   81920.0  32322.6   102400.0   31721.7   4864.0 3996.9 512.0  446.8     835    1.585  145     0.218    1.803
10240.0 10240.0  0.0    0.0   81920.0  42562.6   102400.0   31721.7   4864.0 3996.9 512.0  446.8     836    1.585  145     0.218    1.803
10240.0 10240.0  0.0    0.0   81920.0  52802.6   102400.0   31721.7   4864.0 3996.9 512.0  446.8     837    1.585  145     0.218    1.803
10240.0 10240.0  0.0    0.0   81920.0  63042.7   102400.0   31721.7   4864.0 3996.9 512.0  446.8     838    1.586  145     0.218    1.804
10240.0 10240.0  0.0    0.0   81920.0  42562.6   102400.0   31721.7   4864.0 3996.9 512.0  446.8     839    1.587  145     0.218    1.805
10240.0 10240.0  0.0    0.0   81920.0    0.0     102400.0   31721.7   4864.0 3996.9 512.0  446.8     841    1.588  145     0.218    1.806
10240.0 10240.0  0.0    0.0   81920.0  22082.6   102400.0   31721.7   4864.0 3996.9 512.0  446.8     842    1.589  145     0.218    1.807
10240.0 10240.0  0.0    0.0   81920.0    0.0     102400.0   31721.7   4864.0 3996.9 512.0  446.8     843    1.590  145     0.218    1.808
10240.0 10240.0  0.0    0.0   81920.0  32322.6   102400.0   31721.7   4864.0 3996.9 512.0  446.8     843    1.590  145     0.218    1.808
10240.0 10240.0  0.0    0.0   81920.0  42562.6   102400.0   31721.7   4864.0 3996.9 512.0  446.8     844    1.591  145     0.218    1.809
10240.0 10240.0  0.0    0.0   81920.0  52802.6   102400.0   31721.7   4864.0 3996.9 512.0  446.8     845    1.591  145     0.218    1.809
10240.0 10240.0  0.0    0.0   81920.0  63042.7   102400.0   31721.7   4864.0 3996.9 512.0  446.8     846    1.592  145     0.218    1.810
10240.0 10240.0  0.0    0.0   81920.0  73282.7   102400.0   31721.7   4864.0 3996.9 512.0  446.8     847    1.592  145     0.218    1.810
10240.0 10240.0  0.0    0.0   81920.0  10240.0   102400.0   31721.7   4864.0 3996.9 512.0  446.8     849    1.594  145     0.218    1.812
10240.0 10240.0  0.0    0.0   81920.0  22082.6   102400.0   31721.7   4864.0 3996.9 512.0  446.8     850    1.595  145     0.218    1.813
10240.0 10240.0  0.0    0.0   81920.0  32322.6   102400.0   31721.7   4864.0 3996.9 512.0  446.8     851    1.595  145     0.218    1.813
10240.0 10240.0  0.0    0.0   81920.0  42562.6   102400.0   31721.7   4864.0 3996.9 512.0  446.8     852    1.596  145     0.218    1.814
10240.0 10240.0  0.0    0.0   81920.0  52802.6   102400.0   31721.7   4864.0 3996.9 512.0  446.8     853    1.596  145     0.218    1.814
10240.0 10240.0  0.0    0.0   81920.0  63042.7   102400.0   31721.7   4864.0 3996.9 512.0  446.8     854    1.597  145     0.218    1.815
10240.0 10240.0  0.0    0.0   81920.0  73282.7   102400.0   31721.7   4864.0 3996.9 512.0  446.8     855    1.598  145     0.218    1.816
10240.0 10240.0  0.0    0.0   81920.0  10240.0   102400.0   31721.7   4864.0 3996.9 512.0  446.8     857    1.599  145     0.218    1.817
10240.0 10240.0  0.0    0.0   81920.0  22082.6   102400.0   31721.7   4864.0 3996.9 512.0  446.8     858    1.600  145     0.218    1.818
10240.0 10240.0  0.0    0.0   81920.0  32322.6   102400.0   31721.7   4864.0 3996.9 512.0  446.8     859    1.601  145     0.218    1.819
10240.0 10240.0  0.0    0.0   81920.0  42562.6   102400.0   31721.7   4864.0 3996.9 512.0  446.8     860    1.601  145     0.218    1.820
10240.0 10240.0  0.0    0.0   81920.0  52802.6   102400.0   31721.7   4864.0 3996.9 512.0  446.8     861    1.602  145     0.218    1.820
10240.0 10240.0  0.0    0.0   81920.0  63042.7   102400.0   31721.7   4864.0 3996.9 512.0  446.8     862    1.603  145     0.218    1.821
10240.0 10240.0  0.0    0.0   81920.0  73282.7   102400.0   31721.7   4864.0 3996.9 512.0  446.8     863    1.604  145     0.218    1.822
10240.0 10240.0  0.0    0.0   81920.0  10240.0   102400.0   31721.7   4864.0 3996.9 512.0  446.8     865    1.606  145     0.218    1.824
10240.0 10240.0  0.0    0.0   81920.0  22082.6   102400.0   31721.7   4864.0 3996.9 512.0  446.8     866    1.607  145     0.218    1.825
10240.0 10240.0  0.0    0.0   81920.0  32322.6   102400.0   31721.7   4864.0 3996.9 512.0  446.8     867    1.608  145     0.218    1.826
10240.0 10240.0  0.0    0.0   81920.0  42562.6   102400.0   31721.7   4864.0 3996.9 512.0  446.8     868    1.609  145     0.218    1.827
10240.0 10240.0  0.0    0.0   81920.0  52802.6   102400.0   31721.7   4864.0 3996.9 512.0  446.8     869    1.610  145     0.218    1.828
10240.0 10240.0  0.0    0.0   81920.0  63042.7   102400.0   31721.7   4864.0 3996.9 512.0  446.8     870    1.610  145     0.218    1.828
10240.0 10240.0  0.0    0.0   81920.0  73282.7   102400.0   31721.7   4864.0 3996.9 512.0  446.8     871    1.611  145     0.218    1.829
10240.0 10240.0  0.0    0.0   81920.0  10240.0   102400.0   31721.7   4864.0 3996.9 512.0  446.8     873    1.611  145     0.218    1.830
10240.0 10240.0  0.0    0.0   81920.0  22082.6   102400.0   31721.7   4864.0 3996.9 512.0  446.8     874    1.612  145     0.218    1.830
10240.0 10240.0  0.0    0.0   81920.0  32322.6   102400.0   31721.7   4864.0 3996.9 512.0  446.8     875    1.613  145     0.218    1.831
10240.0 10240.0  0.0    0.0   81920.0  42562.6   102400.0   31721.7   4864.0 3996.9 512.0  446.8     876    1.613  145     0.218    1.831
10240.0 10240.0  0.0    0.0   81920.0  52802.6   102400.0   31721.7   4864.0 3996.9 512.0  446.8     877    1.614  145     0.218    1.832
10240.0 10240.0  0.0    0.0   81920.0  63042.7   102400.0   31721.7   4864.0 3996.9 512.0  446.8     878    1.615  145     0.218    1.833
10240.0 10240.0  0.0    0.0   81920.0  73282.7   102400.0   31721.7   4864.0 3996.9 512.0  446.8     879    1.616  145     0.218    1.834
10240.0 10240.0  0.0    0.0   81920.0  10240.0   102400.0   31721.7   4864.0 3996.9 512.0  446.8     881    1.617  145     0.218    1.835
10240.0 10240.0  0.0    0.0   81920.0  22082.6   102400.0   31721.7   4864.0 3996.9 512.0  446.8     882    1.617  145     0.218    1.835
10240.0 10240.0  0.0    0.0   81920.0  32322.6   102400.0   31721.7   4864.0 3996.9 512.0  446.8     883    1.617  145     0.218    1.836
10240.0 10240.0  0.0    0.0   81920.0  42562.6   102400.0   31721.7   4864.0 3996.9 512.0  446.8     884    1.618  145     0.218    1.836
10240.0 10240.0  0.0    0.0   81920.0  52802.6   102400.0   31721.7   4864.0 3996.9 512.0  446.8     885    1.619  145     0.218    1.837
10240.0 10240.0  0.0    0.0   81920.0  63042.7   102400.0   31721.7   4864.0 3996.9 512.0  446.8     886    1.619  145     0.218    1.838
10240.0 10240.0  0.0    0.0   81920.0  73282.7   102400.0   31721.7   4864.0 3996.9 512.0  446.8     887    1.620  145     0.218    1.838
10240.0 10240.0  0.0    0.0   81920.0  10240.0   102400.0   31721.7   4864.0 3996.9 512.0  446.8     889    1.621  145     0.218    1.840
10240.0 10240.0  0.0    0.0   81920.0  22082.6   102400.0   31721.7   4864.0 3996.9 512.0  446.8     890    1.622  145     0.218    1.840
10240.0 10240.0  0.0    0.0   81920.0  32322.6   102400.0   31721.7   4864.0 3996.9 512.0  446.8     891    1.623  145     0.218    1.841
10240.0 10240.0  0.0    0.0   81920.0  42562.6   102400.0   31721.7   4864.0 3996.9 512.0  446.8     892    1.624  145     0.218    1.842
10240.0 10240.0  0.0    0.0   81920.0  52802.6   102400.0   31721.7   4864.0 3996.9 512.0  446.8     893    1.625  145     0.218    1.843
10240.0 10240.0  0.0    0.0   81920.0  63042.7   102400.0   31721.7   4864.0 3996.9 512.0  446.8     894    1.626  145     0.218    1.844
10240.0 10240.0  0.0    0.0   81920.0  73282.7   102400.0   31721.7   4864.0 3996.9 512.0  446.8     895    1.626  145     0.218    1.845
10240.0 10240.0  0.0    0.0   81920.0  10240.0   102400.0   31721.7   4864.0 3996.9 512.0  446.8     897    1.628  145     0.218    1.846
10240.0 10240.0  0.0    0.0   81920.0  22082.6   102400.0   31721.7   4864.0 3996.9 512.0  446.8     898    1.629  145     0.218    1.847
10240.0 10240.0  0.0    0.0   81920.0  32322.6   102400.0   31721.7   4864.0 3996.9 512.0  446.8     899    1.630  145     0.218    1.848
10240.0 10240.0  0.0    0.0   81920.0  42562.6   102400.0   31721.7   4864.0 3996.9 512.0  446.8     900    1.631  145     0.218    1.849
10240.0 10240.0  0.0    0.0   81920.0  52802.6   102400.0   31721.7   4864.0 3996.9 512.0  446.8     901    1.632  145     0.218    1.850
10240.0 10240.0  0.0    0.0   81920.0  63042.7   102400.0   31721.7   4864.0 3996.9 512.0  446.8     902    1.632  145     0.218    1.851
10240.0 10240.0  0.0    0.0   81920.0  73282.7   102400.0   31721.7   4864.0 3996.9 512.0  446.8     903    1.633  145     0.218    1.851
10240.0 10240.0  0.0    0.0   81920.0  10240.0   102400.0   31721.7   4864.0 3996.9 512.0  446.8     905    1.635  145     0.218    1.853
10240.0 10240.0  0.0    0.0   81920.0  22082.6   102400.0   31721.7   4864.0 3996.9 512.0  446.8     906    1.635  145     0.218    1.854
10240.0 10240.0  0.0    0.0   81920.0  32322.6   102400.0   31721.7   4864.0 3996.9 512.0  446.8     907    1.636  145     0.218    1.854
10240.0 10240.0  0.0    0.0   81920.0  42562.6   102400.0   31721.7   4864.0 3996.9 512.0  446.8     908    1.636  145     0.218    1.854
10240.0 10240.0  0.0    0.0   81920.0  52802.6   102400.0   31721.7   4864.0 3996.9 512.0  446.8     909    1.637  145     0.218    1.855
10240.0 10240.0  0.0    0.0   81920.0  63042.7   102400.0   31721.7   4864.0 3996.9 512.0  446.8     910    1.637  145     0.218    1.855
10240.0 10240.0  0.0    0.0   81920.0  73282.7   102400.0   31721.7   4864.0 3996.9 512.0  446.8     911    1.638  145     0.218    1.856
10240.0 10240.0  0.0    0.0   81920.0  10240.0   102400.0   31721.7   4864.0 3996.9 512.0  446.8     913    1.640  145     0.218    1.858
10240.0 10240.0  0.0    0.0   81920.0  22082.6   102400.0   31721.7   4864.0 3996.9 512.0  446.8     914    1.641  145     0.218    1.859
10240.0 10240.0  0.0    0.0   81920.0  32322.6   102400.0   31721.7   4864.0 3996.9 512.0  446.8     915    1.641  145     0.218    1.860
10240.0 10240.0  0.0    0.0   81920.0  42562.6   102400.0   31721.7   4864.0 3996.9 512.0  446.8     916    1.642  145     0.218    1.860
10240.0 10240.0  0.0    0.0   81920.0  52802.6   102400.0   31721.7   4864.0 3996.9 512.0  446.8     917    1.642  145     0.218    1.861
10240.0 10240.0  0.0    0.0   81920.0  63042.7   102400.0   31721.7   4864.0 3996.9 512.0  446.8     918    1.643  145     0.218    1.862
10240.0 10240.0  0.0    0.0   81920.0  73282.7   102400.0   31721.7   4864.0 3996.9 512.0  446.8     919    1.644  145     0.218    1.862
10240.0 10240.0  0.0    0.0   81920.0  10240.0   102400.0   31721.7   4864.0 3996.9 512.0  446.8     921    1.646  145     0.218    1.864
10240.0 10240.0  0.0    0.0   81920.0    0.0     102400.0   31721.7   4864.0 3996.9 512.0  446.8     922    1.647  145     0.218    1.865
10240.0 10240.0  0.0    0.0   81920.0  22082.6   102400.0   31721.7   4864.0 3996.9 512.0  446.8     922    1.647  145     0.218    1.865
10240.0 10240.0  0.0    0.0   81920.0  32322.6   102400.0   31721.7   4864.0 3996.9 512.0  446.8     923    1.648  145     0.218    1.866
10240.0 10240.0  0.0    0.0   81920.0  42562.6   102400.0   31721.7   4864.0 3996.9 512.0  446.8     924    1.648  145     0.218    1.866
10240.0 10240.0  0.0    0.0   81920.0  52802.6   102400.0   31721.7   4864.0 3996.9 512.0  446.8     925    1.649  145     0.218    1.868
10240.0 10240.0  0.0    0.0   81920.0  63042.7   102400.0   31721.7   4864.0 3996.9 512.0  446.8     926    1.650  145     0.218    1.868
10240.0 10240.0  0.0    0.0   81920.0  73282.7   102400.0   31721.7   4864.0 3996.9 512.0  446.8     927    1.650  145     0.218    1.869
10240.0 10240.0  0.0    0.0   81920.0  10240.0   102400.0   31721.7   4864.0 3996.9 512.0  446.8     929    1.652  145     0.218    1.870
10240.0 10240.0  0.0    0.0   81920.0  22082.6   102400.0   31721.7   4864.0 3996.9 512.0  446.8     930    1.653  145     0.218    1.871
10240.0 10240.0  0.0    0.0   81920.0  32322.6   102400.0   31721.7   4864.0 3996.9 512.0  446.8     931    1.653  145     0.218    1.872
10240.0 10240.0  0.0    0.0   81920.0  42562.6   102400.0   31721.7   4864.0 3996.9 512.0  446.8     932    1.654  145     0.218    1.872
10240.0 10240.0  0.0    0.0   81920.0  52802.6   102400.0   31721.7   4864.0 3996.9 512.0  446.8     933    1.655  145     0.218    1.873
10240.0 10240.0  0.0    0.0   81920.0  63042.7   102400.0   31721.7   4864.0 3996.9 512.0  446.8     934    1.656  145     0.218    1.874
10240.0 10240.0  0.0    0.0   81920.0  73282.7   102400.0   31721.7   4864.0 3996.9 512.0  446.8     935    1.657  145     0.218    1.875
10240.0 10240.0  0.0    0.0   81920.0  10240.0   102400.0   31721.7   4864.0 3996.9 512.0  446.8     937    1.659  145     0.218    1.877
10240.0 10240.0  0.0    0.0   81920.0  22082.6   102400.0   31721.7   4864.0 3996.9 512.0  446.8     938    1.659  145     0.218    1.878
10240.0 10240.0  0.0    0.0   81920.0  32322.6   102400.0   31721.7   4864.0 3996.9 512.0  446.8     939    1.660  145     0.218    1.878
10240.0 10240.0  0.0    0.0   81920.0  42562.6   102400.0   31721.7   4864.0 3996.9 512.0  446.8     940    1.661  145     0.218    1.879
10240.0 10240.0  0.0    0.0   81920.0  52802.6   102400.0   31721.7   4864.0 3996.9 512.0  446.8     941    1.662  145     0.218    1.880
10240.0 10240.0  0.0    0.0   81920.0  63042.7   102400.0   31721.7   4864.0 3996.9 512.0  446.8     942    1.662  145     0.218    1.880
10240.0 10240.0  0.0    0.0   81920.0  73282.7   102400.0   31721.7   4864.0 3996.9 512.0  446.8     943    1.663  145     0.218    1.881
10240.0 10240.0  0.0    0.0   81920.0  10240.0   102400.0   31721.7   4864.0 3996.9 512.0  446.8     945    1.665  145     0.218    1.883
10240.0 10240.0  0.0    0.0   81920.0  22082.6   102400.0   31721.7   4864.0 3996.9 512.0  446.8     946    1.666  145     0.218    1.884
10240.0 10240.0  0.0    0.0   81920.0  32322.6   102400.0   31721.7   4864.0 3996.9 512.0  446.8     947    1.666  145     0.218    1.885
10240.0 10240.0  0.0    0.0   81920.0  42562.6   102400.0   31721.7   4864.0 3996.9 512.0  446.8     948    1.667  145     0.218    1.885
10240.0 10240.0  0.0    0.0   81920.0  52802.6   102400.0   31721.7   4864.0 3996.9 512.0  446.8     949    1.668  145     0.218    1.886
10240.0 10240.0  0.0    0.0   81920.0  63042.7   102400.0   31721.7   4864.0 3996.9 512.0  446.8     950    1.669  145     0.218    1.887
10240.0 10240.0  0.0    0.0   81920.0  73282.7   102400.0   31721.7   4864.0 3996.9 512.0  446.8     951    1.670  145     0.218    1.888
10240.0 10240.0  0.0    0.0   81920.0  10240.0   102400.0   31721.7   4864.0 3996.9 512.0  446.8     953    1.671  145     0.218    1.889
10240.0 10240.0  0.0    0.0   81920.0  22082.6   102400.0   31721.7   4864.0 3996.9 512.0  446.8     954    1.672  145     0.218    1.890
10240.0 10240.0  0.0    0.0   81920.0  32322.6   102400.0   31721.7   4864.0 3996.9 512.0  446.8     955    1.673  145     0.218    1.891
10240.0 10240.0  0.0    0.0   81920.0  42562.6   102400.0   31721.7   4864.0 3996.9 512.0  446.8     956    1.674  145     0.218    1.892
10240.0 10240.0  0.0    0.0   81920.0  52802.6   102400.0   31721.7   4864.0 3996.9 512.0  446.8     957    1.674  145     0.218    1.893
10240.0 10240.0  0.0    0.0   81920.0  63042.7   102400.0   31721.7   4864.0 3996.9 512.0  446.8     958    1.675  145     0.218    1.893
10240.0 10240.0  0.0    0.0   81920.0  73282.7   102400.0   31721.7   4864.0 3996.9 512.0  446.8     959    1.676  145     0.218    1.894
10240.0 10240.0  0.0    0.0   81920.0  10240.0   102400.0   31721.7   4864.0 3996.9 512.0  446.8     961    1.677  145     0.218    1.895
10240.0 10240.0  0.0    0.0   81920.0  22082.6   102400.0   31721.7   4864.0 3996.9 512.0  446.8     962    1.678  145     0.218    1.896
10240.0 10240.0  0.0    0.0   81920.0  32322.6   102400.0   31721.7   4864.0 3996.9 512.0  446.8     963    1.679  145     0.218    1.897
10240.0 10240.0  0.0    0.0   81920.0  42562.6   102400.0   31721.7   4864.0 3996.9 512.0  446.8     964    1.680  145     0.218    1.898
10240.0 10240.0  0.0    0.0   81920.0  52802.6   102400.0   31721.7   4864.0 3996.9 512.0  446.8     965    1.680  145     0.218    1.899
10240.0 10240.0  0.0    0.0   81920.0  63042.7   102400.0   31721.7   4864.0 3996.9 512.0  446.8     966    1.681  145     0.218    1.899
10240.0 10240.0  0.0    0.0   81920.0  73282.7   102400.0   31721.7   4864.0 3996.9 512.0  446.8     967    1.682  145     0.218    1.900
10240.0 10240.0  0.0    0.0   81920.0  10240.0   102400.0   31721.7   4864.0 3996.9 512.0  446.8     969    1.684  145     0.218    1.902
10240.0 10240.0  0.0    0.0   81920.0  22082.6   102400.0   31721.7   4864.0 3996.9 512.0  446.8     970    1.685  145     0.218    1.903
10240.0 10240.0  0.0    0.0   81920.0  32322.6   102400.0   31721.7   4864.0 3996.9 512.0  446.8     971    1.686  145     0.218    1.904
10240.0 10240.0  0.0    0.0   81920.0  42562.6   102400.0   31721.7   4864.0 3996.9 512.0  446.8     972    1.687  145     0.218    1.905
10240.0 10240.0  0.0    0.0   81920.0  52802.6   102400.0   31721.7   4864.0 3996.9 512.0  446.8     973    1.687  145     0.218    1.905
10240.0 10240.0  0.0    0.0   81920.0  63042.7   102400.0   31721.7   4864.0 3996.9 512.0  446.8     974    1.688  145     0.218    1.906
10240.0 10240.0  0.0    0.0   81920.0  73282.7   102400.0   31721.7   4864.0 3996.9 512.0  446.8     975    1.689  145     0.218    1.907
10240.0 10240.0  0.0    0.0   81920.0  10240.0   102400.0   31721.7   4864.0 3996.9 512.0  446.8     977    1.690  145     0.218    1.908
10240.0 10240.0  0.0    0.0   81920.0  22082.6   102400.0   31721.7   4864.0 3996.9 512.0  446.8     978    1.690  145     0.218    1.908
10240.0 10240.0  0.0    0.0   81920.0  32322.6   102400.0   31721.7   4864.0 3996.9 512.0  446.8     979    1.691  145     0.218    1.909
10240.0 10240.0  0.0    0.0   81920.0  42562.6   102400.0   31721.7   4864.0 3996.9 512.0  446.8     980    1.691  145     0.218    1.909
10240.0 10240.0  0.0    0.0   81920.0  52802.6   102400.0   31721.7   4864.0 3996.9 512.0  446.8     981    1.692  145     0.218    1.910
10240.0 10240.0  0.0    0.0   81920.0  63042.7   102400.0   31721.7   4864.0 3996.9 512.0  446.8     982    1.693  145     0.218    1.911
10240.0 10240.0  0.0    0.0   81920.0  73282.7   102400.0   31721.7   4864.0 3996.9 512.0  446.8     983    1.693  145     0.218    1.911
10240.0 10240.0  0.0    0.0   81920.0  10240.0   102400.0   31721.7   4864.0 3996.9 512.0  446.8     985    1.694  145     0.218    1.912
10240.0 10240.0  0.0    0.0   81920.0  22082.6   102400.0   31721.7   4864.0 3996.9 512.0  446.8     986    1.695  145     0.218    1.913
10240.0 10240.0  0.0    0.0   81920.0  32322.6   102400.0   31721.7   4864.0 3996.9 512.0  446.8     987    1.695  145     0.218    1.914
10240.0 10240.0  0.0    0.0   81920.0  42562.6   102400.0   31721.7   4864.0 3996.9 512.0  446.8     988    1.696  145     0.218    1.914
10240.0 10240.0  0.0    0.0   81920.0  52802.6   102400.0   31721.7   4864.0 3996.9 512.0  446.8     989    1.697  145     0.218    1.915
10240.0 10240.0  0.0    0.0   81920.0  63042.7   102400.0   31721.7   4864.0 3996.9 512.0  446.8     990    1.698  145     0.218    1.916
10240.0 10240.0  0.0    0.0   81920.0  73282.7   102400.0   31721.7   4864.0 3996.9 512.0  446.8     991    1.699  145     0.218    1.917
10240.0 10240.0  0.0    0.0   81920.0  10240.0   102400.0   31721.7   4864.0 3996.9 512.0  446.8     993    1.700  145     0.218    1.918
10240.0 10240.0  0.0    0.0   81920.0    0.0     102400.0   31721.7   4864.0 3996.9 512.0  446.8     994    1.701  145     0.218    1.919
10240.0 10240.0  0.0    0.0   81920.0  32322.6   102400.0   31721.7   4864.0 3996.9 512.0  446.8     995    1.702  145     0.218    1.920
10240.0 10240.0  0.0    0.0   81920.0  42562.6   102400.0   31721.7   4864.0 3996.9 512.0  446.8     996    1.703  145     0.218    1.921
10240.0 10240.0  0.0    0.0   81920.0    0.0     102400.0   31721.7   4864.0 3996.9 512.0  446.8     997    1.703  145     0.218    1.922
10240.0 10240.0  0.0    0.0   81920.0  52802.6   102400.0   31721.7   4864.0 3996.9 512.0  446.8     997    1.703  145     0.218    1.922
10240.0 10240.0  0.0    0.0   81920.0  63042.7   102400.0   31721.7   4864.0 3996.9 512.0  446.8     998    1.704  145     0.218    1.922
10240.0 10240.0  0.0    0.0   81920.0  73282.7   102400.0   31721.7   4864.0 3996.9 512.0  446.8     999    1.705  145     0.218    1.923
10240.0 10240.0  0.0    0.0   81920.0  10240.0   102400.0   31721.7   4864.0 3996.9 512.0  446.8    1001    1.707  145     0.218    1.925
10240.0 10240.0  0.0    0.0   81920.0  22082.6   102400.0   31721.7   4864.0 3996.9 512.0  446.8    1002    1.707  145     0.218    1.925
10240.0 10240.0  0.0    0.0   81920.0  32322.6   102400.0   31721.7   4864.0 3996.9 512.0  446.8    1003    1.708  145     0.218    1.926
10240.0 10240.0  0.0    0.0   81920.0  42562.6   102400.0   31721.7   4864.0 3996.9 512.0  446.8    1004    1.708  145     0.218    1.926
10240.0 10240.0  0.0    0.0   81920.0  52802.6   102400.0   31721.7   4864.0 3996.9 512.0  446.8    1005    1.709  145     0.218    1.927
10240.0 10240.0  0.0    0.0   81920.0  63042.7   102400.0   31721.7   4864.0 3996.9 512.0  446.8    1006    1.710  145     0.218    1.928
10240.0 10240.0  0.0    0.0   81920.0  73282.7   102400.0   31721.7   4864.0 3996.9 512.0  446.8    1007    1.711  145     0.218    1.929
10240.0 10240.0  0.0    0.0   81920.0  10240.0   102400.0   31721.7   4864.0 3996.9 512.0  446.8    1009    1.713  145     0.218    1.931
10240.0 10240.0  0.0    0.0   81920.0  22082.6   102400.0   31721.7   4864.0 3996.9 512.0  446.8    1010    1.713  145     0.218    1.932
10240.0 10240.0  0.0    0.0   81920.0  32322.6   102400.0   31721.7   4864.0 3996.9 512.0  446.8    1011    1.714  145     0.218    1.932
10240.0 10240.0  0.0    0.0   81920.0  42562.6   102400.0   31721.7   4864.0 3996.9 512.0  446.8    1012    1.715  145     0.218    1.933
10240.0 10240.0  0.0    0.0   81920.0  52802.6   102400.0   31721.7   4864.0 3996.9 512.0  446.8    1013    1.715  145     0.218    1.934
10240.0 10240.0  0.0    0.0   81920.0  63042.7   102400.0   31721.7   4864.0 3996.9 512.0  446.8    1014    1.716  145     0.218    1.935
10240.0 10240.0  0.0    0.0   81920.0  73282.7   102400.0   31721.7   4864.0 3996.9 512.0  446.8    1015    1.717  145     0.218    1.935
10240.0 10240.0  0.0    0.0   81920.0  10240.0   102400.0   31721.7   4864.0 3996.9 512.0  446.8    1017    1.719  145     0.218    1.937
10240.0 10240.0  0.0    0.0   81920.0  22082.6   102400.0   31721.7   4864.0 3996.9 512.0  446.8    1018    1.720  145     0.218    1.938
10240.0 10240.0  0.0    0.0   81920.0  32322.6   102400.0   31721.7   4864.0 3996.9 512.0  446.8    1019    1.720  145     0.218    1.939
10240.0 10240.0  0.0    0.0   81920.0  42562.6   102400.0   31721.7   4864.0 3996.9 512.0  446.8    1020    1.721  145     0.218    1.939
10240.0 10240.0  0.0    0.0   81920.0  52802.6   102400.0   31721.7   4864.0 3996.9 512.0  446.8    1021    1.722  145     0.218    1.940
10240.0 10240.0  0.0    0.0   81920.0  63042.7   102400.0   31721.7   4864.0 3996.9 512.0  446.8    1022    1.723  145     0.218    1.941
10240.0 10240.0  0.0    0.0   81920.0  73282.7   102400.0   31721.7   4864.0 3996.9 512.0  446.8    1023    1.724  145     0.218    1.942
10240.0 10240.0  0.0    0.0   81920.0  10240.0   102400.0   31721.7   4864.0 3996.9 512.0  446.8    1025    1.725  145     0.218    1.943
10240.0 10240.0  0.0    0.0   81920.0  22082.6   102400.0   31721.7   4864.0 3996.9 512.0  446.8    1026    1.726  145     0.218    1.944
10240.0 10240.0  0.0    0.0   81920.0  32322.6   102400.0   31721.7   4864.0 3996.9 512.0  446.8    1027    1.727  145     0.218    1.945
10240.0 10240.0  0.0    0.0   81920.0  42562.6   102400.0   31721.7   4864.0 3996.9 512.0  446.8    1028    1.728  145     0.218    1.946
10240.0 10240.0  0.0    0.0   81920.0  52802.6   102400.0   31721.7   4864.0 3996.9 512.0  446.8    1029    1.730  145     0.218    1.948
10240.0 10240.0  0.0    0.0   81920.0  63042.7   102400.0   31721.7   4864.0 3996.9 512.0  446.8    1030    1.731  145     0.218    1.949
10240.0 10240.0  0.0    0.0   81920.0  73282.7   102400.0   31721.7   4864.0 3996.9 512.0  446.8    1031    1.732  145     0.218    1.950
10240.0 10240.0  0.0    0.0   81920.0  10240.0   102400.0   31721.7   4864.0 3996.9 512.0  446.8    1033    1.733  145     0.218    1.951
10240.0 10240.0  0.0    0.0   81920.0  22082.6   102400.0   31721.7   4864.0 3996.9 512.0  446.8    1034    1.734  145     0.218    1.952
10240.0 10240.0  0.0    0.0   81920.0  32322.6   102400.0   31721.7   4864.0 3996.9 512.0  446.8    1035    1.735  145     0.218    1.953
10240.0 10240.0  0.0    0.0   81920.0  42562.6   102400.0   31721.7   4864.0 3996.9 512.0  446.8    1036    1.736  145     0.218    1.954
10240.0 10240.0  0.0    0.0   81920.0  52802.6   102400.0   31721.7   4864.0 3996.9 512.0  446.8    1037    1.737  145     0.218    1.955
10240.0 10240.0  0.0    0.0   81920.0  63042.7   102400.0   31721.7   4864.0 3996.9 512.0  446.8    1038    1.737  145     0.218    1.955
10240.0 10240.0  0.0    0.0   81920.0  73282.7   102400.0   31721.7   4864.0 3996.9 512.0  446.8    1039    1.738  145     0.218    1.956
10240.0 10240.0  0.0    0.0   81920.0  10240.0   102400.0   31721.7   4864.0 3996.9 512.0  446.8    1041    1.740  145     0.218    1.958
10240.0 10240.0  0.0    0.0   81920.0  22082.6   102400.0   31721.7   4864.0 3996.9 512.0  446.8    1042    1.741  145     0.218    1.959
10240.0 10240.0  0.0    0.0   81920.0  32322.6   102400.0   31721.7   4864.0 3996.9 512.0  446.8    1043    1.742  145     0.218    1.960
10240.0 10240.0  0.0    0.0   81920.0  42562.6   102400.0   31721.7   4864.0 3996.9 512.0  446.8    1044    1.743  145     0.218    1.961
10240.0 10240.0  0.0    0.0   81920.0  52802.6   102400.0   31721.7   4864.0 3996.9 512.0  446.8    1045    1.743  145     0.218    1.961
10240.0 10240.0  0.0    0.0   81920.0  63042.7   102400.0   31721.7   4864.0 3996.9 512.0  446.8    1046    1.744  145     0.218    1.962
10240.0 10240.0  0.0    0.0   81920.0  73282.7   102400.0   31721.7   4864.0 3996.9 512.0  446.8    1047    1.744  145     0.218    1.963
10240.0 10240.0  0.0    0.0   81920.0  10240.0   102400.0   31721.7   4864.0 3996.9 512.0  446.8    1049    1.745  145     0.218    1.964
10240.0 10240.0  0.0    0.0   81920.0  22082.6   102400.0   31721.7   4864.0 3996.9 512.0  446.8    1050    1.746  145     0.218    1.964
10240.0 10240.0  0.0    0.0   81920.0  32322.6   102400.0   31721.7   4864.0 3996.9 512.0  446.8    1051    1.747  145     0.218    1.965
10240.0 10240.0  0.0    0.0   81920.0  42562.6   102400.0   31721.7   4864.0 3996.9 512.0  446.8    1052    1.748  145     0.218    1.966
10240.0 10240.0  0.0    0.0   81920.0  52802.6   102400.0   31721.7   4864.0 3996.9 512.0  446.8    1053    1.748  145     0.218    1.967
10240.0 10240.0  0.0    0.0   81920.0  63042.7   102400.0   31721.7   4864.0 3996.9 512.0  446.8    1054    1.749  145     0.218    1.967
10240.0 10240.0  0.0    0.0   81920.0  73282.7   102400.0   31721.7   4864.0 3996.9 512.0  446.8    1055    1.750  145     0.218    1.968
10240.0 10240.0  0.0    0.0   81920.0  10240.0   102400.0   31721.7   4864.0 3996.9 512.0  446.8    1057    1.752  145     0.218    1.970
10240.0 10240.0  0.0    0.0   81920.0  22082.6   102400.0   31721.7   4864.0 3996.9 512.0  446.8    1058    1.753  145     0.218    1.971
10240.0 10240.0  0.0    0.0   81920.0  32322.6   102400.0   31721.7   4864.0 3996.9 512.0  446.8    1059    1.754  145     0.218    1.972
10240.0 10240.0  0.0    0.0   81920.0  42562.6   102400.0   31721.7   4864.0 3996.9 512.0  446.8    1060    1.755  145     0.218    1.973
10240.0 10240.0  0.0    0.0   81920.0  52802.6   102400.0   31721.7   4864.0 3996.9 512.0  446.8    1061    1.756  145     0.218    1.974
10240.0 10240.0  0.0    0.0   81920.0  63042.7   102400.0   31721.7   4864.0 3996.9 512.0  446.8    1062    1.757  145     0.218    1.975
10240.0 10240.0  0.0    0.0   81920.0  73282.7   102400.0   31721.7   4864.0 3996.9 512.0  446.8    1063    1.758  145     0.218    1.976
10240.0 10240.0  0.0    0.0   81920.0  10240.0   102400.0   31721.7   4864.0 3996.9 512.0  446.8    1065    1.759  145     0.218    1.977
10240.0 10240.0  0.0    0.0   81920.0  22082.6   102400.0   31721.7   4864.0 3996.9 512.0  446.8    1066    1.760  145     0.218    1.978
10240.0 10240.0  0.0    0.0   81920.0    0.0     102400.0   31721.7   4864.0 3996.9 512.0  446.8    1067    1.761  145     0.218    1.979
10240.0 10240.0  0.0    0.0   81920.0    0.0     102400.0   31721.7   4864.0 3996.9 512.0  446.8    1068    1.762  145     0.218    1.980
10240.0 10240.0  0.0    0.0   81920.0  10240.0   102400.0   31721.7   4864.0 3996.9 512.0  446.8    1069    1.763  145     0.218    1.981
10240.0 10240.0  0.0    0.0   81920.0  52802.6   102400.0   31721.7   4864.0 3996.9 512.0  446.8    1069    1.763  145     0.218    1.981
10240.0 10240.0  0.0    0.0   81920.0  63042.7   102400.0   31721.7   4864.0 3996.9 512.0  446.8    1070    1.764  145     0.218    1.982
10240.0 10240.0  0.0    0.0   81920.0  73282.7   102400.0   31721.7   4864.0 3996.9 512.0  446.8    1071    1.764  145     0.218    1.983
10240.0 10240.0  0.0    0.0   81920.0  10240.0   102400.0   31721.7   4864.0 3996.9 512.0  446.8    1073    1.766  145     0.218    1.984
10240.0 10240.0  0.0    0.0   81920.0  22082.6   102400.0   31721.7   4864.0 3996.9 512.0  446.8    1074    1.766  145     0.218    1.984
10240.0 10240.0  0.0    0.0   81920.0  32322.6   102400.0   31721.7   4864.0 3996.9 512.0  446.8    1075    1.767  145     0.218    1.985
10240.0 10240.0  0.0    0.0   81920.0  42562.6   102400.0   31721.7   4864.0 3996.9 512.0  446.8    1076    1.767  145     0.218    1.985
10240.0 10240.0  0.0    0.0   81920.0  52802.6   102400.0   31721.7   4864.0 3996.9 512.0  446.8    1077    1.768  145     0.218    1.986
10240.0 10240.0  0.0    0.0   81920.0  63042.7   102400.0   31721.7   4864.0 3996.9 512.0  446.8    1078    1.769  145     0.218    1.987
10240.0 10240.0  0.0    0.0   81920.0  73282.7   102400.0   31721.7   4864.0 3996.9 512.0  446.8    1079    1.769  145     0.218    1.988
10240.0 10240.0  0.0    0.0   81920.0  10240.0   102400.0   31721.7   4864.0 3996.9 512.0  446.8    1081    1.770  145     0.218    1.988
10240.0 10240.0  0.0    0.0   81920.0  22082.6   102400.0   31721.7   4864.0 3996.9 512.0  446.8    1082    1.771  145     0.218    1.989
10240.0 10240.0  0.0    0.0   81920.0  32322.6   102400.0   31721.7   4864.0 3996.9 512.0  446.8    1083    1.771  145     0.218    1.989
10240.0 10240.0  0.0    0.0   81920.0  42562.6   102400.0   31721.7   4864.0 3996.9 512.0  446.8    1084    1.771  145     0.218    1.990
10240.0 10240.0  0.0    0.0   81920.0  52802.6   102400.0   31721.7   4864.0 3996.9 512.0  446.8    1085    1.772  145     0.218    1.990
10240.0 10240.0  0.0    0.0   81920.0  63042.7   102400.0   31721.7   4864.0 3996.9 512.0  446.8    1086    1.772  145     0.218    1.990
10240.0 10240.0  0.0    0.0   81920.0  73282.7   102400.0   31721.7   4864.0 3996.9 512.0  446.8    1087    1.773  145     0.218    1.991
10240.0 10240.0  0.0    0.0   81920.0  10240.0   102400.0   31721.7   4864.0 3996.9 512.0  446.8    1089    1.775  145     0.218    1.993
10240.0 10240.0  0.0    0.0   81920.0  22082.6   102400.0   31721.7   4864.0 3996.9 512.0  446.8    1090    1.775  145     0.218    1.993
10240.0 10240.0  0.0    0.0   81920.0  32322.6   102400.0   31721.7   4864.0 3996.9 512.0  446.8    1091    1.775  145     0.218    1.994
10240.0 10240.0  0.0    0.0   81920.0  42562.6   102400.0   31721.7   4864.0 3996.9 512.0  446.8    1092    1.776  145     0.218    1.994
10240.0 10240.0  0.0    0.0   81920.0  52802.6   102400.0   31721.7   4864.0 3996.9 512.0  446.8    1093    1.776  145     0.218    1.995
10240.0 10240.0  0.0    0.0   81920.0  63042.7   102400.0   31721.7   4864.0 3996.9 512.0  446.8    1094    1.777  145     0.218    1.995
10240.0 10240.0  0.0    0.0   81920.0  73282.7   102400.0   31721.7   4864.0 3996.9 512.0  446.8    1095    1.778  145     0.218    1.996
10240.0 10240.0  0.0    0.0   81920.0  10240.0   102400.0   31721.7   4864.0 3996.9 512.0  446.8    1097    1.779  145     0.218    1.997
10240.0 10240.0  0.0    0.0   81920.0  22082.6   102400.0   31721.7   4864.0 3996.9 512.0  446.8    1098    1.779  145     0.218    1.998
10240.0 10240.0  0.0    0.0   81920.0  32322.6   102400.0   31721.7   4864.0 3996.9 512.0  446.8    1099    1.780  145     0.218    1.998
10240.0 10240.0  0.0    0.0   81920.0  42562.6   102400.0   31721.7   4864.0 3996.9 512.0  446.8    1100    1.780  145     0.218    1.998
10240.0 10240.0  0.0    0.0   81920.0  52802.6   102400.0   31721.7   4864.0 3996.9 512.0  446.8    1101    1.781  145     0.218    1.999
10240.0 10240.0  0.0    0.0   81920.0  63042.7   102400.0   31721.7   4864.0 3996.9 512.0  446.8    1102    1.782  145     0.218    2.000
10240.0 10240.0  0.0    0.0   81920.0  73282.7   102400.0   31721.7   4864.0 3996.9 512.0  446.8    1103    1.783  145     0.218    2.001
10240.0 10240.0  0.0    0.0   81920.0  10240.0   102400.0   31721.7   4864.0 3996.9 512.0  446.8    1105    1.785  145     0.218    2.003
10240.0 10240.0  0.0    0.0   81920.0  22082.6   102400.0   31721.7   4864.0 3996.9 512.0  446.8    1106    1.785  145     0.218    2.003
10240.0 10240.0  0.0    0.0   81920.0  32322.6   102400.0   31721.7   4864.0 3996.9 512.0  446.8    1107    1.786  145     0.218    2.004
10240.0 10240.0  0.0    0.0   81920.0  42562.6   102400.0   31721.7   4864.0 3996.9 512.0  446.8    1108    1.787  145     0.218    2.005
10240.0 10240.0  0.0    0.0   81920.0  52802.6   102400.0   31721.7   4864.0 3996.9 512.0  446.8    1109    1.787  145     0.218    2.005
10240.0 10240.0  0.0    0.0   81920.0  63042.7   102400.0   31721.7   4864.0 3996.9 512.0  446.8    1110    1.788  145     0.218    2.006
10240.0 10240.0  0.0    0.0   81920.0  73282.7   102400.0   31721.7   4864.0 3996.9 512.0  446.8    1111    1.789  145     0.218    2.007
10240.0 10240.0  0.0    0.0   81920.0  10240.0   102400.0   31721.7   4864.0 3996.9 512.0  446.8    1113    1.790  145     0.218    2.008
10240.0 10240.0  0.0    0.0   81920.0  22082.6   102400.0   31721.7   4864.0 3996.9 512.0  446.8    1114    1.790  145     0.218    2.009
